<XZ_AL_WG_S5536F>screen-length 0 temporary
                               ^
 % Unrecognized command found at '^' position.
<XZ_AL_WG_S5536F>display version
H3C Comware Software, Version 7.1.070, Release 1115
Copyright (c) 2004-2022 New H3C Technologies Co., Ltd. All rights reserved.
H3C S5536F-EI-D uptime is 25 weeks, 2 days, 20 hours, 39 minutes
Last reboot reason : Kernel abnormality reboot

Boot image: flash:/s5500_ei_d-cmw710-boot-r1115.bin
Boot image version: 7.1.070, Release 1115
  Compiled Oct 14 2022 11:00:00
System image: flash:/s5500_ei_d-cmw710-system-r1115.bin
System image version: 7.1.070, Release 1115
  Compiled Oct 14 2022 11:00:00


Slot 1:
Uptime is 25 weeks,2 days,20 hours,39 minutes
S5536F-EI-D with 1 Processor
BOARD TYPE:         S5536F-EI-D
DRAM:               1024M bytes
FLASH:              256M bytes
PCB 1 Version:      VER.B
Bootrom Version:    110
CPLD 1 Version:     003
Release Version:    H3C S5536F-EI-D-1115
Patch Version  :    None
Reboot Cause  :     KernelAbnormalReboot
[SubSlot 0] 24SFP+8GE+4SFP Plus
<XZ_AL_WG_S5536F>display device
Slot Type              State    Subslot  Soft Ver             Patch Ver
1    S5536F-EI-D       Master   0        S5500_EI_D-1115      None      
<XZ_AL_WG_S5536F>display startup
MainBoard:
 Current startup saved-configuration file: flash:/startup.cfg(*)
 Next main startup saved-configuration file: flash:/startup.cfg
 Next backup startup saved-configuration file: NULL
<XZ_AL_WG_S5536F>dis cpu-usage
Slot 1 CPU 0 CPU usage:
       5% in last 5 seconds
       3% in last 1 minute
       2% in last 5 minutes

<XZ_AL_WG_S5536F>dis memory
Memory statistics are measured in KB:
Slot 1: 
             Total      Used      Free    Shared   Buffers    Cached   FreeRatio
Mem:        991732    441080    550652         0      1472    180468       56.1%
-/+ Buffers/Cache:    259140    732592
Swap:            0         0         0

<XZ_AL_WG_S5536F>display interface
GigabitEthernet1/0/1
Current state: DOWN
Line protocol state: DOWN
IP packet frame type: Ethernet II, hardware address: 7449-d275-814e
Description: GigabitEthernet1/0/1 Interface
Bandwidth: 1000000 kbps
Loopback is not set
Media type is not sure, Port hardware type is no connector
Unknown-speed mode, unknown-duplex mode
Link speed type is autonegotiation, link duplex type is autonegotiation
Flow-control is not enabled
Maximum frame length: 12288
Allow jumbo frames to pass
Broadcast max-ratio: 100%
Multicast max-ratio: 100%
Unicast max-ratio: 100%
Known-unicast max-ratio: 100%
PVID: 1
MDI type: Automdix
Port link-type: Access
 Tagged VLANs:   None
 Untagged VLANs: 1
Port priority: 0
Last link flapping: Never
Last clearing of counters: Never
Current system time:2014-12-16 12:49:10
Last time when physical state changed to up:-
Last time when physical state changed to down:2014-06-21 16:10:44
 Peak input rate: 0 bytes/sec, at 2014-06-21 16:12:31 
 Peak output rate: 0 bytes/sec, at 2014-06-21 16:12:31 
 Last 300 seconds input: 0 packets/sec 0 bytes/sec -%
 Last 300 seconds output: 0 packets/sec 0 bytes/sec -%
 Input (total):  0 packets, 0 bytes
         0 unicasts, 0 broadcasts, 0 multicasts, 0 pauses
 Input (normal):  0 packets, - bytes
         0 unicasts, 0 broadcasts, 0 multicasts, 0 pauses
 Input:  0 input errors, 0 runts, 0 giants, 0 throttles
         0 CRC, 0 frame, - overruns, 0 aborts
         - ignored, - parity errors
 Output (total): 0 packets, 0 bytes
         0 unicasts, 0 broadcasts, 0 multicasts, 0 pauses
 Output (normal): 0 packets, - bytes
         0 unicasts, 0 broadcasts, 0 multicasts, 0 pauses
 Output: 0 output errors, - underruns, - buffer failures
         0 aborts, 0 deferred, 0 collisions, 0 late collisions
         0 lost carrier, - no carrier
IPv4 traffic statistics:
 Last 300 seconds input rate: 0 packets/sec, 0 bytes/sec
 Last 300 seconds output rate: 0 packets/sec, 0 bytes/sec
 Input: 0 packets, 0 bytes
 Output: 0 packets, 0 bytes
IPv6 traffic statistics:
 Last 300 seconds input rate: 0 packets/sec, 0 bytes/sec
 Last 300 seconds output rate: 0 packets/sec, 0 bytes/sec
 Input: 0 packets, 0 bytes
 Output: 0 packets, 0 bytes

GigabitEthernet1/0/2
Current state: DOWN
Line protocol state: DOWN
IP packet frame type: Ethernet II, hardware address: 7449-d275-814f
Description: GigabitEthernet1/0/2 Interface
Bandwidth: 1000000 kbps
Loopback is not set
Media type is not sure, Port hardware type is no connector
Unknown-speed mode, unknown-duplex mode
Link speed type is autonegotiation, link duplex type is autonegotiation
Flow-control is not enabled
Maximum frame length: 12288
Allow jumbo frames to pass
Broadcast max-ratio: 100%
Multicast max-ratio: 100%
Unicast max-ratio: 100%
Known-unicast max-ratio: 100%
PVID: 1
MDI type: Automdix
Port link-type: Access
 Tagged VLANs:   None
 Untagged VLANs: 1
Port priority: 0
Last link flapping: Never
Last clearing of counters: Never
Current system time:2014-12-16 12:49:10
Last time when physical state changed to up:-
Last time when physical state changed to down:2014-06-21 16:10:44
 Peak input rate: 0 bytes/sec, at 2014-06-21 16:12:31 
 Peak output rate: 0 bytes/sec, at 2014-06-21 16:12:31 
 Last 300 seconds input: 0 packets/sec 0 bytes/sec -%
 Last 300 seconds output: 0 packets/sec 0 bytes/sec -%
 Input (total):  0 packets, 0 bytes
         0 unicasts, 0 broadcasts, 0 multicasts, 0 pauses
 Input (normal):  0 packets, - bytes
         0 unicasts, 0 broadcasts, 0 multicasts, 0 pauses
 Input:  0 input errors, 0 runts, 0 giants, 0 throttles
         0 CRC, 0 frame, - overruns, 0 aborts
         - ignored, - parity errors
 Output (total): 0 packets, 0 bytes
         0 unicasts, 0 broadcasts, 0 multicasts, 0 pauses
 Output (normal): 0 packets, - bytes
         0 unicasts, 0 broadcasts, 0 multicasts, 0 pauses
 Output: 0 output errors, - underruns, - buffer failures
         0 aborts, 0 deferred, 0 collisions, 0 late collisions
         0 lost carrier, - no carrier
IPv4 traffic statistics:
 Last 300 seconds input rate: 0 packets/sec, 0 bytes/sec
 Last 300 seconds output rate: 0 packets/sec, 0 bytes/sec
 Input: 0 packets, 0 bytes
 Output: 0 packets, 0 bytes
IPv6 traffic statistics:
 Last 300 seconds input rate: 0 packets/sec, 0 bytes/sec
 Last 300 seconds output rate: 0 packets/sec, 0 bytes/sec
 Input: 0 packets, 0 bytes
 Output: 0 packets, 0 bytes

GigabitEthernet1/0/3
Current state: DOWN
Line protocol state: DOWN
IP packet frame type: Ethernet II, hardware address: 7449-d275-8150
Description: GigabitEthernet1/0/3 Interface
Bandwidth: 1000000 kbps
Loopback is not set
Media type is not sure, Port hardware type is no connector
Unknown-speed mode, unknown-duplex mode
Link speed type is autonegotiation, link duplex type is autonegotiation
Flow-control is not enabled
Maximum frame length: 12288
Allow jumbo frames to pass
Broadcast max-ratio: 100%
Multicast max-ratio: 100%
Unicast max-ratio: 100%
Known-unicast max-ratio: 100%
PVID: 1
MDI type: Automdix
Port link-type: Access
 Tagged VLANs:   None
 Untagged VLANs: 1
Port priority: 0
Last link flapping: Never
Last clearing of counters: Never
Current system time:2014-12-16 12:49:10
Last time when physical state changed to up:-
Last time when physical state changed to down:2014-06-21 16:10:44
 Peak input rate: 0 bytes/sec, at 2014-06-21 16:12:31 
 Peak output rate: 0 bytes/sec, at 2014-06-21 16:12:31 
 Last 300 seconds input: 0 packets/sec 0 bytes/sec -%
 Last 300 seconds output: 0 packets/sec 0 bytes/sec -%
 Input (total):  0 packets, 0 bytes
         0 unicasts, 0 broadcasts, 0 multicasts, 0 pauses
 Input (normal):  0 packets, - bytes
         0 unicasts, 0 broadcasts, 0 multicasts, 0 pauses
 Input:  0 input errors, 0 runts, 0 giants, 0 throttles
         0 CRC, 0 frame, - overruns, 0 aborts
         - ignored, - parity errors
 Output (total): 0 packets, 0 bytes
         0 unicasts, 0 broadcasts, 0 multicasts, 0 pauses
 Output (normal): 0 packets, - bytes
         0 unicasts, 0 broadcasts, 0 multicasts, 0 pauses
 Output: 0 output errors, - underruns, - buffer failures
         0 aborts, 0 deferred, 0 collisions, 0 late collisions
         0 lost carrier, - no carrier
IPv4 traffic statistics:
 Last 300 seconds input rate: 0 packets/sec, 0 bytes/sec
 Last 300 seconds output rate: 0 packets/sec, 0 bytes/sec
 Input: 0 packets, 0 bytes
 Output: 0 packets, 0 bytes
IPv6 traffic statistics:
 Last 300 seconds input rate: 0 packets/sec, 0 bytes/sec
 Last 300 seconds output rate: 0 packets/sec, 0 bytes/sec
 Input: 0 packets, 0 bytes
 Output: 0 packets, 0 bytes

GigabitEthernet1/0/4
Current state: DOWN
Line protocol state: DOWN
IP packet frame type: Ethernet II, hardware address: 7449-d275-8151
Description: GigabitEthernet1/0/4 Interface
Bandwidth: 1000000 kbps
Loopback is not set
Media type is not sure, Port hardware type is no connector
Unknown-speed mode, unknown-duplex mode
Link speed type is autonegotiation, link duplex type is autonegotiation
Flow-control is not enabled
Maximum frame length: 12288
Allow jumbo frames to pass
Broadcast max-ratio: 100%
Multicast max-ratio: 100%
Unicast max-ratio: 100%
Known-unicast max-ratio: 100%
PVID: 1
MDI type: Automdix
Port link-type: Access
 Tagged VLANs:   None
 Untagged VLANs: 1
Port priority: 0
Last link flapping: Never
Last clearing of counters: Never
Current system time:2014-12-16 12:49:10
Last time when physical state changed to up:-
Last time when physical state changed to down:2014-06-21 16:10:44
 Peak input rate: 0 bytes/sec, at 2014-06-21 16:12:31 
 Peak output rate: 0 bytes/sec, at 2014-06-21 16:12:31 
 Last 300 seconds input: 0 packets/sec 0 bytes/sec -%
 Last 300 seconds output: 0 packets/sec 0 bytes/sec -%
 Input (total):  0 packets, 0 bytes
         0 unicasts, 0 broadcasts, 0 multicasts, 0 pauses
 Input (normal):  0 packets, - bytes
         0 unicasts, 0 broadcasts, 0 multicasts, 0 pauses
 Input:  0 input errors, 0 runts, 0 giants, 0 throttles
         0 CRC, 0 frame, - overruns, 0 aborts
         - ignored, - parity errors
 Output (total): 0 packets, 0 bytes
         0 unicasts, 0 broadcasts, 0 multicasts, 0 pauses
 Output (normal): 0 packets, - bytes
         0 unicasts, 0 broadcasts, 0 multicasts, 0 pauses
 Output: 0 output errors, - underruns, - buffer failures
         0 aborts, 0 deferred, 0 collisions, 0 late collisions
         0 lost carrier, - no carrier
IPv4 traffic statistics:
 Last 300 seconds input rate: 0 packets/sec, 0 bytes/sec
 Last 300 seconds output rate: 0 packets/sec, 0 bytes/sec
 Input: 0 packets, 0 bytes
 Output: 0 packets, 0 bytes
IPv6 traffic statistics:
 Last 300 seconds input rate: 0 packets/sec, 0 bytes/sec
 Last 300 seconds output rate: 0 packets/sec, 0 bytes/sec
 Input: 0 packets, 0 bytes
 Output: 0 packets, 0 bytes

GigabitEthernet1/0/5
Current state: DOWN
Line protocol state: DOWN
IP packet frame type: Ethernet II, hardware address: 7449-d275-8152
Description: GigabitEthernet1/0/5 Interface
Bandwidth: 1000000 kbps
Loopback is not set
Media type is not sure, Port hardware type is no connector
Unknown-speed mode, unknown-duplex mode
Link speed type is autonegotiation, link duplex type is autonegotiation
Flow-control is not enabled
Maximum frame length: 12288
Allow jumbo frames to pass
Broadcast max-ratio: 100%
Multicast max-ratio: 100%
Unicast max-ratio: 100%
Known-unicast max-ratio: 100%
PVID: 1
MDI type: Automdix
Port link-type: Access
 Tagged VLANs:   None
 Untagged VLANs: 1
Port priority: 0
Last link flapping: Never
Last clearing of counters: Never
Current system time:2014-12-16 12:49:10
Last time when physical state changed to up:-
Last time when physical state changed to down:2014-06-21 16:10:44
 Peak input rate: 0 bytes/sec, at 2014-06-21 16:12:31 
 Peak output rate: 0 bytes/sec, at 2014-06-21 16:12:31 
 Last 300 seconds input: 0 packets/sec 0 bytes/sec -%
 Last 300 seconds output: 0 packets/sec 0 bytes/sec -%
 Input (total):  0 packets, 0 bytes
         0 unicasts, 0 broadcasts, 0 multicasts, 0 pauses
 Input (normal):  0 packets, - bytes
         0 unicasts, 0 broadcasts, 0 multicasts, 0 pauses
 Input:  0 input errors, 0 runts, 0 giants, 0 throttles
         0 CRC, 0 frame, - overruns, 0 aborts
         - ignored, - parity errors
 Output (total): 0 packets, 0 bytes
         0 unicasts, 0 broadcasts, 0 multicasts, 0 pauses
 Output (normal): 0 packets, - bytes
         0 unicasts, 0 broadcasts, 0 multicasts, 0 pauses
 Output: 0 output errors, - underruns, - buffer failures
         0 aborts, 0 deferred, 0 collisions, 0 late collisions
         0 lost carrier, - no carrier
IPv4 traffic statistics:
 Last 300 seconds input rate: 0 packets/sec, 0 bytes/sec
 Last 300 seconds output rate: 0 packets/sec, 0 bytes/sec
 Input: 0 packets, 0 bytes
 Output: 0 packets, 0 bytes
IPv6 traffic statistics:
 Last 300 seconds input rate: 0 packets/sec, 0 bytes/sec
 Last 300 seconds output rate: 0 packets/sec, 0 bytes/sec
 Input: 0 packets, 0 bytes
 Output: 0 packets, 0 bytes

GigabitEthernet1/0/6
Current state: DOWN
Line protocol state: DOWN
IP packet frame type: Ethernet II, hardware address: 7449-d275-8153
Description: GigabitEthernet1/0/6 Interface
Bandwidth: 1000000 kbps
Loopback is not set
Media type is not sure, Port hardware type is no connector
Unknown-speed mode, unknown-duplex mode
Link speed type is autonegotiation, link duplex type is autonegotiation
Flow-control is not enabled
Maximum frame length: 12288
Allow jumbo frames to pass
Broadcast max-ratio: 100%
Multicast max-ratio: 100%
Unicast max-ratio: 100%
Known-unicast max-ratio: 100%
PVID: 1
MDI type: Automdix
Port link-type: Access
 Tagged VLANs:   None
 Untagged VLANs: 1
Port priority: 0
Last link flapping: Never
Last clearing of counters: Never
Current system time:2014-12-16 12:49:10
Last time when physical state changed to up:-
Last time when physical state changed to down:2014-06-21 16:10:44
 Peak input rate: 0 bytes/sec, at 2014-06-21 16:12:31 
 Peak output rate: 0 bytes/sec, at 2014-06-21 16:12:31 
 Last 300 seconds input: 0 packets/sec 0 bytes/sec -%
 Last 300 seconds output: 0 packets/sec 0 bytes/sec -%
 Input (total):  0 packets, 0 bytes
         0 unicasts, 0 broadcasts, 0 multicasts, 0 pauses
 Input (normal):  0 packets, - bytes
         0 unicasts, 0 broadcasts, 0 multicasts, 0 pauses
 Input:  0 input errors, 0 runts, 0 giants, 0 throttles
         0 CRC, 0 frame, - overruns, 0 aborts
         - ignored, - parity errors
 Output (total): 0 packets, 0 bytes
         0 unicasts, 0 broadcasts, 0 multicasts, 0 pauses
 Output (normal): 0 packets, - bytes
         0 unicasts, 0 broadcasts, 0 multicasts, 0 pauses
 Output: 0 output errors, - underruns, - buffer failures
         0 aborts, 0 deferred, 0 collisions, 0 late collisions
         0 lost carrier, - no carrier
IPv4 traffic statistics:
 Last 300 seconds input rate: 0 packets/sec, 0 bytes/sec
 Last 300 seconds output rate: 0 packets/sec, 0 bytes/sec
 Input: 0 packets, 0 bytes
 Output: 0 packets, 0 bytes
IPv6 traffic statistics:
 Last 300 seconds input rate: 0 packets/sec, 0 bytes/sec
 Last 300 seconds output rate: 0 packets/sec, 0 bytes/sec
 Input: 0 packets, 0 bytes
 Output: 0 packets, 0 bytes

GigabitEthernet1/0/7
Current state: DOWN
Line protocol state: DOWN
IP packet frame type: Ethernet II, hardware address: 7449-d275-8154
Description: GigabitEthernet1/0/7 Interface
Bandwidth: 1000000 kbps
Loopback is not set
Media type is not sure, Port hardware type is no connector
Unknown-speed mode, unknown-duplex mode
Link speed type is autonegotiation, link duplex type is autonegotiation
Flow-control is not enabled
Maximum frame length: 12288
Allow jumbo frames to pass
Broadcast max-ratio: 100%
Multicast max-ratio: 100%
Unicast max-ratio: 100%
Known-unicast max-ratio: 100%
PVID: 1
MDI type: Automdix
Port link-type: Access
 Tagged VLANs:   None
 Untagged VLANs: 1
Port priority: 0
Last link flapping: Never
Last clearing of counters: Never
Current system time:2014-12-16 12:49:10
Last time when physical state changed to up:-
Last time when physical state changed to down:2014-06-21 16:10:44
 Peak input rate: 0 bytes/sec, at 2014-06-21 16:12:31 
 Peak output rate: 0 bytes/sec, at 2014-06-21 16:12:31 
 Last 300 seconds input: 0 packets/sec 0 bytes/sec -%
 Last 300 seconds output: 0 packets/sec 0 bytes/sec -%
 Input (total):  0 packets, 0 bytes
         0 unicasts, 0 broadcasts, 0 multicasts, 0 pauses
 Input (normal):  0 packets, - bytes
         0 unicasts, 0 broadcasts, 0 multicasts, 0 pauses
 Input:  0 input errors, 0 runts, 0 giants, 0 throttles
         0 CRC, 0 frame, - overruns, 0 aborts
         - ignored, - parity errors
 Output (total): 0 packets, 0 bytes
         0 unicasts, 0 broadcasts, 0 multicasts, 0 pauses
 Output (normal): 0 packets, - bytes
         0 unicasts, 0 broadcasts, 0 multicasts, 0 pauses
 Output: 0 output errors, - underruns, - buffer failures
         0 aborts, 0 deferred, 0 collisions, 0 late collisions
         0 lost carrier, - no carrier
IPv4 traffic statistics:
 Last 300 seconds input rate: 0 packets/sec, 0 bytes/sec
 Last 300 seconds output rate: 0 packets/sec, 0 bytes/sec
 Input: 0 packets, 0 bytes
 Output: 0 packets, 0 bytes
IPv6 traffic statistics:
 Last 300 seconds input rate: 0 packets/sec, 0 bytes/sec
 Last 300 seconds output rate: 0 packets/sec, 0 bytes/sec
 Input: 0 packets, 0 bytes
 Output: 0 packets, 0 bytes

GigabitEthernet1/0/8
Current state: DOWN
Line protocol state: DOWN
IP packet frame type: Ethernet II, hardware address: 7449-d275-8155
Description: GigabitEthernet1/0/8 Interface
Bandwidth: 1000000 kbps
Loopback is not set
Media type is not sure, Port hardware type is no connector
Unknown-speed mode, unknown-duplex mode
Link speed type is autonegotiation, link duplex type is autonegotiation
Flow-control is not enabled
Maximum frame length: 12288
Allow jumbo frames to pass
Broadcast max-ratio: 100%
Multicast max-ratio: 100%
Unicast max-ratio: 100%
Known-unicast max-ratio: 100%
PVID: 1
MDI type: Automdix
Port link-type: Access
 Tagged VLANs:   None
 Untagged VLANs: 1
Port priority: 0
Last link flapping: Never
Last clearing of counters: Never
Current system time:2014-12-16 12:49:10
Last time when physical state changed to up:-
Last time when physical state changed to down:2014-06-21 16:10:44
 Peak input rate: 0 bytes/sec, at 2014-06-21 16:12:31 
 Peak output rate: 0 bytes/sec, at 2014-06-21 16:12:31 
 Last 300 seconds input: 0 packets/sec 0 bytes/sec -%
 Last 300 seconds output: 0 packets/sec 0 bytes/sec -%
 Input (total):  0 packets, 0 bytes
         0 unicasts, 0 broadcasts, 0 multicasts, 0 pauses
 Input (normal):  0 packets, - bytes
         0 unicasts, 0 broadcasts, 0 multicasts, 0 pauses
 Input:  0 input errors, 0 runts, 0 giants, 0 throttles
         0 CRC, 0 frame, - overruns, 0 aborts
         - ignored, - parity errors
 Output (total): 0 packets, 0 bytes
         0 unicasts, 0 broadcasts, 0 multicasts, 0 pauses
 Output (normal): 0 packets, - bytes
         0 unicasts, 0 broadcasts, 0 multicasts, 0 pauses
 Output: 0 output errors, - underruns, - buffer failures
         0 aborts, 0 deferred, 0 collisions, 0 late collisions
         0 lost carrier, - no carrier
IPv4 traffic statistics:
 Last 300 seconds input rate: 0 packets/sec, 0 bytes/sec
 Last 300 seconds output rate: 0 packets/sec, 0 bytes/sec
 Input: 0 packets, 0 bytes
 Output: 0 packets, 0 bytes
IPv6 traffic statistics:
 Last 300 seconds input rate: 0 packets/sec, 0 bytes/sec
 Last 300 seconds output rate: 0 packets/sec, 0 bytes/sec
 Input: 0 packets, 0 bytes
 Output: 0 packets, 0 bytes

GigabitEthernet1/0/9
Current state: DOWN
Line protocol state: DOWN
IP packet frame type: Ethernet II, hardware address: 7449-d275-8156
Description: GigabitEthernet1/0/9 Interface
Bandwidth: 1000000 kbps
Loopback is not set
Media type is not sure, Port hardware type is no connector
Unknown-speed mode, unknown-duplex mode
Link speed type is autonegotiation, link duplex type is autonegotiation
Flow-control is not enabled
Maximum frame length: 12288
Allow jumbo frames to pass
Broadcast max-ratio: 100%
Multicast max-ratio: 100%
Unicast max-ratio: 100%
Known-unicast max-ratio: 100%
PVID: 1
MDI type: Automdix
Port link-type: Access
 Tagged VLANs:   None
 Untagged VLANs: 1
Port priority: 0
Last link flapping: Never
Last clearing of counters: Never
Current system time:2014-12-16 12:49:10
Last time when physical state changed to up:-
Last time when physical state changed to down:2014-06-21 16:10:44
 Peak input rate: 0 bytes/sec, at 2014-06-21 16:12:31 
 Peak output rate: 0 bytes/sec, at 2014-06-21 16:12:31 
 Last 300 seconds input: 0 packets/sec 0 bytes/sec -%
 Last 300 seconds output: 0 packets/sec 0 bytes/sec -%
 Input (total):  0 packets, 0 bytes
         0 unicasts, 0 broadcasts, 0 multicasts, 0 pauses
 Input (normal):  0 packets, - bytes
         0 unicasts, 0 broadcasts, 0 multicasts, 0 pauses
 Input:  0 input errors, 0 runts, 0 giants, 0 throttles
         0 CRC, 0 frame, - overruns, 0 aborts
         - ignored, - parity errors
 Output (total): 0 packets, 0 bytes
         0 unicasts, 0 broadcasts, 0 multicasts, 0 pauses
 Output (normal): 0 packets, - bytes
         0 unicasts, 0 broadcasts, 0 multicasts, 0 pauses
 Output: 0 output errors, - underruns, - buffer failures
         0 aborts, 0 deferred, 0 collisions, 0 late collisions
         0 lost carrier, - no carrier
IPv4 traffic statistics:
 Last 300 seconds input rate: 0 packets/sec, 0 bytes/sec
 Last 300 seconds output rate: 0 packets/sec, 0 bytes/sec
 Input: 0 packets, 0 bytes
 Output: 0 packets, 0 bytes
IPv6 traffic statistics:
 Last 300 seconds input rate: 0 packets/sec, 0 bytes/sec
 Last 300 seconds output rate: 0 packets/sec, 0 bytes/sec
 Input: 0 packets, 0 bytes
 Output: 0 packets, 0 bytes

GigabitEthernet1/0/10
Current state: DOWN
Line protocol state: DOWN
IP packet frame type: Ethernet II, hardware address: 7449-d275-8157
Description: GigabitEthernet1/0/10 Interface
Bandwidth: 1000000 kbps
Loopback is not set
Media type is not sure, Port hardware type is no connector
Unknown-speed mode, unknown-duplex mode
Link speed type is autonegotiation, link duplex type is autonegotiation
Flow-control is not enabled
Maximum frame length: 12288
Allow jumbo frames to pass
Broadcast max-ratio: 100%
Multicast max-ratio: 100%
Unicast max-ratio: 100%
Known-unicast max-ratio: 100%
PVID: 1
MDI type: Automdix
Port link-type: Access
 Tagged VLANs:   None
 Untagged VLANs: 1
Port priority: 0
Last link flapping: Never
Last clearing of counters: Never
Current system time:2014-12-16 12:49:10
Last time when physical state changed to up:-
Last time when physical state changed to down:2014-06-21 16:10:44
 Peak input rate: 0 bytes/sec, at 2014-06-21 16:12:31 
 Peak output rate: 0 bytes/sec, at 2014-06-21 16:12:31 
 Last 300 seconds input: 0 packets/sec 0 bytes/sec -%
 Last 300 seconds output: 0 packets/sec 0 bytes/sec -%
 Input (total):  0 packets, 0 bytes
         0 unicasts, 0 broadcasts, 0 multicasts, 0 pauses
 Input (normal):  0 packets, - bytes
         0 unicasts, 0 broadcasts, 0 multicasts, 0 pauses
 Input:  0 input errors, 0 runts, 0 giants, 0 throttles
         0 CRC, 0 frame, - overruns, 0 aborts
         - ignored, - parity errors
 Output (total): 0 packets, 0 bytes
         0 unicasts, 0 broadcasts, 0 multicasts, 0 pauses
 Output (normal): 0 packets, - bytes
         0 unicasts, 0 broadcasts, 0 multicasts, 0 pauses
 Output: 0 output errors, - underruns, - buffer failures
         0 aborts, 0 deferred, 0 collisions, 0 late collisions
         0 lost carrier, - no carrier
IPv4 traffic statistics:
 Last 300 seconds input rate: 0 packets/sec, 0 bytes/sec
 Last 300 seconds output rate: 0 packets/sec, 0 bytes/sec
 Input: 0 packets, 0 bytes
 Output: 0 packets, 0 bytes
IPv6 traffic statistics:
 Last 300 seconds input rate: 0 packets/sec, 0 bytes/sec
 Last 300 seconds output rate: 0 packets/sec, 0 bytes/sec
 Input: 0 packets, 0 bytes
 Output: 0 packets, 0 bytes

GigabitEthernet1/0/11
Current state: DOWN
Line protocol state: DOWN
IP packet frame type: Ethernet II, hardware address: 7449-d275-8158
Description: GigabitEthernet1/0/11 Interface
Bandwidth: 1000000 kbps
Loopback is not set
Media type is not sure, Port hardware type is no connector
Unknown-speed mode, unknown-duplex mode
Link speed type is autonegotiation, link duplex type is autonegotiation
Flow-control is not enabled
Maximum frame length: 12288
Allow jumbo frames to pass
Broadcast max-ratio: 100%
Multicast max-ratio: 100%
Unicast max-ratio: 100%
Known-unicast max-ratio: 100%
PVID: 1
MDI type: Automdix
Port link-type: Access
 Tagged VLANs:   None
 Untagged VLANs: 1
Port priority: 0
Last link flapping: Never
Last clearing of counters: Never
Current system time:2014-12-16 12:49:10
Last time when physical state changed to up:-
Last time when physical state changed to down:2014-06-21 16:10:44
 Peak input rate: 0 bytes/sec, at 2014-06-21 16:12:31 
 Peak output rate: 0 bytes/sec, at 2014-06-21 16:12:31 
 Last 300 seconds input: 0 packets/sec 0 bytes/sec -%
 Last 300 seconds output: 0 packets/sec 0 bytes/sec -%
 Input (total):  0 packets, 0 bytes
         0 unicasts, 0 broadcasts, 0 multicasts, 0 pauses
 Input (normal):  0 packets, - bytes
         0 unicasts, 0 broadcasts, 0 multicasts, 0 pauses
 Input:  0 input errors, 0 runts, 0 giants, 0 throttles
         0 CRC, 0 frame, - overruns, 0 aborts
         - ignored, - parity errors
 Output (total): 0 packets, 0 bytes
         0 unicasts, 0 broadcasts, 0 multicasts, 0 pauses
 Output (normal): 0 packets, - bytes
         0 unicasts, 0 broadcasts, 0 multicasts, 0 pauses
 Output: 0 output errors, - underruns, - buffer failures
         0 aborts, 0 deferred, 0 collisions, 0 late collisions
         0 lost carrier, - no carrier
IPv4 traffic statistics:
 Last 300 seconds input rate: 0 packets/sec, 0 bytes/sec
 Last 300 seconds output rate: 0 packets/sec, 0 bytes/sec
 Input: 0 packets, 0 bytes
 Output: 0 packets, 0 bytes
IPv6 traffic statistics:
 Last 300 seconds input rate: 0 packets/sec, 0 bytes/sec
 Last 300 seconds output rate: 0 packets/sec, 0 bytes/sec
 Input: 0 packets, 0 bytes
 Output: 0 packets, 0 bytes

GigabitEthernet1/0/12
Current state: DOWN
Line protocol state: DOWN
IP packet frame type: Ethernet II, hardware address: 7449-d275-8159
Description: GigabitEthernet1/0/12 Interface
Bandwidth: 1000000 kbps
Loopback is not set
Media type is not sure, Port hardware type is no connector
Unknown-speed mode, unknown-duplex mode
Link speed type is autonegotiation, link duplex type is autonegotiation
Flow-control is not enabled
Maximum frame length: 12288
Allow jumbo frames to pass
Broadcast max-ratio: 100%
Multicast max-ratio: 100%
Unicast max-ratio: 100%
Known-unicast max-ratio: 100%
PVID: 1
MDI type: Automdix
Port link-type: Access
 Tagged VLANs:   None
 Untagged VLANs: 1
Port priority: 0
Last link flapping: Never
Last clearing of counters: Never
Current system time:2014-12-16 12:49:10
Last time when physical state changed to up:-
Last time when physical state changed to down:2014-06-21 16:10:44
 Peak input rate: 0 bytes/sec, at 2014-06-21 16:12:31 
 Peak output rate: 0 bytes/sec, at 2014-06-21 16:12:31 
 Last 300 seconds input: 0 packets/sec 0 bytes/sec -%
 Last 300 seconds output: 0 packets/sec 0 bytes/sec -%
 Input (total):  0 packets, 0 bytes
         0 unicasts, 0 broadcasts, 0 multicasts, 0 pauses
 Input (normal):  0 packets, - bytes
         0 unicasts, 0 broadcasts, 0 multicasts, 0 pauses
 Input:  0 input errors, 0 runts, 0 giants, 0 throttles
         0 CRC, 0 frame, - overruns, 0 aborts
         - ignored, - parity errors
 Output (total): 0 packets, 0 bytes
         0 unicasts, 0 broadcasts, 0 multicasts, 0 pauses
 Output (normal): 0 packets, - bytes
         0 unicasts, 0 broadcasts, 0 multicasts, 0 pauses
 Output: 0 output errors, - underruns, - buffer failures
         0 aborts, 0 deferred, 0 collisions, 0 late collisions
         0 lost carrier, - no carrier
IPv4 traffic statistics:
 Last 300 seconds input rate: 0 packets/sec, 0 bytes/sec
 Last 300 seconds output rate: 0 packets/sec, 0 bytes/sec
 Input: 0 packets, 0 bytes
 Output: 0 packets, 0 bytes
IPv6 traffic statistics:
 Last 300 seconds input rate: 0 packets/sec, 0 bytes/sec
 Last 300 seconds output rate: 0 packets/sec, 0 bytes/sec
 Input: 0 packets, 0 bytes
 Output: 0 packets, 0 bytes

GigabitEthernet1/0/13
Current state: DOWN
Line protocol state: DOWN
IP packet frame type: Ethernet II, hardware address: 7449-d275-815a
Description: GigabitEthernet1/0/13 Interface
Bandwidth: 1000000 kbps
Loopback is not set
Media type is not sure, Port hardware type is no connector
Unknown-speed mode, unknown-duplex mode
Link speed type is autonegotiation, link duplex type is autonegotiation
Flow-control is not enabled
Maximum frame length: 12288
Allow jumbo frames to pass
Broadcast max-ratio: 100%
Multicast max-ratio: 100%
Unicast max-ratio: 100%
Known-unicast max-ratio: 100%
PVID: 1
MDI type: Automdix
Port link-type: Access
 Tagged VLANs:   None
 Untagged VLANs: 1
Port priority: 0
Last link flapping: Never
Last clearing of counters: Never
Current system time:2014-12-16 12:49:10
Last time when physical state changed to up:-
Last time when physical state changed to down:2014-06-21 16:10:44
 Peak input rate: 0 bytes/sec, at 2014-06-21 16:12:31 
 Peak output rate: 0 bytes/sec, at 2014-06-21 16:12:31 
 Last 300 seconds input: 0 packets/sec 0 bytes/sec -%
 Last 300 seconds output: 0 packets/sec 0 bytes/sec -%
 Input (total):  0 packets, 0 bytes
         0 unicasts, 0 broadcasts, 0 multicasts, 0 pauses
 Input (normal):  0 packets, - bytes
         0 unicasts, 0 broadcasts, 0 multicasts, 0 pauses
 Input:  0 input errors, 0 runts, 0 giants, 0 throttles
         0 CRC, 0 frame, - overruns, 0 aborts
         - ignored, - parity errors
 Output (total): 0 packets, 0 bytes
         0 unicasts, 0 broadcasts, 0 multicasts, 0 pauses
 Output (normal): 0 packets, - bytes
         0 unicasts, 0 broadcasts, 0 multicasts, 0 pauses
 Output: 0 output errors, - underruns, - buffer failures
         0 aborts, 0 deferred, 0 collisions, 0 late collisions
         0 lost carrier, - no carrier
IPv4 traffic statistics:
 Last 300 seconds input rate: 0 packets/sec, 0 bytes/sec
 Last 300 seconds output rate: 0 packets/sec, 0 bytes/sec
 Input: 0 packets, 0 bytes
 Output: 0 packets, 0 bytes
IPv6 traffic statistics:
 Last 300 seconds input rate: 0 packets/sec, 0 bytes/sec
 Last 300 seconds output rate: 0 packets/sec, 0 bytes/sec
 Input: 0 packets, 0 bytes
 Output: 0 packets, 0 bytes

GigabitEthernet1/0/14
Current state: DOWN
Line protocol state: DOWN
IP packet frame type: Ethernet II, hardware address: 7449-d275-815b
Description: GigabitEthernet1/0/14 Interface
Bandwidth: 1000000 kbps
Loopback is not set
Media type is not sure, Port hardware type is no connector
Unknown-speed mode, unknown-duplex mode
Link speed type is autonegotiation, link duplex type is autonegotiation
Flow-control is not enabled
Maximum frame length: 12288
Allow jumbo frames to pass
Broadcast max-ratio: 100%
Multicast max-ratio: 100%
Unicast max-ratio: 100%
Known-unicast max-ratio: 100%
PVID: 1
MDI type: Automdix
Port link-type: Access
 Tagged VLANs:   None
 Untagged VLANs: 1
Port priority: 0
Last link flapping: Never
Last clearing of counters: Never
Current system time:2014-12-16 12:49:10
Last time when physical state changed to up:-
Last time when physical state changed to down:2014-06-21 16:10:44
 Peak input rate: 0 bytes/sec, at 2014-06-21 16:12:31 
 Peak output rate: 0 bytes/sec, at 2014-06-21 16:12:31 
 Last 300 seconds input: 0 packets/sec 0 bytes/sec -%
 Last 300 seconds output: 0 packets/sec 0 bytes/sec -%
 Input (total):  0 packets, 0 bytes
         0 unicasts, 0 broadcasts, 0 multicasts, 0 pauses
 Input (normal):  0 packets, - bytes
         0 unicasts, 0 broadcasts, 0 multicasts, 0 pauses
 Input:  0 input errors, 0 runts, 0 giants, 0 throttles
         0 CRC, 0 frame, - overruns, 0 aborts
         - ignored, - parity errors
 Output (total): 0 packets, 0 bytes
         0 unicasts, 0 broadcasts, 0 multicasts, 0 pauses
 Output (normal): 0 packets, - bytes
         0 unicasts, 0 broadcasts, 0 multicasts, 0 pauses
 Output: 0 output errors, - underruns, - buffer failures
         0 aborts, 0 deferred, 0 collisions, 0 late collisions
         0 lost carrier, - no carrier
IPv4 traffic statistics:
 Last 300 seconds input rate: 0 packets/sec, 0 bytes/sec
 Last 300 seconds output rate: 0 packets/sec, 0 bytes/sec
 Input: 0 packets, 0 bytes
 Output: 0 packets, 0 bytes
IPv6 traffic statistics:
 Last 300 seconds input rate: 0 packets/sec, 0 bytes/sec
 Last 300 seconds output rate: 0 packets/sec, 0 bytes/sec
 Input: 0 packets, 0 bytes
 Output: 0 packets, 0 bytes

GigabitEthernet1/0/15
Current state: DOWN
Line protocol state: DOWN
IP packet frame type: Ethernet II, hardware address: 7449-d275-815c
Description: GigabitEthernet1/0/15 Interface
Bandwidth: 1000000 kbps
Loopback is not set
Media type is not sure, Port hardware type is no connector
Unknown-speed mode, unknown-duplex mode
Link speed type is autonegotiation, link duplex type is autonegotiation
Flow-control is not enabled
Maximum frame length: 12288
Allow jumbo frames to pass
Broadcast max-ratio: 100%
Multicast max-ratio: 100%
Unicast max-ratio: 100%
Known-unicast max-ratio: 100%
PVID: 1
MDI type: Automdix
Port link-type: Access
 Tagged VLANs:   None
 Untagged VLANs: 1
Port priority: 0
Last link flapping: Never
Last clearing of counters: Never
Current system time:2014-12-16 12:49:10
Last time when physical state changed to up:-
Last time when physical state changed to down:2014-06-21 16:10:44
 Peak input rate: 0 bytes/sec, at 2014-06-21 16:12:31 
 Peak output rate: 0 bytes/sec, at 2014-06-21 16:12:31 
 Last 300 seconds input: 0 packets/sec 0 bytes/sec -%
 Last 300 seconds output: 0 packets/sec 0 bytes/sec -%
 Input (total):  0 packets, 0 bytes
         0 unicasts, 0 broadcasts, 0 multicasts, 0 pauses
 Input (normal):  0 packets, - bytes
         0 unicasts, 0 broadcasts, 0 multicasts, 0 pauses
 Input:  0 input errors, 0 runts, 0 giants, 0 throttles
         0 CRC, 0 frame, - overruns, 0 aborts
         - ignored, - parity errors
 Output (total): 0 packets, 0 bytes
         0 unicasts, 0 broadcasts, 0 multicasts, 0 pauses
 Output (normal): 0 packets, - bytes
         0 unicasts, 0 broadcasts, 0 multicasts, 0 pauses
 Output: 0 output errors, - underruns, - buffer failures
         0 aborts, 0 deferred, 0 collisions, 0 late collisions
         0 lost carrier, - no carrier
IPv4 traffic statistics:
 Last 300 seconds input rate: 0 packets/sec, 0 bytes/sec
 Last 300 seconds output rate: 0 packets/sec, 0 bytes/sec
 Input: 0 packets, 0 bytes
 Output: 0 packets, 0 bytes
IPv6 traffic statistics:
 Last 300 seconds input rate: 0 packets/sec, 0 bytes/sec
 Last 300 seconds output rate: 0 packets/sec, 0 bytes/sec
 Input: 0 packets, 0 bytes
 Output: 0 packets, 0 bytes

GigabitEthernet1/0/16
Current state: DOWN
Line protocol state: DOWN
IP packet frame type: Ethernet II, hardware address: 7449-d275-815d
Description: GigabitEthernet1/0/16 Interface
Bandwidth: 1000000 kbps
Loopback is not set
Media type is not sure, Port hardware type is no connector
Unknown-speed mode, unknown-duplex mode
Link speed type is autonegotiation, link duplex type is autonegotiation
Flow-control is not enabled
Maximum frame length: 12288
Allow jumbo frames to pass
Broadcast max-ratio: 100%
Multicast max-ratio: 100%
Unicast max-ratio: 100%
Known-unicast max-ratio: 100%
PVID: 1
MDI type: Automdix
Port link-type: Access
 Tagged VLANs:   None
 Untagged VLANs: 1
Port priority: 0
Last link flapping: Never
Last clearing of counters: Never
Current system time:2014-12-16 12:49:10
Last time when physical state changed to up:-
Last time when physical state changed to down:2014-06-21 16:10:44
 Peak input rate: 0 bytes/sec, at 2014-06-21 16:12:31 
 Peak output rate: 0 bytes/sec, at 2014-06-21 16:12:31 
 Last 300 seconds input: 0 packets/sec 0 bytes/sec -%
 Last 300 seconds output: 0 packets/sec 0 bytes/sec -%
 Input (total):  0 packets, 0 bytes
         0 unicasts, 0 broadcasts, 0 multicasts, 0 pauses
 Input (normal):  0 packets, - bytes
         0 unicasts, 0 broadcasts, 0 multicasts, 0 pauses
 Input:  0 input errors, 0 runts, 0 giants, 0 throttles
         0 CRC, 0 frame, - overruns, 0 aborts
         - ignored, - parity errors
 Output (total): 0 packets, 0 bytes
         0 unicasts, 0 broadcasts, 0 multicasts, 0 pauses
 Output (normal): 0 packets, - bytes
         0 unicasts, 0 broadcasts, 0 multicasts, 0 pauses
 Output: 0 output errors, - underruns, - buffer failures
         0 aborts, 0 deferred, 0 collisions, 0 late collisions
         0 lost carrier, - no carrier
IPv4 traffic statistics:
 Last 300 seconds input rate: 0 packets/sec, 0 bytes/sec
 Last 300 seconds output rate: 0 packets/sec, 0 bytes/sec
 Input: 0 packets, 0 bytes
 Output: 0 packets, 0 bytes
IPv6 traffic statistics:
 Last 300 seconds input rate: 0 packets/sec, 0 bytes/sec
 Last 300 seconds output rate: 0 packets/sec, 0 bytes/sec
 Input: 0 packets, 0 bytes
 Output: 0 packets, 0 bytes

GigabitEthernet1/0/17
Current state: DOWN
Line protocol state: DOWN
IP packet frame type: Ethernet II, hardware address: 7449-d275-815e
Description: GigabitEthernet1/0/17 Interface
Bandwidth: 1000000 kbps
Loopback is not set
Media type is not sure, Port hardware type is no connector
Unknown-speed mode, unknown-duplex mode
Link speed type is autonegotiation, link duplex type is autonegotiation
Flow-control is not enabled
Maximum frame length: 12288
Allow jumbo frames to pass
Broadcast max-ratio: 100%
Multicast max-ratio: 100%
Unicast max-ratio: 100%
Known-unicast max-ratio: 100%
PVID: 1
MDI type: Automdix
Port link-type: Access
 Tagged VLANs:   None
 Untagged VLANs: 1
Port priority: 0
Last link flapping: Never
Last clearing of counters: Never
Current system time:2014-12-16 12:49:11
Last time when physical state changed to up:-
Last time when physical state changed to down:2014-06-21 16:10:44
 Peak input rate: 0 bytes/sec, at 2014-06-21 16:12:31 
 Peak output rate: 0 bytes/sec, at 2014-06-21 16:12:31 
 Last 300 seconds input: 0 packets/sec 0 bytes/sec -%
 Last 300 seconds output: 0 packets/sec 0 bytes/sec -%
 Input (total):  0 packets, 0 bytes
         0 unicasts, 0 broadcasts, 0 multicasts, 0 pauses
 Input (normal):  0 packets, - bytes
         0 unicasts, 0 broadcasts, 0 multicasts, 0 pauses
 Input:  0 input errors, 0 runts, 0 giants, 0 throttles
         0 CRC, 0 frame, - overruns, 0 aborts
         - ignored, - parity errors
 Output (total): 0 packets, 0 bytes
         0 unicasts, 0 broadcasts, 0 multicasts, 0 pauses
 Output (normal): 0 packets, - bytes
         0 unicasts, 0 broadcasts, 0 multicasts, 0 pauses
 Output: 0 output errors, - underruns, - buffer failures
         0 aborts, 0 deferred, 0 collisions, 0 late collisions
         0 lost carrier, - no carrier
IPv4 traffic statistics:
 Last 300 seconds input rate: 0 packets/sec, 0 bytes/sec
 Last 300 seconds output rate: 0 packets/sec, 0 bytes/sec
 Input: 0 packets, 0 bytes
 Output: 0 packets, 0 bytes
IPv6 traffic statistics:
 Last 300 seconds input rate: 0 packets/sec, 0 bytes/sec
 Last 300 seconds output rate: 0 packets/sec, 0 bytes/sec
 Input: 0 packets, 0 bytes
 Output: 0 packets, 0 bytes

GigabitEthernet1/0/18
Current state: DOWN
Line protocol state: DOWN
IP packet frame type: Ethernet II, hardware address: 7449-d275-815f
Description: GigabitEthernet1/0/18 Interface
Bandwidth: 1000000 kbps
Loopback is not set
Media type is not sure, Port hardware type is no connector
Unknown-speed mode, unknown-duplex mode
Link speed type is autonegotiation, link duplex type is autonegotiation
Flow-control is not enabled
Maximum frame length: 12288
Allow jumbo frames to pass
Broadcast max-ratio: 100%
Multicast max-ratio: 100%
Unicast max-ratio: 100%
Known-unicast max-ratio: 100%
PVID: 1
MDI type: Automdix
Port link-type: Access
 Tagged VLANs:   None
 Untagged VLANs: 1
Port priority: 0
Last link flapping: Never
Last clearing of counters: Never
Current system time:2014-12-16 12:49:11
Last time when physical state changed to up:-
Last time when physical state changed to down:2014-06-21 16:10:44
 Peak input rate: 0 bytes/sec, at 2014-06-21 16:12:31 
 Peak output rate: 0 bytes/sec, at 2014-06-21 16:12:31 
 Last 300 seconds input: 0 packets/sec 0 bytes/sec -%
 Last 300 seconds output: 0 packets/sec 0 bytes/sec -%
 Input (total):  0 packets, 0 bytes
         0 unicasts, 0 broadcasts, 0 multicasts, 0 pauses
 Input (normal):  0 packets, - bytes
         0 unicasts, 0 broadcasts, 0 multicasts, 0 pauses
 Input:  0 input errors, 0 runts, 0 giants, 0 throttles
         0 CRC, 0 frame, - overruns, 0 aborts
         - ignored, - parity errors
 Output (total): 0 packets, 0 bytes
         0 unicasts, 0 broadcasts, 0 multicasts, 0 pauses
 Output (normal): 0 packets, - bytes
         0 unicasts, 0 broadcasts, 0 multicasts, 0 pauses
 Output: 0 output errors, - underruns, - buffer failures
         0 aborts, 0 deferred, 0 collisions, 0 late collisions
         0 lost carrier, - no carrier
IPv4 traffic statistics:
 Last 300 seconds input rate: 0 packets/sec, 0 bytes/sec
 Last 300 seconds output rate: 0 packets/sec, 0 bytes/sec
 Input: 0 packets, 0 bytes
 Output: 0 packets, 0 bytes
IPv6 traffic statistics:
 Last 300 seconds input rate: 0 packets/sec, 0 bytes/sec
 Last 300 seconds output rate: 0 packets/sec, 0 bytes/sec
 Input: 0 packets, 0 bytes
 Output: 0 packets, 0 bytes

GigabitEthernet1/0/19
Current state: DOWN
Line protocol state: DOWN
IP packet frame type: Ethernet II, hardware address: 7449-d275-8160
Description: GigabitEthernet1/0/19 Interface
Bandwidth: 1000000 kbps
Loopback is not set
Media type is not sure, Port hardware type is no connector
Unknown-speed mode, unknown-duplex mode
Link speed type is autonegotiation, link duplex type is autonegotiation
Flow-control is not enabled
Maximum frame length: 12288
Allow jumbo frames to pass
Broadcast max-ratio: 100%
Multicast max-ratio: 100%
Unicast max-ratio: 100%
Known-unicast max-ratio: 100%
PVID: 1
MDI type: Automdix
Port link-type: Access
 Tagged VLANs:   None
 Untagged VLANs: 1
Port priority: 0
Last link flapping: Never
Last clearing of counters: Never
Current system time:2014-12-16 12:49:11
Last time when physical state changed to up:-
Last time when physical state changed to down:2014-06-21 16:10:44
 Peak input rate: 0 bytes/sec, at 2014-06-21 16:12:31 
 Peak output rate: 0 bytes/sec, at 2014-06-21 16:12:31 
 Last 300 seconds input: 0 packets/sec 0 bytes/sec -%
 Last 300 seconds output: 0 packets/sec 0 bytes/sec -%
 Input (total):  0 packets, 0 bytes
         0 unicasts, 0 broadcasts, 0 multicasts, 0 pauses
 Input (normal):  0 packets, - bytes
         0 unicasts, 0 broadcasts, 0 multicasts, 0 pauses
 Input:  0 input errors, 0 runts, 0 giants, 0 throttles
         0 CRC, 0 frame, - overruns, 0 aborts
         - ignored, - parity errors
 Output (total): 0 packets, 0 bytes
         0 unicasts, 0 broadcasts, 0 multicasts, 0 pauses
 Output (normal): 0 packets, - bytes
         0 unicasts, 0 broadcasts, 0 multicasts, 0 pauses
 Output: 0 output errors, - underruns, - buffer failures
         0 aborts, 0 deferred, 0 collisions, 0 late collisions
         0 lost carrier, - no carrier
IPv4 traffic statistics:
 Last 300 seconds input rate: 0 packets/sec, 0 bytes/sec
 Last 300 seconds output rate: 0 packets/sec, 0 bytes/sec
 Input: 0 packets, 0 bytes
 Output: 0 packets, 0 bytes
IPv6 traffic statistics:
 Last 300 seconds input rate: 0 packets/sec, 0 bytes/sec
 Last 300 seconds output rate: 0 packets/sec, 0 bytes/sec
 Input: 0 packets, 0 bytes
 Output: 0 packets, 0 bytes

GigabitEthernet1/0/20
Current state: DOWN
Line protocol state: DOWN
IP packet frame type: Ethernet II, hardware address: 7449-d275-8161
Description: GigabitEthernet1/0/20 Interface
Bandwidth: 1000000 kbps
Loopback is not set
Media type is not sure, Port hardware type is no connector
Unknown-speed mode, unknown-duplex mode
Link speed type is autonegotiation, link duplex type is autonegotiation
Flow-control is not enabled
Maximum frame length: 12288
Allow jumbo frames to pass
Broadcast max-ratio: 100%
Multicast max-ratio: 100%
Unicast max-ratio: 100%
Known-unicast max-ratio: 100%
PVID: 1
MDI type: Automdix
Port link-type: Access
 Tagged VLANs:   None
 Untagged VLANs: 1
Port priority: 0
Last link flapping: Never
Last clearing of counters: Never
Current system time:2014-12-16 12:49:11
Last time when physical state changed to up:-
Last time when physical state changed to down:2014-06-21 16:10:44
 Peak input rate: 0 bytes/sec, at 2014-06-21 16:12:31 
 Peak output rate: 0 bytes/sec, at 2014-06-21 16:12:31 
 Last 300 seconds input: 0 packets/sec 0 bytes/sec -%
 Last 300 seconds output: 0 packets/sec 0 bytes/sec -%
 Input (total):  0 packets, 0 bytes
         0 unicasts, 0 broadcasts, 0 multicasts, 0 pauses
 Input (normal):  0 packets, - bytes
         0 unicasts, 0 broadcasts, 0 multicasts, 0 pauses
 Input:  0 input errors, 0 runts, 0 giants, 0 throttles
         0 CRC, 0 frame, - overruns, 0 aborts
         - ignored, - parity errors
 Output (total): 0 packets, 0 bytes
         0 unicasts, 0 broadcasts, 0 multicasts, 0 pauses
 Output (normal): 0 packets, - bytes
         0 unicasts, 0 broadcasts, 0 multicasts, 0 pauses
 Output: 0 output errors, - underruns, - buffer failures
         0 aborts, 0 deferred, 0 collisions, 0 late collisions
         0 lost carrier, - no carrier
IPv4 traffic statistics:
 Last 300 seconds input rate: 0 packets/sec, 0 bytes/sec
 Last 300 seconds output rate: 0 packets/sec, 0 bytes/sec
 Input: 0 packets, 0 bytes
 Output: 0 packets, 0 bytes
IPv6 traffic statistics:
 Last 300 seconds input rate: 0 packets/sec, 0 bytes/sec
 Last 300 seconds output rate: 0 packets/sec, 0 bytes/sec
 Input: 0 packets, 0 bytes
 Output: 0 packets, 0 bytes

GigabitEthernet1/0/21
Current state: DOWN
Line protocol state: DOWN
IP packet frame type: Ethernet II, hardware address: 7449-d275-8162
Description: GigabitEthernet1/0/21 Interface
Bandwidth: 1000000 kbps
Loopback is not set
Media type is not sure, Port hardware type is no connector
Unknown-speed mode, unknown-duplex mode
Link speed type is autonegotiation, link duplex type is autonegotiation
Flow-control is not enabled
Maximum frame length: 12288
Allow jumbo frames to pass
Broadcast max-ratio: 100%
Multicast max-ratio: 100%
Unicast max-ratio: 100%
Known-unicast max-ratio: 100%
PVID: 1
MDI type: Automdix
Port link-type: Access
 Tagged VLANs:   None
 Untagged VLANs: 1
Port priority: 0
Last link flapping: Never
Last clearing of counters: Never
Current system time:2014-12-16 12:49:11
Last time when physical state changed to up:-
Last time when physical state changed to down:2014-06-21 16:10:44
 Peak input rate: 0 bytes/sec, at 2014-06-21 16:12:31 
 Peak output rate: 0 bytes/sec, at 2014-06-21 16:12:31 
 Last 300 seconds input: 0 packets/sec 0 bytes/sec -%
 Last 300 seconds output: 0 packets/sec 0 bytes/sec -%
 Input (total):  0 packets, 0 bytes
         0 unicasts, 0 broadcasts, 0 multicasts, 0 pauses
 Input (normal):  0 packets, - bytes
         0 unicasts, 0 broadcasts, 0 multicasts, 0 pauses
 Input:  0 input errors, 0 runts, 0 giants, 0 throttles
         0 CRC, 0 frame, - overruns, 0 aborts
         - ignored, - parity errors
 Output (total): 0 packets, 0 bytes
         0 unicasts, 0 broadcasts, 0 multicasts, 0 pauses
 Output (normal): 0 packets, - bytes
         0 unicasts, 0 broadcasts, 0 multicasts, 0 pauses
 Output: 0 output errors, - underruns, - buffer failures
         0 aborts, 0 deferred, 0 collisions, 0 late collisions
         0 lost carrier, - no carrier
IPv4 traffic statistics:
 Last 300 seconds input rate: 0 packets/sec, 0 bytes/sec
 Last 300 seconds output rate: 0 packets/sec, 0 bytes/sec
 Input: 0 packets, 0 bytes
 Output: 0 packets, 0 bytes
IPv6 traffic statistics:
 Last 300 seconds input rate: 0 packets/sec, 0 bytes/sec
 Last 300 seconds output rate: 0 packets/sec, 0 bytes/sec
 Input: 0 packets, 0 bytes
 Output: 0 packets, 0 bytes

GigabitEthernet1/0/22
Current state: DOWN
Line protocol state: DOWN
IP packet frame type: Ethernet II, hardware address: 7449-d275-8163
Description: GigabitEthernet1/0/22 Interface
Bandwidth: 1000000 kbps
Loopback is not set
Media type is not sure, Port hardware type is no connector
Unknown-speed mode, unknown-duplex mode
Link speed type is autonegotiation, link duplex type is autonegotiation
Flow-control is not enabled
Maximum frame length: 12288
Allow jumbo frames to pass
Broadcast max-ratio: 100%
Multicast max-ratio: 100%
Unicast max-ratio: 100%
Known-unicast max-ratio: 100%
PVID: 1
MDI type: Automdix
Port link-type: Access
 Tagged VLANs:   None
 Untagged VLANs: 1
Port priority: 0
Last link flapping: Never
Last clearing of counters: Never
Current system time:2014-12-16 12:49:11
Last time when physical state changed to up:-
Last time when physical state changed to down:2014-06-21 16:10:44
 Peak input rate: 0 bytes/sec, at 2014-06-21 16:12:31 
 Peak output rate: 0 bytes/sec, at 2014-06-21 16:12:31 
 Last 300 seconds input: 0 packets/sec 0 bytes/sec -%
 Last 300 seconds output: 0 packets/sec 0 bytes/sec -%
 Input (total):  0 packets, 0 bytes
         0 unicasts, 0 broadcasts, 0 multicasts, 0 pauses
 Input (normal):  0 packets, - bytes
         0 unicasts, 0 broadcasts, 0 multicasts, 0 pauses
 Input:  0 input errors, 0 runts, 0 giants, 0 throttles
         0 CRC, 0 frame, - overruns, 0 aborts
         - ignored, - parity errors
 Output (total): 0 packets, 0 bytes
         0 unicasts, 0 broadcasts, 0 multicasts, 0 pauses
 Output (normal): 0 packets, - bytes
         0 unicasts, 0 broadcasts, 0 multicasts, 0 pauses
 Output: 0 output errors, - underruns, - buffer failures
         0 aborts, 0 deferred, 0 collisions, 0 late collisions
         0 lost carrier, - no carrier
IPv4 traffic statistics:
 Last 300 seconds input rate: 0 packets/sec, 0 bytes/sec
 Last 300 seconds output rate: 0 packets/sec, 0 bytes/sec
 Input: 0 packets, 0 bytes
 Output: 0 packets, 0 bytes
IPv6 traffic statistics:
 Last 300 seconds input rate: 0 packets/sec, 0 bytes/sec
 Last 300 seconds output rate: 0 packets/sec, 0 bytes/sec
 Input: 0 packets, 0 bytes
 Output: 0 packets, 0 bytes

GigabitEthernet1/0/23
Current state: DOWN
Line protocol state: DOWN
IP packet frame type: Ethernet II, hardware address: 7449-d275-8164
Description: GigabitEthernet1/0/23 Interface
Bandwidth: 1000000 kbps
Loopback is not set
Media type is not sure, Port hardware type is no connector
Unknown-speed mode, unknown-duplex mode
Link speed type is autonegotiation, link duplex type is autonegotiation
Flow-control is not enabled
Maximum frame length: 12288
Allow jumbo frames to pass
Broadcast max-ratio: 100%
Multicast max-ratio: 100%
Unicast max-ratio: 100%
Known-unicast max-ratio: 100%
PVID: 1
MDI type: Automdix
Port link-type: Access
 Tagged VLANs:   None
 Untagged VLANs: 1
Port priority: 0
Last link flapping: Never
Last clearing of counters: Never
Current system time:2014-12-16 12:49:11
Last time when physical state changed to up:-
Last time when physical state changed to down:2014-06-21 16:10:44
 Peak input rate: 0 bytes/sec, at 2014-06-21 16:12:31 
 Peak output rate: 0 bytes/sec, at 2014-06-21 16:12:31 
 Last 300 seconds input: 0 packets/sec 0 bytes/sec -%
 Last 300 seconds output: 0 packets/sec 0 bytes/sec -%
 Input (total):  0 packets, 0 bytes
         0 unicasts, 0 broadcasts, 0 multicasts, 0 pauses
 Input (normal):  0 packets, - bytes
         0 unicasts, 0 broadcasts, 0 multicasts, 0 pauses
 Input:  0 input errors, 0 runts, 0 giants, 0 throttles
         0 CRC, 0 frame, - overruns, 0 aborts
         - ignored, - parity errors
 Output (total): 0 packets, 0 bytes
         0 unicasts, 0 broadcasts, 0 multicasts, 0 pauses
 Output (normal): 0 packets, - bytes
         0 unicasts, 0 broadcasts, 0 multicasts, 0 pauses
 Output: 0 output errors, - underruns, - buffer failures
         0 aborts, 0 deferred, 0 collisions, 0 late collisions
         0 lost carrier, - no carrier
IPv4 traffic statistics:
 Last 300 seconds input rate: 0 packets/sec, 0 bytes/sec
 Last 300 seconds output rate: 0 packets/sec, 0 bytes/sec
 Input: 0 packets, 0 bytes
 Output: 0 packets, 0 bytes
IPv6 traffic statistics:
 Last 300 seconds input rate: 0 packets/sec, 0 bytes/sec
 Last 300 seconds output rate: 0 packets/sec, 0 bytes/sec
 Input: 0 packets, 0 bytes
 Output: 0 packets, 0 bytes

GigabitEthernet1/0/24
Current state: DOWN
Line protocol state: DOWN
IP packet frame type: Ethernet II, hardware address: 7449-d275-8165
Description: GigabitEthernet1/0/24 Interface
Bandwidth: 1000000 kbps
Loopback is not set
Media type is not sure, Port hardware type is no connector
Unknown-speed mode, unknown-duplex mode
Link speed type is autonegotiation, link duplex type is autonegotiation
Flow-control is not enabled
Maximum frame length: 12288
Allow jumbo frames to pass
Broadcast max-ratio: 100%
Multicast max-ratio: 100%
Unicast max-ratio: 100%
Known-unicast max-ratio: 100%
PVID: 1
MDI type: Automdix
Port link-type: Access
 Tagged VLANs:   None
 Untagged VLANs: 1
Port priority: 0
Last link flapping: Never
Last clearing of counters: Never
Current system time:2014-12-16 12:49:11
Last time when physical state changed to up:-
Last time when physical state changed to down:2014-06-21 16:10:44
 Peak input rate: 0 bytes/sec, at 2014-06-21 16:12:31 
 Peak output rate: 0 bytes/sec, at 2014-06-21 16:12:31 
 Last 300 seconds input: 0 packets/sec 0 bytes/sec -%
 Last 300 seconds output: 0 packets/sec 0 bytes/sec -%
 Input (total):  0 packets, 0 bytes
         0 unicasts, 0 broadcasts, 0 multicasts, 0 pauses
 Input (normal):  0 packets, - bytes
         0 unicasts, 0 broadcasts, 0 multicasts, 0 pauses
 Input:  0 input errors, 0 runts, 0 giants, 0 throttles
         0 CRC, 0 frame, - overruns, 0 aborts
         - ignored, - parity errors
 Output (total): 0 packets, 0 bytes
         0 unicasts, 0 broadcasts, 0 multicasts, 0 pauses
 Output (normal): 0 packets, - bytes
         0 unicasts, 0 broadcasts, 0 multicasts, 0 pauses
 Output: 0 output errors, - underruns, - buffer failures
         0 aborts, 0 deferred, 0 collisions, 0 late collisions
         0 lost carrier, - no carrier
IPv4 traffic statistics:
 Last 300 seconds input rate: 0 packets/sec, 0 bytes/sec
 Last 300 seconds output rate: 0 packets/sec, 0 bytes/sec
 Input: 0 packets, 0 bytes
 Output: 0 packets, 0 bytes
IPv6 traffic statistics:
 Last 300 seconds input rate: 0 packets/sec, 0 bytes/sec
 Last 300 seconds output rate: 0 packets/sec, 0 bytes/sec
 Input: 0 packets, 0 bytes
 Output: 0 packets, 0 bytes

GigabitEthernet1/0/25
Current state: UP
Line protocol state: UP
IP packet frame type: Ethernet II, hardware address: 7449-d275-8166
Description: GigabitEthernet1/0/25 Interface
Bandwidth: 100000 kbps
Loopback is not set
Media type is twisted pair
Port hardware type is 1000_BASE_T
100Mbps-speed mode, half-duplex mode
Link speed type is autonegotiation, link duplex type is autonegotiation
Flow-control is not enabled
Maximum frame length: 12288
Allow jumbo frames to pass
Broadcast max-ratio: 100%
Multicast max-ratio: 100%
Unicast max-ratio: 100%
Known-unicast max-ratio: 100%
PVID: 100
MDI type: Automdix
Port link-type: Access
 Tagged VLANs:   None
 Untagged VLANs: 100
Port priority: 0
Last link flapping: 25 weeks 2 days 20 hours 36 minutes
Last clearing of counters: Never
Current system time:2014-12-16 12:49:11
Last time when physical state changed to up:2014-06-21 16:12:31
Last time when physical state changed to down:2014-06-21 16:10:44
 Peak input rate: 19745839 bytes/sec, at 2014-12-16 04:04:18 
 Peak output rate: 71270609 bytes/sec, at 2014-12-16 04:04:18 
 Last 300 seconds input: 2 packets/sec 389 bytes/sec 0%
 Last 300 seconds output: 3 packets/sec 1223 bytes/sec 0%
 Input (total):  51681079 packets, 6461748348 bytes
         51168891 unicasts, 1 broadcasts, 512187 multicasts, 0 pauses
 Input (normal):  51681079 packets, - bytes
         51168891 unicasts, 1 broadcasts, 512187 multicasts, 0 pauses
 Input:  0 input errors, 0 runts, 0 giants, 0 throttles
         0 CRC, 0 frame, - overruns, 0 aborts
         - ignored, - parity errors
 Output (total): 68311623 packets, 23328099095 bytes
         59232993 unicasts, 1 broadcasts, 8195736 multicasts, 0 pauses
 Output (normal): 67428730 packets, - bytes
         59232993 unicasts, 1 broadcasts, 8195736 multicasts, 0 pauses
 Output: 882893 output errors, - underruns, - buffer failures
         0 aborts, 128922 deferred, 414185 collisions, 339786 late collisions
         0 lost carrier, - no carrier
IPv4 traffic statistics:
 Last 300 seconds input rate: 0 packets/sec, 0 bytes/sec
 Last 300 seconds output rate: 0 packets/sec, 0 bytes/sec
 Input: 0 packets, 0 bytes
 Output: 0 packets, 0 bytes
IPv6 traffic statistics:
 Last 300 seconds input rate: 0 packets/sec, 0 bytes/sec
 Last 300 seconds output rate: 0 packets/sec, 0 bytes/sec
 Input: 0 packets, 0 bytes
 Output: 0 packets, 0 bytes

GigabitEthernet1/0/26
Current state: UP
Line protocol state: UP
IP packet frame type: Ethernet II, hardware address: 7449-d275-8167
Description: GigabitEthernet1/0/26 Interface
Bandwidth: 100000 kbps
Loopback is not set
Media type is twisted pair
Port hardware type is 1000_BASE_T
100Mbps-speed mode, full-duplex mode
Link speed type is autonegotiation, link duplex type is autonegotiation
Flow-control is not enabled
Maximum frame length: 12288
Allow jumbo frames to pass
Broadcast max-ratio: 100%
Multicast max-ratio: 100%
Unicast max-ratio: 100%
Known-unicast max-ratio: 100%
PVID: 1
MDI type: Automdix
Port link-type: Access
 Tagged VLANs:   None
 Untagged VLANs: 1
Port priority: 0
Last link flapping: 20 weeks 4 days 22 hours 59 minutes
Last clearing of counters: Never
Current system time:2014-12-16 12:49:11
Last time when physical state changed to up:2014-07-24 13:50:04
Last time when physical state changed to down:2014-07-24 13:50:02
 Peak input rate: 53277030 bytes/sec, at 2014-12-13 21:43:50 
 Peak output rate: 8120217 bytes/sec, at 2014-12-14 03:43:50 
 Last 300 seconds input: 1 packets/sec 814 bytes/sec 0%
 Last 300 seconds output: 1 packets/sec 169 bytes/sec 0%
 Input (total):  30388623 packets, 17686484730 bytes
         30388595 unicasts, 28 broadcasts, 0 multicasts, 0 pauses
 Input (normal):  30388623 packets, - bytes
         30388595 unicasts, 28 broadcasts, 0 multicasts, 0 pauses
 Input:  0 input errors, 0 runts, 0 giants, 0 throttles
         0 CRC, 0 frame, - overruns, 0 aborts
         - ignored, - parity errors
 Output (total): 30323829 packets, 2688121026 bytes
         22128045 unicasts, 46 broadcasts, 8195738 multicasts, 0 pauses
 Output (normal): 30323829 packets, - bytes
         22128045 unicasts, 46 broadcasts, 8195738 multicasts, 0 pauses
 Output: 0 output errors, - underruns, - buffer failures
         0 aborts, 0 deferred, 0 collisions, 0 late collisions
         0 lost carrier, - no carrier
IPv4 traffic statistics:
 Last 300 seconds input rate: 0 packets/sec, 0 bytes/sec
 Last 300 seconds output rate: 0 packets/sec, 0 bytes/sec
 Input: 0 packets, 0 bytes
 Output: 0 packets, 0 bytes
IPv6 traffic statistics:
 Last 300 seconds input rate: 0 packets/sec, 0 bytes/sec
 Last 300 seconds output rate: 0 packets/sec, 0 bytes/sec
 Input: 0 packets, 0 bytes
 Output: 0 packets, 0 bytes

GigabitEthernet1/0/27
Current state: Administratively DOWN
Line protocol state: DOWN
IP packet frame type: Ethernet II, hardware address: 7449-d275-8168
Description: GigabitEthernet1/0/27 Interface
Bandwidth: 1000000 kbps
Loopback is not set
Media type is twisted pair
Port hardware type is 1000_BASE_T
Unknown-speed mode, unknown-duplex mode
Link speed type is autonegotiation, link duplex type is autonegotiation
Flow-control is not enabled
Maximum frame length: 12288
Allow jumbo frames to pass
Broadcast max-ratio: 100%
Multicast max-ratio: 100%
Unicast max-ratio: 100%
Known-unicast max-ratio: 100%
PVID: 1
MDI type: Automdix
Port link-type: Access
 Tagged VLANs:   None
 Untagged VLANs: 1
Port priority: 0
Last link flapping: Never
Last clearing of counters: Never
Current system time:2014-12-16 12:49:11
Last time when physical state changed to up:-
Last time when physical state changed to down:2014-06-21 16:10:44
 Peak input rate: 0 bytes/sec, at 2014-06-21 16:12:31 
 Peak output rate: 0 bytes/sec, at 2014-06-21 16:12:31 
 Last 300 seconds input: 0 packets/sec 0 bytes/sec -%
 Last 300 seconds output: 0 packets/sec 0 bytes/sec -%
 Input (total):  0 packets, 0 bytes
         0 unicasts, 0 broadcasts, 0 multicasts, 0 pauses
 Input (normal):  0 packets, - bytes
         0 unicasts, 0 broadcasts, 0 multicasts, 0 pauses
 Input:  0 input errors, 0 runts, 0 giants, 0 throttles
         0 CRC, 0 frame, - overruns, 0 aborts
         - ignored, - parity errors
 Output (total): 0 packets, 0 bytes
         0 unicasts, 0 broadcasts, 0 multicasts, 0 pauses
 Output (normal): 0 packets, - bytes
         0 unicasts, 0 broadcasts, 0 multicasts, 0 pauses
 Output: 0 output errors, - underruns, - buffer failures
         0 aborts, 0 deferred, 0 collisions, 0 late collisions
         0 lost carrier, - no carrier
IPv4 traffic statistics:
 Last 300 seconds input rate: 0 packets/sec, 0 bytes/sec
 Last 300 seconds output rate: 0 packets/sec, 0 bytes/sec
 Input: 0 packets, 0 bytes
 Output: 0 packets, 0 bytes
IPv6 traffic statistics:
 Last 300 seconds input rate: 0 packets/sec, 0 bytes/sec
 Last 300 seconds output rate: 0 packets/sec, 0 bytes/sec
 Input: 0 packets, 0 bytes
 Output: 0 packets, 0 bytes

GigabitEthernet1/0/28
Current state: Administratively DOWN
Line protocol state: DOWN
IP packet frame type: Ethernet II, hardware address: 7449-d275-8169
Description: GigabitEthernet1/0/28 Interface
Bandwidth: 1000000 kbps
Loopback is not set
Media type is twisted pair
Port hardware type is 1000_BASE_T
Unknown-speed mode, unknown-duplex mode
Link speed type is autonegotiation, link duplex type is autonegotiation
Flow-control is not enabled
Maximum frame length: 12288
Allow jumbo frames to pass
Broadcast max-ratio: 100%
Multicast max-ratio: 100%
Unicast max-ratio: 100%
Known-unicast max-ratio: 100%
PVID: 1
MDI type: Automdix
Port link-type: Access
 Tagged VLANs:   None
 Untagged VLANs: 1
Port priority: 0
Last link flapping: Never
Last clearing of counters: Never
Current system time:2014-12-16 12:49:11
Last time when physical state changed to up:-
Last time when physical state changed to down:2014-06-21 16:10:44
 Peak input rate: 0 bytes/sec, at 2014-06-21 16:12:31 
 Peak output rate: 0 bytes/sec, at 2014-06-21 16:12:31 
 Last 300 seconds input: 0 packets/sec 0 bytes/sec -%
 Last 300 seconds output: 0 packets/sec 0 bytes/sec -%
 Input (total):  0 packets, 0 bytes
         0 unicasts, 0 broadcasts, 0 multicasts, 0 pauses
 Input (normal):  0 packets, - bytes
         0 unicasts, 0 broadcasts, 0 multicasts, 0 pauses
 Input:  0 input errors, 0 runts, 0 giants, 0 throttles
         0 CRC, 0 frame, - overruns, 0 aborts
         - ignored, - parity errors
 Output (total): 0 packets, 0 bytes
         0 unicasts, 0 broadcasts, 0 multicasts, 0 pauses
 Output (normal): 0 packets, - bytes
         0 unicasts, 0 broadcasts, 0 multicasts, 0 pauses
 Output: 0 output errors, - underruns, - buffer failures
         0 aborts, 0 deferred, 0 collisions, 0 late collisions
         0 lost carrier, - no carrier
IPv4 traffic statistics:
 Last 300 seconds input rate: 0 packets/sec, 0 bytes/sec
 Last 300 seconds output rate: 0 packets/sec, 0 bytes/sec
 Input: 0 packets, 0 bytes
 Output: 0 packets, 0 bytes
IPv6 traffic statistics:
 Last 300 seconds input rate: 0 packets/sec, 0 bytes/sec
 Last 300 seconds output rate: 0 packets/sec, 0 bytes/sec
 Input: 0 packets, 0 bytes
 Output: 0 packets, 0 bytes

GigabitEthernet1/0/29
Current state: DOWN
Line protocol state: DOWN
IP packet frame type: Ethernet II, hardware address: 7449-d275-816a
Description: GigabitEthernet1/0/29 Interface
Bandwidth: 1000000 kbps
Loopback is not set
Media type is twisted pair
Port hardware type is 1000_BASE_T
Unknown-speed mode, unknown-duplex mode
Link speed type is autonegotiation, link duplex type is autonegotiation
Flow-control is not enabled
Maximum frame length: 12288
Allow jumbo frames to pass
Broadcast max-ratio: 100%
Multicast max-ratio: 100%
Unicast max-ratio: 100%
Known-unicast max-ratio: 100%
PVID: 1
MDI type: Automdix
Port link-type: Access
 Tagged VLANs:   None
 Untagged VLANs: 1
Port priority: 0
Last link flapping: Never
Last clearing of counters: Never
Current system time:2014-12-16 12:49:11
Last time when physical state changed to up:-
Last time when physical state changed to down:2014-06-21 16:10:44
 Peak input rate: 0 bytes/sec, at 2014-06-21 16:12:31 
 Peak output rate: 0 bytes/sec, at 2014-06-21 16:12:31 
 Last 300 seconds input: 0 packets/sec 0 bytes/sec -%
 Last 300 seconds output: 0 packets/sec 0 bytes/sec -%
 Input (total):  0 packets, 0 bytes
         0 unicasts, 0 broadcasts, 0 multicasts, 0 pauses
 Input (normal):  0 packets, - bytes
         0 unicasts, 0 broadcasts, 0 multicasts, 0 pauses
 Input:  0 input errors, 0 runts, 0 giants, 0 throttles
         0 CRC, 0 frame, - overruns, 0 aborts
         - ignored, - parity errors
 Output (total): 0 packets, 0 bytes
         0 unicasts, 0 broadcasts, 0 multicasts, 0 pauses
 Output (normal): 0 packets, - bytes
         0 unicasts, 0 broadcasts, 0 multicasts, 0 pauses
 Output: 0 output errors, - underruns, - buffer failures
         0 aborts, 0 deferred, 0 collisions, 0 late collisions
         0 lost carrier, - no carrier
IPv4 traffic statistics:
 Last 300 seconds input rate: 0 packets/sec, 0 bytes/sec
 Last 300 seconds output rate: 0 packets/sec, 0 bytes/sec
 Input: 0 packets, 0 bytes
 Output: 0 packets, 0 bytes
IPv6 traffic statistics:
 Last 300 seconds input rate: 0 packets/sec, 0 bytes/sec
 Last 300 seconds output rate: 0 packets/sec, 0 bytes/sec
 Input: 0 packets, 0 bytes
 Output: 0 packets, 0 bytes

GigabitEthernet1/0/30
Current state: DOWN
Line protocol state: DOWN
IP packet frame type: Ethernet II, hardware address: 7449-d275-816b
Description: GigabitEthernet1/0/30 Interface
Bandwidth: 1000000 kbps
Loopback is not set
Media type is twisted pair
Port hardware type is 1000_BASE_T
Unknown-speed mode, unknown-duplex mode
Link speed type is autonegotiation, link duplex type is autonegotiation
Flow-control is not enabled
Maximum frame length: 12288
Allow jumbo frames to pass
Broadcast max-ratio: 100%
Multicast max-ratio: 100%
Unicast max-ratio: 100%
Known-unicast max-ratio: 100%
PVID: 1
MDI type: Automdix
Port link-type: Access
 Tagged VLANs:   None
 Untagged VLANs: 1
Port priority: 0
Last link flapping: Never
Last clearing of counters: Never
Current system time:2014-12-16 12:49:11
Last time when physical state changed to up:-
Last time when physical state changed to down:2014-06-21 16:10:44
 Peak input rate: 0 bytes/sec, at 2014-06-21 16:12:31 
 Peak output rate: 0 bytes/sec, at 2014-06-21 16:12:31 
 Last 300 seconds input: 0 packets/sec 0 bytes/sec -%
 Last 300 seconds output: 0 packets/sec 0 bytes/sec -%
 Input (total):  0 packets, 0 bytes
         0 unicasts, 0 broadcasts, 0 multicasts, 0 pauses
 Input (normal):  0 packets, - bytes
         0 unicasts, 0 broadcasts, 0 multicasts, 0 pauses
 Input:  0 input errors, 0 runts, 0 giants, 0 throttles
         0 CRC, 0 frame, - overruns, 0 aborts
         - ignored, - parity errors
 Output (total): 0 packets, 0 bytes
         0 unicasts, 0 broadcasts, 0 multicasts, 0 pauses
 Output (normal): 0 packets, - bytes
         0 unicasts, 0 broadcasts, 0 multicasts, 0 pauses
 Output: 0 output errors, - underruns, - buffer failures
         0 aborts, 0 deferred, 0 collisions, 0 late collisions
         0 lost carrier, - no carrier
IPv4 traffic statistics:
 Last 300 seconds input rate: 0 packets/sec, 0 bytes/sec
 Last 300 seconds output rate: 0 packets/sec, 0 bytes/sec
 Input: 0 packets, 0 bytes
 Output: 0 packets, 0 bytes
IPv6 traffic statistics:
 Last 300 seconds input rate: 0 packets/sec, 0 bytes/sec
 Last 300 seconds output rate: 0 packets/sec, 0 bytes/sec
 Input: 0 packets, 0 bytes
 Output: 0 packets, 0 bytes

GigabitEthernet1/0/31
Current state: DOWN
Line protocol state: DOWN
IP packet frame type: Ethernet II, hardware address: 7449-d275-816c
Description: GigabitEthernet1/0/31 Interface
Bandwidth: 1000000 kbps
Loopback is not set
Media type is twisted pair
Port hardware type is 1000_BASE_T
Unknown-speed mode, unknown-duplex mode
Link speed type is autonegotiation, link duplex type is autonegotiation
Flow-control is not enabled
Maximum frame length: 12288
Allow jumbo frames to pass
Broadcast max-ratio: 100%
Multicast max-ratio: 100%
Unicast max-ratio: 100%
Known-unicast max-ratio: 100%
PVID: 1
MDI type: Automdix
Port link-type: Access
 Tagged VLANs:   None
 Untagged VLANs: 1
Port priority: 0
Last link flapping: Never
Last clearing of counters: Never
Current system time:2014-12-16 12:49:11
Last time when physical state changed to up:-
Last time when physical state changed to down:2014-06-21 16:10:44
 Peak input rate: 0 bytes/sec, at 2014-06-21 16:12:31 
 Peak output rate: 0 bytes/sec, at 2014-06-21 16:12:31 
 Last 300 seconds input: 0 packets/sec 0 bytes/sec -%
 Last 300 seconds output: 0 packets/sec 0 bytes/sec -%
 Input (total):  0 packets, 0 bytes
         0 unicasts, 0 broadcasts, 0 multicasts, 0 pauses
 Input (normal):  0 packets, - bytes
         0 unicasts, 0 broadcasts, 0 multicasts, 0 pauses
 Input:  0 input errors, 0 runts, 0 giants, 0 throttles
         0 CRC, 0 frame, - overruns, 0 aborts
         - ignored, - parity errors
 Output (total): 0 packets, 0 bytes
         0 unicasts, 0 broadcasts, 0 multicasts, 0 pauses
 Output (normal): 0 packets, - bytes
         0 unicasts, 0 broadcasts, 0 multicasts, 0 pauses
 Output: 0 output errors, - underruns, - buffer failures
         0 aborts, 0 deferred, 0 collisions, 0 late collisions
         0 lost carrier, - no carrier
IPv4 traffic statistics:
 Last 300 seconds input rate: 0 packets/sec, 0 bytes/sec
 Last 300 seconds output rate: 0 packets/sec, 0 bytes/sec
 Input: 0 packets, 0 bytes
 Output: 0 packets, 0 bytes
IPv6 traffic statistics:
 Last 300 seconds input rate: 0 packets/sec, 0 bytes/sec
 Last 300 seconds output rate: 0 packets/sec, 0 bytes/sec
 Input: 0 packets, 0 bytes
 Output: 0 packets, 0 bytes

GigabitEthernet1/0/32
Current state: DOWN
Line protocol state: DOWN
IP packet frame type: Ethernet II, hardware address: 7449-d275-816d
Description: GigabitEthernet1/0/32 Interface
Bandwidth: 1000000 kbps
Loopback is not set
Media type is twisted pair
Port hardware type is 1000_BASE_T
Unknown-speed mode, unknown-duplex mode
Link speed type is autonegotiation, link duplex type is autonegotiation
Flow-control is not enabled
Maximum frame length: 12288
Allow jumbo frames to pass
Broadcast max-ratio: 100%
Multicast max-ratio: 100%
Unicast max-ratio: 100%
Known-unicast max-ratio: 100%
PVID: 1
MDI type: Automdix
Port link-type: Access
 Tagged VLANs:   None
 Untagged VLANs: 1
Port priority: 0
Last link flapping: Never
Last clearing of counters: Never
Current system time:2014-12-16 12:49:11
Last time when physical state changed to up:-
Last time when physical state changed to down:2014-06-21 16:10:44
 Peak input rate: 0 bytes/sec, at 2014-06-21 16:12:31 
 Peak output rate: 0 bytes/sec, at 2014-06-21 16:12:31 
 Last 300 seconds input: 0 packets/sec 0 bytes/sec -%
 Last 300 seconds output: 0 packets/sec 0 bytes/sec -%
 Input (total):  0 packets, 0 bytes
         0 unicasts, 0 broadcasts, 0 multicasts, 0 pauses
 Input (normal):  0 packets, - bytes
         0 unicasts, 0 broadcasts, 0 multicasts, 0 pauses
 Input:  0 input errors, 0 runts, 0 giants, 0 throttles
         0 CRC, 0 frame, - overruns, 0 aborts
         - ignored, - parity errors
 Output (total): 0 packets, 0 bytes
         0 unicasts, 0 broadcasts, 0 multicasts, 0 pauses
 Output (normal): 0 packets, - bytes
         0 unicasts, 0 broadcasts, 0 multicasts, 0 pauses
 Output: 0 output errors, - underruns, - buffer failures
         0 aborts, 0 deferred, 0 collisions, 0 late collisions
         0 lost carrier, - no carrier
IPv4 traffic statistics:
 Last 300 seconds input rate: 0 packets/sec, 0 bytes/sec
 Last 300 seconds output rate: 0 packets/sec, 0 bytes/sec
 Input: 0 packets, 0 bytes
 Output: 0 packets, 0 bytes
IPv6 traffic statistics:
 Last 300 seconds input rate: 0 packets/sec, 0 bytes/sec
 Last 300 seconds output rate: 0 packets/sec, 0 bytes/sec
 Input: 0 packets, 0 bytes
 Output: 0 packets, 0 bytes

InLoopBack0
Current state: UP
Line protocol state: UP(spoofing)
Description: InLoopBack0 Interface
Maximum transmission unit: 1536
Physical: InLoopBack
Last 300 seconds input rate: 0 bytes/sec, 0 bits/sec, 0 packets/sec
Last 300 seconds output rate: 0 bytes/sec, 0 bits/sec, 0 packets/sec
Input: 0 packets, 0 bytes, 0 drops
Output: 0 packets, 0 bytes, 0 drops

LoopBack0
Current state: UP
Line protocol state: UP(spoofing)
Description: LoopBack0 Interface
Maximum transmission unit: 1536
Internet address: 10.233.105.240/32 (Primary)
Physical: Loopback
Last clearing of counters: Never
Last 300 seconds input rate: 0 bytes/sec, 0 bits/sec, 0 packets/sec
Last 300 seconds output rate: 0 bytes/sec, 0 bits/sec, 0 packets/sec
Input: 0 packets, 0 bytes, 0 drops
Output: 0 packets, 0 bytes, 0 drops

NULL0
Current state: UP
Line protocol state: UP(spoofing)
Description: NULL0 Interface
Bandwidth: 1000000 kbps
Maximum transmission unit: 1500
Internet protocol processing: Disabled
Physical: NULL DEV, baudrate: 1000000 kbps
Last clearing of counters: Never
Last 300 seconds input rate: 0 bytes/sec, 0 bits/sec, 0 packets/sec
Last 300 seconds output rate: 0 bytes/sec, 0 bits/sec, 0 packets/sec
Input: 0 packets, 0 bytes, 0 drops
Output: 0 packets, 0 bytes, 0 drops

Register-Tunnel0
Current state: UP
Line protocol state: DOWN
Description: Register-Tunnel0 Interface
Maximum transmission unit: 1536
Internet protocol processing: Disabled
Physical: Unknown
Last 300 seconds input rate: 0 bytes/sec, 0 bits/sec, 0 packets/sec
Last 300 seconds output rate: 0 bytes/sec, 0 bits/sec, 0 packets/sec
Input: 0 packets, 0 bytes, 0 drops
Output: 0 packets, 0 bytes, 0 drops

Ten-GigabitEthernet1/0/33
Current state: DOWN
Line protocol state: DOWN
IP packet frame type: Ethernet II, hardware address: 7449-d275-816e
Description: Ten-GigabitEthernet1/0/33 Interface
Bandwidth: 10000000 kbps
Loopback is not set
Media type is not sure, Port hardware type is no connector
Unknown-speed mode, unknown-duplex mode
Link speed type is autonegotiation, link duplex type is autonegotiation
Flow-control is not enabled
Maximum frame length: 12288
Allow jumbo frames to pass
Broadcast max-ratio: 100%
Multicast max-ratio: 100%
Unicast max-ratio: 100%
Known-unicast max-ratio: 100%
PVID: 1
MDI type: Automdix
Port link-type: Access
 Tagged VLANs:   None
 Untagged VLANs: 1
Port priority: 0
Last link flapping: Never
Last clearing of counters: Never
Current system time:2014-12-16 12:49:12
Last time when physical state changed to up:-
Last time when physical state changed to down:2014-06-21 16:10:44
 Peak input rate: 0 bytes/sec, at 2014-06-21 16:12:31 
 Peak output rate: 0 bytes/sec, at 2014-06-21 16:12:31 
 Last 300 seconds input: 0 packets/sec 0 bytes/sec -%
 Last 300 seconds output: 0 packets/sec 0 bytes/sec -%
 Input (total):  0 packets, 0 bytes
         0 unicasts, 0 broadcasts, 0 multicasts, 0 pauses
 Input (normal):  0 packets, - bytes
         0 unicasts, 0 broadcasts, 0 multicasts, 0 pauses
 Input:  0 input errors, 0 runts, 0 giants, 0 throttles
         0 CRC, 0 frame, - overruns, 0 aborts
         - ignored, - parity errors
 Output (total): 0 packets, 0 bytes
         0 unicasts, 0 broadcasts, 0 multicasts, 0 pauses
 Output (normal): 0 packets, - bytes
         0 unicasts, 0 broadcasts, 0 multicasts, 0 pauses
 Output: 0 output errors, - underruns, - buffer failures
         0 aborts, 0 deferred, 0 collisions, 0 late collisions
         0 lost carrier, - no carrier
IPv4 traffic statistics:
 Last 300 seconds input rate: 0 packets/sec, 0 bytes/sec
 Last 300 seconds output rate: 0 packets/sec, 0 bytes/sec
 Input: 0 packets, 0 bytes
 Output: 0 packets, 0 bytes
IPv6 traffic statistics:
 Last 300 seconds input rate: 0 packets/sec, 0 bytes/sec
 Last 300 seconds output rate: 0 packets/sec, 0 bytes/sec
 Input: 0 packets, 0 bytes
 Output: 0 packets, 0 bytes

Ten-GigabitEthernet1/0/34
Current state: DOWN
Line protocol state: DOWN
IP packet frame type: Ethernet II, hardware address: 7449-d275-816f
Description: Ten-GigabitEthernet1/0/34 Interface
Bandwidth: 10000000 kbps
Loopback is not set
Media type is not sure, Port hardware type is no connector
Unknown-speed mode, unknown-duplex mode
Link speed type is autonegotiation, link duplex type is autonegotiation
Flow-control is not enabled
Maximum frame length: 12288
Allow jumbo frames to pass
Broadcast max-ratio: 100%
Multicast max-ratio: 100%
Unicast max-ratio: 100%
Known-unicast max-ratio: 100%
PVID: 1
MDI type: Automdix
Port link-type: Access
 Tagged VLANs:   None
 Untagged VLANs: 1
Port priority: 0
Last link flapping: Never
Last clearing of counters: Never
Current system time:2014-12-16 12:49:12
Last time when physical state changed to up:-
Last time when physical state changed to down:2014-06-21 16:10:44
 Peak input rate: 0 bytes/sec, at 2014-06-21 16:12:31 
 Peak output rate: 0 bytes/sec, at 2014-06-21 16:12:31 
 Last 300 seconds input: 0 packets/sec 0 bytes/sec -%
 Last 300 seconds output: 0 packets/sec 0 bytes/sec -%
 Input (total):  0 packets, 0 bytes
         0 unicasts, 0 broadcasts, 0 multicasts, 0 pauses
 Input (normal):  0 packets, - bytes
         0 unicasts, 0 broadcasts, 0 multicasts, 0 pauses
 Input:  0 input errors, 0 runts, 0 giants, 0 throttles
         0 CRC, 0 frame, - overruns, 0 aborts
         - ignored, - parity errors
 Output (total): 0 packets, 0 bytes
         0 unicasts, 0 broadcasts, 0 multicasts, 0 pauses
 Output (normal): 0 packets, - bytes
         0 unicasts, 0 broadcasts, 0 multicasts, 0 pauses
 Output: 0 output errors, - underruns, - buffer failures
         0 aborts, 0 deferred, 0 collisions, 0 late collisions
         0 lost carrier, - no carrier
IPv4 traffic statistics:
 Last 300 seconds input rate: 0 packets/sec, 0 bytes/sec
 Last 300 seconds output rate: 0 packets/sec, 0 bytes/sec
 Input: 0 packets, 0 bytes
 Output: 0 packets, 0 bytes
IPv6 traffic statistics:
 Last 300 seconds input rate: 0 packets/sec, 0 bytes/sec
 Last 300 seconds output rate: 0 packets/sec, 0 bytes/sec
 Input: 0 packets, 0 bytes
 Output: 0 packets, 0 bytes

Ten-GigabitEthernet1/0/35
Current state: DOWN
Line protocol state: DOWN
IP packet frame type: Ethernet II, hardware address: 7449-d275-8170
Description: Ten-GigabitEthernet1/0/35 Interface
Bandwidth: 10000000 kbps
Loopback is not set
Media type is not sure, Port hardware type is no connector
Unknown-speed mode, unknown-duplex mode
Link speed type is autonegotiation, link duplex type is autonegotiation
Flow-control is not enabled
Maximum frame length: 12288
Allow jumbo frames to pass
Broadcast max-ratio: 100%
Multicast max-ratio: 100%
Unicast max-ratio: 100%
Known-unicast max-ratio: 100%
PVID: 1
MDI type: Automdix
Port link-type: Access
 Tagged VLANs:   None
 Untagged VLANs: 1
Port priority: 0
Last link flapping: Never
Last clearing of counters: Never
Current system time:2014-12-16 12:49:12
Last time when physical state changed to up:-
Last time when physical state changed to down:2014-06-21 16:10:44
 Peak input rate: 0 bytes/sec, at 2014-06-21 16:12:31 
 Peak output rate: 0 bytes/sec, at 2014-06-21 16:12:31 
 Last 300 seconds input: 0 packets/sec 0 bytes/sec -%
 Last 300 seconds output: 0 packets/sec 0 bytes/sec -%
 Input (total):  0 packets, 0 bytes
         0 unicasts, 0 broadcasts, 0 multicasts, 0 pauses
 Input (normal):  0 packets, - bytes
         0 unicasts, 0 broadcasts, 0 multicasts, 0 pauses
 Input:  0 input errors, 0 runts, 0 giants, 0 throttles
         0 CRC, 0 frame, - overruns, 0 aborts
         - ignored, - parity errors
 Output (total): 0 packets, 0 bytes
         0 unicasts, 0 broadcasts, 0 multicasts, 0 pauses
 Output (normal): 0 packets, - bytes
         0 unicasts, 0 broadcasts, 0 multicasts, 0 pauses
 Output: 0 output errors, - underruns, - buffer failures
         0 aborts, 0 deferred, 0 collisions, 0 late collisions
         0 lost carrier, - no carrier
IPv4 traffic statistics:
 Last 300 seconds input rate: 0 packets/sec, 0 bytes/sec
 Last 300 seconds output rate: 0 packets/sec, 0 bytes/sec
 Input: 0 packets, 0 bytes
 Output: 0 packets, 0 bytes
IPv6 traffic statistics:
 Last 300 seconds input rate: 0 packets/sec, 0 bytes/sec
 Last 300 seconds output rate: 0 packets/sec, 0 bytes/sec
 Input: 0 packets, 0 bytes
 Output: 0 packets, 0 bytes

Ten-GigabitEthernet1/0/36
Current state: DOWN
Line protocol state: DOWN
IP packet frame type: Ethernet II, hardware address: 7449-d275-8171
Description: Ten-GigabitEthernet1/0/36 Interface
Bandwidth: 10000000 kbps
Loopback is not set
Media type is not sure, Port hardware type is no connector
Unknown-speed mode, unknown-duplex mode
Link speed type is autonegotiation, link duplex type is autonegotiation
Flow-control is not enabled
Maximum frame length: 12288
Allow jumbo frames to pass
Broadcast max-ratio: 100%
Multicast max-ratio: 100%
Unicast max-ratio: 100%
Known-unicast max-ratio: 100%
PVID: 1
MDI type: Automdix
Port link-type: Access
 Tagged VLANs:   None
 Untagged VLANs: 1
Port priority: 0
Last link flapping: Never
Last clearing of counters: Never
Current system time:2014-12-16 12:49:12
Last time when physical state changed to up:-
Last time when physical state changed to down:2014-06-21 16:10:44
 Peak input rate: 0 bytes/sec, at 2014-06-21 16:12:31 
 Peak output rate: 0 bytes/sec, at 2014-06-21 16:12:31 
 Last 300 seconds input: 0 packets/sec 0 bytes/sec -%
 Last 300 seconds output: 0 packets/sec 0 bytes/sec -%
 Input (total):  0 packets, 0 bytes
         0 unicasts, 0 broadcasts, 0 multicasts, 0 pauses
 Input (normal):  0 packets, - bytes
         0 unicasts, 0 broadcasts, 0 multicasts, 0 pauses
 Input:  0 input errors, 0 runts, 0 giants, 0 throttles
         0 CRC, 0 frame, - overruns, 0 aborts
         - ignored, - parity errors
 Output (total): 0 packets, 0 bytes
         0 unicasts, 0 broadcasts, 0 multicasts, 0 pauses
 Output (normal): 0 packets, - bytes
         0 unicasts, 0 broadcasts, 0 multicasts, 0 pauses
 Output: 0 output errors, - underruns, - buffer failures
         0 aborts, 0 deferred, 0 collisions, 0 late collisions
         0 lost carrier, - no carrier
IPv4 traffic statistics:
 Last 300 seconds input rate: 0 packets/sec, 0 bytes/sec
 Last 300 seconds output rate: 0 packets/sec, 0 bytes/sec
 Input: 0 packets, 0 bytes
 Output: 0 packets, 0 bytes
IPv6 traffic statistics:
 Last 300 seconds input rate: 0 packets/sec, 0 bytes/sec
 Last 300 seconds output rate: 0 packets/sec, 0 bytes/sec
 Input: 0 packets, 0 bytes
 Output: 0 packets, 0 bytes

Vlan-interface1
Current state: UP
Line protocol state: UP
Description: Gateway
Bandwidth: 10000000 kbps
Maximum transmission unit: 1500
Internet address: 10.233.105.146/28 (Primary)
IP packet frame type: Ethernet II, hardware address: 7449-d275-812f
IPv6 packet frame type: Ethernet II, hardware address: 7449-d275-812f
Last clearing of counters: Never

Vlan-interface100
Current state: UP
Line protocol state: UP
Description: to MDCN_NE40-2_2/0/2
Bandwidth: 10000000 kbps
Maximum transmission unit: 1500
Internet address: 10.234.2.234/30 (Primary)
IP packet frame type: Ethernet II, hardware address: 7449-d275-8132
IPv6 packet frame type: Ethernet II, hardware address: 7449-d275-8132
Last clearing of counters: Never

<XZ_AL_WG_S5536F>display interface brief
Brief information on interfaces in route mode:
Link: ADM - administratively down; Stby - standby
Protocol: (s) - spoofing
Interface            Link Protocol Primary IP        Description              
InLoop0              UP   UP(s)    --                
Loop0                UP   UP(s)    10.233.105.240    
NULL0                UP   UP(s)    --                
REG0                 UP   --       --                
Vlan1                UP   UP       10.233.105.146    Gateway
Vlan100              UP   UP       10.234.2.234      to MDCN_NE40-2_2/0/2

Brief information on interfaces in bridge mode:
Link: ADM - administratively down; Stby - standby
Speed: (a) - auto
Duplex: (a)/A - auto; H - half; F - full
Type: A - access; T - trunk; H - hybrid
Interface            Link Speed     Duplex Type PVID Description              
GE1/0/1              DOWN auto      A      A    1    
GE1/0/2              DOWN auto      A      A    1    
GE1/0/3              DOWN auto      A      A    1    
GE1/0/4              DOWN auto      A      A    1    
GE1/0/5              DOWN auto      A      A    1    
GE1/0/6              DOWN auto      A      A    1    
GE1/0/7              DOWN auto      A      A    1    
GE1/0/8              DOWN auto      A      A    1    
GE1/0/9              DOWN auto      A      A    1    
GE1/0/10             DOWN auto      A      A    1    
GE1/0/11             DOWN auto      A      A    1    
GE1/0/12             DOWN auto      A      A    1    
GE1/0/13             DOWN auto      A      A    1    
GE1/0/14             DOWN auto      A      A    1    
GE1/0/15             DOWN auto      A      A    1    
GE1/0/16             DOWN auto      A      A    1    
GE1/0/17             DOWN auto      A      A    1    
GE1/0/18             DOWN auto      A      A    1    
GE1/0/19             DOWN auto      A      A    1    
GE1/0/20             DOWN auto      A      A    1    
GE1/0/21             DOWN auto      A      A    1    
GE1/0/22             DOWN auto      A      A    1    
GE1/0/23             DOWN auto      A      A    1    
GE1/0/24             DOWN auto      A      A    1    
GE1/0/25             UP   100M(a)   H(a)   A    100  
GE1/0/26             UP   100M(a)   F(a)   A    1    
GE1/0/27             ADM  auto      A      A    1    
GE1/0/28             ADM  auto      A      A    1    
GE1/0/29             DOWN auto      A      A    1    
GE1/0/30             DOWN auto      A      A    1    
GE1/0/31             DOWN auto      A      A    1    
GE1/0/32             DOWN auto      A      A    1    
XGE1/0/33            DOWN auto      A      A    1    
XGE1/0/34            DOWN auto      A      A    1    
XGE1/0/35            DOWN auto      A      A    1    
XGE1/0/36            DOWN auto      A      A    1    

<XZ_AL_WG_S5536F>display ip interface brief
*down: administratively down
(s): spoofing  (l): loopback
Interface           Physical Protocol IP address      VPN instance Description  
Loop0               up       up(s)    10.233.105.240  --           --
Vlan1               up       up       10.233.105.146  --           Gateway
Vlan100             up       up       10.234.2.234    --           to MDCN_NE...
<XZ_AL_WG_S5536F>display ip routing-table

Destinations : 18       Routes : 18

Destination/Mask   Proto   Pre Cost        NextHop         Interface
0.0.0.0/0          Static  60  0           10.234.2.233    Vlan100
0.0.0.0/32         Direct  0   0           127.0.0.1       InLoop0
10.233.105.144/28  Direct  0   0           10.233.105.146  Vlan1
10.233.105.144/32  Direct  0   0           10.233.105.146  Vlan1
10.233.105.146/32  Direct  0   0           127.0.0.1       InLoop0
10.233.105.159/32  Direct  0   0           10.233.105.146  Vlan1
10.233.105.240/32  Direct  0   0           127.0.0.1       InLoop0
10.234.2.232/30    Direct  0   0           10.234.2.234    Vlan100
10.234.2.232/32    Direct  0   0           10.234.2.234    Vlan100
10.234.2.234/32    Direct  0   0           127.0.0.1       InLoop0
10.234.2.235/32    Direct  0   0           10.234.2.234    Vlan100
127.0.0.0/8        Direct  0   0           127.0.0.1       InLoop0
127.0.0.0/32       Direct  0   0           127.0.0.1       InLoop0
127.0.0.1/32       Direct  0   0           127.0.0.1       InLoop0
127.255.255.255/32 Direct  0   0           127.0.0.1       InLoop0
224.0.0.0/4        Direct  0   0           0.0.0.0         NULL0
224.0.0.0/24       Direct  0   0           0.0.0.0         NULL0
255.255.255.255/32 Direct  0   0           127.0.0.1       InLoop0
<XZ_AL_WG_S5536F>dis alarm urgent
                     ^
 % Unrecognized command found at '^' position.
<XZ_AL_WG_S5536F>display logbuffer
Log buffer: Enabled
Max buffer size: 1024
Actual buffer size: 512
Dropped messages: 0
Overwritten messages: 5297
Current messages: 512
%Nov  9 16:19:27:243 2014 XZ_AL_WG_S5536F SHELL/6/SHELL_CMD: -Line=vty0-IPAddr=10.237.35.254-User=xz4a_admin; Command is display ip interface brief
%Nov  9 16:19:39:530 2014 XZ_AL_WG_S5536F SHELL/6/SHELL_CMD: -Line=vty0-IPAddr=10.237.35.254-User=xz4a_admin; Command is display current-configuration
%Nov  9 16:20:12:034 2014 XZ_AL_WG_S5536F SHELL/6/SHELL_CMD: -Line=vty0-IPAddr=10.237.35.254-User=xz4a_admin; Command is display ip routing-table
%Nov  9 16:20:25:483 2014 XZ_AL_WG_S5536F SHELL/6/SHELL_CMD: -Line=vty0-IPAddr=10.237.35.254-User=xz4a_admin; Command is display logbuffer
%Nov  9 16:20:38:314 2014 XZ_AL_WG_S5536F SHELL/5/SHELL_LOGOUT: xz4a_admin logged out from 10.237.35.254.
%Nov  9 16:20:38:389 2014 XZ_AL_WG_S5536F SSHS/6/SSHS_LOG: User xz4a_admin logged out from 10.237.35.254 port 60883.
%Nov  9 16:20:38:390 2014 XZ_AL_WG_S5536F SSHS/6/SSHS_DISCONNECT: SSH user xz4a_admin (IP: 10.237.35.254) disconnected from the server.
%Nov  9 16:20:41:623 2014 XZ_AL_WG_S5536F SSHS/6/SSHS_AUTH_PWD_FAIL: Authentication failed for user xz4a_admin from 10.237.35.254 port 61371 because of invalid username or wrong password.
%Nov  9 16:20:44:670 2014 XZ_AL_WG_S5536F SSHS/6/SSHS_DISCONNECT: SSH user xz4a_admin (IP: 10.237.35.254) disconnected from the server.
%Nov 10 11:58:50:829 2014 XZ_AL_WG_S5536F SSHS/6/SSHS_AUTH_SUCCESS: SSH user xz4a_admin from 10.237.35.254 port 51081 passed password authentication.
%Nov 10 11:58:51:968 2014 XZ_AL_WG_S5536F SSHS/6/SSHS_CONNECT: SSH user xz4a_admin (IP: 10.237.35.254) connected to the server successfully.
%Nov 10 11:58:52:380 2014 XZ_AL_WG_S5536F SHELL/5/SHELL_LOGIN: xz4a_admin logged in from 10.237.35.254.
%Nov 10 12:00:44:350 2014 XZ_AL_WG_S5536F SHELL/6/SHELL_CMD: -Line=vty0-IPAddr=10.237.35.254-User=xz4a_admin; Command is display version
%Nov 10 12:00:54:372 2014 XZ_AL_WG_S5536F SHELL/6/SHELL_CMD: -Line=vty0-IPAddr=10.237.35.254-User=xz4a_admin; Command is display device
%Nov 10 12:01:04:817 2014 XZ_AL_WG_S5536F SHELL/6/SHELL_CMD: -Line=vty0-IPAddr=10.237.35.254-User=xz4a_admin; Command is display startup
%Nov 10 12:01:14:004 2014 XZ_AL_WG_S5536F SHELL/6/SHELL_CMD: -Line=vty0-IPAddr=10.237.35.254-User=xz4a_admin; Command is dis cpu-usage
%Nov 10 12:01:23:164 2014 XZ_AL_WG_S5536F SHELL/6/SHELL_CMD: -Line=vty0-IPAddr=10.237.35.254-User=xz4a_admin; Command is dis memory
%Nov 10 12:01:35:116 2014 XZ_AL_WG_S5536F SHELL/6/SHELL_CMD: -Line=vty0-IPAddr=10.237.35.254-User=xz4a_admin; Command is display interface brief
%Nov 10 12:01:39:312 2014 XZ_AL_WG_S5536F SHELL/6/SHELL_CMD: -Line=vty0-IPAddr=10.237.35.254-User=xz4a_admin; Command is display interface brief
%Nov 10 12:01:49:064 2014 XZ_AL_WG_S5536F SHELL/6/SHELL_CMD: -Line=vty0-IPAddr=10.237.35.254-User=xz4a_admin; Command is display ip interface brief
%Nov 10 12:01:58:364 2014 XZ_AL_WG_S5536F SHELL/6/SHELL_CMD: -Line=vty0-IPAddr=10.237.35.254-User=xz4a_admin; Command is display current-configuration
%Nov 10 12:02:07:190 2014 XZ_AL_WG_S5536F SHELL/6/SHELL_CMD: -Line=vty0-IPAddr=10.237.35.254-User=xz4a_admin; Command is display ip routing-table
%Nov 10 12:02:17:393 2014 XZ_AL_WG_S5536F SHELL/6/SHELL_CMD: -Line=vty0-IPAddr=10.237.35.254-User=xz4a_admin; Command is display logbuffer
%Nov 10 12:02:26:649 2014 XZ_AL_WG_S5536F SHELL/5/SHELL_LOGOUT: xz4a_admin logged out from 10.237.35.254.
%Nov 10 12:02:26:732 2014 XZ_AL_WG_S5536F SSHS/6/SSHS_LOG: User xz4a_admin logged out from 10.237.35.254 port 51081.
%Nov 10 12:02:26:733 2014 XZ_AL_WG_S5536F SSHS/6/SSHS_DISCONNECT: SSH user xz4a_admin (IP: 10.237.35.254) disconnected from the server.
%Nov 10 12:21:39:025 2014 XZ_AL_WG_S5536F SSHS/6/SSHS_AUTH_SUCCESS: SSH user jtcjxz from 10.237.100.188 port 40172 passed password authentication.
%Nov 10 12:21:40:143 2014 XZ_AL_WG_S5536F SSHS/6/SSHS_CONNECT: SSH user jtcjxz (IP: 10.237.100.188) connected to the server successfully.
%Nov 10 12:21:40:502 2014 XZ_AL_WG_S5536F SHELL/5/SHELL_LOGIN: jtcjxz logged in from 10.237.100.188.
%Nov 10 12:21:54:696 2014 XZ_AL_WG_S5536F SHELL/6/SHELL_CMD: -Line=vty0-IPAddr=10.237.100.188-User=jtcjxz; Command is dis users
%Nov 10 12:22:04:703 2014 XZ_AL_WG_S5536F SHELL/6/SHELL_CMD: -Line=vty0-IPAddr=10.237.100.188-User=jtcjxz; Command is display version
%Nov 10 12:22:14:714 2014 XZ_AL_WG_S5536F SHELL/6/SHELL_CMD: -Line=vty0-IPAddr=10.237.100.188-User=jtcjxz; Command is display version
%Nov 10 12:22:24:716 2014 XZ_AL_WG_S5536F SHELL/4/SHELL_CMD_MATCHFAIL: -User=jtcjxz-IPAddr=10.237.100.188; Command system product model in view shell failed to be matched.
%Nov 10 12:22:34:729 2014 XZ_AL_WG_S5536F SHELL/4/SHELL_CMD_MATCHFAIL: -User=jtcjxz-IPAddr=10.237.100.188; Command system version in view shell failed to be matched.
%Nov 10 12:22:44:751 2014 XZ_AL_WG_S5536F SHELL/6/SHELL_CMD: -Line=vty0-IPAddr=10.237.100.188-User=jtcjxz; Command is dis users
%Nov 10 12:22:54:752 2014 XZ_AL_WG_S5536F SHELL/6/SHELL_CMD: -Line=vty0-IPAddr=10.237.100.188-User=jtcjxz; Command is quit
%Nov 10 12:22:54:776 2014 XZ_AL_WG_S5536F SHELL/5/SHELL_LOGOUT: jtcjxz logged out from 10.237.100.188.
%Nov 10 12:22:55:754 2014 XZ_AL_WG_S5536F SSHS/6/SSHS_LOG: User jtcjxz logged out from 10.237.100.188 port 40172.
%Nov 10 12:22:55:755 2014 XZ_AL_WG_S5536F SSHS/6/SSHS_DISCONNECT: SSH user jtcjxz (IP: 10.237.100.188) disconnected from the server.
%Nov 10 17:34:46:978 2014 XZ_AL_WG_S5536F SHELL/5/SHELL_LOGIN: xz4a_admin logged in from 10.237.35.254.
%Nov 10 17:34:49:157 2014 XZ_AL_WG_S5536F SHELL/6/SHELL_CMD: -Line=vty0-IPAddr=10.237.35.254-User=xz4a_admin; Command is dis cur
%Nov 10 18:01:49:048 2014 XZ_AL_WG_S5536F SHELL/5/SHELL_LOGOUT: xz4a_admin logged out from 10.237.35.254.
%Nov 10 18:10:23:563 2014 XZ_AL_WG_S5536F SHELL/5/SHELL_LOGIN: xz4a_admin logged in from 10.237.35.254.
%Nov 10 18:30:26:569 2014 XZ_AL_WG_S5536F SHELL/5/SHELL_LOGOUT: xz4a_admin logged out from 10.237.35.254.
%Nov 11 11:45:30:547 2014 XZ_AL_WG_S5536F SSHS/6/SSHS_AUTH_SUCCESS: SSH user xz4a_admin from 10.237.35.254 port 61685 passed password authentication.
%Nov 11 11:45:31:705 2014 XZ_AL_WG_S5536F SSHS/6/SSHS_CONNECT: SSH user xz4a_admin (IP: 10.237.35.254) connected to the server successfully.
%Nov 11 11:45:32:118 2014 XZ_AL_WG_S5536F SHELL/5/SHELL_LOGIN: xz4a_admin logged in from 10.237.35.254.
%Nov 11 11:47:02:887 2014 XZ_AL_WG_S5536F SHELL/6/SHELL_CMD: -Line=vty0-IPAddr=10.237.35.254-User=xz4a_admin; Command is display version
%Nov 11 11:47:15:862 2014 XZ_AL_WG_S5536F SHELL/6/SHELL_CMD: -Line=vty0-IPAddr=10.237.35.254-User=xz4a_admin; Command is display device
%Nov 11 11:47:25:433 2014 XZ_AL_WG_S5536F SHELL/6/SHELL_CMD: -Line=vty0-IPAddr=10.237.35.254-User=xz4a_admin; Command is display startup
%Nov 11 11:47:33:944 2014 XZ_AL_WG_S5536F SHELL/6/SHELL_CMD: -Line=vty0-IPAddr=10.237.35.254-User=xz4a_admin; Command is dis cpu-usage
%Nov 11 11:47:43:369 2014 XZ_AL_WG_S5536F SHELL/6/SHELL_CMD: -Line=vty0-IPAddr=10.237.35.254-User=xz4a_admin; Command is dis memory
%Nov 11 11:47:54:672 2014 XZ_AL_WG_S5536F SHELL/6/SHELL_CMD: -Line=vty0-IPAddr=10.237.35.254-User=xz4a_admin; Command is display interface brief
%Nov 11 11:48:11:486 2014 XZ_AL_WG_S5536F SHELL/6/SHELL_CMD: -Line=vty0-IPAddr=10.237.35.254-User=xz4a_admin; Command is display ip interface brief
%Nov 11 11:48:22:172 2014 XZ_AL_WG_S5536F SHELL/6/SHELL_CMD: -Line=vty0-IPAddr=10.237.35.254-User=xz4a_admin; Command is display current-configuration
%Nov 11 11:48:32:060 2014 XZ_AL_WG_S5536F SHELL/6/SHELL_CMD: -Line=vty0-IPAddr=10.237.35.254-User=xz4a_admin; Command is display ip routing-table
%Nov 11 11:48:42:448 2014 XZ_AL_WG_S5536F SHELL/6/SHELL_CMD: -Line=vty0-IPAddr=10.237.35.254-User=xz4a_admin; Command is display logbuffer
%Nov 11 11:48:56:871 2014 XZ_AL_WG_S5536F SHELL/5/SHELL_LOGOUT: xz4a_admin logged out from 10.237.35.254.
%Nov 11 11:48:56:950 2014 XZ_AL_WG_S5536F SSHS/6/SSHS_LOG: User xz4a_admin logged out from 10.237.35.254 port 61685.
%Nov 11 11:48:56:950 2014 XZ_AL_WG_S5536F SSHS/6/SSHS_DISCONNECT: SSH user xz4a_admin (IP: 10.237.35.254) disconnected from the server.
%Nov 14 11:39:42:352 2014 XZ_AL_WG_S5536F SSHS/6/SSHS_AUTH_SUCCESS: SSH user xz4a_admin from 10.237.35.254 port 52415 passed password authentication.
%Nov 14 11:39:43:492 2014 XZ_AL_WG_S5536F SSHS/6/SSHS_CONNECT: SSH user xz4a_admin (IP: 10.237.35.254) connected to the server successfully.
%Nov 14 11:39:43:902 2014 XZ_AL_WG_S5536F SHELL/5/SHELL_LOGIN: xz4a_admin logged in from 10.237.35.254.
%Nov 14 11:42:03:421 2014 XZ_AL_WG_S5536F SHELL/6/SHELL_CMD: -Line=vty0-IPAddr=10.237.35.254-User=xz4a_admin; Command is display version
%Nov 14 11:42:19:037 2014 XZ_AL_WG_S5536F SHELL/6/SHELL_CMD: -Line=vty0-IPAddr=10.237.35.254-User=xz4a_admin; Command is display device
%Nov 14 11:42:28:831 2014 XZ_AL_WG_S5536F SHELL/6/SHELL_CMD: -Line=vty0-IPAddr=10.237.35.254-User=xz4a_admin; Command is display startup
%Nov 14 11:42:37:001 2014 XZ_AL_WG_S5536F SHELL/6/SHELL_CMD: -Line=vty0-IPAddr=10.237.35.254-User=xz4a_admin; Command is dis cpu-usage
%Nov 14 11:42:54:976 2014 XZ_AL_WG_S5536F SHELL/6/SHELL_CMD: -Line=vty0-IPAddr=10.237.35.254-User=xz4a_admin; Command is dis memory
%Nov 14 11:45:55:735 2014 XZ_AL_WG_S5536F SHELL/6/SHELL_CMD: -Line=vty0-IPAddr=10.237.35.254-User=xz4a_admin; Command is display interface brief
