<XZ_LW_JF_S5554_1>screen-length 0 temporary
                                ^
 % Unrecognized command found at '^' position.
<XZ_LW_JF_S5554_1>display version
H3C Comware Software, Version 7.1.070, Release 1115
Copyright (c) 2004-2022 New H3C Technologies Co., Ltd. All rights reserved.
H3C S5554S-EI-D uptime is 141 weeks, 2 days, 12 hours, 14 minutes
Last reboot reason : Cold reboot

Boot image: flash:/s5500_ei_d-cmw710-boot-r1115.bin
Boot image version: 7.1.070, Release 1115
  Compiled Oct 14 2022 11:00:00
System image: flash:/s5500_ei_d-cmw710-system-r1115.bin
System image version: 7.1.070, Release 1115
  Compiled Oct 14 2022 11:00:00


Slot 1:
Uptime is 141 weeks,2 days,12 hours,14 minutes
S5554S-EI-D with 1 Processor
BOARD TYPE:         S5554S-EI-D
DRAM:               1024M bytes
FLASH:              256M bytes
PCB 1 Version:      VER.A
Bootrom Version:    110
CPLD 1 Version:     004
Release Version:    H3C S5554S-EI-D-1115
Patch Version  :    None
Reboot Cause  :     ColdReboot
[SubSlot 0] 48GE+6SFP Plus
<XZ_LW_JF_S5554_1>display device
Slot Type              State    Subslot  Soft Ver             Patch Ver
1    S5554S-EI-D       Master   0        S5500_EI_D-1115      None      
<XZ_LW_JF_S5554_1>display startup
MainBoard:
 Current startup saved-configuration file: NULL 
 Next main startup saved-configuration file: flash:/startup.cfg
 Next backup startup saved-configuration file: NULL
<XZ_LW_JF_S5554_1>dis cpu-usage
Slot 1 CPU 0 CPU usage:
       4% in last 5 seconds
       4% in last 1 minute
       4% in last 5 minutes

<XZ_LW_JF_S5554_1>dis memory
Memory statistics are measured in KB:
Slot 1: 
             Total      Used      Free    Shared   Buffers    Cached   FreeRatio
Mem:        991732    461848    529884         0      1472    186968       54.7%
-/+ Buffers/Cache:    273408    718324
Swap:            0         0         0

<XZ_LW_JF_S5554_1>display interface
GigabitEthernet1/0/1
Current state: UP
Line protocol state: UP
IP packet frame type: Ethernet II, hardware address: 8061-6c2c-9736
Description: TO XZ_LS_E500_1 E1/0/3_2F_chuanshujifang_207_G11_8_kou
Bandwidth: 100000 kbps
Loopback is not set
Media type is twisted pair
Port hardware type is 1000_BASE_T
100Mbps-speed mode, full-duplex mode
Link speed type is autonegotiation, link duplex type is autonegotiation
Flow-control is not enabled
Maximum frame length: 12288
Allow jumbo frames to pass
Broadcast max-ratio: 100%
Multicast max-ratio: 100%
Unicast max-ratio: 100%
Known-unicast max-ratio: 100%
PVID: 200
MDI type: Automdix
Port link-type: Access
 Tagged VLANs:   None
 Untagged VLANs: 200
Port priority: 0
Last link flapping: 141 weeks 2 days 12 hours 2 minutes
Last clearing of counters: Never
Current system time:2015-09-17 12:16:40
Last time when physical state changed to up:2013-01-01 00:11:58
Last time when physical state changed to down:2013-01-01 00:00:53
 Peak input rate: 439128469 bytes/sec, at 2015-07-26 10:28:55 
 Peak output rate: 3685829978 bytes/sec, at 2015-08-18 09:39:10 
 Last 300 seconds input: 0 packets/sec 0 bytes/sec 0%
 Last 300 seconds output: 0 packets/sec 70 bytes/sec 0%
 Input (total):  1163073030 packets, 149679326099 bytes
         1148606130 unicasts, 1528 broadcasts, 14465372 multicasts, 0 pauses
 Input (normal):  1163073030 packets, - bytes
         1148606130 unicasts, 1528 broadcasts, 14465372 multicasts, 0 pauses
 Input:  0 input errors, 0 runts, 0 giants, 0 throttles
         0 CRC, 0 frame, - overruns, 0 aborts
         - ignored, - parity errors
 Output (total): 1487014393 packets, 1255949739745 bytes
         1407507451 unicasts, 81 broadcasts, 79506861 multicasts, 0 pauses
 Output (normal): 1487014393 packets, - bytes
         1407507451 unicasts, 81 broadcasts, 79506861 multicasts, 0 pauses
 Output: 0 output errors, - underruns, - buffer failures
         0 aborts, 0 deferred, 0 collisions, 0 late collisions
         0 lost carrier, - no carrier
IPv4 traffic statistics:
 Last 300 seconds input rate: 0 packets/sec, 0 bytes/sec
 Last 300 seconds output rate: 0 packets/sec, 0 bytes/sec
 Input: 0 packets, 0 bytes
 Output: 0 packets, 0 bytes
IPv6 traffic statistics:
 Last 300 seconds input rate: 0 packets/sec, 0 bytes/sec
 Last 300 seconds output rate: 0 packets/sec, 0 bytes/sec
 Input: 0 packets, 0 bytes
 Output: 0 packets, 0 bytes

GigabitEthernet1/0/2
Current state: Administratively DOWN
Line protocol state: DOWN
IP packet frame type: Ethernet II, hardware address: 8061-6c2c-9737
Description: TO XZ_LS_E500_1 E1/0/3
Bandwidth: 1000000 kbps
Loopback is not set
Media type is twisted pair
Port hardware type is 1000_BASE_T
Unknown-speed mode, unknown-duplex mode
Link speed type is autonegotiation, link duplex type is autonegotiation
Flow-control is not enabled
Maximum frame length: 12288
Allow jumbo frames to pass
Broadcast max-ratio: 100%
Multicast max-ratio: 100%
Unicast max-ratio: 100%
Known-unicast max-ratio: 100%
PVID: 200
MDI type: Automdix
Port link-type: Access
 Tagged VLANs:   None
 Untagged VLANs: 200
Port priority: 0
Last link flapping: Never
Last clearing of counters: Never
Current system time:2015-09-17 12:16:40
Last time when physical state changed to up:-
Last time when physical state changed to down:2013-01-01 00:00:53
 Peak input rate: 0 bytes/sec, at 2013-01-01 00:02:49 
 Peak output rate: 0 bytes/sec, at 2013-01-01 00:02:49 
 Last 300 seconds input: 0 packets/sec 0 bytes/sec -%
 Last 300 seconds output: 0 packets/sec 0 bytes/sec -%
 Input (total):  0 packets, 0 bytes
         0 unicasts, 0 broadcasts, 0 multicasts, 0 pauses
 Input (normal):  0 packets, - bytes
         0 unicasts, 0 broadcasts, 0 multicasts, 0 pauses
 Input:  0 input errors, 0 runts, 0 giants, 0 throttles
         0 CRC, 0 frame, - overruns, 0 aborts
         - ignored, - parity errors
 Output (total): 0 packets, 0 bytes
         0 unicasts, 0 broadcasts, 0 multicasts, 0 pauses
 Output (normal): 0 packets, - bytes
         0 unicasts, 0 broadcasts, 0 multicasts, 0 pauses
 Output: 0 output errors, - underruns, - buffer failures
         0 aborts, 0 deferred, 0 collisions, 0 late collisions
         0 lost carrier, - no carrier
IPv4 traffic statistics:
 Last 300 seconds input rate: 0 packets/sec, 0 bytes/sec
 Last 300 seconds output rate: 0 packets/sec, 0 bytes/sec
 Input: 0 packets, 0 bytes
 Output: 0 packets, 0 bytes
IPv6 traffic statistics:
 Last 300 seconds input rate: 0 packets/sec, 0 bytes/sec
 Last 300 seconds output rate: 0 packets/sec, 0 bytes/sec
 Input: 0 packets, 0 bytes
 Output: 0 packets, 0 bytes

GigabitEthernet1/0/3
Current state: UP
Line protocol state: UP
IP packet frame type: Ethernet II, hardware address: 8061-6c2c-9738
Description: GigabitEthernet1/0/3 Interface
Bandwidth: 1000000 kbps
Loopback is not set
Media type is twisted pair
Port hardware type is 1000_BASE_T
1000Mbps-speed mode, full-duplex mode
Link speed type is autonegotiation, link duplex type is autonegotiation
Flow-control is not enabled
Maximum frame length: 12288
Allow jumbo frames to pass
Broadcast max-ratio: 100%
Multicast max-ratio: 100%
Unicast max-ratio: 100%
Known-unicast max-ratio: 100%
PVID: 100
MDI type: Automdix
Port link-type: Access
 Tagged VLANs:   None
 Untagged VLANs: 100
Port priority: 0
Last link flapping: 141 weeks 2 days 12 hours 2 minutes
Last clearing of counters: Never
Current system time:2015-09-17 12:16:40
Last time when physical state changed to up:2013-01-01 00:11:54
Last time when physical state changed to down:2013-01-01 00:00:53
 Peak input rate: 169371742 bytes/sec, at 2013-07-30 12:25:17 
 Peak output rate: 110034166 bytes/sec, at 2015-09-16 09:10:45 
 Last 300 seconds input: 0 packets/sec 0 bytes/sec 0%
 Last 300 seconds output: 4 packets/sec 331 bytes/sec 0%
 Input (total):  135215386 packets, 57853807249 bytes
         134306600 unicasts, 908786 broadcasts, 0 multicasts, 0 pauses
 Input (normal):  135215386 packets, - bytes
         134306600 unicasts, 908786 broadcasts, 0 multicasts, 0 pauses
 Input:  0 input errors, 0 runts, 0 giants, 0 throttles
         0 CRC, 0 frame, - overruns, 0 aborts
         - ignored, - parity errors
 Output (total): 499240052 packets, 37543929712 bytes
         132333710 unicasts, 57352833 broadcasts, 309553509 multicasts, 0 pauses
 Output (normal): 499240052 packets, - bytes
         132333710 unicasts, 57352833 broadcasts, 309553509 multicasts, 0 pauses
 Output: 0 output errors, - underruns, - buffer failures
         0 aborts, 0 deferred, 0 collisions, 0 late collisions
         0 lost carrier, - no carrier
IPv4 traffic statistics:
 Last 300 seconds input rate: 0 packets/sec, 0 bytes/sec
 Last 300 seconds output rate: 0 packets/sec, 0 bytes/sec
 Input: 0 packets, 0 bytes
 Output: 0 packets, 0 bytes
IPv6 traffic statistics:
 Last 300 seconds input rate: 0 packets/sec, 0 bytes/sec
 Last 300 seconds output rate: 0 packets/sec, 0 bytes/sec
 Input: 0 packets, 0 bytes
 Output: 0 packets, 0 bytes

GigabitEthernet1/0/4
Current state: UP
Line protocol state: UP
IP packet frame type: Ethernet II, hardware address: 8061-6c2c-9739
Description: GigabitEthernet1/0/4 Interface
Bandwidth: 1000000 kbps
Loopback is not set
Media type is twisted pair
Port hardware type is 1000_BASE_T
1000Mbps-speed mode, full-duplex mode
Link speed type is autonegotiation, link duplex type is autonegotiation
Flow-control is not enabled
Maximum frame length: 12288
Allow jumbo frames to pass
Broadcast max-ratio: 100%
Multicast max-ratio: 100%
Unicast max-ratio: 100%
Known-unicast max-ratio: 100%
PVID: 100
MDI type: Automdix
Port link-type: Access
 Tagged VLANs:   None
 Untagged VLANs: 100
Port priority: 0
Last link flapping: 141 weeks 2 days 12 hours 3 minutes
Last clearing of counters: Never
Current system time:2015-09-17 12:16:40
Last time when physical state changed to up:2013-01-01 00:10:42
Last time when physical state changed to down:2013-01-01 00:00:53
 Peak input rate: 801079 bytes/sec, at 2015-09-16 10:25:46 
 Peak output rate: 82560294 bytes/sec, at 2015-09-16 10:25:46 
 Last 300 seconds input: 0 packets/sec 3 bytes/sec 0%
 Last 300 seconds output: 4 packets/sec 327 bytes/sec 0%
 Input (total):  4274483 packets, 273566912 bytes
         2 unicasts, 4274481 broadcasts, 0 multicasts, 0 pauses
 Input (normal):  4274483 packets, - bytes
         2 unicasts, 4274481 broadcasts, 0 multicasts, 0 pauses
 Input:  0 input errors, 0 runts, 0 giants, 0 throttles
         0 CRC, 0 frame, - overruns, 0 aborts
         - ignored, - parity errors
 Output (total): 363541014 packets, 28194284347 bytes
         61 unicasts, 53987188 broadcasts, 309553765 multicasts, 0 pauses
 Output (normal): 363541014 packets, - bytes
         61 unicasts, 53987188 broadcasts, 309553765 multicasts, 0 pauses
 Output: 0 output errors, - underruns, - buffer failures
         0 aborts, 0 deferred, 0 collisions, 0 late collisions
         0 lost carrier, - no carrier
IPv4 traffic statistics:
 Last 300 seconds input rate: 0 packets/sec, 0 bytes/sec
 Last 300 seconds output rate: 0 packets/sec, 0 bytes/sec
 Input: 0 packets, 0 bytes
 Output: 0 packets, 0 bytes
IPv6 traffic statistics:
 Last 300 seconds input rate: 0 packets/sec, 0 bytes/sec
 Last 300 seconds output rate: 0 packets/sec, 0 bytes/sec
 Input: 0 packets, 0 bytes
 Output: 0 packets, 0 bytes

GigabitEthernet1/0/5
Current state: UP
Line protocol state: UP
IP packet frame type: Ethernet II, hardware address: 8061-6c2c-973a
Description: GigabitEthernet1/0/5 Interface
Bandwidth: 1000000 kbps
Loopback is not set
Media type is twisted pair
Port hardware type is 1000_BASE_T
1000Mbps-speed mode, full-duplex mode
Link speed type is autonegotiation, link duplex type is autonegotiation
Flow-control is not enabled
Maximum frame length: 12288
Allow jumbo frames to pass
Broadcast max-ratio: 100%
Multicast max-ratio: 100%
Unicast max-ratio: 100%
Known-unicast max-ratio: 100%
PVID: 100
MDI type: Automdix
Port link-type: Access
 Tagged VLANs:   None
 Untagged VLANs: 100
Port priority: 0
Last link flapping: 141 weeks 2 days 10 hours 25 minutes
Last clearing of counters: Never
Current system time:2015-09-17 12:16:40
Last time when physical state changed to up:2013-01-01 01:48:37
Last time when physical state changed to down:2013-01-01 01:48:26
 Peak input rate: 6273546 bytes/sec, at 2015-09-17 00:05:52 
 Peak output rate: 87719040 bytes/sec, at 2015-09-17 00:05:52 
 Last 300 seconds input: 0 packets/sec 32 bytes/sec 0%
 Last 300 seconds output: 4 packets/sec 353 bytes/sec 0%
 Input (total):  27552588 packets, 2140361754 bytes
         24199146 unicasts, 3353442 broadcasts, 0 multicasts, 0 pauses
 Input (normal):  27552588 packets, - bytes
         24199146 unicasts, 3353442 broadcasts, 0 multicasts, 0 pauses
 Input:  0 input errors, 0 runts, 0 giants, 0 throttles
         0 CRC, 0 frame, - overruns, 0 aborts
         - ignored, - parity errors
 Output (total): 388579398 packets, 29923423364 bytes
         24117709 unicasts, 54908177 broadcasts, 309553512 multicasts, 0 pauses
 Output (normal): 388579398 packets, - bytes
         24117709 unicasts, 54908177 broadcasts, 309553512 multicasts, 0 pauses
 Output: 0 output errors, - underruns, - buffer failures
         0 aborts, 0 deferred, 0 collisions, 0 late collisions
         0 lost carrier, - no carrier
IPv4 traffic statistics:
 Last 300 seconds input rate: 0 packets/sec, 0 bytes/sec
 Last 300 seconds output rate: 0 packets/sec, 0 bytes/sec
 Input: 0 packets, 0 bytes
 Output: 0 packets, 0 bytes
IPv6 traffic statistics:
 Last 300 seconds input rate: 0 packets/sec, 0 bytes/sec
 Last 300 seconds output rate: 0 packets/sec, 0 bytes/sec
 Input: 0 packets, 0 bytes
 Output: 0 packets, 0 bytes

GigabitEthernet1/0/6
Current state: UP
Line protocol state: UP
IP packet frame type: Ethernet II, hardware address: 8061-6c2c-973b
Description: GigabitEthernet1/0/6 Interface
Bandwidth: 1000000 kbps
Loopback is not set
Media type is twisted pair
Port hardware type is 1000_BASE_T
1000Mbps-speed mode, full-duplex mode
Link speed type is autonegotiation, link duplex type is autonegotiation
Flow-control is not enabled
Maximum frame length: 12288
Allow jumbo frames to pass
Broadcast max-ratio: 100%
Multicast max-ratio: 100%
Unicast max-ratio: 100%
Known-unicast max-ratio: 100%
PVID: 100
MDI type: Automdix
Port link-type: Access
 Tagged VLANs:   None
 Untagged VLANs: 100
Port priority: 0
Last link flapping: 115 weeks 1 days 11 hours 50 minutes
Last clearing of counters: Never
Current system time:2015-09-17 12:16:40
Last time when physical state changed to up:2013-07-03 00:24:25
Last time when physical state changed to down:2013-07-03 00:24:22
 Peak input rate: 96605945 bytes/sec, at 2013-07-29 09:00:56 
 Peak output rate: 87863090 bytes/sec, at 2015-09-15 21:55:44 
 Last 300 seconds input: 0 packets/sec 0 bytes/sec 0%
 Last 300 seconds output: 4 packets/sec 331 bytes/sec 0%
 Input (total):  31766103 packets, 33150462579 bytes
         30857554 unicasts, 908545 broadcasts, 4 multicasts, 0 pauses
 Input (normal):  31766103 packets, - bytes
         30857554 unicasts, 908545 broadcasts, 4 multicasts, 0 pauses
 Input:  0 input errors, 0 runts, 0 giants, 0 throttles
         0 CRC, 0 frame, - overruns, 0 aborts
         - ignored, - parity errors
 Output (total): 390934606 packets, 29995707406 bytes
         24028162 unicasts, 57353053 broadcasts, 309553391 multicasts, 0 pauses
 Output (normal): 390934606 packets, - bytes
         24028162 unicasts, 57353053 broadcasts, 309553391 multicasts, 0 pauses
 Output: 0 output errors, - underruns, - buffer failures
         0 aborts, 0 deferred, 0 collisions, 0 late collisions
         0 lost carrier, - no carrier
IPv4 traffic statistics:
 Last 300 seconds input rate: 0 packets/sec, 0 bytes/sec
 Last 300 seconds output rate: 0 packets/sec, 0 bytes/sec
 Input: 0 packets, 0 bytes
 Output: 0 packets, 0 bytes
IPv6 traffic statistics:
 Last 300 seconds input rate: 0 packets/sec, 0 bytes/sec
 Last 300 seconds output rate: 0 packets/sec, 0 bytes/sec
 Input: 0 packets, 0 bytes
 Output: 0 packets, 0 bytes

GigabitEthernet1/0/7
Current state: UP
Line protocol state: UP
IP packet frame type: Ethernet II, hardware address: 8061-6c2c-973c
Description: GigabitEthernet1/0/7 Interface
Bandwidth: 1000000 kbps
Loopback is not set
Media type is twisted pair
Port hardware type is 1000_BASE_T
1000Mbps-speed mode, full-duplex mode
Link speed type is autonegotiation, link duplex type is autonegotiation
Flow-control is not enabled
Maximum frame length: 12288
Allow jumbo frames to pass
Broadcast max-ratio: 100%
Multicast max-ratio: 100%
Unicast max-ratio: 100%
Known-unicast max-ratio: 100%
PVID: 100
MDI type: Automdix
Port link-type: Access
 Tagged VLANs:   None
 Untagged VLANs: 100
Port priority: 0
Last link flapping: 141 weeks 2 days 11 hours 7 minutes
Last clearing of counters: Never
Current system time:2015-09-17 12:16:40
Last time when physical state changed to up:2013-01-01 01:06:15
Last time when physical state changed to down:2013-01-01 00:00:53
 Peak input rate: 9827600 bytes/sec, at 2015-09-16 21:30:50 
 Peak output rate: 93271449 bytes/sec, at 2015-09-16 21:30:50 
 Last 300 seconds input: 0 packets/sec 39 bytes/sec 0%
 Last 300 seconds output: 4 packets/sec 370 bytes/sec 0%
 Input (total):  28412518 packets, 3352677124 bytes
         28412518 unicasts, 0 broadcasts, 0 multicasts, 0 pauses
 Input (normal):  28412518 packets, - bytes
         28412518 unicasts, 0 broadcasts, 0 multicasts, 0 pauses
 Input:  0 input errors, 0 runts, 0 giants, 0 throttles
         0 CRC, 0 frame, - overruns, 0 aborts
         - ignored, - parity errors
 Output (total): 396215144 packets, 31819546394 bytes
         28412516 unicasts, 58259868 broadcasts, 309542760 multicasts, 0 pauses
 Output (normal): 396215144 packets, - bytes
         28412516 unicasts, 58259868 broadcasts, 309542760 multicasts, 0 pauses
 Output: 0 output errors, - underruns, - buffer failures
         0 aborts, 0 deferred, 0 collisions, 0 late collisions
         0 lost carrier, - no carrier
IPv4 traffic statistics:
 Last 300 seconds input rate: 0 packets/sec, 0 bytes/sec
 Last 300 seconds output rate: 0 packets/sec, 0 bytes/sec
 Input: 0 packets, 0 bytes
 Output: 0 packets, 0 bytes
IPv6 traffic statistics:
 Last 300 seconds input rate: 0 packets/sec, 0 bytes/sec
 Last 300 seconds output rate: 0 packets/sec, 0 bytes/sec
 Input: 0 packets, 0 bytes
 Output: 0 packets, 0 bytes

GigabitEthernet1/0/8
Current state: UP
Line protocol state: UP
IP packet frame type: Ethernet II, hardware address: 8061-6c2c-973d
Description: GigabitEthernet1/0/8 Interface
Bandwidth: 1000000 kbps
Loopback is not set
Media type is twisted pair
Port hardware type is 1000_BASE_T
1000Mbps-speed mode, full-duplex mode
Link speed type is autonegotiation, link duplex type is autonegotiation
Flow-control is not enabled
Maximum frame length: 12288
Allow jumbo frames to pass
Broadcast max-ratio: 100%
Multicast max-ratio: 100%
Unicast max-ratio: 100%
Known-unicast max-ratio: 100%
PVID: 203
MDI type: Automdix
Port link-type: Access
 Tagged VLANs:   None
 Untagged VLANs: 203
Port priority: 0
Last link flapping: 141 weeks 2 days 12 hours 4 minutes
Last clearing of counters: Never
Current system time:2015-09-17 12:16:40
Last time when physical state changed to up:2013-01-01 00:09:53
Last time when physical state changed to down:2013-01-01 00:00:53
 Peak input rate: 641900281 bytes/sec, at 2015-09-16 22:30:53 
 Peak output rate: 819443308 bytes/sec, at 2015-09-16 22:30:53 
 Last 300 seconds input: 4 packets/sec 867 bytes/sec 0%
 Last 300 seconds output: 5 packets/sec 3570 bytes/sec 0%
 Input (total):  426593815 packets, 218894617354 bytes
         413097482 unicasts, 13496333 broadcasts, 0 multicasts, 0 pauses
 Input (normal):  426593815 packets, - bytes
         413097482 unicasts, 13496333 broadcasts, 0 multicasts, 0 pauses
 Input:  0 input errors, 0 runts, 0 giants, 0 throttles
         0 CRC, 0 frame, - overruns, 0 aborts
         - ignored, - parity errors
 Output (total): 529111974 packets, 279543534703 bytes
         364004562 unicasts, 9234063 broadcasts, 155873349 multicasts, 0 pauses
 Output (normal): 529111974 packets, - bytes
         364004562 unicasts, 9234063 broadcasts, 155873349 multicasts, 0 pauses
 Output: 0 output errors, - underruns, - buffer failures
         0 aborts, 0 deferred, 0 collisions, 0 late collisions
         0 lost carrier, - no carrier
IPv4 traffic statistics:
 Last 300 seconds input rate: 0 packets/sec, 0 bytes/sec
 Last 300 seconds output rate: 0 packets/sec, 0 bytes/sec
 Input: 0 packets, 0 bytes
 Output: 0 packets, 0 bytes
IPv6 traffic statistics:
 Last 300 seconds input rate: 0 packets/sec, 0 bytes/sec
 Last 300 seconds output rate: 0 packets/sec, 0 bytes/sec
 Input: 0 packets, 0 bytes
 Output: 0 packets, 0 bytes

GigabitEthernet1/0/9
Current state: UP
Line protocol state: UP
IP packet frame type: Ethernet II, hardware address: 8061-6c2c-973e
Description: GigabitEthernet1/0/9 Interface
Bandwidth: 1000000 kbps
Loopback is not set
Media type is twisted pair
Port hardware type is 1000_BASE_T
1000Mbps-speed mode, full-duplex mode
Link speed type is autonegotiation, link duplex type is autonegotiation
Flow-control is not enabled
Maximum frame length: 12288
Allow jumbo frames to pass
Broadcast max-ratio: 100%
Multicast max-ratio: 100%
Unicast max-ratio: 100%
Known-unicast max-ratio: 100%
PVID: 204
MDI type: Automdix
Port link-type: Access
 Tagged VLANs:   None
 Untagged VLANs: 204
Port priority: 0
Last link flapping: 137 weeks 6 days 22 hours 21 minutes
Last clearing of counters: Never
Current system time:2015-09-17 12:16:40
Last time when physical state changed to up:2013-01-24 13:53:06
Last time when physical state changed to down:2013-01-01 00:00:53
 Peak input rate: 9596133 bytes/sec, at 2015-09-17 07:35:56 
 Peak output rate: 49701520 bytes/sec, at 2015-09-17 07:35:56 
 Last 300 seconds input: 0 packets/sec 39 bytes/sec 0%
 Last 300 seconds output: 2 packets/sec 201 bytes/sec 0%
 Input (total):  27736554 packets, 3272913318 bytes
         27736553 unicasts, 1 broadcasts, 0 multicasts, 0 pauses
 Input (normal):  27736554 packets, - bytes
         27736553 unicasts, 1 broadcasts, 0 multicasts, 0 pauses
 Input:  0 input errors, 0 runts, 0 giants, 0 throttles
         0 CRC, 0 frame, - overruns, 0 aborts
         - ignored, - parity errors
 Output (total): 215970370 packets, 16951521138 bytes
         27736553 unicasts, 36057864 broadcasts, 152175953 multicasts, 0 pauses
 Output (normal): 215970370 packets, - bytes
         27736553 unicasts, 36057864 broadcasts, 152175953 multicasts, 0 pauses
 Output: 0 output errors, - underruns, - buffer failures
         0 aborts, 0 deferred, 0 collisions, 0 late collisions
         0 lost carrier, - no carrier
IPv4 traffic statistics:
 Last 300 seconds input rate: 0 packets/sec, 0 bytes/sec
 Last 300 seconds output rate: 0 packets/sec, 0 bytes/sec
 Input: 0 packets, 0 bytes
 Output: 0 packets, 0 bytes
IPv6 traffic statistics:
 Last 300 seconds input rate: 0 packets/sec, 0 bytes/sec
 Last 300 seconds output rate: 0 packets/sec, 0 bytes/sec
 Input: 0 packets, 0 bytes
 Output: 0 packets, 0 bytes

GigabitEthernet1/0/10
Current state: UP
Line protocol state: UP
IP packet frame type: Ethernet II, hardware address: 8061-6c2c-973f
Description: GigabitEthernet1/0/10 Interface
Bandwidth: 1000000 kbps
Loopback is not set
Media type is twisted pair
Port hardware type is 1000_BASE_T
1000Mbps-speed mode, full-duplex mode
Link speed type is autonegotiation, link duplex type is autonegotiation
Flow-control is not enabled
Maximum frame length: 12288
Allow jumbo frames to pass
Broadcast max-ratio: 100%
Multicast max-ratio: 100%
Unicast max-ratio: 100%
Known-unicast max-ratio: 100%
PVID: 1
MDI type: Automdix
Port link-type: Trunk
 VLAN Passing:   205
 VLAN permitted: 205
 Trunk port encapsulation: IEEE 802.1q
Port priority: 0
Last link flapping: 141 weeks 2 days 12 hours 3 minutes
Last clearing of counters: Never
Current system time:2015-09-17 12:16:40
Last time when physical state changed to up:2013-01-01 00:10:24
Last time when physical state changed to down:2013-01-01 00:00:53
 Peak input rate: 5475748024 bytes/sec, at 2015-09-16 14:30:47 
 Peak output rate: 574152089 bytes/sec, at 2015-09-16 14:30:47 
 Last 300 seconds input: 7 packets/sec 1629 bytes/sec 0%
 Last 300 seconds output: 8 packets/sec 915 bytes/sec 0%
 Input (total):  2134362642 packets, 1866833952744 bytes
         2043197521 unicasts, 22 broadcasts, 91165099 multicasts, 0 pauses
 Input (normal):  2134362642 packets, - bytes
         2043197521 unicasts, 22 broadcasts, 91165099 multicasts, 0 pauses
 Input:  0 input errors, 0 runts, 0 giants, 0 throttles
         0 CRC, 0 frame, - overruns, 0 aborts
         - ignored, - parity errors
 Output (total): 1671715829 packets, 195811123318 bytes
         1540627329 unicasts, 4 broadcasts, 131088496 multicasts, 0 pauses
 Output (normal): 1671715829 packets, - bytes
         1540627329 unicasts, 4 broadcasts, 131088496 multicasts, 0 pauses
 Output: 0 output errors, - underruns, - buffer failures
         0 aborts, 0 deferred, 0 collisions, 0 late collisions
         0 lost carrier, - no carrier
IPv4 traffic statistics:
 Last 300 seconds input rate: 0 packets/sec, 0 bytes/sec
 Last 300 seconds output rate: 0 packets/sec, 0 bytes/sec
 Input: 0 packets, 0 bytes
 Output: 0 packets, 0 bytes
IPv6 traffic statistics:
 Last 300 seconds input rate: 0 packets/sec, 0 bytes/sec
 Last 300 seconds output rate: 0 packets/sec, 0 bytes/sec
 Input: 0 packets, 0 bytes
 Output: 0 packets, 0 bytes

GigabitEthernet1/0/11
Current state: UP
Line protocol state: UP
IP packet frame type: Ethernet II, hardware address: 8061-6c2c-9740
Description: to_ZX_Centrex
Bandwidth: 1000000 kbps
Loopback is not set
Media type is twisted pair
Port hardware type is 1000_BASE_T
1000Mbps-speed mode, full-duplex mode
Link speed type is autonegotiation, link duplex type is autonegotiation
Flow-control is not enabled
Maximum frame length: 12288
Allow jumbo frames to pass
Broadcast max-ratio: 100%
Multicast max-ratio: 100%
Unicast max-ratio: 100%
Known-unicast max-ratio: 100%
PVID: 206
MDI type: Automdix
Port link-type: Access
 Tagged VLANs:   None
 Untagged VLANs: 206
Port priority: 0
Last link flapping: 141 weeks 2 days 12 hours 1 minutes
Last clearing of counters: Never
Current system time:2015-09-17 12:16:40
Last time when physical state changed to up:2013-01-01 00:12:12
Last time when physical state changed to down:2013-01-01 00:00:53
 Peak input rate: 18971405 bytes/sec, at 2015-09-16 13:10:45 
 Peak output rate: 26847487 bytes/sec, at 2015-09-16 13:10:45 
 Last 300 seconds input: 1 packets/sec 75 bytes/sec 0%
 Last 300 seconds output: 1 packets/sec 108 bytes/sec 0%
 Input (total):  88082827 packets, 6475776529 bytes
         399218 unicasts, 17 broadcasts, 87683592 multicasts, 0 pauses
 Input (normal):  88082827 packets, - bytes
         399218 unicasts, 17 broadcasts, 87683592 multicasts, 0 pauses
 Input:  0 input errors, 0 runts, 0 giants, 0 throttles
         0 CRC, 0 frame, - overruns, 0 aborts
         - ignored, - parity errors
 Output (total): 131478490 packets, 9164229954 bytes
         390155 unicasts, 4 broadcasts, 131088331 multicasts, 0 pauses
 Output (normal): 131478490 packets, - bytes
         390155 unicasts, 4 broadcasts, 131088331 multicasts, 0 pauses
 Output: 0 output errors, - underruns, - buffer failures
         0 aborts, 0 deferred, 0 collisions, 0 late collisions
         0 lost carrier, - no carrier
IPv4 traffic statistics:
 Last 300 seconds input rate: 0 packets/sec, 0 bytes/sec
 Last 300 seconds output rate: 0 packets/sec, 0 bytes/sec
 Input: 0 packets, 0 bytes
 Output: 0 packets, 0 bytes
IPv6 traffic statistics:
 Last 300 seconds input rate: 0 packets/sec, 0 bytes/sec
 Last 300 seconds output rate: 0 packets/sec, 0 bytes/sec
 Input: 0 packets, 0 bytes
 Output: 0 packets, 0 bytes

GigabitEthernet1/0/12
Current state: DOWN
Line protocol state: DOWN
IP packet frame type: Ethernet II, hardware address: 8061-6c2c-9741
Description: GigabitEthernet1/0/12 Interface
Bandwidth: 1000000 kbps
Loopback is not set
Media type is twisted pair
Port hardware type is 1000_BASE_T
Unknown-speed mode, unknown-duplex mode
Link speed type is autonegotiation, link duplex type is autonegotiation
Flow-control is not enabled
Maximum frame length: 12288
Allow jumbo frames to pass
Broadcast max-ratio: 100%
Multicast max-ratio: 100%
Unicast max-ratio: 100%
Known-unicast max-ratio: 100%
PVID: 100
MDI type: Automdix
Port link-type: Access
 Tagged VLANs:   None
 Untagged VLANs: 100
Port priority: 0
Last link flapping: Never
Last clearing of counters: Never
Current system time:2015-09-17 12:16:40
Last time when physical state changed to up:-
Last time when physical state changed to down:2013-01-01 00:00:53
 Peak input rate: 0 bytes/sec, at 2013-01-01 00:02:49 
 Peak output rate: 0 bytes/sec, at 2013-01-01 00:02:49 
 Last 300 seconds input: 0 packets/sec 0 bytes/sec -%
 Last 300 seconds output: 0 packets/sec 0 bytes/sec -%
 Input (total):  0 packets, 0 bytes
         0 unicasts, 0 broadcasts, 0 multicasts, 0 pauses
 Input (normal):  0 packets, - bytes
         0 unicasts, 0 broadcasts, 0 multicasts, 0 pauses
 Input:  0 input errors, 0 runts, 0 giants, 0 throttles
         0 CRC, 0 frame, - overruns, 0 aborts
         - ignored, - parity errors
 Output (total): 0 packets, 0 bytes
         0 unicasts, 0 broadcasts, 0 multicasts, 0 pauses
 Output (normal): 0 packets, - bytes
         0 unicasts, 0 broadcasts, 0 multicasts, 0 pauses
 Output: 0 output errors, - underruns, - buffer failures
         0 aborts, 0 deferred, 0 collisions, 0 late collisions
         0 lost carrier, - no carrier
IPv4 traffic statistics:
 Last 300 seconds input rate: 0 packets/sec, 0 bytes/sec
 Last 300 seconds output rate: 0 packets/sec, 0 bytes/sec
 Input: 0 packets, 0 bytes
 Output: 0 packets, 0 bytes
IPv6 traffic statistics:
 Last 300 seconds input rate: 0 packets/sec, 0 bytes/sec
 Last 300 seconds output rate: 0 packets/sec, 0 bytes/sec
 Input: 0 packets, 0 bytes
 Output: 0 packets, 0 bytes

GigabitEthernet1/0/13
Current state: UP
Line protocol state: UP
IP packet frame type: Ethernet II, hardware address: 8061-6c2c-9742
Description: GigabitEthernet1/0/13 Interface
Bandwidth: 1000000 kbps
Loopback is not set
Media type is twisted pair
Port hardware type is 1000_BASE_T
1000Mbps-speed mode, full-duplex mode
Link speed type is autonegotiation, link duplex type is autonegotiation
Flow-control is not enabled
Maximum frame length: 12288
Allow jumbo frames to pass
Broadcast max-ratio: 100%
Multicast max-ratio: 100%
Unicast max-ratio: 100%
Known-unicast max-ratio: 100%
PVID: 207
MDI type: Automdix
Port link-type: Access
 Tagged VLANs:   None
 Untagged VLANs: 207
Port priority: 0
Last link flapping: 141 weeks 2 days 12 hours 3 minutes
Last clearing of counters: Never
Current system time:2015-09-17 12:16:40
Last time when physical state changed to up:2013-01-01 00:10:14
Last time when physical state changed to down:2013-01-01 00:00:53
 Peak input rate: 799760 bytes/sec, at 2015-09-14 20:40:28 
 Peak output rate: 30005832 bytes/sec, at 2015-09-16 08:20:45 
 Last 300 seconds input: 0 packets/sec 3 bytes/sec 0%
 Last 300 seconds output: 1 packets/sec 117 bytes/sec 0%
 Input (total):  4269574 packets, 273337764 bytes
         7639 unicasts, 4261935 broadcasts, 0 multicasts, 0 pauses
 Input (normal):  4269574 packets, - bytes
         7639 unicasts, 4261935 broadcasts, 0 multicasts, 0 pauses
 Input:  0 input errors, 0 runts, 0 giants, 0 throttles
         0 CRC, 0 frame, - overruns, 0 aborts
         - ignored, - parity errors
 Output (total): 147512131 packets, 10241582105 bytes
         8772 unicasts, 16414840 broadcasts, 131088519 multicasts, 0 pauses
 Output (normal): 147512131 packets, - bytes
         8772 unicasts, 16414840 broadcasts, 131088519 multicasts, 0 pauses
 Output: 0 output errors, - underruns, - buffer failures
         0 aborts, 0 deferred, 0 collisions, 0 late collisions
         0 lost carrier, - no carrier
IPv4 traffic statistics:
 Last 300 seconds input rate: 0 packets/sec, 0 bytes/sec
 Last 300 seconds output rate: 0 packets/sec, 0 bytes/sec
 Input: 0 packets, 0 bytes
 Output: 0 packets, 0 bytes
IPv6 traffic statistics:
 Last 300 seconds input rate: 0 packets/sec, 0 bytes/sec
 Last 300 seconds output rate: 0 packets/sec, 0 bytes/sec
 Input: 0 packets, 0 bytes
 Output: 0 packets, 0 bytes

GigabitEthernet1/0/14
Current state: UP
Line protocol state: UP
IP packet frame type: Ethernet II, hardware address: 8061-6c2c-9743
Description: GigabitEthernet1/0/14 Interface
Bandwidth: 1000000 kbps
Loopback is not set
Media type is twisted pair
Port hardware type is 1000_BASE_T
1000Mbps-speed mode, full-duplex mode
Link speed type is autonegotiation, link duplex type is autonegotiation
Flow-control is not enabled
Maximum frame length: 12288
Allow jumbo frames to pass
Broadcast max-ratio: 100%
Multicast max-ratio: 100%
Unicast max-ratio: 100%
Known-unicast max-ratio: 100%
PVID: 207
MDI type: Automdix
Port link-type: Access
 Tagged VLANs:   None
 Untagged VLANs: 207
Port priority: 0
Last link flapping: 43 weeks 1 days 0 hours 25 minutes
Last clearing of counters: Never
Current system time:2015-09-17 12:16:40
Last time when physical state changed to up:2014-11-19 11:50:06
Last time when physical state changed to down:2014-11-19 11:50:03
 Peak input rate: 36867956 bytes/sec, at 2015-09-16 23:10:51 
 Peak output rate: 48026986 bytes/sec, at 2015-09-16 23:10:51 
 Last 300 seconds input: 3 packets/sec 261 bytes/sec 0%
 Last 300 seconds output: 3 packets/sec 273 bytes/sec 0%
 Input (total):  154328691 packets, 12582486230 bytes
         149214288 unicasts, 5114386 broadcasts, 17 multicasts, 0 pauses
 Input (normal):  154328691 packets, - bytes
         149214288 unicasts, 5114386 broadcasts, 17 multicasts, 0 pauses
 Input:  0 input errors, 0 runts, 0 giants, 0 throttles
         0 CRC, 0 frame, - overruns, 0 aborts
         - ignored, - parity errors
 Output (total): 219493448 packets, 16387609340 bytes
         72842693 unicasts, 15562360 broadcasts, 131088395 multicasts, 0 pauses
 Output (normal): 219493448 packets, - bytes
         72842693 unicasts, 15562360 broadcasts, 131088395 multicasts, 0 pauses
 Output: 0 output errors, - underruns, - buffer failures
         0 aborts, 0 deferred, 0 collisions, 0 late collisions
         0 lost carrier, - no carrier
IPv4 traffic statistics:
 Last 300 seconds input rate: 0 packets/sec, 0 bytes/sec
 Last 300 seconds output rate: 0 packets/sec, 0 bytes/sec
 Input: 0 packets, 0 bytes
 Output: 0 packets, 0 bytes
IPv6 traffic statistics:
 Last 300 seconds input rate: 0 packets/sec, 0 bytes/sec
 Last 300 seconds output rate: 0 packets/sec, 0 bytes/sec
 Input: 0 packets, 0 bytes
 Output: 0 packets, 0 bytes

GigabitEthernet1/0/15
Current state: DOWN
Line protocol state: DOWN
IP packet frame type: Ethernet II, hardware address: 8061-6c2c-9744
Description: GigabitEthernet1/0/15 Interface
Bandwidth: 1000000 kbps
Loopback is not set
Media type is twisted pair
Port hardware type is 1000_BASE_T
Unknown-speed mode, unknown-duplex mode
Link speed type is autonegotiation, link duplex type is autonegotiation
Flow-control is not enabled
Maximum frame length: 12288
Allow jumbo frames to pass
Broadcast max-ratio: 100%
Multicast max-ratio: 100%
Unicast max-ratio: 100%
Known-unicast max-ratio: 100%
PVID: 207
MDI type: Automdix
Port link-type: Access
 Tagged VLANs:   None
 Untagged VLANs: 207
Port priority: 0
Last link flapping: Never
Last clearing of counters: Never
Current system time:2015-09-17 12:16:41
Last time when physical state changed to up:-
Last time when physical state changed to down:2013-01-01 00:00:53
 Peak input rate: 0 bytes/sec, at 2013-01-01 00:02:49 
 Peak output rate: 0 bytes/sec, at 2013-01-01 00:02:49 
 Last 300 seconds input: 0 packets/sec 0 bytes/sec -%
 Last 300 seconds output: 0 packets/sec 0 bytes/sec -%
 Input (total):  0 packets, 0 bytes
         0 unicasts, 0 broadcasts, 0 multicasts, 0 pauses
 Input (normal):  0 packets, - bytes
         0 unicasts, 0 broadcasts, 0 multicasts, 0 pauses
 Input:  0 input errors, 0 runts, 0 giants, 0 throttles
         0 CRC, 0 frame, - overruns, 0 aborts
         - ignored, - parity errors
 Output (total): 0 packets, 0 bytes
         0 unicasts, 0 broadcasts, 0 multicasts, 0 pauses
 Output (normal): 0 packets, - bytes
         0 unicasts, 0 broadcasts, 0 multicasts, 0 pauses
 Output: 0 output errors, - underruns, - buffer failures
         0 aborts, 0 deferred, 0 collisions, 0 late collisions
         0 lost carrier, - no carrier
IPv4 traffic statistics:
 Last 300 seconds input rate: 0 packets/sec, 0 bytes/sec
 Last 300 seconds output rate: 0 packets/sec, 0 bytes/sec
 Input: 0 packets, 0 bytes
 Output: 0 packets, 0 bytes
IPv6 traffic statistics:
 Last 300 seconds input rate: 0 packets/sec, 0 bytes/sec
 Last 300 seconds output rate: 0 packets/sec, 0 bytes/sec
 Input: 0 packets, 0 bytes
 Output: 0 packets, 0 bytes

GigabitEthernet1/0/16
Current state: DOWN
Line protocol state: DOWN
IP packet frame type: Ethernet II, hardware address: 8061-6c2c-9745
Description: GigabitEthernet1/0/16 Interface
Bandwidth: 1000000 kbps
Loopback is not set
Media type is twisted pair
Port hardware type is 1000_BASE_T
Unknown-speed mode, unknown-duplex mode
Link speed type is autonegotiation, link duplex type is autonegotiation
Flow-control is not enabled
Maximum frame length: 12288
Allow jumbo frames to pass
Broadcast max-ratio: 100%
Multicast max-ratio: 100%
Unicast max-ratio: 100%
Known-unicast max-ratio: 100%
PVID: 207
MDI type: Automdix
Port link-type: Access
 Tagged VLANs:   None
 Untagged VLANs: 207
Port priority: 0
Last link flapping: Never
Last clearing of counters: Never
Current system time:2015-09-17 12:16:41
Last time when physical state changed to up:-
Last time when physical state changed to down:2013-01-01 00:00:53
 Peak input rate: 0 bytes/sec, at 2013-01-01 00:02:49 
 Peak output rate: 0 bytes/sec, at 2013-01-01 00:02:49 
 Last 300 seconds input: 0 packets/sec 0 bytes/sec -%
 Last 300 seconds output: 0 packets/sec 0 bytes/sec -%
 Input (total):  0 packets, 0 bytes
         0 unicasts, 0 broadcasts, 0 multicasts, 0 pauses
 Input (normal):  0 packets, - bytes
         0 unicasts, 0 broadcasts, 0 multicasts, 0 pauses
 Input:  0 input errors, 0 runts, 0 giants, 0 throttles
         0 CRC, 0 frame, - overruns, 0 aborts
         - ignored, - parity errors
 Output (total): 0 packets, 0 bytes
         0 unicasts, 0 broadcasts, 0 multicasts, 0 pauses
 Output (normal): 0 packets, - bytes
         0 unicasts, 0 broadcasts, 0 multicasts, 0 pauses
 Output: 0 output errors, - underruns, - buffer failures
         0 aborts, 0 deferred, 0 collisions, 0 late collisions
         0 lost carrier, - no carrier
IPv4 traffic statistics:
 Last 300 seconds input rate: 0 packets/sec, 0 bytes/sec
 Last 300 seconds output rate: 0 packets/sec, 0 bytes/sec
 Input: 0 packets, 0 bytes
 Output: 0 packets, 0 bytes
IPv6 traffic statistics:
 Last 300 seconds input rate: 0 packets/sec, 0 bytes/sec
 Last 300 seconds output rate: 0 packets/sec, 0 bytes/sec
 Input: 0 packets, 0 bytes
 Output: 0 packets, 0 bytes

GigabitEthernet1/0/17
Current state: UP
Line protocol state: UP
IP packet frame type: Ethernet II, hardware address: 8061-6c2c-9746
Description: to_HW_Centrex
Bandwidth: 1000000 kbps
Loopback is not set
Media type is twisted pair
Port hardware type is 1000_BASE_T
1000Mbps-speed mode, full-duplex mode
Link speed type is autonegotiation, link duplex type is autonegotiation
Flow-control is not enabled
Maximum frame length: 12288
Allow jumbo frames to pass
Broadcast max-ratio: 100%
Multicast max-ratio: 100%
Unicast max-ratio: 100%
Known-unicast max-ratio: 100%
PVID: 208
MDI type: Automdix
Port link-type: Access
 Tagged VLANs:   None
 Untagged VLANs: 208
Port priority: 0
Last link flapping: 141 weeks 2 days 12 hours 5 minutes
Last clearing of counters: Never
Current system time:2015-09-17 12:16:41
Last time when physical state changed to up:2013-01-01 00:09:00
Last time when physical state changed to down:2013-01-01 00:00:53
 Peak input rate: 54456786 bytes/sec, at 2015-09-16 18:30:48 
 Peak output rate: 45790859 bytes/sec, at 2015-09-17 07:55:55 
 Last 300 seconds input: 1 packets/sec 81 bytes/sec 0%
 Last 300 seconds output: 2 packets/sec 168 bytes/sec 0%
 Input (total):  107547787 packets, 18573480900 bytes
         103285770 unicasts, 4262017 broadcasts, 0 multicasts, 0 pauses
 Input (normal):  107547787 packets, - bytes
         103285770 unicasts, 4262017 broadcasts, 0 multicasts, 0 pauses
 Input:  0 input errors, 0 runts, 0 giants, 0 throttles
         0 CRC, 0 frame, - overruns, 0 aborts
         - ignored, - parity errors
 Output (total): 224238046 packets, 15614667903 bytes
         93148982 unicasts, 439 broadcasts, 131088625 multicasts, 0 pauses
 Output (normal): 224238046 packets, - bytes
         93148982 unicasts, 439 broadcasts, 131088625 multicasts, 0 pauses
 Output: 0 output errors, - underruns, - buffer failures
         0 aborts, 0 deferred, 0 collisions, 0 late collisions
         0 lost carrier, - no carrier
IPv4 traffic statistics:
 Last 300 seconds input rate: 0 packets/sec, 0 bytes/sec
 Last 300 seconds output rate: 0 packets/sec, 0 bytes/sec
 Input: 0 packets, 0 bytes
 Output: 0 packets, 0 bytes
IPv6 traffic statistics:
 Last 300 seconds input rate: 0 packets/sec, 0 bytes/sec
 Last 300 seconds output rate: 0 packets/sec, 0 bytes/sec
 Input: 0 packets, 0 bytes
 Output: 0 packets, 0 bytes

GigabitEthernet1/0/18
Current state: Administratively DOWN
Line protocol state: DOWN
IP packet frame type: Ethernet II, hardware address: 8061-6c2c-9747
Description: GigabitEthernet1/0/18 Interface
Bandwidth: 1000000 kbps
Loopback is not set
Media type is twisted pair
Port hardware type is 1000_BASE_T
Unknown-speed mode, unknown-duplex mode
Link speed type is autonegotiation, link duplex type is autonegotiation
Flow-control is not enabled
Maximum frame length: 12288
Allow jumbo frames to pass
Broadcast max-ratio: 100%
Multicast max-ratio: 100%
Unicast max-ratio: 100%
Known-unicast max-ratio: 100%
PVID: 100
MDI type: Automdix
Port link-type: Access
 Tagged VLANs:   None
 Untagged VLANs: 100
Port priority: 0
Last link flapping: Never
Last clearing of counters: Never
Current system time:2015-09-17 12:16:41
Last time when physical state changed to up:-
Last time when physical state changed to down:2013-01-01 00:00:53
 Peak input rate: 0 bytes/sec, at 2013-01-01 00:02:49 
 Peak output rate: 0 bytes/sec, at 2013-01-01 00:02:49 
 Last 300 seconds input: 0 packets/sec 0 bytes/sec -%
 Last 300 seconds output: 0 packets/sec 0 bytes/sec -%
 Input (total):  0 packets, 0 bytes
         0 unicasts, 0 broadcasts, 0 multicasts, 0 pauses
 Input (normal):  0 packets, - bytes
         0 unicasts, 0 broadcasts, 0 multicasts, 0 pauses
 Input:  0 input errors, 0 runts, 0 giants, 0 throttles
         0 CRC, 0 frame, - overruns, 0 aborts
         - ignored, - parity errors
 Output (total): 0 packets, 0 bytes
         0 unicasts, 0 broadcasts, 0 multicasts, 0 pauses
 Output (normal): 0 packets, - bytes
         0 unicasts, 0 broadcasts, 0 multicasts, 0 pauses
 Output: 0 output errors, - underruns, - buffer failures
         0 aborts, 0 deferred, 0 collisions, 0 late collisions
         0 lost carrier, - no carrier
IPv4 traffic statistics:
 Last 300 seconds input rate: 0 packets/sec, 0 bytes/sec
 Last 300 seconds output rate: 0 packets/sec, 0 bytes/sec
 Input: 0 packets, 0 bytes
 Output: 0 packets, 0 bytes
IPv6 traffic statistics:
 Last 300 seconds input rate: 0 packets/sec, 0 bytes/sec
 Last 300 seconds output rate: 0 packets/sec, 0 bytes/sec
 Input: 0 packets, 0 bytes
 Output: 0 packets, 0 bytes

GigabitEthernet1/0/19
Current state: UP
Line protocol state: UP
IP packet frame type: Ethernet II, hardware address: 8061-6c2c-9748
Description: GigabitEthernet1/0/19 Interface
Bandwidth: 1000000 kbps
Loopback is not set
Media type is twisted pair
Port hardware type is 1000_BASE_T
1000Mbps-speed mode, full-duplex mode
Link speed type is autonegotiation, link duplex type is autonegotiation
Flow-control is not enabled
Maximum frame length: 12288
Allow jumbo frames to pass
Broadcast max-ratio: 100%
Multicast max-ratio: 100%
Unicast max-ratio: 100%
Known-unicast max-ratio: 100%
PVID: 209
MDI type: Automdix
Port link-type: Access
 Tagged VLANs:   None
 Untagged VLANs: 209
Port priority: 0
Last link flapping: 130 weeks 0 days 11 hours 42 minutes
Last clearing of counters: Never
Current system time:2015-09-17 12:16:41
Last time when physical state changed to up:2013-03-21 00:31:50
Last time when physical state changed to down:2013-03-21 00:30:47
 Peak input rate: 10412365 bytes/sec, at 2015-09-16 16:25:47 
 Peak output rate: 50582700 bytes/sec, at 2015-09-16 19:40:53 
 Last 300 seconds input: 0 packets/sec 39 bytes/sec 0%
 Last 300 seconds output: 2 packets/sec 201 bytes/sec 0%
 Input (total):  31453985 packets, 3551854862 bytes
         28496294 unicasts, 2957685 broadcasts, 6 multicasts, 0 pauses
 Input (normal):  31453985 packets, - bytes
         28496294 unicasts, 2957685 broadcasts, 6 multicasts, 0 pauses
 Input:  0 input errors, 0 runts, 0 giants, 0 throttles
         0 CRC, 0 frame, - overruns, 0 aborts
         - ignored, - parity errors
 Output (total): 232995144 packets, 17251278092 bytes
         30771427 unicasts, 71135215 broadcasts, 131088502 multicasts, 0 pauses
 Output (normal): 232995144 packets, - bytes
         30771427 unicasts, 71135215 broadcasts, 131088502 multicasts, 0 pauses
 Output: 0 output errors, - underruns, - buffer failures
         0 aborts, 0 deferred, 0 collisions, 0 late collisions
         0 lost carrier, - no carrier
IPv4 traffic statistics:
 Last 300 seconds input rate: 0 packets/sec, 0 bytes/sec
 Last 300 seconds output rate: 0 packets/sec, 0 bytes/sec
 Input: 0 packets, 0 bytes
 Output: 0 packets, 0 bytes
IPv6 traffic statistics:
 Last 300 seconds input rate: 0 packets/sec, 0 bytes/sec
 Last 300 seconds output rate: 0 packets/sec, 0 bytes/sec
 Input: 0 packets, 0 bytes
 Output: 0 packets, 0 bytes

GigabitEthernet1/0/20
Current state: UP
Line protocol state: UP
IP packet frame type: Ethernet II, hardware address: 8061-6c2c-9749
Description: GigabitEthernet1/0/20 Interface
Bandwidth: 1000000 kbps
Loopback is not set
Media type is twisted pair
Port hardware type is 1000_BASE_T
1000Mbps-speed mode, full-duplex mode
Link speed type is autonegotiation, link duplex type is autonegotiation
Flow-control is not enabled
Maximum frame length: 12288
Allow jumbo frames to pass
Broadcast max-ratio: 100%
Multicast max-ratio: 100%
Unicast max-ratio: 100%
Known-unicast max-ratio: 100%
PVID: 209
MDI type: Automdix
Port link-type: Access
 Tagged VLANs:   None
 Untagged VLANs: 209
Port priority: 0
Last link flapping: 141 weeks 2 days 12 hours 5 minutes
Last clearing of counters: Never
Current system time:2015-09-17 12:16:41
Last time when physical state changed to up:2013-01-01 00:08:15
Last time when physical state changed to down:2013-01-01 00:00:53
 Peak input rate: 16675853 bytes/sec, at 2015-09-13 05:45:01 
 Peak output rate: 48909338 bytes/sec, at 2015-09-13 05:45:01 
 Last 300 seconds input: 0 packets/sec 66 bytes/sec 0%
 Last 300 seconds output: 2 packets/sec 195 bytes/sec 0%
 Input (total):  65206825 packets, 5712053632 bytes
         28496622 unicasts, 36710203 broadcasts, 0 multicasts, 0 pauses
 Input (normal):  65206825 packets, - bytes
         28496622 unicasts, 36710203 broadcasts, 0 multicasts, 0 pauses
 Input:  0 input errors, 0 runts, 0 giants, 0 throttles
         0 CRC, 0 frame, - overruns, 0 aborts
         - ignored, - parity errors
 Output (total): 225206731 packets, 16752835760 bytes
         56735218 unicasts, 37382812 broadcasts, 131088701 multicasts, 0 pauses
 Output (normal): 225206731 packets, - bytes
         56735218 unicasts, 37382812 broadcasts, 131088701 multicasts, 0 pauses
 Output: 0 output errors, - underruns, - buffer failures
         0 aborts, 0 deferred, 0 collisions, 0 late collisions
         0 lost carrier, - no carrier
IPv4 traffic statistics:
 Last 300 seconds input rate: 0 packets/sec, 0 bytes/sec
 Last 300 seconds output rate: 0 packets/sec, 0 bytes/sec
 Input: 0 packets, 0 bytes
 Output: 0 packets, 0 bytes
IPv6 traffic statistics:
 Last 300 seconds input rate: 0 packets/sec, 0 bytes/sec
 Last 300 seconds output rate: 0 packets/sec, 0 bytes/sec
 Input: 0 packets, 0 bytes
 Output: 0 packets, 0 bytes

GigabitEthernet1/0/21
Current state: Administratively DOWN
Line protocol state: DOWN
IP packet frame type: Ethernet II, hardware address: 8061-6c2c-974a
Description: GigabitEthernet1/0/21 Interface
Bandwidth: 1000000 kbps
Loopback is not set
Media type is twisted pair
Port hardware type is 1000_BASE_T
Unknown-speed mode, unknown-duplex mode
Link speed type is autonegotiation, link duplex type is autonegotiation
Flow-control is not enabled
Maximum frame length: 12288
Allow jumbo frames to pass
Broadcast max-ratio: 100%
Multicast max-ratio: 100%
Unicast max-ratio: 100%
Known-unicast max-ratio: 100%
PVID: 1
MDI type: Automdix
Port link-type: Access
 Tagged VLANs:   None
 Untagged VLANs: 1
Port priority: 0
Last link flapping: Never
Last clearing of counters: Never
Current system time:2015-09-17 12:16:41
Last time when physical state changed to up:-
Last time when physical state changed to down:2013-01-01 00:00:53
 Peak input rate: 0 bytes/sec, at 2013-01-01 00:02:49 
 Peak output rate: 0 bytes/sec, at 2013-01-01 00:02:49 
 Last 300 seconds input: 0 packets/sec 0 bytes/sec -%
 Last 300 seconds output: 0 packets/sec 0 bytes/sec -%
 Input (total):  0 packets, 0 bytes
         0 unicasts, 0 broadcasts, 0 multicasts, 0 pauses
 Input (normal):  0 packets, - bytes
         0 unicasts, 0 broadcasts, 0 multicasts, 0 pauses
 Input:  0 input errors, 0 runts, 0 giants, 0 throttles
         0 CRC, 0 frame, - overruns, 0 aborts
         - ignored, - parity errors
 Output (total): 0 packets, 0 bytes
         0 unicasts, 0 broadcasts, 0 multicasts, 0 pauses
 Output (normal): 0 packets, - bytes
         0 unicasts, 0 broadcasts, 0 multicasts, 0 pauses
 Output: 0 output errors, - underruns, - buffer failures
         0 aborts, 0 deferred, 0 collisions, 0 late collisions
         0 lost carrier, - no carrier
IPv4 traffic statistics:
 Last 300 seconds input rate: 0 packets/sec, 0 bytes/sec
 Last 300 seconds output rate: 0 packets/sec, 0 bytes/sec
 Input: 0 packets, 0 bytes
 Output: 0 packets, 0 bytes
IPv6 traffic statistics:
 Last 300 seconds input rate: 0 packets/sec, 0 bytes/sec
 Last 300 seconds output rate: 0 packets/sec, 0 bytes/sec
 Input: 0 packets, 0 bytes
 Output: 0 packets, 0 bytes

GigabitEthernet1/0/22
Current state: DOWN
Line protocol state: DOWN
IP packet frame type: Ethernet II, hardware address: 8061-6c2c-974b
Description: GigabitEthernet1/0/22 Interface
Bandwidth: 1000000 kbps
Loopback is not set
Media type is twisted pair
Port hardware type is 1000_BASE_T
Unknown-speed mode, unknown-duplex mode
Link speed type is autonegotiation, link duplex type is autonegotiation
Flow-control is not enabled
Maximum frame length: 12288
Allow jumbo frames to pass
Broadcast max-ratio: 100%
Multicast max-ratio: 100%
Unicast max-ratio: 100%
Known-unicast max-ratio: 100%
PVID: 1
MDI type: Automdix
Port link-type: Access
 Tagged VLANs:   None
 Untagged VLANs: 1
Port priority: 0
Last link flapping: Never
Last clearing of counters: Never
Current system time:2015-09-17 12:16:41
Last time when physical state changed to up:-
Last time when physical state changed to down:2013-01-01 00:00:53
 Peak input rate: 0 bytes/sec, at 2013-01-01 00:02:49 
 Peak output rate: 0 bytes/sec, at 2013-01-01 00:02:49 
 Last 300 seconds input: 0 packets/sec 0 bytes/sec -%
 Last 300 seconds output: 0 packets/sec 0 bytes/sec -%
 Input (total):  0 packets, 0 bytes
         0 unicasts, 0 broadcasts, 0 multicasts, 0 pauses
 Input (normal):  0 packets, - bytes
         0 unicasts, 0 broadcasts, 0 multicasts, 0 pauses
 Input:  0 input errors, 0 runts, 0 giants, 0 throttles
         0 CRC, 0 frame, - overruns, 0 aborts
         - ignored, - parity errors
 Output (total): 0 packets, 0 bytes
         0 unicasts, 0 broadcasts, 0 multicasts, 0 pauses
 Output (normal): 0 packets, - bytes
         0 unicasts, 0 broadcasts, 0 multicasts, 0 pauses
 Output: 0 output errors, - underruns, - buffer failures
         0 aborts, 0 deferred, 0 collisions, 0 late collisions
         0 lost carrier, - no carrier
IPv4 traffic statistics:
 Last 300 seconds input rate: 0 packets/sec, 0 bytes/sec
 Last 300 seconds output rate: 0 packets/sec, 0 bytes/sec
 Input: 0 packets, 0 bytes
 Output: 0 packets, 0 bytes
IPv6 traffic statistics:
 Last 300 seconds input rate: 0 packets/sec, 0 bytes/sec
 Last 300 seconds output rate: 0 packets/sec, 0 bytes/sec
 Input: 0 packets, 0 bytes
 Output: 0 packets, 0 bytes

GigabitEthernet1/0/23
Current state: UP
Line protocol state: UP
IP packet frame type: Ethernet II, hardware address: 8061-6c2c-974c
Description: to_EMSC01
Bandwidth: 1000000 kbps
Loopback is not set
Media type is twisted pair
Port hardware type is 1000_BASE_T
1000Mbps-speed mode, full-duplex mode
Link speed type is autonegotiation, link duplex type is autonegotiation
Flow-control is not enabled
Maximum frame length: 12288
Allow jumbo frames to pass
Broadcast max-ratio: 100%
Multicast max-ratio: 100%
Unicast max-ratio: 100%
Known-unicast max-ratio: 100%
PVID: 100
MDI type: Automdix
Port link-type: Access
 Tagged VLANs:   None
 Untagged VLANs: 100
Port priority: 0
Last link flapping: 141 weeks 2 days 11 hours 20 minutes
Last clearing of counters: Never
Current system time:2015-09-17 12:16:41
Last time when physical state changed to up:2013-01-01 00:53:42
Last time when physical state changed to down:2013-01-01 00:53:27
 Peak input rate: 172836 bytes/sec, at 2013-07-30 01:19:23 
 Peak output rate: 83009931 bytes/sec, at 2015-09-15 19:00:37 
 Last 300 seconds input: 0 packets/sec 0 bytes/sec 0%
 Last 300 seconds output: 4 packets/sec 330 bytes/sec 0%
 Input (total):  921850 packets, 59139517 bytes
         1444 unicasts, 910594 broadcasts, 9812 multicasts, 0 pauses
 Input (normal):  921850 packets, - bytes
         1444 unicasts, 910594 broadcasts, 9812 multicasts, 0 pauses
 Input:  0 input errors, 0 runts, 0 giants, 0 throttles
         0 CRC, 0 frame, - overruns, 0 aborts
         - ignored, - parity errors
 Output (total): 366902912 packets, 28352398756 bytes
         787 unicasts, 57351936 broadcasts, 309550189 multicasts, 0 pauses
 Output (normal): 366902912 packets, - bytes
         787 unicasts, 57351936 broadcasts, 309550189 multicasts, 0 pauses
 Output: 0 output errors, - underruns, - buffer failures
         0 aborts, 0 deferred, 0 collisions, 0 late collisions
         0 lost carrier, - no carrier
IPv4 traffic statistics:
 Last 300 seconds input rate: 0 packets/sec, 0 bytes/sec
 Last 300 seconds output rate: 0 packets/sec, 0 bytes/sec
 Input: 0 packets, 0 bytes
 Output: 0 packets, 0 bytes
IPv6 traffic statistics:
 Last 300 seconds input rate: 0 packets/sec, 0 bytes/sec
 Last 300 seconds output rate: 0 packets/sec, 0 bytes/sec
 Input: 0 packets, 0 bytes
 Output: 0 packets, 0 bytes

GigabitEthernet1/0/24
Current state: UP
Line protocol state: UP
IP packet frame type: Ethernet II, hardware address: 8061-6c2c-974d
Description: to XZ_LW_JF_S3928E_2
Bandwidth: 1000000 kbps
Loopback is not set
Media type is twisted pair
Port hardware type is 1000_BASE_T
1000Mbps-speed mode, full-duplex mode
Link speed type is autonegotiation, link duplex type is autonegotiation
Flow-control is not enabled
Maximum frame length: 12288
Allow jumbo frames to pass
Broadcast max-ratio: 100%
Multicast max-ratio: 100%
Unicast max-ratio: 100%
Known-unicast max-ratio: 100%
PVID: 1
MDI type: Automdix
Port link-type: Trunk
 VLAN Passing:   100, 203-204, 209-210
 VLAN permitted: 100, 203-204, 209-210
 Trunk port encapsulation: IEEE 802.1q
Port priority: 0
Last link flapping: 141 weeks 2 days 11 hours 20 minutes
Last clearing of counters: Never
Current system time:2015-09-17 12:16:41
Last time when physical state changed to up:2013-01-01 00:53:35
Last time when physical state changed to down:2013-01-01 00:53:29
 Peak input rate: 2178273242 bytes/sec, at 2015-09-16 05:45:43 
 Peak output rate: 452071327 bytes/sec, at 2015-09-17 07:50:54 
 Last 300 seconds input: 14 packets/sec 2259 bytes/sec 0%
 Last 300 seconds output: 15 packets/sec 1191 bytes/sec 0%
 Input (total):  1930866393 packets, 742620696528 bytes
         1684316601 unicasts, 129793427 broadcasts, 116756365 multicasts, 0 pauses
 Input (normal):  1930866393 packets, - bytes
         1684316601 unicasts, 129793427 broadcasts, 116756365 multicasts, 0 pauses
 Input:  0 input errors, 0 runts, 0 giants, 0 throttles
         0 CRC, 0 frame, - overruns, 0 aborts
         - ignored, - parity errors
 Output (total): 2036613872 packets, 154169918237 bytes
         1371291452 unicasts, 78136385 broadcasts, 587186035 multicasts, 0 pauses
 Output (normal): 2036613872 packets, - bytes
         1371291452 unicasts, 78136385 broadcasts, 587186035 multicasts, 0 pauses
 Output: 0 output errors, - underruns, - buffer failures
         0 aborts, 0 deferred, 0 collisions, 0 late collisions
         0 lost carrier, - no carrier
IPv4 traffic statistics:
 Last 300 seconds input rate: 0 packets/sec, 0 bytes/sec
 Last 300 seconds output rate: 0 packets/sec, 0 bytes/sec
 Input: 0 packets, 0 bytes
 Output: 0 packets, 0 bytes
IPv6 traffic statistics:
 Last 300 seconds input rate: 0 packets/sec, 0 bytes/sec
 Last 300 seconds output rate: 0 packets/sec, 0 bytes/sec
 Input: 0 packets, 0 bytes
 Output: 0 packets, 0 bytes

GigabitEthernet1/0/25
Current state: DOWN
Line protocol state: DOWN
IP packet frame type: Ethernet II, hardware address: 8061-6c2c-974e
Description: GigabitEthernet1/0/25 Interface
Bandwidth: 1000000 kbps
Loopback is not set
Media type is twisted pair
Port hardware type is 1000_BASE_T
Unknown-speed mode, unknown-duplex mode
Link speed type is autonegotiation, link duplex type is autonegotiation
Flow-control is not enabled
Maximum frame length: 12288
Allow jumbo frames to pass
Broadcast max-ratio: 100%
Multicast max-ratio: 100%
Unicast max-ratio: 100%
Known-unicast max-ratio: 100%
PVID: 1
MDI type: Automdix
Port link-type: Access
 Tagged VLANs:   None
 Untagged VLANs: 1
Port priority: 0
Last link flapping: Never
Last clearing of counters: Never
Current system time:2015-09-17 12:16:41
Last time when physical state changed to up:-
Last time when physical state changed to down:2013-01-01 00:00:53
 Peak input rate: 0 bytes/sec, at 2013-01-01 00:02:49 
 Peak output rate: 0 bytes/sec, at 2013-01-01 00:02:49 
 Last 300 seconds input: 0 packets/sec 0 bytes/sec -%
 Last 300 seconds output: 0 packets/sec 0 bytes/sec -%
 Input (total):  0 packets, 0 bytes
         0 unicasts, 0 broadcasts, 0 multicasts, 0 pauses
 Input (normal):  0 packets, - bytes
         0 unicasts, 0 broadcasts, 0 multicasts, 0 pauses
 Input:  0 input errors, 0 runts, 0 giants, 0 throttles
         0 CRC, 0 frame, - overruns, 0 aborts
         - ignored, - parity errors
 Output (total): 0 packets, 0 bytes
         0 unicasts, 0 broadcasts, 0 multicasts, 0 pauses
 Output (normal): 0 packets, - bytes
         0 unicasts, 0 broadcasts, 0 multicasts, 0 pauses
 Output: 0 output errors, - underruns, - buffer failures
         0 aborts, 0 deferred, 0 collisions, 0 late collisions
         0 lost carrier, - no carrier
IPv4 traffic statistics:
 Last 300 seconds input rate: 0 packets/sec, 0 bytes/sec
 Last 300 seconds output rate: 0 packets/sec, 0 bytes/sec
 Input: 0 packets, 0 bytes
 Output: 0 packets, 0 bytes
IPv6 traffic statistics:
 Last 300 seconds input rate: 0 packets/sec, 0 bytes/sec
 Last 300 seconds output rate: 0 packets/sec, 0 bytes/sec
 Input: 0 packets, 0 bytes
 Output: 0 packets, 0 bytes

GigabitEthernet1/0/26
Current state: DOWN
Line protocol state: DOWN
IP packet frame type: Ethernet II, hardware address: 8061-6c2c-974f
Description: GigabitEthernet1/0/26 Interface
Bandwidth: 1000000 kbps
Loopback is not set
Media type is twisted pair
Port hardware type is 1000_BASE_T
Unknown-speed mode, unknown-duplex mode
Link speed type is autonegotiation, link duplex type is autonegotiation
Flow-control is not enabled
Maximum frame length: 12288
Allow jumbo frames to pass
Broadcast max-ratio: 100%
Multicast max-ratio: 100%
Unicast max-ratio: 100%
Known-unicast max-ratio: 100%
PVID: 1
MDI type: Automdix
Port link-type: Access
 Tagged VLANs:   None
 Untagged VLANs: 1
Port priority: 0
Last link flapping: Never
Last clearing of counters: Never
Current system time:2015-09-17 12:16:41
Last time when physical state changed to up:-
Last time when physical state changed to down:2013-01-01 00:00:53
 Peak input rate: 0 bytes/sec, at 2013-01-01 00:02:49 
 Peak output rate: 0 bytes/sec, at 2013-01-01 00:02:49 
 Last 300 seconds input: 0 packets/sec 0 bytes/sec -%
 Last 300 seconds output: 0 packets/sec 0 bytes/sec -%
 Input (total):  0 packets, 0 bytes
         0 unicasts, 0 broadcasts, 0 multicasts, 0 pauses
 Input (normal):  0 packets, - bytes
         0 unicasts, 0 broadcasts, 0 multicasts, 0 pauses
 Input:  0 input errors, 0 runts, 0 giants, 0 throttles
         0 CRC, 0 frame, - overruns, 0 aborts
         - ignored, - parity errors
 Output (total): 0 packets, 0 bytes
         0 unicasts, 0 broadcasts, 0 multicasts, 0 pauses
 Output (normal): 0 packets, - bytes
         0 unicasts, 0 broadcasts, 0 multicasts, 0 pauses
 Output: 0 output errors, - underruns, - buffer failures
         0 aborts, 0 deferred, 0 collisions, 0 late collisions
         0 lost carrier, - no carrier
IPv4 traffic statistics:
 Last 300 seconds input rate: 0 packets/sec, 0 bytes/sec
 Last 300 seconds output rate: 0 packets/sec, 0 bytes/sec
 Input: 0 packets, 0 bytes
 Output: 0 packets, 0 bytes
IPv6 traffic statistics:
 Last 300 seconds input rate: 0 packets/sec, 0 bytes/sec
 Last 300 seconds output rate: 0 packets/sec, 0 bytes/sec
 Input: 0 packets, 0 bytes
 Output: 0 packets, 0 bytes

GigabitEthernet1/0/27
Current state: DOWN
Line protocol state: DOWN
IP packet frame type: Ethernet II, hardware address: 8061-6c2c-9750
Description: GigabitEthernet1/0/27 Interface
Bandwidth: 1000000 kbps
Loopback is not set
Media type is twisted pair
Port hardware type is 1000_BASE_T
Unknown-speed mode, unknown-duplex mode
Link speed type is autonegotiation, link duplex type is autonegotiation
Flow-control is not enabled
Maximum frame length: 12288
Allow jumbo frames to pass
Broadcast max-ratio: 100%
Multicast max-ratio: 100%
Unicast max-ratio: 100%
Known-unicast max-ratio: 100%
PVID: 1
MDI type: Automdix
Port link-type: Access
 Tagged VLANs:   None
 Untagged VLANs: 1
Port priority: 0
Last link flapping: Never
Last clearing of counters: Never
Current system time:2015-09-17 12:16:41
Last time when physical state changed to up:-
Last time when physical state changed to down:2013-01-01 00:00:53
 Peak input rate: 0 bytes/sec, at 2013-01-01 00:02:49 
 Peak output rate: 0 bytes/sec, at 2013-01-01 00:02:49 
 Last 300 seconds input: 0 packets/sec 0 bytes/sec -%
 Last 300 seconds output: 0 packets/sec 0 bytes/sec -%
 Input (total):  0 packets, 0 bytes
         0 unicasts, 0 broadcasts, 0 multicasts, 0 pauses
 Input (normal):  0 packets, - bytes
         0 unicasts, 0 broadcasts, 0 multicasts, 0 pauses
 Input:  0 input errors, 0 runts, 0 giants, 0 throttles
         0 CRC, 0 frame, - overruns, 0 aborts
         - ignored, - parity errors
 Output (total): 0 packets, 0 bytes
         0 unicasts, 0 broadcasts, 0 multicasts, 0 pauses
 Output (normal): 0 packets, - bytes
         0 unicasts, 0 broadcasts, 0 multicasts, 0 pauses
 Output: 0 output errors, - underruns, - buffer failures
         0 aborts, 0 deferred, 0 collisions, 0 late collisions
         0 lost carrier, - no carrier
IPv4 traffic statistics:
 Last 300 seconds input rate: 0 packets/sec, 0 bytes/sec
 Last 300 seconds output rate: 0 packets/sec, 0 bytes/sec
 Input: 0 packets, 0 bytes
 Output: 0 packets, 0 bytes
IPv6 traffic statistics:
 Last 300 seconds input rate: 0 packets/sec, 0 bytes/sec
 Last 300 seconds output rate: 0 packets/sec, 0 bytes/sec
 Input: 0 packets, 0 bytes
 Output: 0 packets, 0 bytes

GigabitEthernet1/0/28
Current state: DOWN
Line protocol state: DOWN
IP packet frame type: Ethernet II, hardware address: 8061-6c2c-9751
Description: GigabitEthernet1/0/28 Interface
Bandwidth: 1000000 kbps
Loopback is not set
Media type is twisted pair
Port hardware type is 1000_BASE_T
Unknown-speed mode, unknown-duplex mode
Link speed type is autonegotiation, link duplex type is autonegotiation
Flow-control is not enabled
Maximum frame length: 12288
Allow jumbo frames to pass
Broadcast max-ratio: 100%
Multicast max-ratio: 100%
Unicast max-ratio: 100%
Known-unicast max-ratio: 100%
PVID: 1
MDI type: Automdix
Port link-type: Access
 Tagged VLANs:   None
 Untagged VLANs: 1
Port priority: 0
Last link flapping: Never
Last clearing of counters: Never
Current system time:2015-09-17 12:16:41
Last time when physical state changed to up:-
Last time when physical state changed to down:2013-01-01 00:00:53
 Peak input rate: 0 bytes/sec, at 2013-01-01 00:02:49 
 Peak output rate: 0 bytes/sec, at 2013-01-01 00:02:49 
 Last 300 seconds input: 0 packets/sec 0 bytes/sec -%
 Last 300 seconds output: 0 packets/sec 0 bytes/sec -%
 Input (total):  0 packets, 0 bytes
         0 unicasts, 0 broadcasts, 0 multicasts, 0 pauses
 Input (normal):  0 packets, - bytes
         0 unicasts, 0 broadcasts, 0 multicasts, 0 pauses
 Input:  0 input errors, 0 runts, 0 giants, 0 throttles
         0 CRC, 0 frame, - overruns, 0 aborts
         - ignored, - parity errors
 Output (total): 0 packets, 0 bytes
         0 unicasts, 0 broadcasts, 0 multicasts, 0 pauses
 Output (normal): 0 packets, - bytes
         0 unicasts, 0 broadcasts, 0 multicasts, 0 pauses
 Output: 0 output errors, - underruns, - buffer failures
         0 aborts, 0 deferred, 0 collisions, 0 late collisions
         0 lost carrier, - no carrier
IPv4 traffic statistics:
 Last 300 seconds input rate: 0 packets/sec, 0 bytes/sec
 Last 300 seconds output rate: 0 packets/sec, 0 bytes/sec
 Input: 0 packets, 0 bytes
 Output: 0 packets, 0 bytes
IPv6 traffic statistics:
 Last 300 seconds input rate: 0 packets/sec, 0 bytes/sec
 Last 300 seconds output rate: 0 packets/sec, 0 bytes/sec
 Input: 0 packets, 0 bytes
 Output: 0 packets, 0 bytes

GigabitEthernet1/0/29
Current state: DOWN
Line protocol state: DOWN
IP packet frame type: Ethernet II, hardware address: 8061-6c2c-9752
Description: GigabitEthernet1/0/29 Interface
Bandwidth: 1000000 kbps
Loopback is not set
Media type is twisted pair
Port hardware type is 1000_BASE_T
Unknown-speed mode, unknown-duplex mode
Link speed type is autonegotiation, link duplex type is autonegotiation
Flow-control is not enabled
Maximum frame length: 12288
Allow jumbo frames to pass
Broadcast max-ratio: 100%
Multicast max-ratio: 100%
Unicast max-ratio: 100%
Known-unicast max-ratio: 100%
PVID: 1
MDI type: Automdix
Port link-type: Access
 Tagged VLANs:   None
 Untagged VLANs: 1
Port priority: 0
Last link flapping: Never
Last clearing of counters: Never
Current system time:2015-09-17 12:16:41
Last time when physical state changed to up:-
Last time when physical state changed to down:2013-01-01 00:00:53
 Peak input rate: 0 bytes/sec, at 2013-01-01 00:02:49 
 Peak output rate: 0 bytes/sec, at 2013-01-01 00:02:49 
 Last 300 seconds input: 0 packets/sec 0 bytes/sec -%
 Last 300 seconds output: 0 packets/sec 0 bytes/sec -%
 Input (total):  0 packets, 0 bytes
         0 unicasts, 0 broadcasts, 0 multicasts, 0 pauses
 Input (normal):  0 packets, - bytes
         0 unicasts, 0 broadcasts, 0 multicasts, 0 pauses
 Input:  0 input errors, 0 runts, 0 giants, 0 throttles
         0 CRC, 0 frame, - overruns, 0 aborts
         - ignored, - parity errors
 Output (total): 0 packets, 0 bytes
         0 unicasts, 0 broadcasts, 0 multicasts, 0 pauses
 Output (normal): 0 packets, - bytes
         0 unicasts, 0 broadcasts, 0 multicasts, 0 pauses
 Output: 0 output errors, - underruns, - buffer failures
         0 aborts, 0 deferred, 0 collisions, 0 late collisions
         0 lost carrier, - no carrier
IPv4 traffic statistics:
 Last 300 seconds input rate: 0 packets/sec, 0 bytes/sec
 Last 300 seconds output rate: 0 packets/sec, 0 bytes/sec
 Input: 0 packets, 0 bytes
 Output: 0 packets, 0 bytes
IPv6 traffic statistics:
 Last 300 seconds input rate: 0 packets/sec, 0 bytes/sec
 Last 300 seconds output rate: 0 packets/sec, 0 bytes/sec
 Input: 0 packets, 0 bytes
 Output: 0 packets, 0 bytes

GigabitEthernet1/0/30
Current state: DOWN
Line protocol state: DOWN
IP packet frame type: Ethernet II, hardware address: 8061-6c2c-9753
Description: TO LSJF_FW E1000E
Bandwidth: 1000000 kbps
Loopback is not set
Media type is twisted pair
Port hardware type is 1000_BASE_T
Unknown-speed mode, unknown-duplex mode
Link speed type is autonegotiation, link duplex type is autonegotiation
Flow-control is not enabled
Maximum frame length: 12288
Allow jumbo frames to pass
Broadcast max-ratio: 100%
Multicast max-ratio: 100%
Unicast max-ratio: 100%
Known-unicast max-ratio: 100%
PVID: 200
MDI type: Automdix
Port link-type: Access
 Tagged VLANs:   None
 Untagged VLANs: 200
Port priority: 0
Last link flapping: Never
Last clearing of counters: Never
Current system time:2015-09-17 12:16:42
Last time when physical state changed to up:-
Last time when physical state changed to down:2013-01-01 00:00:53
 Peak input rate: 0 bytes/sec, at 2013-01-01 00:02:49 
 Peak output rate: 0 bytes/sec, at 2013-01-01 00:02:49 
 Last 300 seconds input: 0 packets/sec 0 bytes/sec -%
 Last 300 seconds output: 0 packets/sec 0 bytes/sec -%
 Input (total):  0 packets, 0 bytes
         0 unicasts, 0 broadcasts, 0 multicasts, 0 pauses
 Input (normal):  0 packets, - bytes
         0 unicasts, 0 broadcasts, 0 multicasts, 0 pauses
 Input:  0 input errors, 0 runts, 0 giants, 0 throttles
         0 CRC, 0 frame, - overruns, 0 aborts
         - ignored, - parity errors
 Output (total): 0 packets, 0 bytes
         0 unicasts, 0 broadcasts, 0 multicasts, 0 pauses
 Output (normal): 0 packets, - bytes
         0 unicasts, 0 broadcasts, 0 multicasts, 0 pauses
 Output: 0 output errors, - underruns, - buffer failures
         0 aborts, 0 deferred, 0 collisions, 0 late collisions
         0 lost carrier, - no carrier
IPv4 traffic statistics:
 Last 300 seconds input rate: 0 packets/sec, 0 bytes/sec
 Last 300 seconds output rate: 0 packets/sec, 0 bytes/sec
 Input: 0 packets, 0 bytes
 Output: 0 packets, 0 bytes
IPv6 traffic statistics:
 Last 300 seconds input rate: 0 packets/sec, 0 bytes/sec
 Last 300 seconds output rate: 0 packets/sec, 0 bytes/sec
 Input: 0 packets, 0 bytes
 Output: 0 packets, 0 bytes

GigabitEthernet1/0/31
Current state: DOWN
Line protocol state: DOWN
IP packet frame type: Ethernet II, hardware address: 8061-6c2c-9754
Description: GigabitEthernet1/0/31 Interface
Bandwidth: 1000000 kbps
Loopback is not set
Media type is twisted pair
Port hardware type is 1000_BASE_T
Unknown-speed mode, unknown-duplex mode
Link speed type is autonegotiation, link duplex type is autonegotiation
Flow-control is not enabled
Maximum frame length: 12288
Allow jumbo frames to pass
Broadcast max-ratio: 100%
Multicast max-ratio: 100%
Unicast max-ratio: 100%
Known-unicast max-ratio: 100%
PVID: 1
MDI type: Automdix
Port link-type: Access
 Tagged VLANs:   None
 Untagged VLANs: 1
Port priority: 0
Last link flapping: Never
Last clearing of counters: Never
Current system time:2015-09-17 12:16:42
Last time when physical state changed to up:-
Last time when physical state changed to down:2013-01-01 00:00:53
 Peak input rate: 0 bytes/sec, at 2013-01-01 00:02:49 
 Peak output rate: 0 bytes/sec, at 2013-01-01 00:02:49 
 Last 300 seconds input: 0 packets/sec 0 bytes/sec -%
 Last 300 seconds output: 0 packets/sec 0 bytes/sec -%
 Input (total):  0 packets, 0 bytes
         0 unicasts, 0 broadcasts, 0 multicasts, 0 pauses
 Input (normal):  0 packets, - bytes
         0 unicasts, 0 broadcasts, 0 multicasts, 0 pauses
 Input:  0 input errors, 0 runts, 0 giants, 0 throttles
         0 CRC, 0 frame, - overruns, 0 aborts
         - ignored, - parity errors
 Output (total): 0 packets, 0 bytes
         0 unicasts, 0 broadcasts, 0 multicasts, 0 pauses
 Output (normal): 0 packets, - bytes
         0 unicasts, 0 broadcasts, 0 multicasts, 0 pauses
 Output: 0 output errors, - underruns, - buffer failures
         0 aborts, 0 deferred, 0 collisions, 0 late collisions
         0 lost carrier, - no carrier
IPv4 traffic statistics:
 Last 300 seconds input rate: 0 packets/sec, 0 bytes/sec
 Last 300 seconds output rate: 0 packets/sec, 0 bytes/sec
 Input: 0 packets, 0 bytes
 Output: 0 packets, 0 bytes
IPv6 traffic statistics:
 Last 300 seconds input rate: 0 packets/sec, 0 bytes/sec
 Last 300 seconds output rate: 0 packets/sec, 0 bytes/sec
 Input: 0 packets, 0 bytes
 Output: 0 packets, 0 bytes

GigabitEthernet1/0/32
Current state: DOWN
Line protocol state: DOWN
IP packet frame type: Ethernet II, hardware address: 8061-6c2c-9755
Description: GigabitEthernet1/0/32 Interface
Bandwidth: 1000000 kbps
Loopback is not set
Media type is twisted pair
Port hardware type is 1000_BASE_T
Unknown-speed mode, unknown-duplex mode
Link speed type is autonegotiation, link duplex type is autonegotiation
Flow-control is not enabled
Maximum frame length: 12288
Allow jumbo frames to pass
Broadcast max-ratio: 100%
Multicast max-ratio: 100%
Unicast max-ratio: 100%
Known-unicast max-ratio: 100%
PVID: 1
MDI type: Automdix
Port link-type: Access
 Tagged VLANs:   None
 Untagged VLANs: 1
Port priority: 0
Last link flapping: Never
Last clearing of counters: Never
Current system time:2015-09-17 12:16:42
Last time when physical state changed to up:-
Last time when physical state changed to down:2013-01-01 00:00:53
 Peak input rate: 0 bytes/sec, at 2013-01-01 00:02:49 
 Peak output rate: 0 bytes/sec, at 2013-01-01 00:02:49 
 Last 300 seconds input: 0 packets/sec 0 bytes/sec -%
 Last 300 seconds output: 0 packets/sec 0 bytes/sec -%
 Input (total):  0 packets, 0 bytes
         0 unicasts, 0 broadcasts, 0 multicasts, 0 pauses
 Input (normal):  0 packets, - bytes
         0 unicasts, 0 broadcasts, 0 multicasts, 0 pauses
 Input:  0 input errors, 0 runts, 0 giants, 0 throttles
         0 CRC, 0 frame, - overruns, 0 aborts
         - ignored, - parity errors
 Output (total): 0 packets, 0 bytes
         0 unicasts, 0 broadcasts, 0 multicasts, 0 pauses
 Output (normal): 0 packets, - bytes
         0 unicasts, 0 broadcasts, 0 multicasts, 0 pauses
 Output: 0 output errors, - underruns, - buffer failures
         0 aborts, 0 deferred, 0 collisions, 0 late collisions
         0 lost carrier, - no carrier
IPv4 traffic statistics:
 Last 300 seconds input rate: 0 packets/sec, 0 bytes/sec
 Last 300 seconds output rate: 0 packets/sec, 0 bytes/sec
 Input: 0 packets, 0 bytes
 Output: 0 packets, 0 bytes
IPv6 traffic statistics:
 Last 300 seconds input rate: 0 packets/sec, 0 bytes/sec
 Last 300 seconds output rate: 0 packets/sec, 0 bytes/sec
 Input: 0 packets, 0 bytes
 Output: 0 packets, 0 bytes

GigabitEthernet1/0/33
Current state: DOWN
Line protocol state: DOWN
IP packet frame type: Ethernet II, hardware address: 8061-6c2c-9756
Description: GigabitEthernet1/0/33 Interface
Bandwidth: 1000000 kbps
Loopback is not set
Media type is twisted pair
Port hardware type is 1000_BASE_T
Unknown-speed mode, unknown-duplex mode
Link speed type is autonegotiation, link duplex type is autonegotiation
Flow-control is not enabled
Maximum frame length: 12288
Allow jumbo frames to pass
Broadcast max-ratio: 100%
Multicast max-ratio: 100%
Unicast max-ratio: 100%
Known-unicast max-ratio: 100%
PVID: 1
MDI type: Automdix
Port link-type: Access
 Tagged VLANs:   None
 Untagged VLANs: 1
Port priority: 0
Last link flapping: Never
Last clearing of counters: Never
Current system time:2015-09-17 12:16:42
Last time when physical state changed to up:-
Last time when physical state changed to down:2013-01-01 00:00:53
 Peak input rate: 0 bytes/sec, at 2013-01-01 00:02:49 
 Peak output rate: 0 bytes/sec, at 2013-01-01 00:02:49 
 Last 300 seconds input: 0 packets/sec 0 bytes/sec -%
 Last 300 seconds output: 0 packets/sec 0 bytes/sec -%
 Input (total):  0 packets, 0 bytes
         0 unicasts, 0 broadcasts, 0 multicasts, 0 pauses
 Input (normal):  0 packets, - bytes
         0 unicasts, 0 broadcasts, 0 multicasts, 0 pauses
 Input:  0 input errors, 0 runts, 0 giants, 0 throttles
         0 CRC, 0 frame, - overruns, 0 aborts
         - ignored, - parity errors
 Output (total): 0 packets, 0 bytes
         0 unicasts, 0 broadcasts, 0 multicasts, 0 pauses
 Output (normal): 0 packets, - bytes
         0 unicasts, 0 broadcasts, 0 multicasts, 0 pauses
 Output: 0 output errors, - underruns, - buffer failures
         0 aborts, 0 deferred, 0 collisions, 0 late collisions
         0 lost carrier, - no carrier
IPv4 traffic statistics:
 Last 300 seconds input rate: 0 packets/sec, 0 bytes/sec
 Last 300 seconds output rate: 0 packets/sec, 0 bytes/sec
 Input: 0 packets, 0 bytes
 Output: 0 packets, 0 bytes
IPv6 traffic statistics:
 Last 300 seconds input rate: 0 packets/sec, 0 bytes/sec
 Last 300 seconds output rate: 0 packets/sec, 0 bytes/sec
 Input: 0 packets, 0 bytes
 Output: 0 packets, 0 bytes

GigabitEthernet1/0/34
Current state: DOWN
Line protocol state: DOWN
IP packet frame type: Ethernet II, hardware address: 8061-6c2c-9757
Description: GigabitEthernet1/0/34 Interface
Bandwidth: 1000000 kbps
Loopback is not set
Media type is twisted pair
Port hardware type is 1000_BASE_T
Unknown-speed mode, unknown-duplex mode
Link speed type is autonegotiation, link duplex type is autonegotiation
Flow-control is not enabled
Maximum frame length: 12288
Allow jumbo frames to pass
Broadcast max-ratio: 100%
Multicast max-ratio: 100%
Unicast max-ratio: 100%
Known-unicast max-ratio: 100%
PVID: 1
MDI type: Automdix
Port link-type: Access
 Tagged VLANs:   None
 Untagged VLANs: 1
Port priority: 0
Last link flapping: Never
Last clearing of counters: Never
Current system time:2015-09-17 12:16:42
Last time when physical state changed to up:-
Last time when physical state changed to down:2013-01-01 00:00:53
 Peak input rate: 0 bytes/sec, at 2013-01-01 00:02:49 
 Peak output rate: 0 bytes/sec, at 2013-01-01 00:02:49 
 Last 300 seconds input: 0 packets/sec 0 bytes/sec -%
 Last 300 seconds output: 0 packets/sec 0 bytes/sec -%
 Input (total):  0 packets, 0 bytes
         0 unicasts, 0 broadcasts, 0 multicasts, 0 pauses
 Input (normal):  0 packets, - bytes
         0 unicasts, 0 broadcasts, 0 multicasts, 0 pauses
 Input:  0 input errors, 0 runts, 0 giants, 0 throttles
         0 CRC, 0 frame, - overruns, 0 aborts
         - ignored, - parity errors
 Output (total): 0 packets, 0 bytes
         0 unicasts, 0 broadcasts, 0 multicasts, 0 pauses
 Output (normal): 0 packets, - bytes
         0 unicasts, 0 broadcasts, 0 multicasts, 0 pauses
 Output: 0 output errors, - underruns, - buffer failures
         0 aborts, 0 deferred, 0 collisions, 0 late collisions
         0 lost carrier, - no carrier
IPv4 traffic statistics:
 Last 300 seconds input rate: 0 packets/sec, 0 bytes/sec
 Last 300 seconds output rate: 0 packets/sec, 0 bytes/sec
 Input: 0 packets, 0 bytes
 Output: 0 packets, 0 bytes
IPv6 traffic statistics:
 Last 300 seconds input rate: 0 packets/sec, 0 bytes/sec
 Last 300 seconds output rate: 0 packets/sec, 0 bytes/sec
 Input: 0 packets, 0 bytes
 Output: 0 packets, 0 bytes

GigabitEthernet1/0/35
Current state: DOWN
Line protocol state: DOWN
IP packet frame type: Ethernet II, hardware address: 8061-6c2c-9758
Description: GigabitEthernet1/0/35 Interface
Bandwidth: 1000000 kbps
Loopback is not set
Media type is twisted pair
Port hardware type is 1000_BASE_T
Unknown-speed mode, unknown-duplex mode
Link speed type is autonegotiation, link duplex type is autonegotiation
Flow-control is not enabled
Maximum frame length: 12288
Allow jumbo frames to pass
Broadcast max-ratio: 100%
Multicast max-ratio: 100%
Unicast max-ratio: 100%
Known-unicast max-ratio: 100%
PVID: 1
MDI type: Automdix
Port link-type: Access
 Tagged VLANs:   None
 Untagged VLANs: 1
Port priority: 0
Last link flapping: Never
Last clearing of counters: Never
Current system time:2015-09-17 12:16:42
Last time when physical state changed to up:-
Last time when physical state changed to down:2013-01-01 00:00:53
 Peak input rate: 0 bytes/sec, at 2013-01-01 00:02:50 
 Peak output rate: 0 bytes/sec, at 2013-01-01 00:02:50 
 Last 300 seconds input: 0 packets/sec 0 bytes/sec -%
 Last 300 seconds output: 0 packets/sec 0 bytes/sec -%
 Input (total):  0 packets, 0 bytes
         0 unicasts, 0 broadcasts, 0 multicasts, 0 pauses
 Input (normal):  0 packets, - bytes
         0 unicasts, 0 broadcasts, 0 multicasts, 0 pauses
 Input:  0 input errors, 0 runts, 0 giants, 0 throttles
         0 CRC, 0 frame, - overruns, 0 aborts
         - ignored, - parity errors
 Output (total): 0 packets, 0 bytes
         0 unicasts, 0 broadcasts, 0 multicasts, 0 pauses
 Output (normal): 0 packets, - bytes
         0 unicasts, 0 broadcasts, 0 multicasts, 0 pauses
 Output: 0 output errors, - underruns, - buffer failures
         0 aborts, 0 deferred, 0 collisions, 0 late collisions
         0 lost carrier, - no carrier
IPv4 traffic statistics:
 Last 300 seconds input rate: 0 packets/sec, 0 bytes/sec
 Last 300 seconds output rate: 0 packets/sec, 0 bytes/sec
 Input: 0 packets, 0 bytes
 Output: 0 packets, 0 bytes
IPv6 traffic statistics:
 Last 300 seconds input rate: 0 packets/sec, 0 bytes/sec
 Last 300 seconds output rate: 0 packets/sec, 0 bytes/sec
 Input: 0 packets, 0 bytes
 Output: 0 packets, 0 bytes

GigabitEthernet1/0/36
Current state: DOWN
Line protocol state: DOWN
IP packet frame type: Ethernet II, hardware address: 8061-6c2c-9759
Description: GigabitEthernet1/0/36 Interface
Bandwidth: 1000000 kbps
Loopback is not set
Media type is twisted pair
Port hardware type is 1000_BASE_T
Unknown-speed mode, unknown-duplex mode
Link speed type is autonegotiation, link duplex type is autonegotiation
Flow-control is not enabled
Maximum frame length: 12288
Allow jumbo frames to pass
Broadcast max-ratio: 100%
Multicast max-ratio: 100%
Unicast max-ratio: 100%
Known-unicast max-ratio: 100%
PVID: 1
MDI type: Automdix
Port link-type: Access
 Tagged VLANs:   None
 Untagged VLANs: 1
Port priority: 0
Last link flapping: 46 weeks 3 days 1 hours 20 minutes
Last clearing of counters: Never
Current system time:2015-09-17 12:16:42
Last time when physical state changed to up:2014-10-27 10:53:14
Last time when physical state changed to down:2014-10-27 10:55:36
 Peak input rate: 0 bytes/sec, at 2013-01-01 00:02:50 
 Peak output rate: 21 bytes/sec, at 2014-10-27 10:55:34 
 Last 300 seconds input: 0 packets/sec 0 bytes/sec -%
 Last 300 seconds output: 0 packets/sec 0 bytes/sec -%
 Input (total):  0 packets, 0 bytes
         0 unicasts, 0 broadcasts, 0 multicasts, 0 pauses
 Input (normal):  0 packets, - bytes
         0 unicasts, 0 broadcasts, 0 multicasts, 0 pauses
 Input:  0 input errors, 0 runts, 0 giants, 0 throttles
         0 CRC, 0 frame, - overruns, 0 aborts
         - ignored, - parity errors
 Output (total): 79 packets, 7320 bytes
         0 unicasts, 0 broadcasts, 79 multicasts, 0 pauses
 Output (normal): 79 packets, - bytes
         0 unicasts, 0 broadcasts, 79 multicasts, 0 pauses
 Output: 0 output errors, - underruns, - buffer failures
         0 aborts, 0 deferred, 0 collisions, 0 late collisions
         0 lost carrier, - no carrier
IPv4 traffic statistics:
 Last 300 seconds input rate: 0 packets/sec, 0 bytes/sec
 Last 300 seconds output rate: 0 packets/sec, 0 bytes/sec
 Input: 0 packets, 0 bytes
 Output: 0 packets, 0 bytes
IPv6 traffic statistics:
 Last 300 seconds input rate: 0 packets/sec, 0 bytes/sec
 Last 300 seconds output rate: 0 packets/sec, 0 bytes/sec
 Input: 0 packets, 0 bytes
 Output: 0 packets, 0 bytes

GigabitEthernet1/0/37
Current state: DOWN
Line protocol state: DOWN
IP packet frame type: Ethernet II, hardware address: 8061-6c2c-975a
Description: GigabitEthernet1/0/37 Interface
Bandwidth: 1000000 kbps
Loopback is not set
Media type is twisted pair
Port hardware type is 1000_BASE_T
Unknown-speed mode, unknown-duplex mode
Link speed type is autonegotiation, link duplex type is autonegotiation
Flow-control is not enabled
Maximum frame length: 12288
Allow jumbo frames to pass
Broadcast max-ratio: 100%
Multicast max-ratio: 100%
Unicast max-ratio: 100%
Known-unicast max-ratio: 100%
PVID: 1
MDI type: Automdix
Port link-type: Access
 Tagged VLANs:   None
 Untagged VLANs: 1
Port priority: 0
Last link flapping: Never
Last clearing of counters: Never
Current system time:2015-09-17 12:16:42
Last time when physical state changed to up:-
Last time when physical state changed to down:2013-01-01 00:00:53
 Peak input rate: 0 bytes/sec, at 2013-01-01 00:02:50 
 Peak output rate: 0 bytes/sec, at 2013-01-01 00:02:50 
 Last 300 seconds input: 0 packets/sec 0 bytes/sec -%
 Last 300 seconds output: 0 packets/sec 0 bytes/sec -%
 Input (total):  0 packets, 0 bytes
         0 unicasts, 0 broadcasts, 0 multicasts, 0 pauses
 Input (normal):  0 packets, - bytes
         0 unicasts, 0 broadcasts, 0 multicasts, 0 pauses
 Input:  0 input errors, 0 runts, 0 giants, 0 throttles
         0 CRC, 0 frame, - overruns, 0 aborts
         - ignored, - parity errors
 Output (total): 0 packets, 0 bytes
         0 unicasts, 0 broadcasts, 0 multicasts, 0 pauses
 Output (normal): 0 packets, - bytes
         0 unicasts, 0 broadcasts, 0 multicasts, 0 pauses
 Output: 0 output errors, - underruns, - buffer failures
         0 aborts, 0 deferred, 0 collisions, 0 late collisions
         0 lost carrier, - no carrier
IPv4 traffic statistics:
 Last 300 seconds input rate: 0 packets/sec, 0 bytes/sec
 Last 300 seconds output rate: 0 packets/sec, 0 bytes/sec
 Input: 0 packets, 0 bytes
 Output: 0 packets, 0 bytes
IPv6 traffic statistics:
 Last 300 seconds input rate: 0 packets/sec, 0 bytes/sec
 Last 300 seconds output rate: 0 packets/sec, 0 bytes/sec
 Input: 0 packets, 0 bytes
 Output: 0 packets, 0 bytes

GigabitEthernet1/0/38
Current state: DOWN
Line protocol state: DOWN
IP packet frame type: Ethernet II, hardware address: 8061-6c2c-975b
Description: GigabitEthernet1/0/38 Interface
Bandwidth: 1000000 kbps
Loopback is not set
Media type is twisted pair
Port hardware type is 1000_BASE_T
Unknown-speed mode, unknown-duplex mode
Link speed type is autonegotiation, link duplex type is autonegotiation
Flow-control is not enabled
Maximum frame length: 12288
Allow jumbo frames to pass
Broadcast max-ratio: 100%
Multicast max-ratio: 100%
Unicast max-ratio: 100%
Known-unicast max-ratio: 100%
PVID: 1
MDI type: Automdix
Port link-type: Access
 Tagged VLANs:   None
 Untagged VLANs: 1
Port priority: 0
Last link flapping: Never
Last clearing of counters: Never
Current system time:2015-09-17 12:16:42
Last time when physical state changed to up:-
Last time when physical state changed to down:2013-01-01 00:00:53
 Peak input rate: 0 bytes/sec, at 2013-01-01 00:02:50 
 Peak output rate: 0 bytes/sec, at 2013-01-01 00:02:50 
 Last 300 seconds input: 0 packets/sec 0 bytes/sec -%
 Last 300 seconds output: 0 packets/sec 0 bytes/sec -%
 Input (total):  0 packets, 0 bytes
         0 unicasts, 0 broadcasts, 0 multicasts, 0 pauses
 Input (normal):  0 packets, - bytes
         0 unicasts, 0 broadcasts, 0 multicasts, 0 pauses
 Input:  0 input errors, 0 runts, 0 giants, 0 throttles
         0 CRC, 0 frame, - overruns, 0 aborts
         - ignored, - parity errors
 Output (total): 0 packets, 0 bytes
         0 unicasts, 0 broadcasts, 0 multicasts, 0 pauses
 Output (normal): 0 packets, - bytes
         0 unicasts, 0 broadcasts, 0 multicasts, 0 pauses
 Output: 0 output errors, - underruns, - buffer failures
         0 aborts, 0 deferred, 0 collisions, 0 late collisions
         0 lost carrier, - no carrier
IPv4 traffic statistics:
 Last 300 seconds input rate: 0 packets/sec, 0 bytes/sec
 Last 300 seconds output rate: 0 packets/sec, 0 bytes/sec
 Input: 0 packets, 0 bytes
 Output: 0 packets, 0 bytes
IPv6 traffic statistics:
 Last 300 seconds input rate: 0 packets/sec, 0 bytes/sec
 Last 300 seconds output rate: 0 packets/sec, 0 bytes/sec
 Input: 0 packets, 0 bytes
 Output: 0 packets, 0 bytes

GigabitEthernet1/0/39
Current state: DOWN
Line protocol state: DOWN
IP packet frame type: Ethernet II, hardware address: 8061-6c2c-975c
Description: GigabitEthernet1/0/39 Interface
Bandwidth: 1000000 kbps
Loopback is not set
Media type is twisted pair
Port hardware type is 1000_BASE_T
Unknown-speed mode, unknown-duplex mode
Link speed type is autonegotiation, link duplex type is autonegotiation
Flow-control is not enabled
Maximum frame length: 12288
Allow jumbo frames to pass
Broadcast max-ratio: 100%
Multicast max-ratio: 100%
Unicast max-ratio: 100%
Known-unicast max-ratio: 100%
PVID: 1
MDI type: Automdix
Port link-type: Access
 Tagged VLANs:   None
 Untagged VLANs: 1
Port priority: 0
Last link flapping: Never
Last clearing of counters: Never
Current system time:2015-09-17 12:16:42
Last time when physical state changed to up:-
Last time when physical state changed to down:2013-01-01 00:00:53
 Peak input rate: 0 bytes/sec, at 2013-01-01 00:02:50 
 Peak output rate: 0 bytes/sec, at 2013-01-01 00:02:50 
 Last 300 seconds input: 0 packets/sec 0 bytes/sec -%
 Last 300 seconds output: 0 packets/sec 0 bytes/sec -%
 Input (total):  0 packets, 0 bytes
         0 unicasts, 0 broadcasts, 0 multicasts, 0 pauses
 Input (normal):  0 packets, - bytes
         0 unicasts, 0 broadcasts, 0 multicasts, 0 pauses
 Input:  0 input errors, 0 runts, 0 giants, 0 throttles
         0 CRC, 0 frame, - overruns, 0 aborts
         - ignored, - parity errors
 Output (total): 0 packets, 0 bytes
         0 unicasts, 0 broadcasts, 0 multicasts, 0 pauses
 Output (normal): 0 packets, - bytes
         0 unicasts, 0 broadcasts, 0 multicasts, 0 pauses
 Output: 0 output errors, - underruns, - buffer failures
         0 aborts, 0 deferred, 0 collisions, 0 late collisions
         0 lost carrier, - no carrier
IPv4 traffic statistics:
 Last 300 seconds input rate: 0 packets/sec, 0 bytes/sec
 Last 300 seconds output rate: 0 packets/sec, 0 bytes/sec
 Input: 0 packets, 0 bytes
 Output: 0 packets, 0 bytes
IPv6 traffic statistics:
 Last 300 seconds input rate: 0 packets/sec, 0 bytes/sec
 Last 300 seconds output rate: 0 packets/sec, 0 bytes/sec
 Input: 0 packets, 0 bytes
 Output: 0 packets, 0 bytes

GigabitEthernet1/0/40
Current state: DOWN
Line protocol state: DOWN
IP packet frame type: Ethernet II, hardware address: 8061-6c2c-975d
Description: GigabitEthernet1/0/40 Interface
Bandwidth: 1000000 kbps
Loopback is not set
Media type is twisted pair
Port hardware type is 1000_BASE_T
Unknown-speed mode, unknown-duplex mode
Link speed type is autonegotiation, link duplex type is autonegotiation
Flow-control is not enabled
Maximum frame length: 12288
Allow jumbo frames to pass
Broadcast max-ratio: 100%
Multicast max-ratio: 100%
Unicast max-ratio: 100%
Known-unicast max-ratio: 100%
PVID: 1
MDI type: Automdix
Port link-type: Access
 Tagged VLANs:   None
 Untagged VLANs: 1
Port priority: 0
Last link flapping: Never
Last clearing of counters: Never
Current system time:2015-09-17 12:16:42
Last time when physical state changed to up:-
Last time when physical state changed to down:2013-01-01 00:00:53
 Peak input rate: 0 bytes/sec, at 2013-01-01 00:02:50 
 Peak output rate: 0 bytes/sec, at 2013-01-01 00:02:50 
 Last 300 seconds input: 0 packets/sec 0 bytes/sec -%
 Last 300 seconds output: 0 packets/sec 0 bytes/sec -%
 Input (total):  0 packets, 0 bytes
         0 unicasts, 0 broadcasts, 0 multicasts, 0 pauses
 Input (normal):  0 packets, - bytes
         0 unicasts, 0 broadcasts, 0 multicasts, 0 pauses
 Input:  0 input errors, 0 runts, 0 giants, 0 throttles
         0 CRC, 0 frame, - overruns, 0 aborts
         - ignored, - parity errors
 Output (total): 0 packets, 0 bytes
         0 unicasts, 0 broadcasts, 0 multicasts, 0 pauses
 Output (normal): 0 packets, - bytes
         0 unicasts, 0 broadcasts, 0 multicasts, 0 pauses
 Output: 0 output errors, - underruns, - buffer failures
         0 aborts, 0 deferred, 0 collisions, 0 late collisions
         0 lost carrier, - no carrier
IPv4 traffic statistics:
 Last 300 seconds input rate: 0 packets/sec, 0 bytes/sec
 Last 300 seconds output rate: 0 packets/sec, 0 bytes/sec
 Input: 0 packets, 0 bytes
 Output: 0 packets, 0 bytes
IPv6 traffic statistics:
 Last 300 seconds input rate: 0 packets/sec, 0 bytes/sec
 Last 300 seconds output rate: 0 packets/sec, 0 bytes/sec
 Input: 0 packets, 0 bytes
 Output: 0 packets, 0 bytes

GigabitEthernet1/0/41
Current state: DOWN
Line protocol state: DOWN
IP packet frame type: Ethernet II, hardware address: 8061-6c2c-975e
Description: GigabitEthernet1/0/41 Interface
Bandwidth: 1000000 kbps
Loopback is not set
Media type is twisted pair
Port hardware type is 1000_BASE_T
Unknown-speed mode, unknown-duplex mode
Link speed type is autonegotiation, link duplex type is autonegotiation
Flow-control is not enabled
Maximum frame length: 12288
Allow jumbo frames to pass
Broadcast max-ratio: 100%
Multicast max-ratio: 100%
Unicast max-ratio: 100%
Known-unicast max-ratio: 100%
PVID: 1
MDI type: Automdix
Port link-type: Access
 Tagged VLANs:   None
 Untagged VLANs: 1
Port priority: 0
Last link flapping: Never
Last clearing of counters: Never
Current system time:2015-09-17 12:16:42
Last time when physical state changed to up:-
Last time when physical state changed to down:2013-01-01 00:00:53
 Peak input rate: 0 bytes/sec, at 2013-01-01 00:02:50 
 Peak output rate: 0 bytes/sec, at 2013-01-01 00:02:50 
 Last 300 seconds input: 0 packets/sec 0 bytes/sec -%
 Last 300 seconds output: 0 packets/sec 0 bytes/sec -%
 Input (total):  0 packets, 0 bytes
         0 unicasts, 0 broadcasts, 0 multicasts, 0 pauses
 Input (normal):  0 packets, - bytes
         0 unicasts, 0 broadcasts, 0 multicasts, 0 pauses
 Input:  0 input errors, 0 runts, 0 giants, 0 throttles
         0 CRC, 0 frame, - overruns, 0 aborts
         - ignored, - parity errors
 Output (total): 0 packets, 0 bytes
         0 unicasts, 0 broadcasts, 0 multicasts, 0 pauses
 Output (normal): 0 packets, - bytes
         0 unicasts, 0 broadcasts, 0 multicasts, 0 pauses
 Output: 0 output errors, - underruns, - buffer failures
         0 aborts, 0 deferred, 0 collisions, 0 late collisions
         0 lost carrier, - no carrier
IPv4 traffic statistics:
 Last 300 seconds input rate: 0 packets/sec, 0 bytes/sec
 Last 300 seconds output rate: 0 packets/sec, 0 bytes/sec
 Input: 0 packets, 0 bytes
 Output: 0 packets, 0 bytes
IPv6 traffic statistics:
 Last 300 seconds input rate: 0 packets/sec, 0 bytes/sec
 Last 300 seconds output rate: 0 packets/sec, 0 bytes/sec
 Input: 0 packets, 0 bytes
 Output: 0 packets, 0 bytes

GigabitEthernet1/0/42
Current state: DOWN
Line protocol state: DOWN
IP packet frame type: Ethernet II, hardware address: 8061-6c2c-975f
Description: GigabitEthernet1/0/42 Interface
Bandwidth: 1000000 kbps
Loopback is not set
Media type is twisted pair
Port hardware type is 1000_BASE_T
Unknown-speed mode, unknown-duplex mode
Link speed type is autonegotiation, link duplex type is autonegotiation
Flow-control is not enabled
Maximum frame length: 12288
Allow jumbo frames to pass
Broadcast max-ratio: 100%
Multicast max-ratio: 100%
Unicast max-ratio: 100%
Known-unicast max-ratio: 100%
PVID: 1
MDI type: Automdix
Port link-type: Access
 Tagged VLANs:   None
 Untagged VLANs: 1
Port priority: 0
Last link flapping: Never
Last clearing of counters: Never
Current system time:2015-09-17 12:16:42
Last time when physical state changed to up:-
Last time when physical state changed to down:2013-01-01 00:00:53
 Peak input rate: 0 bytes/sec, at 2013-01-01 00:02:50 
 Peak output rate: 0 bytes/sec, at 2013-01-01 00:02:50 
 Last 300 seconds input: 0 packets/sec 0 bytes/sec -%
 Last 300 seconds output: 0 packets/sec 0 bytes/sec -%
 Input (total):  0 packets, 0 bytes
         0 unicasts, 0 broadcasts, 0 multicasts, 0 pauses
 Input (normal):  0 packets, - bytes
         0 unicasts, 0 broadcasts, 0 multicasts, 0 pauses
 Input:  0 input errors, 0 runts, 0 giants, 0 throttles
         0 CRC, 0 frame, - overruns, 0 aborts
         - ignored, - parity errors
 Output (total): 0 packets, 0 bytes
         0 unicasts, 0 broadcasts, 0 multicasts, 0 pauses
 Output (normal): 0 packets, - bytes
         0 unicasts, 0 broadcasts, 0 multicasts, 0 pauses
 Output: 0 output errors, - underruns, - buffer failures
         0 aborts, 0 deferred, 0 collisions, 0 late collisions
         0 lost carrier, - no carrier
IPv4 traffic statistics:
 Last 300 seconds input rate: 0 packets/sec, 0 bytes/sec
 Last 300 seconds output rate: 0 packets/sec, 0 bytes/sec
 Input: 0 packets, 0 bytes
 Output: 0 packets, 0 bytes
IPv6 traffic statistics:
 Last 300 seconds input rate: 0 packets/sec, 0 bytes/sec
 Last 300 seconds output rate: 0 packets/sec, 0 bytes/sec
 Input: 0 packets, 0 bytes
 Output: 0 packets, 0 bytes

GigabitEthernet1/0/43
Current state: DOWN
Line protocol state: DOWN
IP packet frame type: Ethernet II, hardware address: 8061-6c2c-9760
Description: GigabitEthernet1/0/43 Interface
Bandwidth: 1000000 kbps
Loopback is not set
Media type is twisted pair
Port hardware type is 1000_BASE_T
Unknown-speed mode, unknown-duplex mode
