<XZ_LS_WG_S5554S-EI-D_2>screen-length 0 temporary
                                      ^
 % Unrecognized command found at '^' position.
<XZ_LS_WG_S5554S-EI-D_2>display version
H3C Comware Software, Version 7.1.070, Release 1115
Copyright (c) 2004-2022 New H3C Technologies Co., Ltd. All rights reserved.
H3C S5554S-EI-D uptime is 121 weeks, 0 days, 12 hours, 7 minutes
Last reboot reason : Cold reboot

Boot image: flash:/s5500_ei_d-cmw710-boot-r1115.bin
Boot image version: 7.1.070, Release 1115
  Compiled Oct 14 2022 11:00:00
System image: flash:/s5500_ei_d-cmw710-system-r1115.bin
System image version: 7.1.070, Release 1115
  Compiled Oct 14 2022 11:00:00


Slot 1:
Uptime is 121 weeks,0 days,12 hours,7 minutes
S5554S-EI-D with 1 Processor
BOARD TYPE:         S5554S-EI-D
DRAM:               1024M bytes
FLASH:              256M bytes
PCB 1 Version:      VER.A
Bootrom Version:    110
CPLD 1 Version:     004
Release Version:    H3C S5554S-EI-D-1115
Patch Version  :    None
Reboot Cause  :     ColdReboot
[SubSlot 0] 48GE+6SFP Plus
<XZ_LS_WG_S5554S-EI-D_2>display device
Slot Type              State    Subslot  Soft Ver             Patch Ver
1    S5554S-EI-D       Master   0        S5500_EI_D-1115      None      
<XZ_LS_WG_S5554S-EI-D_2>display startup
MainBoard:
 Current startup saved-configuration file: flash:/startup.cfg(*)
 Next main startup saved-configuration file: flash:/startup.cfg
 Next backup startup saved-configuration file: NULL
<XZ_LS_WG_S5554S-EI-D_2>dis cpu-usage
Slot 1 CPU 0 CPU usage:
       4% in last 5 seconds
       6% in last 1 minute
       4% in last 5 minutes

<XZ_LS_WG_S5554S-EI-D_2>dis memory
Memory statistics are measured in KB:
Slot 1: 
             Total      Used      Free    Shared   Buffers    Cached   FreeRatio
Mem:        991732    454400    537332         0      1472    182916       55.0%
-/+ Buffers/Cache:    270012    721720
Swap:            0         0         0

<XZ_LS_WG_S5554S-EI-D_2>display interface
Bridge-Aggregation86
Current state: UP
Line protocol state: UP
IP packet frame type: Ethernet II, hardware address: 8061-6c2d-81b0
Description: TO IBCF03-GW02-ETH 86
Bandwidth: 1000000 kbps
1Gbps-speed mode, full-duplex mode
Link speed type is autonegotiation, link duplex type is autonegotiation
PVID: 4000
Port link-type: Access
 Tagged VLANs:   None
 Untagged VLANs: 4000
Last clearing of counters: Never
Last 300 seconds input:  1 packets/sec 160 bytes/sec 0%
Last 300 seconds output:  2 packets/sec 204 bytes/sec 0%
Input (total):  12597218 packets, 1395809753 bytes
        124681 unicasts, 78 broadcasts, 12472459 multicasts, 0 pauses
Input (normal):  12597218 packets, - bytes
        124681 unicasts, 78 broadcasts, 12472459 multicasts, 0 pauses
Input:  0 input errors, 0 runts, 0 giants, 0 throttles
        0 CRC, 0 frame, - overruns, 0 aborts
        - ignored, - parity errors
Output (total): 17512003 packets, 1755500934 bytes
        124305 unicasts, 146 broadcasts, 17387552 multicasts, 0 pauses
Output (normal): 17512003 packets, - bytes
        124305 unicasts, 146 broadcasts, 17387552 multicasts, 0 pauses
Output: 0 output errors, - underruns, - buffer failures
        0 aborts, 0 deferred, 0 collisions, 0 late collisions
        0 lost carrier, - no carrier

GigabitEthernet1/0/1
Current state: UP
Line protocol state: UP
IP packet frame type: Ethernet II, hardware address: 8061-6c2d-817e
Description: TO yiyangwangguan_1
Bandwidth: 100000 kbps
Loopback is not set
Media type is twisted pair
Port hardware type is 1000_BASE_T
100Mbps-speed mode, full-duplex mode
Link speed type is autonegotiation, link duplex type is autonegotiation
Flow-control is not enabled
Maximum frame length: 12288
Allow jumbo frames to pass
Broadcast max-ratio: 100%
Multicast max-ratio: 100%
Unicast max-ratio: 100%
Known-unicast max-ratio: 100%
PVID: 201
MDI type: Automdix
Port link-type: Access
 Tagged VLANs:   None
 Untagged VLANs: 201
Port priority: 0
Last link flapping: 6 weeks 5 days 16 hours 6 minutes
Last clearing of counters: Never
Current system time:2015-04-28 12:08:07
Last time when physical state changed to up:2015-03-11 20:01:15
Last time when physical state changed to down:2015-03-11 20:01:04
 Peak input rate: 3998048985 bytes/sec, at 2015-04-28 11:07:52 
 Peak output rate: 150406986551 bytes/sec, at 2015-04-28 11:07:52 
 Last 300 seconds input: 315 packets/sec 25255 bytes/sec 0%
 Last 300 seconds output: 1159 packets/sec 875576 bytes/sec 7%
 Input (total):  18076219452 packets, 1366626999388 bytes
         18066456492 unicasts, 26 broadcasts, 9762932 multicasts, 0 pauses
 Input (normal):  18076219450 packets, - bytes
         18066456492 unicasts, 26 broadcasts, 9762932 multicasts, 0 pauses
 Input:  2 input errors, 0 runts, 0 giants, 0 throttles
         2 CRC, 0 frame, - overruns, 0 aborts
         - ignored, - parity errors
 Output (total): 66198380682 packets, 51411606071972 bytes
         66159328077 unicasts, 2 broadcasts, 39052603 multicasts, 0 pauses
 Output (normal): 66198380682 packets, - bytes
         66159328077 unicasts, 2 broadcasts, 39052603 multicasts, 0 pauses
 Output: 0 output errors, - underruns, - buffer failures
         0 aborts, 0 deferred, 0 collisions, 0 late collisions
         0 lost carrier, - no carrier
IPv4 traffic statistics:
 Last 300 seconds input rate: 0 packets/sec, 0 bytes/sec
 Last 300 seconds output rate: 0 packets/sec, 0 bytes/sec
 Input: 0 packets, 0 bytes
 Output: 0 packets, 0 bytes
IPv6 traffic statistics:
 Last 300 seconds input rate: 0 packets/sec, 0 bytes/sec
 Last 300 seconds output rate: 0 packets/sec, 0 bytes/sec
 Input: 0 packets, 0 bytes
 Output: 0 packets, 0 bytes

GigabitEthernet1/0/2
Current state: UP
Line protocol state: UP
IP packet frame type: Ethernet II, hardware address: 8061-6c2d-817f
Description: TO yiyangwangguan_2
Bandwidth: 1000000 kbps
Loopback is not set
Media type is twisted pair
Port hardware type is 1000_BASE_T
1000Mbps-speed mode, full-duplex mode
Link speed type is autonegotiation, link duplex type is autonegotiation
Flow-control is not enabled
Maximum frame length: 12288
Allow jumbo frames to pass
Broadcast max-ratio: 100%
Multicast max-ratio: 100%
Unicast max-ratio: 100%
Known-unicast max-ratio: 100%
PVID: 202
MDI type: Automdix
Port link-type: Access
 Tagged VLANs:   None
 Untagged VLANs: 202
Port priority: 0
Last link flapping: 28 weeks 2 days 11 hours 3 minutes
Last clearing of counters: Never
Current system time:2015-04-28 12:08:07
Last time when physical state changed to up:2014-10-12 01:03:56
Last time when physical state changed to down:2014-10-12 01:02:45
 Peak input rate: 55218119 bytes/sec, at 2015-04-22 04:36:29 
 Peak output rate: 16076897 bytes/sec, at 2015-04-27 13:52:38 
 Last 300 seconds input: 0 packets/sec 10 bytes/sec 0%
 Last 300 seconds output: 0 packets/sec 76 bytes/sec 0%
 Input (total):  155390551 packets, 18869876921 bytes
         152949800 unicasts, 13 broadcasts, 2440738 multicasts, 0 pauses
 Input (normal):  155390551 packets, - bytes
         152949800 unicasts, 13 broadcasts, 2440738 multicasts, 0 pauses
 Input:  0 input errors, 0 runts, 0 giants, 0 throttles
         0 CRC, 0 frame, - overruns, 0 aborts
         - ignored, - parity errors
 Output (total): 40968698 packets, 5506478035 bytes
         1916081 unicasts, 1 broadcasts, 39052616 multicasts, 0 pauses
 Output (normal): 40968698 packets, - bytes
         1916081 unicasts, 1 broadcasts, 39052616 multicasts, 0 pauses
 Output: 0 output errors, - underruns, - buffer failures
         0 aborts, 0 deferred, 0 collisions, 0 late collisions
         0 lost carrier, - no carrier
IPv4 traffic statistics:
 Last 300 seconds input rate: 0 packets/sec, 0 bytes/sec
 Last 300 seconds output rate: 0 packets/sec, 0 bytes/sec
 Input: 0 packets, 0 bytes
 Output: 0 packets, 0 bytes
IPv6 traffic statistics:
 Last 300 seconds input rate: 0 packets/sec, 0 bytes/sec
 Last 300 seconds output rate: 0 packets/sec, 0 bytes/sec
 Input: 0 packets, 0 bytes
 Output: 0 packets, 0 bytes

GigabitEthernet1/0/3
Current state: UP
Line protocol state: UP
IP packet frame type: Ethernet II, hardware address: 8061-6c2d-8180
Description: TO XZ_LS_E200S E0/0/1
Bandwidth: 1000000 kbps
Loopback is not set
Media type is twisted pair
Port hardware type is 1000_BASE_T
1000Mbps-speed mode, full-duplex mode
Link speed type is autonegotiation, link duplex type is autonegotiation
Flow-control is not enabled
Maximum frame length: 12288
Allow jumbo frames to pass
Broadcast max-ratio: 100%
Multicast max-ratio: 100%
Unicast max-ratio: 100%
Known-unicast max-ratio: 100%
PVID: 200
MDI type: Automdix
Port link-type: Access
 Tagged VLANs:   None
 Untagged VLANs: 200
Port priority: 0
Last link flapping: 121 weeks 0 days 12 hours 4 minutes
Last clearing of counters: Never
Current system time:2015-04-28 12:08:07
Last time when physical state changed to up:2013-01-01 00:02:42
Last time when physical state changed to down:2013-01-01 00:00:52
 Peak input rate: 124027564902 bytes/sec, at 2015-04-27 06:02:29 
 Peak output rate: 18337987646 bytes/sec, at 2015-04-26 17:37:26 
 Last 300 seconds input: 838 packets/sec 755684 bytes/sec 1%
 Last 300 seconds output: 283 packets/sec 30137 bytes/sec 0%
 Input (total):  49116324411 packets, 42458175708307 bytes
         49101931338 unicasts, 8 broadcasts, 14393065 multicasts, 0 pauses
 Input (normal):  49116324411 packets, - bytes
         49101931338 unicasts, 8 broadcasts, 14393065 multicasts, 0 pauses
 Input:  0 input errors, 0 runts, 0 giants, 0 throttles
         0 CRC, 0 frame, - overruns, 0 aborts
         - ignored, - parity errors
 Output (total): 20583970272 packets, 6270660883894 bytes
         20533087638 unicasts, 0 broadcasts, 50882634 multicasts, 0 pauses
 Output (normal): 20583970272 packets, - bytes
         20533087638 unicasts, 0 broadcasts, 50882634 multicasts, 0 pauses
 Output: 0 output errors, - underruns, - buffer failures
         0 aborts, 0 deferred, 0 collisions, 0 late collisions
         0 lost carrier, - no carrier
IPv4 traffic statistics:
 Last 300 seconds input rate: 0 packets/sec, 0 bytes/sec
 Last 300 seconds output rate: 0 packets/sec, 0 bytes/sec
 Input: 0 packets, 0 bytes
 Output: 0 packets, 0 bytes
IPv6 traffic statistics:
 Last 300 seconds input rate: 0 packets/sec, 0 bytes/sec
 Last 300 seconds output rate: 0 packets/sec, 0 bytes/sec
 Input: 0 packets, 0 bytes
 Output: 0 packets, 0 bytes

GigabitEthernet1/0/4
Current state: UP
Line protocol state: UP
IP packet frame type: Ethernet II, hardware address: 8061-6c2d-8181
Description: to_LDRA-1
Bandwidth: 1000000 kbps
Loopback is not set
Media type is twisted pair
Port hardware type is 1000_BASE_T
1000Mbps-speed mode, full-duplex mode
Link speed type is autonegotiation, link duplex type is autonegotiation
Flow-control is not enabled
Maximum frame length: 12288
Allow jumbo frames to pass
Broadcast max-ratio: 100%
Multicast max-ratio: 100%
Unicast max-ratio: 100%
Known-unicast max-ratio: 100%
PVID: 203
MDI type: Automdix
Port link-type: Access
 Tagged VLANs:   None
 Untagged VLANs: 203
Port priority: 0
Last link flapping: 121 weeks 0 days 12 hours 4 minutes
Last clearing of counters: Never
Current system time:2015-04-28 12:08:07
Last time when physical state changed to up:2013-01-01 00:02:43
Last time when physical state changed to down:2013-01-01 00:00:52
 Peak input rate: 84371736 bytes/sec, at 2015-04-28 06:02:42 
 Peak output rate: 118268051 bytes/sec, at 2015-04-28 09:52:46 
 Last 300 seconds input: 4 packets/sec 878 bytes/sec 0%
 Last 300 seconds output: 5 packets/sec 3556 bytes/sec 0%
 Input (total):  162779136 packets, 28849136092 bytes
         154416244 unicasts, 8362892 broadcasts, 0 multicasts, 0 pauses
 Input (normal):  162779136 packets, - bytes
         154416244 unicasts, 8362892 broadcasts, 0 multicasts, 0 pauses
 Input:  0 input errors, 0 runts, 0 giants, 0 throttles
         0 CRC, 0 frame, - overruns, 0 aborts
         - ignored, - parity errors
 Output (total): 180590898 packets, 40454030016 bytes
         57208980 unicasts, 11105028 broadcasts, 112276890 multicasts, 0 pauses
 Output (normal): 180590898 packets, - bytes
         57208980 unicasts, 11105028 broadcasts, 112276890 multicasts, 0 pauses
 Output: 0 output errors, - underruns, - buffer failures
         0 aborts, 0 deferred, 0 collisions, 0 late collisions
         0 lost carrier, - no carrier
IPv4 traffic statistics:
 Last 300 seconds input rate: 0 packets/sec, 0 bytes/sec
 Last 300 seconds output rate: 0 packets/sec, 0 bytes/sec
 Input: 0 packets, 0 bytes
 Output: 0 packets, 0 bytes
IPv6 traffic statistics:
 Last 300 seconds input rate: 0 packets/sec, 0 bytes/sec
 Last 300 seconds output rate: 0 packets/sec, 0 bytes/sec
 Input: 0 packets, 0 bytes
 Output: 0 packets, 0 bytes

GigabitEthernet1/0/5
Current state: UP
Line protocol state: UP
IP packet frame type: Ethernet II, hardware address: 8061-6c2d-8182
Description: to_LDRA-1
Bandwidth: 1000000 kbps
Loopback is not set
Media type is twisted pair
Port hardware type is 1000_BASE_T
1000Mbps-speed mode, full-duplex mode
Link speed type is autonegotiation, link duplex type is autonegotiation
Flow-control is not enabled
Maximum frame length: 12288
Allow jumbo frames to pass
Broadcast max-ratio: 100%
Multicast max-ratio: 100%
Unicast max-ratio: 100%
Known-unicast max-ratio: 100%
PVID: 204
MDI type: Automdix
Port link-type: Access
 Tagged VLANs:   None
 Untagged VLANs: 204
Port priority: 0
Last link flapping: 121 weeks 0 days 12 hours 4 minutes
Last clearing of counters: Never
Current system time:2015-04-28 12:08:07
Last time when physical state changed to up:2013-01-01 00:02:43
Last time when physical state changed to down:2013-01-01 00:00:52
 Peak input rate: 8402239 bytes/sec, at 2015-04-28 05:52:44 
 Peak output rate: 43555461 bytes/sec, at 2015-04-28 05:52:44 
 Last 300 seconds input: 0 packets/sec 39 bytes/sec 0%
 Last 300 seconds output: 2 packets/sec 203 bytes/sec 0%
 Input (total):  24335958 packets, 2871643044 bytes
         24335958 unicasts, 0 broadcasts, 0 multicasts, 0 pauses
 Input (normal):  24335958 packets, - bytes
         24335958 unicasts, 0 broadcasts, 0 multicasts, 0 pauses
 Input:  0 input errors, 0 runts, 0 giants, 0 throttles
         0 CRC, 0 frame, - overruns, 0 aborts
         - ignored, - parity errors
 Output (total): 168243069 packets, 14885999687 bytes
         24332785 unicasts, 31633713 broadcasts, 112276571 multicasts, 0 pauses
 Output (normal): 168243069 packets, - bytes
         24332785 unicasts, 31633713 broadcasts, 112276571 multicasts, 0 pauses
 Output: 0 output errors, - underruns, - buffer failures
         0 aborts, 0 deferred, 0 collisions, 0 late collisions
         0 lost carrier, - no carrier
IPv4 traffic statistics:
 Last 300 seconds input rate: 0 packets/sec, 0 bytes/sec
 Last 300 seconds output rate: 0 packets/sec, 0 bytes/sec
 Input: 0 packets, 0 bytes
 Output: 0 packets, 0 bytes
IPv6 traffic statistics:
 Last 300 seconds input rate: 0 packets/sec, 0 bytes/sec
 Last 300 seconds output rate: 0 packets/sec, 0 bytes/sec
 Input: 0 packets, 0 bytes
 Output: 0 packets, 0 bytes

GigabitEthernet1/0/6
Current state: UP
Line protocol state: UP
IP packet frame type: Ethernet II, hardware address: 8061-6c2d-8183
Description: GigabitEthernet1/0/6 Interface
Bandwidth: 100000 kbps
Loopback is not set
Media type is twisted pair
Port hardware type is 1000_BASE_T
100Mbps-speed mode, full-duplex mode
Link speed type is autonegotiation, link duplex type is autonegotiation
Flow-control is not enabled
Maximum frame length: 12288
Allow jumbo frames to pass
Broadcast max-ratio: 100%
Multicast max-ratio: 100%
Unicast max-ratio: 100%
Known-unicast max-ratio: 100%
PVID: 260
MDI type: Automdix
Port link-type: Access
 Tagged VLANs:   None
 Untagged VLANs: 260
Port priority: 0
Last link flapping: 112 weeks 2 days 12 hours 32 minutes
Last clearing of counters: Never
Current system time:2015-04-28 12:08:07
Last time when physical state changed to up:2013-03-02 23:34:22
Last time when physical state changed to down:2013-03-02 23:34:20
 Peak input rate: 48423842 bytes/sec, at 2015-04-24 17:17:02 
 Peak output rate: 65181184 bytes/sec, at 2015-04-28 05:27:46 
 Last 300 seconds input: 0 packets/sec 276 bytes/sec 0%
 Last 300 seconds output: 4 packets/sec 306 bytes/sec 0%
 Input (total):  49694134 packets, 16636627056 bytes
         49638080 unicasts, 56054 broadcasts, 0 multicasts, 0 pauses
 Input (normal):  49694134 packets, - bytes
         49638080 unicasts, 56054 broadcasts, 0 multicasts, 0 pauses
 Input:  0 input errors, 0 runts, 0 giants, 0 throttles
         0 CRC, 0 frame, - overruns, 0 aborts
         - ignored, - parity errors
 Output (total): 298693529 packets, 22282862523 bytes
         57079404 unicasts, 129337215 broadcasts, 112276910 multicasts, 0 pauses
 Output (normal): 298693529 packets, - bytes
         57079404 unicasts, 129337215 broadcasts, 112276910 multicasts, 0 pauses
 Output: 0 output errors, - underruns, - buffer failures
         0 aborts, 0 deferred, 0 collisions, 0 late collisions
         0 lost carrier, - no carrier
IPv4 traffic statistics:
 Last 300 seconds input rate: 0 packets/sec, 0 bytes/sec
 Last 300 seconds output rate: 0 packets/sec, 0 bytes/sec
 Input: 0 packets, 0 bytes
 Output: 0 packets, 0 bytes
IPv6 traffic statistics:
 Last 300 seconds input rate: 0 packets/sec, 0 bytes/sec
 Last 300 seconds output rate: 0 packets/sec, 0 bytes/sec
 Input: 0 packets, 0 bytes
 Output: 0 packets, 0 bytes

GigabitEthernet1/0/7
Current state: UP
Line protocol state: UP
IP packet frame type: Ethernet II, hardware address: 8061-6c2d-8184
Description: GigabitEthernet1/0/7 Interface
Bandwidth: 1000000 kbps
Loopback is not set
Media type is twisted pair
Port hardware type is 1000_BASE_T
1000Mbps-speed mode, full-duplex mode
Link speed type is autonegotiation, link duplex type is autonegotiation
Flow-control is not enabled
Maximum frame length: 12288
Allow jumbo frames to pass
Broadcast max-ratio: 100%
Multicast max-ratio: 100%
Unicast max-ratio: 100%
Known-unicast max-ratio: 100%
PVID: 207
MDI type: Automdix
Port link-type: Access
 Tagged VLANs:   None
 Untagged VLANs: 207
Port priority: 0
Last link flapping: 121 weeks 0 days 12 hours 4 minutes
Last clearing of counters: Never
Current system time:2015-04-28 12:08:07
Last time when physical state changed to up:2013-01-01 00:02:43
Last time when physical state changed to down:2013-01-01 00:00:52
 Peak input rate: 1142299118 bytes/sec, at 2015-04-28 02:02:50 
 Peak output rate: 1430046410 bytes/sec, at 2015-04-28 02:57:44 
 Last 300 seconds input: 24 packets/sec 3160 bytes/sec 0%
 Last 300 seconds output: 16 packets/sec 4396 bytes/sec 0%
 Input (total):  2334751941 packets, 390670708506 bytes
         2256725668 unicasts, 0 broadcasts, 78026273 multicasts, 0 pauses
 Input (normal):  2334751941 packets, - bytes
         2256725668 unicasts, 0 broadcasts, 78026273 multicasts, 0 pauses
 Input:  0 input errors, 0 runts, 0 giants, 0 throttles
         0 CRC, 0 frame, - overruns, 0 aborts
         - ignored, - parity errors
 Output (total): 1778985280 packets, 488857869292 bytes
         1666708404 unicasts, 4 broadcasts, 112276872 multicasts, 0 pauses
 Output (normal): 1778985280 packets, - bytes
         1666708404 unicasts, 4 broadcasts, 112276872 multicasts, 0 pauses
 Output: 0 output errors, - underruns, - buffer failures
         0 aborts, 0 deferred, 0 collisions, 0 late collisions
         0 lost carrier, - no carrier
IPv4 traffic statistics:
 Last 300 seconds input rate: 0 packets/sec, 0 bytes/sec
 Last 300 seconds output rate: 0 packets/sec, 0 bytes/sec
 Input: 0 packets, 0 bytes
 Output: 0 packets, 0 bytes
IPv6 traffic statistics:
 Last 300 seconds input rate: 0 packets/sec, 0 bytes/sec
 Last 300 seconds output rate: 0 packets/sec, 0 bytes/sec
 Input: 0 packets, 0 bytes
 Output: 0 packets, 0 bytes

GigabitEthernet1/0/8
Current state: UP
Line protocol state: UP
IP packet frame type: Ethernet II, hardware address: 8061-6c2d-8185
Description: GigabitEthernet1/0/8 Interface
Bandwidth: 1000000 kbps
Loopback is not set
Media type is twisted pair
Port hardware type is 1000_BASE_T
1000Mbps-speed mode, full-duplex mode
Link speed type is autonegotiation, link duplex type is autonegotiation
Flow-control is not enabled
Maximum frame length: 12288
Allow jumbo frames to pass
Broadcast max-ratio: 100%
Multicast max-ratio: 100%
Unicast max-ratio: 100%
Known-unicast max-ratio: 100%
PVID: 208
MDI type: Automdix
Port link-type: Access
 Tagged VLANs:   None
 Untagged VLANs: 208
Port priority: 0
Last link flapping: 121 weeks 0 days 12 hours 4 minutes
Last clearing of counters: Never
Current system time:2015-04-28 12:08:07
Last time when physical state changed to up:2013-01-01 00:02:43
Last time when physical state changed to down:2013-01-01 00:00:52
 Peak input rate: 24090382258 bytes/sec, at 2015-04-28 01:37:52 
 Peak output rate: 959491474 bytes/sec, at 2015-04-27 19:47:40 
 Last 300 seconds input: 76 packets/sec 99325 bytes/sec 0%
 Last 300 seconds output: 48 packets/sec 4506 bytes/sec 0%
 Input (total):  6284131430 packets, 8245773840736 bytes
         6284127363 unicasts, 3759 broadcasts, 308 multicasts, 0 pauses
 Input (normal):  6284131430 packets, - bytes
         6284127363 unicasts, 3759 broadcasts, 308 multicasts, 0 pauses
 Input:  0 input errors, 0 runts, 0 giants, 0 throttles
         0 CRC, 0 frame, - overruns, 0 aborts
         - ignored, - parity errors
 Output (total): 3497964796 packets, 328335565577 bytes
         3312513803 unicasts, 608993 broadcasts, 184842000 multicasts, 0 pauses
 Output (normal): 3497964796 packets, - bytes
         3312513803 unicasts, 608993 broadcasts, 184842000 multicasts, 0 pauses
 Output: 0 output errors, - underruns, - buffer failures
         0 aborts, 0 deferred, 0 collisions, 0 late collisions
         0 lost carrier, - no carrier
IPv4 traffic statistics:
 Last 300 seconds input rate: 0 packets/sec, 0 bytes/sec
 Last 300 seconds output rate: 0 packets/sec, 0 bytes/sec
 Input: 0 packets, 0 bytes
 Output: 0 packets, 0 bytes
IPv6 traffic statistics:
 Last 300 seconds input rate: 0 packets/sec, 0 bytes/sec
 Last 300 seconds output rate: 0 packets/sec, 0 bytes/sec
 Input: 0 packets, 0 bytes
 Output: 0 packets, 0 bytes

GigabitEthernet1/0/9
Current state: UP
Line protocol state: UP
IP packet frame type: Ethernet II, hardware address: 8061-6c2d-8186
Description: to_IM-MGW01
Bandwidth: 100000 kbps
Loopback is not set
Media type is twisted pair
Port hardware type is 1000_BASE_T
100Mbps-speed mode, full-duplex mode
Link speed type is autonegotiation, link duplex type is autonegotiation
Flow-control is not enabled
Maximum frame length: 12288
Allow jumbo frames to pass
Broadcast max-ratio: 100%
Multicast max-ratio: 100%
Unicast max-ratio: 100%
Known-unicast max-ratio: 100%
PVID: 230
MDI type: Automdix
Port link-type: Access
 Tagged VLANs:   None
 Untagged VLANs: 230
Port priority: 0
Last link flapping: 121 weeks 0 days 12 hours 4 minutes
Last clearing of counters: Never
Current system time:2015-04-28 12:08:07
Last time when physical state changed to up:2013-01-01 00:02:41
Last time when physical state changed to down:2013-01-01 00:00:52
 Peak input rate: 0 bytes/sec, at 2013-01-01 00:02:42 
 Peak output rate: 29185386 bytes/sec, at 2015-04-26 15:37:24 
 Last 300 seconds input: 0 packets/sec 0 bytes/sec 0%
 Last 300 seconds output: 1 packets/sec 137 bytes/sec 0%
 Input (total):  0 packets, 0 bytes
         0 unicasts, 0 broadcasts, 0 multicasts, 0 pauses
 Input (normal):  0 packets, - bytes
         0 unicasts, 0 broadcasts, 0 multicasts, 0 pauses
 Input:  0 input errors, 0 runts, 0 giants, 0 throttles
         0 CRC, 0 frame, - overruns, 0 aborts
         - ignored, - parity errors
 Output (total): 112344061 packets, 9999431360 bytes
         5980 unicasts, 61508 broadcasts, 112276573 multicasts, 0 pauses
 Output (normal): 112344061 packets, - bytes
         5980 unicasts, 61508 broadcasts, 112276573 multicasts, 0 pauses
 Output: 0 output errors, - underruns, - buffer failures
         0 aborts, 0 deferred, 0 collisions, 0 late collisions
         0 lost carrier, - no carrier
IPv4 traffic statistics:
 Last 300 seconds input rate: 0 packets/sec, 0 bytes/sec
 Last 300 seconds output rate: 0 packets/sec, 0 bytes/sec
 Input: 0 packets, 0 bytes
 Output: 0 packets, 0 bytes
IPv6 traffic statistics:
 Last 300 seconds input rate: 0 packets/sec, 0 bytes/sec
 Last 300 seconds output rate: 0 packets/sec, 0 bytes/sec
 Input: 0 packets, 0 bytes
 Output: 0 packets, 0 bytes

GigabitEthernet1/0/10
Current state: UP
Line protocol state: UP
IP packet frame type: Ethernet II, hardware address: 8061-6c2d-8187
Description: LSNPHLR01BHW-0-2/2/0
Bandwidth: 1000000 kbps
Loopback is not set
Media type is twisted pair
Port hardware type is 1000_BASE_T
1000Mbps-speed mode, full-duplex mode
Link speed type is autonegotiation, link duplex type is autonegotiation
Flow-control is not enabled
Maximum frame length: 12288
Allow jumbo frames to pass
Broadcast max-ratio: 100%
Multicast max-ratio: 100%
Unicast max-ratio: 100%
Known-unicast max-ratio: 100%
PVID: 260
MDI type: Automdix
Port link-type: Access
 Tagged VLANs:   None
 Untagged VLANs: 260
Port priority: 0
Last link flapping: 121 weeks 0 days 12 hours 4 minutes
Last clearing of counters: Never
Current system time:2015-04-28 12:08:07
Last time when physical state changed to up:2013-01-01 00:02:44
Last time when physical state changed to down:2013-01-01 00:00:52
 Peak input rate: 36532527 bytes/sec, at 2015-04-27 08:27:30 
 Peak output rate: 55799212 bytes/sec, at 2015-04-27 08:27:30 
 Last 300 seconds input: 1 packets/sec 166 bytes/sec 0%
 Last 300 seconds output: 3 packets/sec 260 bytes/sec 0%
 Input (total):  89172481 packets, 12506697739 bytes
         81240033 unicasts, 7932448 broadcasts, 0 multicasts, 0 pauses
 Input (normal):  89172481 packets, - bytes
         81240033 unicasts, 7932448 broadcasts, 0 multicasts, 0 pauses
 Input:  0 input errors, 0 runts, 0 giants, 0 throttles
         0 CRC, 0 frame, - overruns, 0 aborts
         - ignored, - parity errors
 Output (total): 253943573 packets, 19102703394 bytes
         20205777 unicasts, 121460864 broadcasts, 112276932 multicasts, 0 pauses
 Output (normal): 253943573 packets, - bytes
         20205777 unicasts, 121460864 broadcasts, 112276932 multicasts, 0 pauses
 Output: 0 output errors, - underruns, - buffer failures
         0 aborts, 0 deferred, 0 collisions, 0 late collisions
         0 lost carrier, - no carrier
IPv4 traffic statistics:
 Last 300 seconds input rate: 0 packets/sec, 0 bytes/sec
 Last 300 seconds output rate: 0 packets/sec, 0 bytes/sec
 Input: 0 packets, 0 bytes
 Output: 0 packets, 0 bytes
IPv6 traffic statistics:
 Last 300 seconds input rate: 0 packets/sec, 0 bytes/sec
 Last 300 seconds output rate: 0 packets/sec, 0 bytes/sec
 Input: 0 packets, 0 bytes
 Output: 0 packets, 0 bytes

GigabitEthernet1/0/11
Current state: UP
Line protocol state: UP
IP packet frame type: Ethernet II, hardware address: 8061-6c2d-8188
Description: GigabitEthernet1/0/11 Interface
Bandwidth: 1000000 kbps
Loopback is not set
Media type is twisted pair
Port hardware type is 1000_BASE_T
1000Mbps-speed mode, full-duplex mode
Link speed type is autonegotiation, link duplex type is autonegotiation
Flow-control is not enabled
Maximum frame length: 12288
Allow jumbo frames to pass
Broadcast max-ratio: 100%
Multicast max-ratio: 100%
Unicast max-ratio: 100%
Known-unicast max-ratio: 100%
PVID: 209
MDI type: Automdix
Port link-type: Access
 Tagged VLANs:   None
 Untagged VLANs: 209
Port priority: 0
Last link flapping: 121 weeks 0 days 12 hours 4 minutes
Last clearing of counters: Never
Current system time:2015-04-28 12:08:07
Last time when physical state changed to up:2013-01-01 00:02:43
Last time when physical state changed to down:2013-01-01 00:00:52
 Peak input rate: 1979705064 bytes/sec, at 2015-04-28 06:27:40 
 Peak output rate: 469543306 bytes/sec, at 2015-04-28 06:27:40 
 Last 300 seconds input: 16 packets/sec 3945 bytes/sec 0%
 Last 300 seconds output: 4 packets/sec 2341 bytes/sec 0%
 Input (total):  1156204820 packets, 677062551123 bytes
         1144922795 unicasts, 11282014 broadcasts, 11 multicasts, 0 pauses
 Input (normal):  1156204820 packets, - bytes
         1144922795 unicasts, 11282014 broadcasts, 11 multicasts, 0 pauses
 Input:  0 input errors, 0 runts, 0 giants, 0 throttles
         0 CRC, 0 frame, - overruns, 0 aborts
         - ignored, - parity errors
 Output (total): 469743361 packets, 160583938124 bytes
         349243903 unicasts, 8222562 broadcasts, 112276896 multicasts, 0 pauses
 Output (normal): 469743361 packets, - bytes
         349243903 unicasts, 8222562 broadcasts, 112276896 multicasts, 0 pauses
 Output: 0 output errors, - underruns, - buffer failures
         0 aborts, 0 deferred, 0 collisions, 0 late collisions
         0 lost carrier, - no carrier
IPv4 traffic statistics:
 Last 300 seconds input rate: 0 packets/sec, 0 bytes/sec
 Last 300 seconds output rate: 0 packets/sec, 0 bytes/sec
 Input: 0 packets, 0 bytes
 Output: 0 packets, 0 bytes
IPv6 traffic statistics:
 Last 300 seconds input rate: 0 packets/sec, 0 bytes/sec
 Last 300 seconds output rate: 0 packets/sec, 0 bytes/sec
 Input: 0 packets, 0 bytes
 Output: 0 packets, 0 bytes

GigabitEthernet1/0/12
Current state: UP
Line protocol state: UP
IP packet frame type: Ethernet II, hardware address: 8061-6c2d-8189
Description: GigabitEthernet1/0/12 Interface
Bandwidth: 100000 kbps
Loopback is not set
Media type is twisted pair
Port hardware type is 1000_BASE_T
100Mbps-speed mode, full-duplex mode
Link speed type is autonegotiation, link duplex type is autonegotiation
Flow-control is not enabled
Maximum frame length: 12288
Allow jumbo frames to pass
Broadcast max-ratio: 100%
Multicast max-ratio: 100%
Unicast max-ratio: 100%
Known-unicast max-ratio: 100%
PVID: 210
MDI type: Automdix
Port link-type: Access
 Tagged VLANs:   None
 Untagged VLANs: 210
Port priority: 0
Last link flapping: 71 weeks 2 days 12 hours 29 minutes
Last clearing of counters: Never
Current system time:2015-04-28 12:08:07
Last time when physical state changed to up:2013-12-14 23:38:04
Last time when physical state changed to down:2013-12-14 23:37:53
 Peak input rate: 36434523 bytes/sec, at 2015-04-26 05:22:22 
 Peak output rate: 42795289 bytes/sec, at 2015-04-26 19:17:31 
 Last 300 seconds input: 1 packets/sec 182 bytes/sec 0%
 Last 300 seconds output: 3 packets/sec 269 bytes/sec 0%
 Input (total):  61844609 packets, 12483993732 bytes
         58491416 unicasts, 3353193 broadcasts, 0 multicasts, 0 pauses
 Input (normal):  61844609 packets, - bytes
         58491416 unicasts, 3353193 broadcasts, 0 multicasts, 0 pauses
 Input:  0 input errors, 0 runts, 0 giants, 0 throttles
         0 CRC, 0 frame, - overruns, 0 aborts
         - ignored, - parity errors
 Output (total): 170134535 packets, 14674656087 bytes
         57560789 unicasts, 297372 broadcasts, 112276374 multicasts, 0 pauses
 Output (normal): 170134535 packets, - bytes
         57560789 unicasts, 297372 broadcasts, 112276374 multicasts, 0 pauses
 Output: 0 output errors, - underruns, - buffer failures
         0 aborts, 0 deferred, 0 collisions, 0 late collisions
         0 lost carrier, - no carrier
IPv4 traffic statistics:
 Last 300 seconds input rate: 0 packets/sec, 0 bytes/sec
 Last 300 seconds output rate: 0 packets/sec, 0 bytes/sec
 Input: 0 packets, 0 bytes
 Output: 0 packets, 0 bytes
IPv6 traffic statistics:
 Last 300 seconds input rate: 0 packets/sec, 0 bytes/sec
 Last 300 seconds output rate: 0 packets/sec, 0 bytes/sec
 Input: 0 packets, 0 bytes
 Output: 0 packets, 0 bytes

GigabitEthernet1/0/13
Current state: UP
Line protocol state: UP
IP packet frame type: Ethernet II, hardware address: 8061-6c2d-818a
Description: LSNPMSC01BHW-0-2/2/0
Bandwidth: 1000000 kbps
Loopback is not set
Media type is twisted pair
Port hardware type is 1000_BASE_T
1000Mbps-speed mode, full-duplex mode
Link speed type is autonegotiation, link duplex type is autonegotiation
Flow-control is not enabled
Maximum frame length: 12288
Allow jumbo frames to pass
Broadcast max-ratio: 100%
Multicast max-ratio: 100%
Unicast max-ratio: 100%
Known-unicast max-ratio: 100%
PVID: 260
MDI type: Automdix
Port link-type: Access
 Tagged VLANs:   None
 Untagged VLANs: 260
Port priority: 0
Last link flapping: 121 weeks 0 days 12 hours 4 minutes
Last clearing of counters: Never
Current system time:2015-04-28 12:08:07
Last time when physical state changed to up:2013-01-01 00:02:44
Last time when physical state changed to down:2013-01-01 00:00:52
 Peak input rate: 304645825 bytes/sec, at 2015-04-27 19:12:37 
 Peak output rate: 56197708 bytes/sec, at 2015-04-27 19:12:37 
 Last 300 seconds input: 9 packets/sec 2086 bytes/sec 0%
 Last 300 seconds output: 3 packets/sec 259 bytes/sec 0%
 Input (total):  486812787 packets, 104301287805 bytes
         478880372 unicasts, 7932409 broadcasts, 6 multicasts, 0 pauses
 Input (normal):  486812787 packets, - bytes
         478880372 unicasts, 7932409 broadcasts, 6 multicasts, 0 pauses
 Input:  0 input errors, 0 runts, 0 giants, 0 throttles
         0 CRC, 0 frame, - overruns, 0 aborts
         - ignored, - parity errors
 Output (total): 254523047 packets, 19231799450 bytes
         20785220 unicasts, 121460902 broadcasts, 112276925 multicasts, 0 pauses
 Output (normal): 254523047 packets, - bytes
         20785220 unicasts, 121460902 broadcasts, 112276925 multicasts, 0 pauses
 Output: 0 output errors, - underruns, - buffer failures
         0 aborts, 0 deferred, 0 collisions, 0 late collisions
         0 lost carrier, - no carrier
IPv4 traffic statistics:
 Last 300 seconds input rate: 0 packets/sec, 0 bytes/sec
 Last 300 seconds output rate: 0 packets/sec, 0 bytes/sec
 Input: 0 packets, 0 bytes
 Output: 0 packets, 0 bytes
IPv6 traffic statistics:
 Last 300 seconds input rate: 0 packets/sec, 0 bytes/sec
 Last 300 seconds output rate: 0 packets/sec, 0 bytes/sec
 Input: 0 packets, 0 bytes
 Output: 0 packets, 0 bytes

GigabitEthernet1/0/14
Current state: UP
Line protocol state: UP
IP packet frame type: Ethernet II, hardware address: 8061-6c2d-818b
Description: to_SBC2900
Bandwidth: 1000000 kbps
Loopback is not set
Media type is twisted pair
Port hardware type is 1000_BASE_T
1000Mbps-speed mode, full-duplex mode
Link speed type is autonegotiation, link duplex type is autonegotiation
Flow-control is not enabled
Maximum frame length: 12288
Allow jumbo frames to pass
Broadcast max-ratio: 100%
Multicast max-ratio: 100%
Unicast max-ratio: 100%
Known-unicast max-ratio: 100%
PVID: 220
MDI type: Automdix
Port link-type: Access
 Tagged VLANs:   None
 Untagged VLANs: 220
Port priority: 0
Last link flapping: 121 weeks 0 days 12 hours 4 minutes
Last clearing of counters: Never
Current system time:2015-04-28 12:08:07
Last time when physical state changed to up:2013-01-01 00:02:44
Last time when physical state changed to down:2013-01-01 00:00:52
 Peak input rate: 321814212 bytes/sec, at 2015-04-27 17:02:38 
 Peak output rate: 358163834 bytes/sec, at 2015-04-27 17:02:38 
 Last 300 seconds input: 1 packets/sec 1502 bytes/sec 0%
 Last 300 seconds output: 3 packets/sec 1672 bytes/sec 0%
 Input (total):  88843839 packets, 110106845883 bytes
         84584262 unicasts, 4259577 broadcasts, 0 multicasts, 0 pauses
 Input (normal):  88843839 packets, - bytes
         84584262 unicasts, 4259577 broadcasts, 0 multicasts, 0 pauses
 Input:  0 input errors, 0 runts, 0 giants, 0 throttles
         0 CRC, 0 frame, - overruns, 0 aborts
         - ignored, - parity errors
 Output (total): 239511776 packets, 122543673099 bytes
         92485950 unicasts, 34748913 broadcasts, 112276913 multicasts, 0 pauses
 Output (normal): 239511776 packets, - bytes
         92485950 unicasts, 34748913 broadcasts, 112276913 multicasts, 0 pauses
 Output: 0 output errors, - underruns, - buffer failures
         0 aborts, 0 deferred, 0 collisions, 0 late collisions
         0 lost carrier, - no carrier
IPv4 traffic statistics:
 Last 300 seconds input rate: 0 packets/sec, 0 bytes/sec
 Last 300 seconds output rate: 0 packets/sec, 0 bytes/sec
 Input: 0 packets, 0 bytes
 Output: 0 packets, 0 bytes
IPv6 traffic statistics:
 Last 300 seconds input rate: 0 packets/sec, 0 bytes/sec
 Last 300 seconds output rate: 0 packets/sec, 0 bytes/sec
 Input: 0 packets, 0 bytes
 Output: 0 packets, 0 bytes

GigabitEthernet1/0/15
Current state: UP
Line protocol state: UP
IP packet frame type: Ethernet II, hardware address: 8061-6c2d-818c
Description: to LSASBC01-5-OMC
Bandwidth: 1000000 kbps
Loopback is not set
Media type is twisted pair
Port hardware type is 1000_BASE_T
1000Mbps-speed mode, full-duplex mode
Link speed type is autonegotiation, link duplex type is autonegotiation
Flow-control is not enabled
Maximum frame length: 12288
Allow jumbo frames to pass
Broadcast max-ratio: 100%
Multicast max-ratio: 100%
Unicast max-ratio: 100%
Known-unicast max-ratio: 100%
PVID: 260
MDI type: Automdix
Port link-type: Access
 Tagged VLANs:   None
 Untagged VLANs: 260
Port priority: 0
Last link flapping: 121 weeks 0 days 12 hours 4 minutes
Last clearing of counters: Never
Current system time:2015-04-28 12:08:07
Last time when physical state changed to up:2013-01-01 00:02:44
Last time when physical state changed to down:2013-01-01 00:00:52
 Peak input rate: 632729132 bytes/sec, at 2015-04-27 15:32:37 
 Peak output rate: 380359280 bytes/sec, at 2015-04-27 15:32:37 
 Last 300 seconds input: 15 packets/sec 3586 bytes/sec 0%
 Last 300 seconds output: 4 packets/sec 1768 bytes/sec 0%
 Input (total):  911720918 packets, 216557100893 bytes
         906840393 unicasts, 4880509 broadcasts, 16 multicasts, 0 pauses
 Input (normal):  911720918 packets, - bytes
         906840393 unicasts, 4880509 broadcasts, 16 multicasts, 0 pauses
 Input:  0 input errors, 0 runts, 0 giants, 0 throttles
         0 CRC, 0 frame, - overruns, 0 aborts
         - ignored, - parity errors
 Output (total): 330002983 packets, 130149728509 bytes
         93213264 unicasts, 124512804 broadcasts, 112276915 multicasts, 0 pauses
 Output (normal): 330002983 packets, - bytes
         93213264 unicasts, 124512804 broadcasts, 112276915 multicasts, 0 pauses
 Output: 0 output errors, - underruns, - buffer failures
         0 aborts, 0 deferred, 0 collisions, 0 late collisions
         0 lost carrier, - no carrier
IPv4 traffic statistics:
 Last 300 seconds input rate: 0 packets/sec, 0 bytes/sec
 Last 300 seconds output rate: 0 packets/sec, 0 bytes/sec
 Input: 0 packets, 0 bytes
 Output: 0 packets, 0 bytes
IPv6 traffic statistics:
 Last 300 seconds input rate: 0 packets/sec, 0 bytes/sec
 Last 300 seconds output rate: 0 packets/sec, 0 bytes/sec
 Input: 0 packets, 0 bytes
 Output: 0 packets, 0 bytes

GigabitEthernet1/0/16
Current state: UP
Line protocol state: UP
IP packet frame type: Ethernet II, hardware address: 8061-6c2d-818d
Description: LSNPHLR01BHW-0-12/4/0
Bandwidth: 1000000 kbps
Loopback is not set
Media type is twisted pair
Port hardware type is 1000_BASE_T
1000Mbps-speed mode, full-duplex mode
Link speed type is autonegotiation, link duplex type is autonegotiation
Flow-control is not enabled
Maximum frame length: 12288
Allow jumbo frames to pass
Broadcast max-ratio: 100%
Multicast max-ratio: 100%
Unicast max-ratio: 100%
Known-unicast max-ratio: 100%
PVID: 260
MDI type: Automdix
Port link-type: Access
 Tagged VLANs:   None
 Untagged VLANs: 260
Port priority: 0
Last link flapping: 121 weeks 0 days 12 hours 4 minutes
Last clearing of counters: Never
Current system time:2015-04-28 12:08:07
Last time when physical state changed to up:2013-01-01 00:02:44
Last time when physical state changed to down:2013-01-01 00:00:52
 Peak input rate: 14949810 bytes/sec, at 2015-04-27 03:37:34 
 Peak output rate: 61376185 bytes/sec, at 2015-04-27 03:37:34 
 Last 300 seconds input: 0 packets/sec 67 bytes/sec 0%
 Last 300 seconds output: 3 packets/sec 282 bytes/sec 0%
 Input (total):  59109306 packets, 5117367879 bytes
         27369445 unicasts, 31739861 broadcasts, 0 multicasts, 0 pauses
 Input (normal):  59109306 packets, - bytes
         27369445 unicasts, 31739861 broadcasts, 0 multicasts, 0 pauses
 Input:  0 input errors, 0 runts, 0 giants, 0 throttles
         0 CRC, 0 frame, - overruns, 0 aborts
         - ignored, - parity errors
 Output (total): 261811786 packets, 21010139708 bytes
         51881407 unicasts, 97653449 broadcasts, 112276930 multicasts, 0 pauses
 Output (normal): 261811786 packets, - bytes
         51881407 unicasts, 97653449 broadcasts, 112276930 multicasts, 0 pauses
 Output: 0 output errors, - underruns, - buffer failures
         0 aborts, 0 deferred, 0 collisions, 0 late collisions
         0 lost carrier, - no carrier
IPv4 traffic statistics:
 Last 300 seconds input rate: 0 packets/sec, 0 bytes/sec
 Last 300 seconds output rate: 0 packets/sec, 0 bytes/sec
 Input: 0 packets, 0 bytes
 Output: 0 packets, 0 bytes
IPv6 traffic statistics:
 Last 300 seconds input rate: 0 packets/sec, 0 bytes/sec
 Last 300 seconds output rate: 0 packets/sec, 0 bytes/sec
 Input: 0 packets, 0 bytes
 Output: 0 packets, 0 bytes

GigabitEthernet1/0/17
Current state: UP
Line protocol state: UP
IP packet frame type: Ethernet II, hardware address: 8061-6c2d-818e
Description: GigabitEthernet1/0/17 Interface
Bandwidth: 1000000 kbps
Loopback is not set
Media type is twisted pair
Port hardware type is 1000_BASE_T
1000Mbps-speed mode, full-duplex mode
Link speed type is autonegotiation, link duplex type is autonegotiation
Flow-control is not enabled
Maximum frame length: 12288
Allow jumbo frames to pass
Broadcast max-ratio: 100%
Multicast max-ratio: 100%
Unicast max-ratio: 100%
Known-unicast max-ratio: 100%
PVID: 250
MDI type: Automdix
Port link-type: Access
 Tagged VLANs:   None
 Untagged VLANs: 250
Port priority: 0
Last link flapping: 121 weeks 0 days 12 hours 4 minutes
Last clearing of counters: Never
Current system time:2015-04-28 12:08:08
Last time when physical state changed to up:2013-01-01 00:02:43
Last time when physical state changed to down:2013-01-01 00:00:52
 Peak input rate: 1963762473 bytes/sec, at 2015-04-26 17:57:23 
 Peak output rate: 470597724 bytes/sec, at 2015-04-26 17:57:23 
 Last 300 seconds input: 15 packets/sec 3903 bytes/sec 0%
 Last 300 seconds output: 4 packets/sec 2342 bytes/sec 0%
 Input (total):  1133264702 packets, 672319734902 bytes
         1121979166 unicasts, 11285528 broadcasts, 8 multicasts, 0 pauses
 Input (normal):  1133264702 packets, - bytes
         1121979166 unicasts, 11285528 broadcasts, 8 multicasts, 0 pauses
 Input:  0 input errors, 0 runts, 0 giants, 0 throttles
         0 CRC, 0 frame, - overruns, 0 aborts
         - ignored, - parity errors
 Output (total): 475471197 packets, 161276200028 bytes
         351338735 unicasts, 11855572 broadcasts, 112276890 multicasts, 0 pauses
 Output (normal): 475471197 packets, - bytes
         351338735 unicasts, 11855572 broadcasts, 112276890 multicasts, 0 pauses
 Output: 0 output errors, - underruns, - buffer failures
         0 aborts, 0 deferred, 0 collisions, 0 late collisions
         0 lost carrier, - no carrier
IPv4 traffic statistics:
 Last 300 seconds input rate: 0 packets/sec, 0 bytes/sec
 Last 300 seconds output rate: 0 packets/sec, 0 bytes/sec
 Input: 0 packets, 0 bytes
 Output: 0 packets, 0 bytes
IPv6 traffic statistics:
 Last 300 seconds input rate: 0 packets/sec, 0 bytes/sec
 Last 300 seconds output rate: 0 packets/sec, 0 bytes/sec
 Input: 0 packets, 0 bytes
 Output: 0 packets, 0 bytes

GigabitEthernet1/0/18
Current state: UP
Line protocol state: UP
IP packet frame type: Ethernet II, hardware address: 8061-6c2d-818f
Description: LSNPMSC01BHW-0-12/4/0
Bandwidth: 1000000 kbps
Loopback is not set
Media type is twisted pair
Port hardware type is 1000_BASE_T
1000Mbps-speed mode, full-duplex mode
Link speed type is autonegotiation, link duplex type is autonegotiation
Flow-control is not enabled
Maximum frame length: 12288
Allow jumbo frames to pass
Broadcast max-ratio: 100%
Multicast max-ratio: 100%
Unicast max-ratio: 100%
Known-unicast max-ratio: 100%
PVID: 260
MDI type: Automdix
Port link-type: Access
 Tagged VLANs:   None
 Untagged VLANs: 260
Port priority: 0
Last link flapping: 121 weeks 0 days 12 hours 4 minutes
Last clearing of counters: Never
Current system time:2015-04-28 12:08:08
Last time when physical state changed to up:2013-01-01 00:02:44
Last time when physical state changed to down:2013-01-01 00:00:52
 Peak input rate: 15255797 bytes/sec, at 2015-04-27 17:52:35 
 Peak output rate: 61574207 bytes/sec, at 2015-04-27 17:52:35 
 Last 300 seconds input: 0 packets/sec 67 bytes/sec 0%
 Last 300 seconds output: 3 packets/sec 283 bytes/sec 0%
 Input (total):  59600979 packets, 5218474994 bytes
         27861124 unicasts, 31739855 broadcasts, 0 multicasts, 0 pauses
 Input (normal):  59600979 packets, - bytes
         27861124 unicasts, 31739855 broadcasts, 0 multicasts, 0 pauses
 Input:  0 input errors, 0 runts, 0 giants, 0 throttles
         0 CRC, 0 frame, - overruns, 0 aborts
         - ignored, - parity errors
 Output (total): 262202356 packets, 21063182280 bytes
         52271973 unicasts, 97653451 broadcasts, 112276932 multicasts, 0 pauses
 Output (normal): 262202356 packets, - bytes
         52271973 unicasts, 97653451 broadcasts, 112276932 multicasts, 0 pauses
 Output: 0 output errors, - underruns, - buffer failures
         0 aborts, 0 deferred, 0 collisions, 0 late collisions
         0 lost carrier, - no carrier
IPv4 traffic statistics:
 Last 300 seconds input rate: 0 packets/sec, 0 bytes/sec
 Last 300 seconds output rate: 0 packets/sec, 0 bytes/sec
 Input: 0 packets, 0 bytes
 Output: 0 packets, 0 bytes
IPv6 traffic statistics:
 Last 300 seconds input rate: 0 packets/sec, 0 bytes/sec
 Last 300 seconds output rate: 0 packets/sec, 0 bytes/sec
 Input: 0 packets, 0 bytes
 Output: 0 packets, 0 bytes

GigabitEthernet1/0/19
Current state: UP
Line protocol state: UP
IP packet frame type: Ethernet II, hardware address: 8061-6c2d-8190
Description: GigabitEthernet1/0/19 Interface
Bandwidth: 1000000 kbps
Loopback is not set
Media type is twisted pair
Port hardware type is 1000_BASE_T
1000Mbps-speed mode, full-duplex mode
Link speed type is autonegotiation, link duplex type is autonegotiation
Flow-control is not enabled
Maximum frame length: 12288
Allow jumbo frames to pass
Broadcast max-ratio: 100%
Multicast max-ratio: 100%
Unicast max-ratio: 100%
Known-unicast max-ratio: 100%
PVID: 250
MDI type: Automdix
Port link-type: Access
 Tagged VLANs:   None
 Untagged VLANs: 250
Port priority: 0
Last link flapping: 121 weeks 0 days 12 hours 4 minutes
Last clearing of counters: Never
Current system time:2015-04-28 12:08:08
Last time when physical state changed to up:2013-01-01 00:02:43
Last time when physical state changed to down:2013-01-01 00:00:52
 Peak input rate: 23304323 bytes/sec, at 2015-04-27 22:27:40 
 Peak output rate: 45582368 bytes/sec, at 2015-04-27 12:27:33 
 Last 300 seconds input: 1 packets/sec 143 bytes/sec 0%
 Last 300 seconds output: 3 packets/sec 273 bytes/sec 0%
 Input (total):  57091948 packets, 7974335035 bytes
         53738774 unicasts, 3353174 broadcasts, 0 multicasts, 0 pauses
 Input (normal):  57091948 packets, - bytes
         53738774 unicasts, 3353174 broadcasts, 0 multicasts, 0 pauses
 Input:  0 input errors, 0 runts, 0 giants, 0 throttles
         0 CRC, 0 frame, - overruns, 0 aborts
         - ignored, - parity errors
 Output (total): 185374496 packets, 15601887005 bytes
         53309676 unicasts, 19787922 broadcasts, 112276898 multicasts, 0 pauses
 Output (normal): 185374496 packets, - bytes
         53309676 unicasts, 19787922 broadcasts, 112276898 multicasts, 0 pauses
 Output: 0 output errors, - underruns, - buffer failures
         0 aborts, 0 deferred, 0 collisions, 0 late collisions
         0 lost carrier, - no carrier
IPv4 traffic statistics:
 Last 300 seconds input rate: 0 packets/sec, 0 bytes/sec
 Last 300 seconds output rate: 0 packets/sec, 0 bytes/sec
 Input: 0 packets, 0 bytes
 Output: 0 packets, 0 bytes
IPv6 traffic statistics:
 Last 300 seconds input rate: 0 packets/sec, 0 bytes/sec
 Last 300 seconds output rate: 0 packets/sec, 0 bytes/sec
 Input: 0 packets, 0 bytes
 Output: 0 packets, 0 bytes

GigabitEthernet1/0/20
Current state: UP
Line protocol state: UP
IP packet frame type: Ethernet II, hardware address: 8061-6c2d-8191
Description: GigabitEthernet1/0/20 Interface
Bandwidth: 1000000 kbps
Loopback is not set
Media type is twisted pair
Port hardware type is 1000_BASE_T
1000Mbps-speed mode, full-duplex mode
Link speed type is autonegotiation, link duplex type is autonegotiation
Flow-control is not enabled
Maximum frame length: 12288
Allow jumbo frames to pass
Broadcast max-ratio: 100%
Multicast max-ratio: 100%
Unicast max-ratio: 100%
Known-unicast max-ratio: 100%
PVID: 220
MDI type: Automdix
Port link-type: Access
 Tagged VLANs:   None
 Untagged VLANs: 220
Port priority: 0
Last link flapping: 63 weeks 2 days 12 hours 1 minutes
Last clearing of counters: Never
Current system time:2015-04-28 12:08:08
Last time when physical state changed to up:2014-02-09 00:06:30
Last time when physical state changed to down:2014-02-09 00:06:27
 Peak input rate: 879912548 bytes/sec, at 2015-04-27 07:02:30 
 Peak output rate: 43649907 bytes/sec, at 2015-04-27 07:02:30 
 Last 300 seconds input: 26 packets/sec 5531 bytes/sec 0%
 Last 300 seconds output: 2 packets/sec 182 bytes/sec 0%
 Input (total):  1455876356 packets, 301382190538 bytes
         1447916040 unicasts, 7960299 broadcasts, 17 multicasts, 0 pauses
 Input (normal):  1455876356 packets, - bytes
         1447916040 unicasts, 7960299 broadcasts, 17 multicasts, 0 pauses
 Input:  0 input errors, 0 runts, 0 giants, 0 throttles
         0 CRC, 0 frame, - overruns, 0 aborts
         - ignored, - parity errors
 Output (total): 170915188 packets, 14941056414 bytes
         27590240 unicasts, 31048162 broadcasts, 112276786 multicasts, 0 pauses
 Output (normal): 170915188 packets, - bytes
         27590240 unicasts, 31048162 broadcasts, 112276786 multicasts, 0 pauses
 Output: 0 output errors, - underruns, - buffer failures
         0 aborts, 0 deferred, 0 collisions, 0 late collisions
         0 lost carrier, - no carrier
IPv4 traffic statistics:
 Last 300 seconds input rate: 0 packets/sec, 0 bytes/sec
 Last 300 seconds output rate: 0 packets/sec, 0 bytes/sec
 Input: 0 packets, 0 bytes
 Output: 0 packets, 0 bytes
IPv6 traffic statistics:
 Last 300 seconds input rate: 0 packets/sec, 0 bytes/sec
 Last 300 seconds output rate: 0 packets/sec, 0 bytes/sec
 Input: 0 packets, 0 bytes
 Output: 0 packets, 0 bytes

GigabitEthernet1/0/21
Current state: UP
Line protocol state: UP
IP packet frame type: Ethernet II, hardware address: 8061-6c2d-8192
Description: GigabitEthernet1/0/21 Interface
Bandwidth: 1000000 kbps
Loopback is not set
Media type is twisted pair
Port hardware type is 1000_BASE_T
1000Mbps-speed mode, full-duplex mode
Link speed type is autonegotiation, link duplex type is autonegotiation
Flow-control is not enabled
Maximum frame length: 12288
Allow jumbo frames to pass
Broadcast max-ratio: 100%
Multicast max-ratio: 100%
Unicast max-ratio: 100%
Known-unicast max-ratio: 100%
PVID: 206
MDI type: Automdix
Port link-type: Access
 Tagged VLANs:   None
 Untagged VLANs: 206
Port priority: 0
Last link flapping: 121 weeks 0 days 12 hours 4 minutes
Last clearing of counters: Never
Current system time:2015-04-28 12:08:08
Last time when physical state changed to up:2013-01-01 00:02:43
Last time when physical state changed to down:2013-01-01 00:00:52
 Peak input rate: 554878895 bytes/sec, at 2015-04-26 11:52:21 
 Peak output rate: 190258916 bytes/sec, at 2015-04-26 11:52:21 
 Last 300 seconds input: 5 packets/sec 1377 bytes/sec 0%
 Last 300 seconds output: 4 packets/sec 2652 bytes/sec 0%
 Input (total):  347954805 packets, 189964173164 bytes
         339017370 unicasts, 8937428 broadcasts, 7 multicasts, 0 pauses
 Input (normal):  347954805 packets, - bytes
         339017370 unicasts, 8937428 broadcasts, 7 multicasts, 0 pauses
 Input:  0 input errors, 0 runts, 0 giants, 0 throttles
         0 CRC, 0 frame, - overruns, 0 aborts
         - ignored, - parity errors
 Output (total): 254578367 packets, 65503777616 bytes
         131769581 unicasts, 10531883 broadcasts, 112276903 multicasts, 0 pauses
 Output (normal): 254578367 packets, - bytes
         131769581 unicasts, 10531883 broadcasts, 112276903 multicasts, 0 pauses
 Output: 0 output errors, - underruns, - buffer failures
         0 aborts, 0 deferred, 0 collisions, 0 late collisions
         0 lost carrier, - no carrier
IPv4 traffic statistics:
 Last 300 seconds input rate: 0 packets/sec, 0 bytes/sec
 Last 300 seconds output rate: 0 packets/sec, 0 bytes/sec
 Input: 0 packets, 0 bytes
 Output: 0 packets, 0 bytes
IPv6 traffic statistics:
 Last 300 seconds input rate: 0 packets/sec, 0 bytes/sec
 Last 300 seconds output rate: 0 packets/sec, 0 bytes/sec
 Input: 0 packets, 0 bytes
 Output: 0 packets, 0 bytes

GigabitEthernet1/0/22
Current state: UP
Line protocol state: UP
IP packet frame type: Ethernet II, hardware address: 8061-6c2d-8193
Description: GigabitEthernet1/0/22 Interface
Bandwidth: 100000 kbps
Loopback is not set
Media type is twisted pair
Port hardware type is 1000_BASE_T
100Mbps-speed mode, full-duplex mode
Link speed type is autonegotiation, link duplex type is autonegotiation
Flow-control is not enabled
Maximum frame length: 12288
Allow jumbo frames to pass
Broadcast max-ratio: 100%
Multicast max-ratio: 100%
Unicast max-ratio: 100%
Known-unicast max-ratio: 100%
PVID: 220
MDI type: Automdix
Port link-type: Access
 Tagged VLANs:   None
 Untagged VLANs: 220
Port priority: 0
Last link flapping: 26 weeks 2 days 12 hours 19 minutes
Last clearing of counters: Never
Current system time:2015-04-28 12:08:08
Last time when physical state changed to up:2014-10-25 23:48:47
Last time when physical state changed to down:2014-10-25 23:48:45
 Peak input rate: 11013717 bytes/sec, at 2015-04-26 02:07:19 
 Peak output rate: 39287529 bytes/sec, at 2015-04-27 23:12:40 
 Last 300 seconds input: 0 packets/sec 358 bytes/sec 0%
 Last 300 seconds output: 2 packets/sec 218 bytes/sec 0%
 Input (total):  11069908 packets, 3813264811 bytes
         11056621 unicasts, 13287 broadcasts, 0 multicasts, 0 pauses
 Input (normal):  11069908 packets, - bytes
         11056621 unicasts, 13287 broadcasts, 0 multicasts, 0 pauses
 Input:  0 input errors, 0 runts, 0 giants, 0 throttles
         0 CRC, 0 frame, - overruns, 0 aborts
         - ignored, - parity errors
 Output (total): 163628377 packets, 13437743240 bytes
         12356394 unicasts, 38995165 broadcasts, 112276818 multicasts, 0 pauses
 Output (normal): 163628377 packets, - bytes
         12356394 unicasts, 38995165 broadcasts, 112276818 multicasts, 0 pauses
 Output: 0 output errors, - underruns, - buffer failures
         0 aborts, 0 deferred, 0 collisions, 0 late collisions
         0 lost carrier, - no carrier
IPv4 traffic statistics:
 Last 300 seconds input rate: 0 packets/sec, 0 bytes/sec
 Last 300 seconds output rate: 0 packets/sec, 0 bytes/sec
 Input: 0 packets, 0 bytes
 Output: 0 packets, 0 bytes
IPv6 traffic statistics:
 Last 300 seconds input rate: 0 packets/sec, 0 bytes/sec
 Last 300 seconds output rate: 0 packets/sec, 0 bytes/sec
 Input: 0 packets, 0 bytes
 Output: 0 packets, 0 bytes

GigabitEthernet1/0/23
Current state: UP
Line protocol state: UP
IP packet frame type: Ethernet II, hardware address: 8061-6c2d-8194
Description: GigabitEthernet1/0/23 Interface
Bandwidth: 1000000 kbps
Loopback is not set
Media type is twisted pair
Port hardware type is 1000_BASE_T
1000Mbps-speed mode, full-duplex mode
Link speed type is autonegotiation, link duplex type is autonegotiation
Flow-control is not enabled
Maximum frame length: 12288
Allow jumbo frames to pass
Broadcast max-ratio: 100%
Multicast max-ratio: 100%
Unicast max-ratio: 100%
Known-unicast max-ratio: 100%
PVID: 205
MDI type: Automdix
Port link-type: Access
 Tagged VLANs:   None
 Untagged VLANs: 205
Port priority: 0
Last link flapping: 121 weeks 0 days 12 hours 4 minutes
Last clearing of counters: Never
Current system time:2015-04-28 12:08:08
Last time when physical state changed to up:2013-01-01 00:02:43
Last time when physical state changed to down:2013-01-01 00:00:52
 Peak input rate: 1583390568 bytes/sec, at 2015-04-27 16:52:40 
 Peak output rate: 538005498 bytes/sec, at 2015-04-27 16:52:40 
 Last 300 seconds input: 15 packets/sec 3934 bytes/sec 0%
 Last 300 seconds output: 4 packets/sec 2654 bytes/sec 0%
 Input (total):  955029871 packets, 541781406641 bytes
         943748719 unicasts, 11281141 broadcasts, 11 multicasts, 0 pauses
 Input (normal):  955029871 packets, - bytes
         943748719 unicasts, 11281141 broadcasts, 11 multicasts, 0 pauses
 Input:  0 input errors, 0 runts, 0 giants, 0 throttles
         0 CRC, 0 frame, - overruns, 0 aborts
         - ignored, - parity errors
 Output (total): 471549249 packets, 184174072736 bytes
         351049531 unicasts, 8222822 broadcasts, 112276896 multicasts, 0 pauses
 Output (normal): 471549249 packets, - bytes
         351049531 unicasts, 8222822 broadcasts, 112276896 multicasts, 0 pauses
 Output: 0 output errors, - underruns, - buffer failures
         0 aborts, 0 deferred, 0 collisions, 0 late collisions
         0 lost carrier, - no carrier
IPv4 traffic statistics:
 Last 300 seconds input rate: 0 packets/sec, 0 bytes/sec
 Last 300 seconds output rate: 0 packets/sec, 0 bytes/sec
 Input: 0 packets, 0 bytes
 Output: 0 packets, 0 bytes
IPv6 traffic statistics:
 Last 300 seconds input rate: 0 packets/sec, 0 bytes/sec
 Last 300 seconds output rate: 0 packets/sec, 0 bytes/sec
 Input: 0 packets, 0 bytes
 Output: 0 packets, 0 bytes

GigabitEthernet1/0/24
Current state: DOWN
Line protocol state: DOWN
IP packet frame type: Ethernet II, hardware address: 8061-6c2d-8195
Description: GigabitEthernet1/0/24 Interface
Bandwidth: 1000000 kbps
Loopback is not set
Media type is twisted pair
Port hardware type is 1000_BASE_T
Unknown-speed mode, unknown-duplex mode
Link speed type is autonegotiation, link duplex type is autonegotiation
Flow-control is not enabled
Maximum frame length: 12288
Allow jumbo frames to pass
Broadcast max-ratio: 100%
Multicast max-ratio: 100%
Unicast max-ratio: 100%
Known-unicast max-ratio: 100%
PVID: 1
MDI type: Automdix
Port link-type: Access
 Tagged VLANs:   None
 Untagged VLANs: 1
Port priority: 0
Last link flapping: Never
Last clearing of counters: Never
Current system time:2015-04-28 12:08:08
Last time when physical state changed to up:-
Last time when physical state changed to down:2013-01-01 00:00:52
 Peak input rate: 0 bytes/sec, at 2013-01-01 00:02:43 
 Peak output rate: 0 bytes/sec, at 2013-01-01 00:02:43 
 Last 300 seconds input: 0 packets/sec 0 bytes/sec -%
 Last 300 seconds output: 0 packets/sec 0 bytes/sec -%
 Input (total):  0 packets, 0 bytes
         0 unicasts, 0 broadcasts, 0 multicasts, 0 pauses
 Input (normal):  0 packets, - bytes
         0 unicasts, 0 broadcasts, 0 multicasts, 0 pauses
 Input:  0 input errors, 0 runts, 0 giants, 0 throttles
         0 CRC, 0 frame, - overruns, 0 aborts
         - ignored, - parity errors
 Output (total): 0 packets, 0 bytes
         0 unicasts, 0 broadcasts, 0 multicasts, 0 pauses
 Output (normal): 0 packets, - bytes
         0 unicasts, 0 broadcasts, 0 multicasts, 0 pauses
 Output: 0 output errors, - underruns, - buffer failures
         0 aborts, 0 deferred, 0 collisions, 0 late collisions
         0 lost carrier, - no carrier
IPv4 traffic statistics:
 Last 300 seconds input rate: 0 packets/sec, 0 bytes/sec
 Last 300 seconds output rate: 0 packets/sec, 0 bytes/sec
 Input: 0 packets, 0 bytes
 Output: 0 packets, 0 bytes
IPv6 traffic statistics:
 Last 300 seconds input rate: 0 packets/sec, 0 bytes/sec
 Last 300 seconds output rate: 0 packets/sec, 0 bytes/sec
 Input: 0 packets, 0 bytes
 Output: 0 packets, 0 bytes

GigabitEthernet1/0/25
Current state: UP
Line protocol state: UP
IP packet frame type: Ethernet II, hardware address: 8061-6c2d-8196
Description: GigabitEthernet1/0/25 Interface
Bandwidth: 1000000 kbps
Loopback is not set
Media type is twisted pair
Port hardware type is 1000_BASE_T
1000Mbps-speed mode, full-duplex mode
Link speed type is autonegotiation, link duplex type is autonegotiation
Flow-control is not enabled
Maximum frame length: 12288
Allow jumbo frames to pass
Broadcast max-ratio: 100%
Multicast max-ratio: 100%
Unicast max-ratio: 100%
Known-unicast max-ratio: 100%
PVID: 260
MDI type: Automdix
Port link-type: Access
 Tagged VLANs:   None
 Untagged VLANs: 260
Port priority: 0
Last link flapping: 121 weeks 0 days 12 hours 4 minutes
Last clearing of counters: Never
Current system time:2015-04-28 12:08:08
Last time when physical state changed to up:2013-01-01 00:02:43
Last time when physical state changed to down:2013-01-01 00:00:52
 Peak input rate: 805575 bytes/sec, at 2013-01-21 06:40:37 
 Peak output rate: 53629445 bytes/sec, at 2015-04-28 09:02:50 
 Last 300 seconds input: 0 packets/sec 0 bytes/sec 0%
 Last 300 seconds output: 3 packets/sec 249 bytes/sec 0%
 Input (total):  510957 packets, 769336736 bytes
         510821 unicasts, 136 broadcasts, 0 multicasts, 0 pauses
 Input (normal):  510957 packets, - bytes
         510821 unicasts, 136 broadcasts, 0 multicasts, 0 pauses
 Input:  0 input errors, 0 runts, 0 giants, 0 throttles
         0 CRC, 0 frame, - overruns, 0 aborts
         - ignored, - parity errors
 Output (total): 241709972 packets, 18346037558 bytes
         39867 unicasts, 129393172 broadcasts, 112276933 multicasts, 0 pauses
 Output (normal): 241709972 packets, - bytes
         39867 unicasts, 129393172 broadcasts, 112276933 multicasts, 0 pauses
 Output: 0 output errors, - underruns, - buffer failures
         0 aborts, 0 deferred, 0 collisions, 0 late collisions
         0 lost carrier, - no carrier
IPv4 traffic statistics:
 Last 300 seconds input rate: 0 packets/sec, 0 bytes/sec
 Last 300 seconds output rate: 0 packets/sec, 0 bytes/sec
 Input: 0 packets, 0 bytes
 Output: 0 packets, 0 bytes
IPv6 traffic statistics:
 Last 300 seconds input rate: 0 packets/sec, 0 bytes/sec
 Last 300 seconds output rate: 0 packets/sec, 0 bytes/sec
 Input: 0 packets, 0 bytes
 Output: 0 packets, 0 bytes

GigabitEthernet1/0/26
Current state: UP
Line protocol state: UP
IP packet frame type: Ethernet II, hardware address: 8061-6c2d-8197
Description: GigabitEthernet1/0/26 Interface
Bandwidth: 1000000 kbps
Loopback is not set
Media type is twisted pair
Port hardware type is 1000_BASE_T
1000Mbps-speed mode, full-duplex mode
Link speed type is autonegotiation, link duplex type is autonegotiation
Flow-control is not enabled
Maximum frame length: 12288
Allow jumbo frames to pass
Broadcast max-ratio: 100%
Multicast max-ratio: 100%
Unicast max-ratio: 100%
Known-unicast max-ratio: 100%
PVID: 260
MDI type: Automdix
Port link-type: Access
 Tagged VLANs:   None
 Untagged VLANs: 260
Port priority: 0
Last link flapping: 121 weeks 0 days 12 hours 4 minutes
Last clearing of counters: Never
Current system time:2015-04-28 12:08:08
Last time when physical state changed to up:2013-01-01 00:02:43
Last time when physical state changed to down:2013-01-01 00:00:52
 Peak input rate: 24707078 bytes/sec, at 2013-01-01 03:50:43 
 Peak output rate: 55608128 bytes/sec, at 2015-04-27 23:37:44 
 Last 300 seconds input: 0 packets/sec 0 bytes/sec 0%
 Last 300 seconds output: 3 packets/sec 249 bytes/sec 0%
 Input (total):  248018826 packets, 374258880653 bytes
         248017977 unicasts, 849 broadcasts, 0 multicasts, 0 pauses
 Input (normal):  248018826 packets, - bytes
         248017977 unicasts, 849 broadcasts, 0 multicasts, 0 pauses
 Input:  0 input errors, 0 runts, 0 giants, 0 throttles
         0 CRC, 0 frame, - overruns, 0 aborts
         - ignored, - parity errors
 Output (total): 252262941 packets, 19021576297 bytes
         10593550 unicasts, 129392459 broadcasts, 112276932 multicasts, 0 pauses
 Output (normal): 252262941 packets, - bytes
         10593550 unicasts, 129392459 broadcasts, 112276932 multicasts, 0 pauses
 Output: 0 output errors, - underruns, - buffer failures
         0 aborts, 0 deferred, 0 collisions, 0 late collisions
         0 lost carrier, - no carrier
IPv4 traffic statistics:
 Last 300 seconds input rate: 0 packets/sec, 0 bytes/sec
 Last 300 seconds output rate: 0 packets/sec, 0 bytes/sec
 Input: 0 packets, 0 bytes
 Output: 0 packets, 0 bytes
IPv6 traffic statistics:
 Last 300 seconds input rate: 0 packets/sec, 0 bytes/sec
 Last 300 seconds output rate: 0 packets/sec, 0 bytes/sec
 Input: 0 packets, 0 bytes
 Output: 0 packets, 0 bytes

GigabitEthernet1/0/27
Current state: DOWN
Line protocol state: DOWN
IP packet frame type: Ethernet II, hardware address: 8061-6c2d-8198
Description: GigabitEthernet1/0/27 Interface
Bandwidth: 1000000 kbps
Loopback is not set
Media type is twisted pair
Port hardware type is 1000_BASE_T
Unknown-speed mode, unknown-duplex mode
Link speed type is autonegotiation, link duplex type is autonegotiation
Flow-control is not enabled
Maximum frame length: 12288
Allow jumbo frames to pass
Broadcast max-ratio: 100%
Multicast max-ratio: 100%
Unicast max-ratio: 100%
Known-unicast max-ratio: 100%
PVID: 1
MDI type: Automdix
Port link-type: Access
 Tagged VLANs:   None
 Untagged VLANs: 1
Port priority: 0
Last link flapping: Never
Last clearing of counters: Never
Current system time:2015-04-28 12:08:08
Last time when physical state changed to up:-
Last time when physical state changed to down:2013-01-01 00:00:52
 Peak input rate: 0 bytes/sec, at 2013-01-01 00:02:43 
 Peak output rate: 0 bytes/sec, at 2013-01-01 00:02:43 
 Last 300 seconds input: 0 packets/sec 0 bytes/sec -%
 Last 300 seconds output: 0 packets/sec 0 bytes/sec -%
 Input (total):  0 packets, 0 bytes
         0 unicasts, 0 broadcasts, 0 multicasts, 0 pauses
 Input (normal):  0 packets, - bytes
         0 unicasts, 0 broadcasts, 0 multicasts, 0 pauses
 Input:  0 input errors, 0 runts, 0 giants, 0 throttles
         0 CRC, 0 frame, - overruns, 0 aborts
         - ignored, - parity errors
 Output (total): 0 packets, 0 bytes
         0 unicasts, 0 broadcasts, 0 multicasts, 0 pauses
 Output (normal): 0 packets, - bytes
         0 unicasts, 0 broadcasts, 0 multicasts, 0 pauses
 Output: 0 output errors, - underruns, - buffer failures
         0 aborts, 0 deferred, 0 collisions, 0 late collisions
         0 lost carrier, - no carrier
IPv4 traffic statistics:
 Last 300 seconds input rate: 0 packets/sec, 0 bytes/sec
 Last 300 seconds output rate: 0 packets/sec, 0 bytes/sec
 Input: 0 packets, 0 bytes
 Output: 0 packets, 0 bytes
IPv6 traffic statistics:
 Last 300 seconds input rate: 0 packets/sec, 0 bytes/sec
 Last 300 seconds output rate: 0 packets/sec, 0 bytes/sec
 Input: 0 packets, 0 bytes
 Output: 0 packets, 0 bytes

GigabitEthernet1/0/28
Current state: DOWN
Line protocol state: DOWN
IP packet frame type: Ethernet II, hardware address: 8061-6c2d-8199
Description: GigabitEthernet1/0/28 Interface
Bandwidth: 1000000 kbps
Loopback is not set
Media type is twisted pair
Port hardware type is 1000_BASE_T
Unknown-speed mode, unknown-duplex mode
Link speed type is autonegotiation, link duplex type is autonegotiation
Flow-control is not enabled
Maximum frame length: 12288
Allow jumbo frames to pass
Broadcast max-ratio: 100%
Multicast max-ratio: 100%
Unicast max-ratio: 100%
Known-unicast max-ratio: 100%
PVID: 1
MDI type: Automdix
Port link-type: Access
 Tagged VLANs:   None
 Untagged VLANs: 1
Port priority: 0
Last link flapping: Never
Last clearing of counters: Never
Current system time:2015-04-28 12:08:08
Last time when physical state changed to up:-
Last time when physical state changed to down:2013-01-01 00:00:52
 Peak input rate: 0 bytes/sec, at 2013-01-01 00:02:43 
 Peak output rate: 0 bytes/sec, at 2013-01-01 00:02:43 
 Last 300 seconds input: 0 packets/sec 0 bytes/sec -%
 Last 300 seconds output: 0 packets/sec 0 bytes/sec -%
 Input (total):  0 packets, 0 bytes
         0 unicasts, 0 broadcasts, 0 multicasts, 0 pauses
 Input (normal):  0 packets, - bytes
         0 unicasts, 0 broadcasts, 0 multicasts, 0 pauses
 Input:  0 input errors, 0 runts, 0 giants, 0 throttles
         0 CRC, 0 frame, - overruns, 0 aborts
         - ignored, - parity errors
 Output (total): 0 packets, 0 bytes
         0 unicasts, 0 broadcasts, 0 multicasts, 0 pauses
 Output (normal): 0 packets, - bytes
         0 unicasts, 0 broadcasts, 0 multicasts, 0 pauses
 Output: 0 output errors, - underruns, - buffer failures
         0 aborts, 0 deferred, 0 collisions, 0 late collisions
         0 lost carrier, - no carrier
IPv4 traffic statistics:
 Last 300 seconds input rate: 0 packets/sec, 0 bytes/sec
 Last 300 seconds output rate: 0 packets/sec, 0 bytes/sec
 Input: 0 packets, 0 bytes
 Output: 0 packets, 0 bytes
IPv6 traffic statistics:
 Last 300 seconds input rate: 0 packets/sec, 0 bytes/sec
 Last 300 seconds output rate: 0 packets/sec, 0 bytes/sec
 Input: 0 packets, 0 bytes
 Output: 0 packets, 0 bytes

GigabitEthernet1/0/29
Current state: DOWN
Line protocol state: DOWN
IP packet frame type: Ethernet II, hardware address: 8061-6c2d-819a
Description: GigabitEthernet1/0/29 Interface
Bandwidth: 1000000 kbps
Loopback is not set
Media type is twisted pair
Port hardware type is 1000_BASE_T
Unknown-speed mode, unknown-duplex mode
Link speed type is autonegotiation, link duplex type is autonegotiation
Flow-control is not enabled
Maximum frame length: 12288
Allow jumbo frames to pass
Broadcast max-ratio: 100%
Multicast max-ratio: 100%
Unicast max-ratio: 100%
Known-unicast max-ratio: 100%
PVID: 1
MDI type: Automdix
Port link-type: Access
 Tagged VLANs:   None
 Untagged VLANs: 1
Port priority: 0
Last link flapping: Never
Last clearing of counters: Never
Current system time:2015-04-28 12:08:08
Last time when physical state changed to up:-
Last time when physical state changed to down:2013-01-01 00:00:52
 Peak input rate: 0 bytes/sec, at 2013-01-01 00:02:43 
 Peak output rate: 0 bytes/sec, at 2013-01-01 00:02:43 
 Last 300 seconds input: 0 packets/sec 0 bytes/sec -%
 Last 300 seconds output: 0 packets/sec 0 bytes/sec -%
 Input (total):  0 packets, 0 bytes
         0 unicasts, 0 broadcasts, 0 multicasts, 0 pauses
 Input (normal):  0 packets, - bytes
         0 unicasts, 0 broadcasts, 0 multicasts, 0 pauses
 Input:  0 input errors, 0 runts, 0 giants, 0 throttles
         0 CRC, 0 frame, - overruns, 0 aborts
         - ignored, - parity errors
 Output (total): 0 packets, 0 bytes
         0 unicasts, 0 broadcasts, 0 multicasts, 0 pauses
 Output (normal): 0 packets, - bytes
         0 unicasts, 0 broadcasts, 0 multicasts, 0 pauses
 Output: 0 output errors, - underruns, - buffer failures
         0 aborts, 0 deferred, 0 collisions, 0 late collisions
         0 lost carrier, - no carrier
IPv4 traffic statistics:
 Last 300 seconds input rate: 0 packets/sec, 0 bytes/sec
 Last 300 seconds output rate: 0 packets/sec, 0 bytes/sec
 Input: 0 packets, 0 bytes
 Output: 0 packets, 0 bytes
IPv6 traffic statistics:
 Last 300 seconds input rate: 0 packets/sec, 0 bytes/sec
 Last 300 seconds output rate: 0 packets/sec, 0 bytes/sec
 Input: 0 packets, 0 bytes
 Output: 0 packets, 0 bytes

GigabitEthernet1/0/30
Current state: DOWN
Line protocol state: DOWN
IP packet frame type: Ethernet II, hardware address: 8061-6c2d-819b
Description: GigabitEthernet1/0/30 Interface
Bandwidth: 1000000 kbps
Loopback is not set
Media type is twisted pair
Port hardware type is 1000_BASE_T
Unknown-speed mode, unknown-duplex mode
Link speed type is autonegotiation, link duplex type is autonegotiation
Flow-control is not enabled
Maximum frame length: 12288
Allow jumbo frames to pass
Broadcast max-ratio: 100%
Multicast max-ratio: 100%
Unicast max-ratio: 100%
Known-unicast max-ratio: 100%
PVID: 1
MDI type: Automdix
Port link-type: Access
 Tagged VLANs:   None
 Untagged VLANs: 1
Port priority: 0
Last link flapping: Never
Last clearing of counters: Never
Current system time:2015-04-28 12:08:08
Last time when physical state changed to up:-
Last time when physical state changed to down:2013-01-01 00:00:52
 Peak input rate: 0 bytes/sec, at 2013-01-01 00:02:43 
 Peak output rate: 0 bytes/sec, at 2013-01-01 00:02:43 
 Last 300 seconds input: 0 packets/sec 0 bytes/sec -%
 Last 300 seconds output: 0 packets/sec 0 bytes/sec -%
 Input (total):  0 packets, 0 bytes
         0 unicasts, 0 broadcasts, 0 multicasts, 0 pauses
 Input (normal):  0 packets, - bytes
         0 unicasts, 0 broadcasts, 0 multicasts, 0 pauses
 Input:  0 input errors, 0 runts, 0 giants, 0 throttles
         0 CRC, 0 frame, - overruns, 0 aborts
         - ignored, - parity errors
 Output (total): 0 packets, 0 bytes
         0 unicasts, 0 broadcasts, 0 multicasts, 0 pauses
 Output (normal): 0 packets, - bytes
         0 unicasts, 0 broadcasts, 0 multicasts, 0 pauses
 Output: 0 output errors, - underruns, - buffer failures
         0 aborts, 0 deferred, 0 collisions, 0 late collisions
         0 lost carrier, - no carrier
IPv4 traffic statistics:
 Last 300 seconds input rate: 0 packets/sec, 0 bytes/sec
 Last 300 seconds output rate: 0 packets/sec, 0 bytes/sec
 Input: 0 packets, 0 bytes
 Output: 0 packets, 0 bytes
IPv6 traffic statistics:
 Last 300 seconds input rate: 0 packets/sec, 0 bytes/sec
 Last 300 seconds output rate: 0 packets/sec, 0 bytes/sec
 Input: 0 packets, 0 bytes
 Output: 0 packets, 0 bytes

GigabitEthernet1/0/31
Current state: UP
Line protocol state: UP
IP packet frame type: Ethernet II, hardware address: 8061-6c2d-819c
Description: To_[XZ_LS_WG_S5554S-EI-D_1]_G1/0/31_HuLian
Bandwidth: 1000000 kbps
Loopback is not set
Media type is twisted pair
Port hardware type is 1000_BASE_T
1000Mbps-speed mode, full-duplex mode
Link speed type is autonegotiation, link duplex type is autonegotiation
Flow-control is not enabled
Maximum frame length: 12288
Allow jumbo frames to pass
Broadcast max-ratio: 100%
Multicast max-ratio: 100%
Unicast max-ratio: 100%
Known-unicast max-ratio: 100%
PVID: 1
MDI type: Automdix
Port link-type: Trunk
 VLAN Passing:   1(default vlan), 203-206, 208-210, 220, 230, 250, 260, 270, 280
                 4000
 VLAN permitted: 1(default vlan), 203-206, 208-220, 230, 250, 260, 270, 280
                 4000
 Trunk port encapsulation: IEEE 802.1q
Port priority: 0
Last link flapping: 121 weeks 0 days 12 hours 4 minutes
Last clearing of counters: Never
Current system time:2015-04-28 12:08:08
Last time when physical state changed to up:2013-01-01 00:02:43
Last time when physical state changed to down:2013-01-01 00:00:52
 Peak input rate: 16482730009 bytes/sec, at 2015-04-27 12:12:33 
 Peak output rate: 6064064582 bytes/sec, at 2015-04-27 12:12:33 
 Last 300 seconds input: 233 packets/sec 43245 bytes/sec 0%
 Last 300 seconds output: 76 packets/sec 23555 bytes/sec 0%
 Input (total):  14687542546 packets, 5636402111095 bytes
         14190434521 unicasts, 145020219 broadcasts, 352087806 multicasts, 0 pauses
 Input (normal):  14687542546 packets, - bytes
         14190434521 unicasts, 145020219 broadcasts, 352087806 multicasts, 0 pauses
 Input:  0 input errors, 0 runts, 0 giants, 0 throttles
         0 CRC, 0 frame, - overruns, 0 aborts
         - ignored, - parity errors
 Output (total): 4530104388 packets, 2073923360576 bytes
         3770669058 unicasts, 171288579 broadcasts, 588146751 multicasts, 0 pauses
 Output (normal): 4530104388 packets, - bytes
         3770669058 unicasts, 171288579 broadcasts, 588146751 multicasts, 0 pauses
 Output: 0 output errors, - underruns, - buffer failures
         0 aborts, 0 deferred, 0 collisions, 0 late collisions
         0 lost carrier, - no carrier
IPv4 traffic statistics:
 Last 300 seconds input rate: 0 packets/sec, 0 bytes/sec
 Last 300 seconds output rate: 0 packets/sec, 0 bytes/sec
 Input: 0 packets, 0 bytes
 Output: 0 packets, 0 bytes
IPv6 traffic statistics:
 Last 300 seconds input rate: 0 packets/sec, 0 bytes/sec
 Last 300 seconds output rate: 0 packets/sec, 0 bytes/sec
 Input: 0 packets, 0 bytes
 Output: 0 packets, 0 bytes

GigabitEthernet1/0/32
Current state: DOWN
Line protocol state: DOWN
IP packet frame type: Ethernet II, hardware address: 8061-6c2d-819d
Description: GigabitEthernet1/0/32 Interface
Bandwidth: 1000000 kbps
Loopback is not set
Media type is twisted pair
Port hardware type is 1000_BASE_T
Unknown-speed mode, unknown-duplex mode
Link speed type is autonegotiation, link duplex type is autonegotiation
Flow-control is not enabled
Maximum frame length: 12288
Allow jumbo frames to pass
Broadcast max-ratio: 100%
Multicast max-ratio: 100%
Unicast max-ratio: 100%
Known-unicast max-ratio: 100%
PVID: 1
MDI type: Automdix
Port link-type: Access
 Tagged VLANs:   None
 Untagged VLANs: 1
Port priority: 0
Last link flapping: Never
Last clearing of counters: Never
Current system time:2015-04-28 12:08:09
Last time when physical state changed to up:-
Last time when physical state changed to down:2013-01-01 00:00:52
 Peak input rate: 0 bytes/sec, at 2013-01-01 00:02:43 
 Peak output rate: 0 bytes/sec, at 2013-01-01 00:02:43 
 Last 300 seconds input: 0 packets/sec 0 bytes/sec -%
 Last 300 seconds output: 0 packets/sec 0 bytes/sec -%
 Input (total):  0 packets, 0 bytes
         0 unicasts, 0 broadcasts, 0 multicasts, 0 pauses
 Input (normal):  0 packets, - bytes
         0 unicasts, 0 broadcasts, 0 multicasts, 0 pauses
 Input:  0 input errors, 0 runts, 0 giants, 0 throttles
         0 CRC, 0 frame, - overruns, 0 aborts
         - ignored, - parity errors
 Output (total): 0 packets, 0 bytes
         0 unicasts, 0 broadcasts, 0 multicasts, 0 pauses
 Output (normal): 0 packets, - bytes
         0 unicasts, 0 broadcasts, 0 multicasts, 0 pauses
 Output: 0 output errors, - underruns, - buffer failures
         0 aborts, 0 deferred, 0 collisions, 0 late collisions
         0 lost carrier, - no carrier
IPv4 traffic statistics:
 Last 300 seconds input rate: 0 packets/sec, 0 bytes/sec
 Last 300 seconds output rate: 0 packets/sec, 0 bytes/sec
 Input: 0 packets, 0 bytes
 Output: 0 packets, 0 bytes
IPv6 traffic statistics:
 Last 300 seconds input rate: 0 packets/sec, 0 bytes/sec
 Last 300 seconds output rate: 0 packets/sec, 0 bytes/sec
 Input: 0 packets, 0 bytes
 Output: 0 packets, 0 bytes

GigabitEthernet1/0/33
Current state: DOWN
Line protocol state: DOWN
IP packet frame type: Ethernet II, hardware address: 8061-6c2d-819e
Description: GigabitEthernet1/0/33 Interface
Bandwidth: 1000000 kbps
Loopback is not set
Media type is twisted pair
Port hardware type is 1000_BASE_T
Unknown-speed mode, unknown-duplex mode
Link speed type is autonegotiation, link duplex type is autonegotiation
Flow-control is not enabled
Maximum frame length: 12288
Allow jumbo frames to pass
Broadcast max-ratio: 100%
Multicast max-ratio: 100%
Unicast max-ratio: 100%
Known-unicast max-ratio: 100%
PVID: 1
MDI type: Automdix
Port link-type: Access
 Tagged VLANs:   None
 Untagged VLANs: 1
Port priority: 0
Last link flapping: Never
Last clearing of counters: Never
Current system time:2015-04-28 12:08:09
Last time when physical state changed to up:-
Last time when physical state changed to down:2013-01-01 00:00:52
 Peak input rate: 0 bytes/sec, at 2013-01-01 00:02:43 
 Peak output rate: 0 bytes/sec, at 2013-01-01 00:02:43 
 Last 300 seconds input: 0 packets/sec 0 bytes/sec -%
 Last 300 seconds output: 0 packets/sec 0 bytes/sec -%
 Input (total):  0 packets, 0 bytes
         0 unicasts, 0 broadcasts, 0 multicasts, 0 pauses
 Input (normal):  0 packets, - bytes
         0 unicasts, 0 broadcasts, 0 multicasts, 0 pauses
 Input:  0 input errors, 0 runts, 0 giants, 0 throttles
         0 CRC, 0 frame, - overruns, 0 aborts
         - ignored, - parity errors
 Output (total): 0 packets, 0 bytes
         0 unicasts, 0 broadcasts, 0 multicasts, 0 pauses
 Output (normal): 0 packets, - bytes
         0 unicasts, 0 broadcasts, 0 multicasts, 0 pauses
 Output: 0 output errors, - underruns, - buffer failures
         0 aborts, 0 deferred, 0 collisions, 0 late collisions
         0 lost carrier, - no carrier
IPv4 traffic statistics:
 Last 300 seconds input rate: 0 packets/sec, 0 bytes/sec
 Last 300 seconds output rate: 0 packets/sec, 0 bytes/sec
 Input: 0 packets, 0 bytes
 Output: 0 packets, 0 bytes
IPv6 traffic statistics:
 Last 300 seconds input rate: 0 packets/sec, 0 bytes/sec
 Last 300 seconds output rate: 0 packets/sec, 0 bytes/sec
 Input: 0 packets, 0 bytes
 Output: 0 packets, 0 bytes

GigabitEthernet1/0/34
Current state: DOWN
Line protocol state: DOWN
IP packet frame type: Ethernet II, hardware address: 8061-6c2d-819f
Description: GigabitEthernet1/0/34 Interface
Bandwidth: 1000000 kbps
Loopback is not set
Media type is twisted pair
Port hardware type is 1000_BASE_T
Unknown-speed mode, unknown-duplex mode
Link speed type is autonegotiation, link duplex type is autonegotiation
Flow-control is not enabled
Maximum frame length: 12288
Allow jumbo frames to pass
Broadcast max-ratio: 100%
Multicast max-ratio: 100%
Unicast max-ratio: 100%
Known-unicast max-ratio: 100%
PVID: 1
MDI type: Automdix
Port link-type: Access
 Tagged VLANs:   None
 Untagged VLANs: 1
Port priority: 0
Last link flapping: Never
Last clearing of counters: Never
Current system time:2015-04-28 12:08:09
Last time when physical state changed to up:-
Last time when physical state changed to down:2013-01-01 00:00:52
 Peak input rate: 0 bytes/sec, at 2013-01-01 00:02:43 
 Peak output rate: 0 bytes/sec, at 2013-01-01 00:02:43 
 Last 300 seconds input: 0 packets/sec 0 bytes/sec -%
 Last 300 seconds output: 0 packets/sec 0 bytes/sec -%
 Input (total):  0 packets, 0 bytes
         0 unicasts, 0 broadcasts, 0 multicasts, 0 pauses
 Input (normal):  0 packets, - bytes
         0 unicasts, 0 broadcasts, 0 multicasts, 0 pauses
 Input:  0 input errors, 0 runts, 0 giants, 0 throttles
         0 CRC, 0 frame, - overruns, 0 aborts
         - ignored, - parity errors
 Output (total): 0 packets, 0 bytes
         0 unicasts, 0 broadcasts, 0 multicasts, 0 pauses
 Output (normal): 0 packets, - bytes
         0 unicasts, 0 broadcasts, 0 multicasts, 0 pauses
 Output: 0 output errors, - underruns, - buffer failures
         0 aborts, 0 deferred, 0 collisions, 0 late collisions
         0 lost carrier, - no carrier
IPv4 traffic statistics:
 Last 300 seconds input rate: 0 packets/sec, 0 bytes/sec
 Last 300 seconds output rate: 0 packets/sec, 0 bytes/sec
 Input: 0 packets, 0 bytes
 Output: 0 packets, 0 bytes
IPv6 traffic statistics:
 Last 300 seconds input rate: 0 packets/sec, 0 bytes/sec
 Last 300 seconds output rate: 0 packets/sec, 0 bytes/sec
 Input: 0 packets, 0 bytes
 Output: 0 packets, 0 bytes

GigabitEthernet1/0/35
Current state: DOWN
Line protocol state: DOWN
IP packet frame type: Ethernet II, hardware address: 8061-6c2d-81a0
Description: GigabitEthernet1/0/35 Interface
Bandwidth: 1000000 kbps
Loopback is not set
Media type is twisted pair
Port hardware type is 1000_BASE_T
Unknown-speed mode, unknown-duplex mode
Link speed type is autonegotiation, link duplex type is autonegotiation
Flow-control is not enabled
Maximum frame length: 12288
Allow jumbo frames to pass
Broadcast max-ratio: 100%
Multicast max-ratio: 100%
Unicast max-ratio: 100%
Known-unicast max-ratio: 100%
PVID: 1
MDI type: Automdix
Port link-type: Access
 Tagged VLANs:   None
 Untagged VLANs: 1
Port priority: 0
Last link flapping: Never
Last clearing of counters: Never
Current system time:2015-04-28 12:08:09
Last time when physical state changed to up:-
Last time when physical state changed to down:2013-01-01 00:00:52
 Peak input rate: 0 bytes/sec, at 2013-01-01 00:02:43 
 Peak output rate: 0 bytes/sec, at 2013-01-01 00:02:43 
 Last 300 seconds input: 0 packets/sec 0 bytes/sec -%
 Last 300 seconds output: 0 packets/sec 0 bytes/sec -%
 Input (total):  0 packets, 0 bytes
         0 unicasts, 0 broadcasts, 0 multicasts, 0 pauses
 Input (normal):  0 packets, - bytes
         0 unicasts, 0 broadcasts, 0 multicasts, 0 pauses
 Input:  0 input errors, 0 runts, 0 giants, 0 throttles
         0 CRC, 0 frame, - overruns, 0 aborts
         - ignored, - parity errors
 Output (total): 0 packets, 0 bytes
         0 unicasts, 0 broadcasts, 0 multicasts, 0 pauses
 Output (normal): 0 packets, - bytes
         0 unicasts, 0 broadcasts, 0 multicasts, 0 pauses
 Output: 0 output errors, - underruns, - buffer failures
         0 aborts, 0 deferred, 0 collisions, 0 late collisions
         0 lost carrier, - no carrier
IPv4 traffic statistics:
 Last 300 seconds input rate: 0 packets/sec, 0 bytes/sec
 Last 300 seconds output rate: 0 packets/sec, 0 bytes/sec
 Input: 0 packets, 0 bytes
 Output: 0 packets, 0 bytes
IPv6 traffic statistics:
 Last 300 seconds input rate: 0 packets/sec, 0 bytes/sec
 Last 300 seconds output rate: 0 packets/sec, 0 bytes/sec
 Input: 0 packets, 0 bytes
 Output: 0 packets, 0 bytes

GigabitEthernet1/0/36
Current state: UP
Line protocol state: UP
IP packet frame type: Ethernet II, hardware address: 8061-6c2d-81a1
Description: GigabitEthernet1/0/36 Interface
Bandwidth: 1000000 kbps
Loopback is not set
Media type is twisted pair
Port hardware type is 1000_BASE_T
1000Mbps-speed mode, full-duplex mode
Link speed type is autonegotiation, link duplex type is autonegotiation
Flow-control is not enabled
Maximum frame length: 12288
Allow jumbo frames to pass
Broadcast max-ratio: 100%
Multicast max-ratio: 100%
Unicast max-ratio: 100%
Known-unicast max-ratio: 100%
PVID: 204
MDI type: Automdix
Port link-type: Access
 Tagged VLANs:   None
 Untagged VLANs: 204
Port priority: 0
Last link flapping: 46 weeks 3 days 2 hours 26 minutes
Last clearing of counters: Never
Current system time:2015-04-28 12:08:09
Last time when physical state changed to up:2014-06-07 09:41:16
Last time when physical state changed to down:2013-01-01 00:00:52
 Peak input rate: 61 bytes/sec, at 2014-06-07 09:46:19 
 Peak output rate: 13514280 bytes/sec, at 2015-04-27 18:52:35 
 Last 300 seconds input: 0 packets/sec 0 bytes/sec 0%
 Last 300 seconds output: 1 packets/sec 165 bytes/sec 0%
 Input (total):  302 packets, 21140 bytes
         0 unicasts, 302 broadcasts, 0 multicasts, 0 pauses
 Input (normal):  302 packets, - bytes
         0 unicasts, 302 broadcasts, 0 multicasts, 0 pauses
 Input:  0 input errors, 0 runts, 0 giants, 0 throttles
         0 CRC, 0 frame, - overruns, 0 aborts
         - ignored, - parity errors
 Output (total): 55204788 packets, 4630639951 bytes
         4040 unicasts, 12131540 broadcasts, 43069208 multicasts, 0 pauses
 Output (normal): 55204788 packets, - bytes
         4040 unicasts, 12131540 broadcasts, 43069208 multicasts, 0 pauses
 Output: 0 output errors, - underruns, - buffer failures
         0 aborts, 0 deferred, 0 collisions, 0 late collisions
         0 lost carrier, - no carrier
IPv4 traffic statistics:
 Last 300 seconds input rate: 0 packets/sec, 0 bytes/sec
 Last 300 seconds output rate: 0 packets/sec, 0 bytes/sec
 Input: 0 packets, 0 bytes
 Output: 0 packets, 0 bytes
IPv6 traffic statistics:
 Last 300 seconds input rate: 0 packets/sec, 0 bytes/sec
 Last 300 seconds output rate: 0 packets/sec, 0 bytes/sec
 Input: 0 packets, 0 bytes
 Output: 0 packets, 0 bytes

GigabitEthernet1/0/37
Current state: DOWN
Line protocol state: DOWN
IP packet frame type: Ethernet II, hardware address: 8061-6c2d-81a2
Description: GigabitEthernet1/0/37 Interface
Bandwidth: 1000000 kbps
Loopback is not set
Media type is twisted pair
Port hardware type is 1000_BASE_T
Unknown-speed mode, unknown-duplex mode
Link speed type is autonegotiation, link duplex type is autonegotiation
Flow-control is not enabled
Maximum frame length: 12288
Allow jumbo frames to pass
Broadcast max-ratio: 100%
Multicast max-ratio: 100%
Unicast max-ratio: 100%
Known-unicast max-ratio: 100%
PVID: 1
MDI type: Automdix
Port link-type: Access
 Tagged VLANs:   None
 Untagged VLANs: 1
Port priority: 0
Last link flapping: Never
Last clearing of counters: Never
Current system time:2015-04-28 12:08:09
Last time when physical state changed to up:-
Last time when physical state changed to down:2013-01-01 00:00:52
 Peak input rate: 0 bytes/sec, at 2013-01-01 00:02:43 
 Peak output rate: 0 bytes/sec, at 2013-01-01 00:02:43 
 Last 300 seconds input: 0 packets/sec 0 bytes/sec -%
 Last 300 seconds output: 0 packets/sec 0 bytes/sec -%
 Input (total):  0 packets, 0 bytes
         0 unicasts, 0 broadcasts, 0 multicasts, 0 pauses
 Input (normal):  0 packets, - bytes
         0 unicasts, 0 broadcasts, 0 multicasts, 0 pauses
 Input:  0 input errors, 0 runts, 0 giants, 0 throttles
         0 CRC, 0 frame, - overruns, 0 aborts
         - ignored, - parity errors
 Output (total): 0 packets, 0 bytes
         0 unicasts, 0 broadcasts, 0 multicasts, 0 pauses
 Output (normal): 0 packets, - bytes
         0 unicasts, 0 broadcasts, 0 multicasts, 0 pauses
 Output: 0 output errors, - underruns, - buffer failures
         0 aborts, 0 deferred, 0 collisions, 0 late collisions
         0 lost carrier, - no carrier
IPv4 traffic statistics:
 Last 300 seconds input rate: 0 packets/sec, 0 bytes/sec
 Last 300 seconds output rate: 0 packets/sec, 0 bytes/sec
 Input: 0 packets, 0 bytes
 Output: 0 packets, 0 bytes
IPv6 traffic statistics:
 Last 300 seconds input rate: 0 packets/sec, 0 bytes/sec
 Last 300 seconds output rate: 0 packets/sec, 0 bytes/sec
 Input: 0 packets, 0 bytes
 Output: 0 packets, 0 bytes

GigabitEthernet1/0/38
Current state: DOWN
Line protocol state: DOWN
IP packet frame type: Ethernet II, hardware address: 8061-6c2d-81a3
Description: GigabitEthernet1/0/38 Interface
Bandwidth: 1000000 kbps
Loopback is not set
Media type is twisted pair
Port hardware type is 1000_BASE_T
Unknown-speed mode, unknown-duplex mode
Link speed type is autonegotiation, link duplex type is autonegotiation
Flow-control is not enabled
Maximum frame length: 12288
Allow jumbo frames to pass
Broadcast max-ratio: 100%
Multicast max-ratio: 100%
Unicast max-ratio: 100%
Known-unicast max-ratio: 100%
PVID: 1
MDI type: Automdix
Port link-type: Access
 Tagged VLANs:   None
 Untagged VLANs: 1
Port priority: 0
Last link flapping: Never
Last clearing of counters: Never
Current system time:2015-04-28 12:08:09
Last time when physical state changed to up:-
Last time when physical state changed to down:2013-01-01 00:00:52
 Peak input rate: 0 bytes/sec, at 2013-01-01 00:02:43 
 Peak output rate: 0 bytes/sec, at 2013-01-01 00:02:43 
 Last 300 seconds input: 0 packets/sec 0 bytes/sec -%
 Last 300 seconds output: 0 packets/sec 0 bytes/sec -%
 Input (total):  0 packets, 0 bytes
         0 unicasts, 0 broadcasts, 0 multicasts, 0 pauses
 Input (normal):  0 packets, - bytes
         0 unicasts, 0 broadcasts, 0 multicasts, 0 pauses
 Input:  0 input errors, 0 runts, 0 giants, 0 throttles
         0 CRC, 0 frame, - overruns, 0 aborts
         - ignored, - parity errors
 Output (total): 0 packets, 0 bytes
         0 unicasts, 0 broadcasts, 0 multicasts, 0 pauses
 Output (normal): 0 packets, - bytes
         0 unicasts, 0 broadcasts, 0 multicasts, 0 pauses
 Output: 0 output errors, - underruns, - buffer failures
         0 aborts, 0 deferred, 0 collisions, 0 late collisions
         0 lost carrier, - no carrier
IPv4 traffic statistics:
 Last 300 seconds input rate: 0 packets/sec, 0 bytes/sec
 Last 300 seconds output rate: 0 packets/sec, 0 bytes/sec
 Input: 0 packets, 0 bytes
 Output: 0 packets, 0 bytes
IPv6 traffic statistics:
 Last 300 seconds input rate: 0 packets/sec, 0 bytes/sec
 Last 300 seconds output rate: 0 packets/sec, 0 bytes/sec
 Input: 0 packets, 0 bytes
 Output: 0 packets, 0 bytes

GigabitEthernet1/0/39
Current state: DOWN
Line protocol state: DOWN
IP packet frame type: Ethernet II, hardware address: 8061-6c2d-81a4
Description: GigabitEthernet1/0/39 Interface
Bandwidth: 1000000 kbps
Loopback is not set
Media type is twisted pair
Port hardware type is 1000_BASE_T
Unknown-speed mode, unknown-duplex mode
Link speed type is autonegotiation, link duplex type is autonegotiation
Flow-control is not enabled
Maximum frame length: 12288
Allow jumbo frames to pass
Broadcast max-ratio: 100%
Multicast max-ratio: 100%
Unicast max-ratio: 100%
Known-unicast max-ratio: 100%
PVID: 1
MDI type: Automdix
Port link-type: Access
 Tagged VLANs:   None
 Untagged VLANs: 1
Port priority: 0
Last link flapping: Never
Last clearing of counters: Never
Current system time:2015-04-28 12:08:09
Last time when physical state changed to up:-
Last time when physical state changed to down:2013-01-01 00:00:52
 Peak input rate: 0 bytes/sec, at 2013-01-01 00:02:43 
 Peak output rate: 0 bytes/sec, at 2013-01-01 00:02:43 
 Last 300 seconds input: 0 packets/sec 0 bytes/sec -%
 Last 300 seconds output: 0 packets/sec 0 bytes/sec -%
 Input (total):  0 packets, 0 bytes
         0 unicasts, 0 broadcasts, 0 multicasts, 0 pauses
 Input (normal):  0 packets, - bytes
         0 unicasts, 0 broadcasts, 0 multicasts, 0 pauses
 Input:  0 input errors, 0 runts, 0 giants, 0 throttles
         0 CRC, 0 frame, - overruns, 0 aborts
         - ignored, - parity errors
 Output (total): 0 packets, 0 bytes
         0 unicasts, 0 broadcasts, 0 multicasts, 0 pauses
 Output (normal): 0 packets, - bytes
         0 unicasts, 0 broadcasts, 0 multicasts, 0 pauses
 Output: 0 output errors, - underruns, - buffer failures
         0 aborts, 0 deferred, 0 collisions, 0 late collisions
         0 lost carrier, - no carrier
IPv4 traffic statistics:
 Last 300 seconds input rate: 0 packets/sec, 0 bytes/sec
 Last 300 seconds output rate: 0 packets/sec, 0 bytes/sec
 Input: 0 packets, 0 bytes
 Output: 0 packets, 0 bytes
IPv6 traffic statistics:
 Last 300 seconds input rate: 0 packets/sec, 0 bytes/sec
 Last 300 seconds output rate: 0 packets/sec, 0 bytes/sec
 Input: 0 packets, 0 bytes
 Output: 0 packets, 0 bytes

GigabitEthernet1/0/40
Current state: DOWN
Line protocol state: DOWN
IP packet frame type: Ethernet II, hardware address: 8061-6c2d-81a5
Description: GigabitEthernet1/0/40 Interface
Bandwidth: 1000000 kbps
Loopback is not set
Media type is twisted pair
Port hardware type is 1000_BASE_T
Unknown-speed mode, unknown-duplex mode
Link speed type is autonegotiation, link duplex type is autonegotiation
Flow-control is not enabled
Maximum frame length: 12288
Allow jumbo frames to pass
Broadcast max-ratio: 100%
Multicast max-ratio: 100%
Unicast max-ratio: 100%
Known-unicast max-ratio: 100%
PVID: 1
MDI type: Automdix
Port link-type: Access
 Tagged VLANs:   None
 Untagged VLANs: 1
Port priority: 0
Last link flapping: Never
Last clearing of counters: Never
Current system time:2015-04-28 12:08:09
Last time when physical state changed to up:-
Last time when physical state changed to down:2013-01-01 00:00:52
 Peak input rate: 0 bytes/sec, at 2013-01-01 00:02:43 
 Peak output rate: 0 bytes/sec, at 2013-01-01 00:02:43 
 Last 300 seconds input: 0 packets/sec 0 bytes/sec -%
 Last 300 seconds output: 0 packets/sec 0 bytes/sec -%
 Input (total):  0 packets, 0 bytes
         0 unicasts, 0 broadcasts, 0 multicasts, 0 pauses
 Input (normal):  0 packets, - bytes
         0 unicasts, 0 broadcasts, 0 multicasts, 0 pauses
 Input:  0 input errors, 0 runts, 0 giants, 0 throttles
         0 CRC, 0 frame, - overruns, 0 aborts
         - ignored, - parity errors
 Output (total): 0 packets, 0 bytes
         0 unicasts, 0 broadcasts, 0 multicasts, 0 pauses
 Output (normal): 0 packets, - bytes
         0 unicasts, 0 broadcasts, 0 multicasts, 0 pauses
 Output: 0 output errors, - underruns, - buffer failures
         0 aborts, 0 deferred, 0 collisions, 0 late collisions
         0 lost carrier, - no carrier
IPv4 traffic statistics:
 Last 300 seconds input rate: 0 packets/sec, 0 bytes/sec
 Last 300 seconds output rate: 0 packets/sec, 0 bytes/sec
 Input: 0 packets, 0 bytes
 Output: 0 packets, 0 bytes
IPv6 traffic statistics:
 Last 300 seconds input rate: 0 packets/sec, 0 bytes/sec
 Last 300 seconds output rate: 0 packets/sec, 0 bytes/sec
 Input: 0 packets, 0 bytes
 Output: 0 packets, 0 bytes

GigabitEthernet1/0/41
Current state: DOWN
Line protocol state: DOWN
IP packet frame type: Ethernet II, hardware address: 8061-6c2d-81a6
Description: GigabitEthernet1/0/41 Interface
Bandwidth: 1000000 kbps
Loopback is not set
Media type is twisted pair
Port hardware type is 1000_BASE_T
Unknown-speed mode, unknown-duplex mode
Link speed type is autonegotiation, link duplex type is autonegotiation
Flow-control is not enabled
Maximum frame length: 12288
Allow jumbo frames to pass
Broadcast max-ratio: 100%
Multicast max-ratio: 100%
Unicast max-ratio: 100%
Known-unicast max-ratio: 100%
PVID: 1
MDI type: Automdix
Port link-type: Access
 Tagged VLANs:   None
 Untagged VLANs: 1
Port priority: 0
Last link flapping: Never
Last clearing of counters: Never
Current system time:2015-04-28 12:08:09
Last time when physical state changed to up:-
Last time when physical state changed to down:2013-01-01 00:00:52
 Peak input rate: 0 bytes/sec, at 2013-01-01 00:02:43 
 Peak output rate: 0 bytes/sec, at 2013-01-01 00:02:43 
 Last 300 seconds input: 0 packets/sec 0 bytes/sec -%
 Last 300 seconds output: 0 packets/sec 0 bytes/sec -%
 Input (total):  0 packets, 0 bytes
         0 unicasts, 0 broadcasts, 0 multicasts, 0 pauses
 Input (normal):  0 packets, - bytes
         0 unicasts, 0 broadcasts, 0 multicasts, 0 pauses
 Input:  0 input errors, 0 runts, 0 giants, 0 throttles
         0 CRC, 0 frame, - overruns, 0 aborts
         - ignored, - parity errors
 Output (total): 0 packets, 0 bytes
         0 unicasts, 0 broadcasts, 0 multicasts, 0 pauses
 Output (normal): 0 packets, - bytes
