<XZ_LS_WG_S5554S-EI-D_1>screen-length 0 temporary
                                      ^
 % Unrecognized command found at '^' position.
<XZ_LS_WG_S5554S-EI-D_1>display version
H3C Comware Software, Version 7.1.070, Release 1115
Copyright (c) 2004-2022 New H3C Technologies Co., Ltd. All rights reserved.
H3C S5554S-EI-D uptime is 144 weeks, 0 days, 12 hours, 23 minutes
Last reboot reason : Cold reboot

Boot image: flash:/s5500_ei_d-cmw710-boot-r1115.bin
Boot image version: 7.1.070, Release 1115
  Compiled Oct 14 2022 11:00:00
System image: flash:/s5500_ei_d-cmw710-system-r1115.bin
System image version: 7.1.070, Release 1115
  Compiled Oct 14 2022 11:00:00


Slot 1:
Uptime is 144 weeks,0 days,12 hours,23 minutes
S5554S-EI-D with 1 Processor
BOARD TYPE:         S5554S-EI-D
DRAM:               1024M bytes
FLASH:              256M bytes
PCB 1 Version:      VER.A
Bootrom Version:    110
CPLD 1 Version:     004
Release Version:    H3C S5554S-EI-D-1115
Patch Version  :    None
Reboot Cause  :     ColdReboot
[SubSlot 0] 48GE+6SFP Plus
<XZ_LS_WG_S5554S-EI-D_1>display device
Slot Type              State    Subslot  Soft Ver             Patch Ver
1    S5554S-EI-D       Master   0        S5500_EI_D-1115      None      
<XZ_LS_WG_S5554S-EI-D_1>display startup
MainBoard:
 Current startup saved-configuration file: NULL 
 Next main startup saved-configuration file: flash:/startup.cfg
 Next backup startup saved-configuration file: NULL
<XZ_LS_WG_S5554S-EI-D_1>dis cpu-usage
Slot 1 CPU 0 CPU usage:
       4% in last 5 seconds
       4% in last 1 minute
       3% in last 5 minutes

<XZ_LS_WG_S5554S-EI-D_1>dis memory
Memory statistics are measured in KB:
Slot 1: 
             Total      Used      Free    Shared   Buffers    Cached   FreeRatio
Mem:        991732    456780    534952         0      1472    181164       54.6%
-/+ Buffers/Cache:    274144    717588
Swap:            0         0         0

<XZ_LS_WG_S5554S-EI-D_1>display interface
Bridge-Aggregation86
Current state: UP
Line protocol state: UP
IP packet frame type: Ethernet II, hardware address: 8061-6c2c-8690
Description: to IBCF03-GW01-ETHRUNK86
Bandwidth: 1000000 kbps
1Gbps-speed mode, full-duplex mode
Link speed type is autonegotiation, link duplex type is autonegotiation
PVID: 4000
Port link-type: Access
 Tagged VLANs:   None
 Untagged VLANs: 4000
Last clearing of counters: Never
Last 300 seconds input:  1 packets/sec 174 bytes/sec 0%
Last 300 seconds output:  2 packets/sec 217 bytes/sec 0%
Input (total):  13553005 packets, 1485882242 bytes
        1071469 unicasts, 231 broadcasts, 12481305 multicasts, 0 pauses
Input (normal):  13553005 packets, - bytes
        1071469 unicasts, 231 broadcasts, 12481305 multicasts, 0 pauses
Input:  0 input errors, 0 runts, 0 giants, 0 throttles
        0 CRC, 0 frame, - overruns, 0 aborts
        - ignored, - parity errors
Output (total): 18344924 packets, 1833924956 bytes
        948158 unicasts, 124 broadcasts, 17396642 multicasts, 0 pauses
Output (normal): 18344924 packets, - bytes
        948158 unicasts, 124 broadcasts, 17396642 multicasts, 0 pauses
Output: 0 output errors, - underruns, - buffer failures
        0 aborts, 0 deferred, 0 collisions, 0 late collisions
        0 lost carrier, - no carrier

GigabitEthernet1/0/1
Current state: UP
Line protocol state: UP
IP packet frame type: Ethernet II, hardware address: 8061-6c2c-865e
Description: TO XZ_LS_E200S E0/0/2
Bandwidth: 1000000 kbps
Loopback is not set
Media type is twisted pair
Port hardware type is 1000_BASE_T
1000Mbps-speed mode, full-duplex mode
Link speed type is autonegotiation, link duplex type is autonegotiation
Flow-control is not enabled
Maximum frame length: 12288
Allow jumbo frames to pass
Broadcast max-ratio: 100%
Multicast max-ratio: 100%
Unicast max-ratio: 100%
Known-unicast max-ratio: 100%
PVID: 200
MDI type: Automdix
Port link-type: Access
 Tagged VLANs:   None
 Untagged VLANs: 200
Port priority: 0
Last link flapping: 123 weeks 3 days 12 hours 30 minutes
Last clearing of counters: Never
Current system time:2015-10-06 12:24:53
Last time when physical state changed to up:2013-05-24 23:52:33
Last time when physical state changed to down:2013-05-24 23:52:27
 Peak input rate: 4530444544 bytes/sec, at 2015-10-03 09:23:58 
 Peak output rate: 804693435 bytes/sec, at 2015-10-03 09:23:58 
 Last 300 seconds input: 5 packets/sec 1405 bytes/sec 0%
 Last 300 seconds output: 3 packets/sec 1030 bytes/sec 0%
 Input (total):  1812868444 packets, 1548748764580 bytes
         1796206162 unicasts, 179 broadcasts, 16662103 multicasts, 0 pauses
 Input (normal):  1812868443 packets, - bytes
         1796206162 unicasts, 179 broadcasts, 16662103 multicasts, 0 pauses
 Input:  0 input errors, 0 runts, 0 giants, 0 throttles
         0 CRC, 0 frame, - overruns, 0 aborts
         - ignored, - parity errors
 Output (total): 906729108 packets, 275259075108 bytes
         846219330 unicasts, 47 broadcasts, 60509731 multicasts, 0 pauses
 Output (normal): 906729108 packets, - bytes
         846219330 unicasts, 47 broadcasts, 60509731 multicasts, 0 pauses
 Output: 0 output errors, - underruns, - buffer failures
         0 aborts, 0 deferred, 0 collisions, 0 late collisions
         0 lost carrier, - no carrier
IPv4 traffic statistics:
 Last 300 seconds input rate: 0 packets/sec, 0 bytes/sec
 Last 300 seconds output rate: 0 packets/sec, 0 bytes/sec
 Input: 0 packets, 0 bytes
 Output: 0 packets, 0 bytes
IPv6 traffic statistics:
 Last 300 seconds input rate: 0 packets/sec, 0 bytes/sec
 Last 300 seconds output rate: 0 packets/sec, 0 bytes/sec
 Input: 0 packets, 0 bytes
 Output: 0 packets, 0 bytes

GigabitEthernet1/0/2
Current state: UP
Line protocol state: UP
IP packet frame type: Ethernet II, hardware address: 8061-6c2c-865f
Description: to_LDRA-1
Bandwidth: 1000000 kbps
Loopback is not set
Media type is twisted pair
Port hardware type is 1000_BASE_T
1000Mbps-speed mode, full-duplex mode
Link speed type is autonegotiation, link duplex type is autonegotiation
Flow-control is not enabled
Maximum frame length: 12288
Allow jumbo frames to pass
Broadcast max-ratio: 100%
Multicast max-ratio: 100%
Unicast max-ratio: 100%
Known-unicast max-ratio: 100%
PVID: 203
MDI type: Automdix
Port link-type: Access
 Tagged VLANs:   None
 Untagged VLANs: 203
Port priority: 0
Last link flapping: 144 weeks 0 days 11 hours 58 minutes
Last clearing of counters: Never
Current system time:2015-10-06 12:24:53
Last time when physical state changed to up:2013-01-01 00:24:46
Last time when physical state changed to down:2013-01-01 00:00:52
 Peak input rate: 664023194 bytes/sec, at 2015-10-05 21:44:34 
 Peak output rate: 755229713 bytes/sec, at 2015-10-05 21:44:34 
 Last 300 seconds input: 3 packets/sec 450 bytes/sec 0%
 Last 300 seconds output: 1 packets/sec 164 bytes/sec 0%
 Input (total):  417082797 packets, 226869014014 bytes
         403781435 unicasts, 13301362 broadcasts, 0 multicasts, 0 pauses
 Input (normal):  417082797 packets, - bytes
         403781435 unicasts, 13301362 broadcasts, 0 multicasts, 0 pauses
 Input:  0 input errors, 0 runts, 0 giants, 0 throttles
         0 CRC, 0 frame, - overruns, 0 aborts
         - ignored, - parity errors
 Output (total): 493267727 packets, 258013269739 bytes
         349790917 unicasts, 9864246 broadcasts, 133612564 multicasts, 0 pauses
 Output (normal): 493267727 packets, - bytes
         349790917 unicasts, 9864246 broadcasts, 133612564 multicasts, 0 pauses
 Output: 0 output errors, - underruns, - buffer failures
         0 aborts, 0 deferred, 0 collisions, 0 late collisions
         0 lost carrier, - no carrier
IPv4 traffic statistics:
 Last 300 seconds input rate: 0 packets/sec, 0 bytes/sec
 Last 300 seconds output rate: 0 packets/sec, 0 bytes/sec
 Input: 0 packets, 0 bytes
 Output: 0 packets, 0 bytes
IPv6 traffic statistics:
 Last 300 seconds input rate: 0 packets/sec, 0 bytes/sec
 Last 300 seconds output rate: 0 packets/sec, 0 bytes/sec
 Input: 0 packets, 0 bytes
 Output: 0 packets, 0 bytes

GigabitEthernet1/0/3
Current state: UP
Line protocol state: UP
IP packet frame type: Ethernet II, hardware address: 8061-6c2c-8660
Description: to_LDRA-1
Bandwidth: 1000000 kbps
Loopback is not set
Media type is twisted pair
Port hardware type is 1000_BASE_T
1000Mbps-speed mode, full-duplex mode
Link speed type is autonegotiation, link duplex type is autonegotiation
Flow-control is not enabled
Maximum frame length: 12288
Allow jumbo frames to pass
Broadcast max-ratio: 100%
Multicast max-ratio: 100%
Unicast max-ratio: 100%
Known-unicast max-ratio: 100%
PVID: 204
MDI type: Automdix
Port link-type: Access
 Tagged VLANs:   None
 Untagged VLANs: 204
Port priority: 0
Last link flapping: 137 weeks 4 days 1 hours 34 minutes
Last clearing of counters: Never
Current system time:2015-10-06 12:24:53
Last time when physical state changed to up:2013-02-15 10:48:37
Last time when physical state changed to down:2013-01-01 00:00:52
 Peak input rate: 16395718 bytes/sec, at 2015-09-30 13:53:14 
 Peak output rate: 47918311 bytes/sec, at 2015-09-30 13:53:14 
 Last 300 seconds input: 0 packets/sec 66 bytes/sec 0%
 Last 300 seconds output: 2 packets/sec 196 bytes/sec 0%
 Input (total):  64708102 packets, 5634759906 bytes
         28757258 unicasts, 35950844 broadcasts, 0 multicasts, 0 pauses
 Input (normal):  64708102 packets, - bytes
         28757258 unicasts, 35950844 broadcasts, 0 multicasts, 0 pauses
 Input:  0 input errors, 0 runts, 0 giants, 0 throttles
         0 CRC, 0 frame, - overruns, 0 aborts
         - ignored, - parity errors
 Output (total): 183998123 packets, 16468976875 bytes
         56409681 unicasts, 1709 broadcasts, 127586733 multicasts, 0 pauses
 Output (normal): 183998123 packets, - bytes
         56409681 unicasts, 1709 broadcasts, 127586733 multicasts, 0 pauses
 Output: 0 output errors, - underruns, - buffer failures
         0 aborts, 0 deferred, 0 collisions, 0 late collisions
         0 lost carrier, - no carrier
IPv4 traffic statistics:
 Last 300 seconds input rate: 0 packets/sec, 0 bytes/sec
 Last 300 seconds output rate: 0 packets/sec, 0 bytes/sec
 Input: 0 packets, 0 bytes
 Output: 0 packets, 0 bytes
IPv6 traffic statistics:
 Last 300 seconds input rate: 0 packets/sec, 0 bytes/sec
 Last 300 seconds output rate: 0 packets/sec, 0 bytes/sec
 Input: 0 packets, 0 bytes
 Output: 0 packets, 0 bytes

GigabitEthernet1/0/4
Current state: UP
Line protocol state: UP
IP packet frame type: Ethernet II, hardware address: 8061-6c2c-8661
Description: LSNPHLR01BHW-0-10/4/0
Bandwidth: 100000 kbps
Loopback is not set
Media type is twisted pair
Port hardware type is 1000_BASE_T
100Mbps-speed mode, full-duplex mode
Link speed type is autonegotiation, link duplex type is autonegotiation
Flow-control is not enabled
Maximum frame length: 12288
Allow jumbo frames to pass
Broadcast max-ratio: 100%
Multicast max-ratio: 100%
Unicast max-ratio: 100%
Known-unicast max-ratio: 100%
PVID: 260
MDI type: Automdix
Port link-type: Access
 Tagged VLANs:   None
 Untagged VLANs: 260
Port priority: 0
Last link flapping: 134 weeks 3 days 22 hours 8 minutes
Last clearing of counters: Never
Current system time:2015-10-06 12:24:53
Last time when physical state changed to up:2013-03-08 14:14:22
Last time when physical state changed to down:2013-03-08 14:14:09
 Peak input rate: 10545660 bytes/sec, at 2015-10-06 09:39:41 
 Peak output rate: 73725651 bytes/sec, at 2015-10-06 09:39:41 
 Last 300 seconds input: 0 packets/sec 39 bytes/sec 0%
 Last 300 seconds output: 3 packets/sec 289 bytes/sec 0%
 Input (total):  31583939 packets, 3604232164 bytes
         29093865 unicasts, 2490074 broadcasts, 0 multicasts, 0 pauses
 Input (normal):  31583939 packets, - bytes
         29093865 unicasts, 2490074 broadcasts, 0 multicasts, 0 pauses
 Input:  0 input errors, 0 runts, 0 giants, 0 throttles
         0 CRC, 0 frame, - overruns, 0 aborts
         - ignored, - parity errors
 Output (total): 316105905 packets, 25197650384 bytes
         31032015 unicasts, 151468126 broadcasts, 133605764 multicasts, 0 pauses
 Output (normal): 316105905 packets, - bytes
         31032015 unicasts, 151468126 broadcasts, 133605764 multicasts, 0 pauses
 Output: 0 output errors, - underruns, - buffer failures
         0 aborts, 0 deferred, 0 collisions, 0 late collisions
         0 lost carrier, - no carrier
IPv4 traffic statistics:
 Last 300 seconds input rate: 0 packets/sec, 0 bytes/sec
 Last 300 seconds output rate: 0 packets/sec, 0 bytes/sec
 Input: 0 packets, 0 bytes
 Output: 0 packets, 0 bytes
IPv6 traffic statistics:
 Last 300 seconds input rate: 0 packets/sec, 0 bytes/sec
 Last 300 seconds output rate: 0 packets/sec, 0 bytes/sec
 Input: 0 packets, 0 bytes
 Output: 0 packets, 0 bytes

GigabitEthernet1/0/5
Current state: UP
Line protocol state: UP
IP packet frame type: Ethernet II, hardware address: 8061-6c2c-8662
Description: LSNPMSC01BHW-0-10/4/0
Bandwidth: 1000000 kbps
Loopback is not set
Media type is twisted pair
Port hardware type is 1000_BASE_T
1000Mbps-speed mode, full-duplex mode
Link speed type is autonegotiation, link duplex type is autonegotiation
Flow-control is not enabled
Maximum frame length: 12288
Allow jumbo frames to pass
Broadcast max-ratio: 100%
Multicast max-ratio: 100%
Unicast max-ratio: 100%
Known-unicast max-ratio: 100%
PVID: 260
MDI type: Automdix
Port link-type: Access
 Tagged VLANs:   None
 Untagged VLANs: 260
Port priority: 0
Last link flapping: 130 weeks 3 days 10 hours 55 minutes
Last clearing of counters: Never
Current system time:2015-10-06 12:24:53
Last time when physical state changed to up:2013-04-06 01:28:04
Last time when physical state changed to down:2013-04-06 01:27:05
 Peak input rate: 10714852 bytes/sec, at 2015-09-29 07:32:56 
 Peak output rate: 73186481 bytes/sec, at 2015-09-29 07:32:56 
 Last 300 seconds input: 0 packets/sec 39 bytes/sec 0%
 Last 300 seconds output: 3 packets/sec 288 bytes/sec 0%
 Input (total):  32691455 packets, 3685860498 bytes
         29133272 unicasts, 3558177 broadcasts, 6 multicasts, 0 pauses
 Input (normal):  32691455 packets, - bytes
         29133272 unicasts, 3558177 broadcasts, 6 multicasts, 0 pauses
 Input:  0 input errors, 0 runts, 0 giants, 0 throttles
         0 CRC, 0 frame, - overruns, 0 aborts
         - ignored, - parity errors
 Output (total): 315891154 packets, 25188637367 bytes
         31885497 unicasts, 150399980 broadcasts, 133605677 multicasts, 0 pauses
 Output (normal): 315891154 packets, - bytes
         31885497 unicasts, 150399980 broadcasts, 133605677 multicasts, 0 pauses
 Output: 0 output errors, - underruns, - buffer failures
         0 aborts, 0 deferred, 0 collisions, 0 late collisions
         0 lost carrier, - no carrier
IPv4 traffic statistics:
 Last 300 seconds input rate: 0 packets/sec, 0 bytes/sec
 Last 300 seconds output rate: 0 packets/sec, 0 bytes/sec
 Input: 0 packets, 0 bytes
 Output: 0 packets, 0 bytes
IPv6 traffic statistics:
 Last 300 seconds input rate: 0 packets/sec, 0 bytes/sec
 Last 300 seconds output rate: 0 packets/sec, 0 bytes/sec
 Input: 0 packets, 0 bytes
 Output: 0 packets, 0 bytes

GigabitEthernet1/0/6
Current state: UP
Line protocol state: UP
IP packet frame type: Ethernet II, hardware address: 8061-6c2c-8663
Description: GigabitEthernet1/0/6 Interface
Bandwidth: 100000 kbps
Loopback is not set
Media type is twisted pair
Port hardware type is 1000_BASE_T
100Mbps-speed mode, full-duplex mode
Link speed type is autonegotiation, link duplex type is autonegotiation
Flow-control is not enabled
Maximum frame length: 12288
Allow jumbo frames to pass
Broadcast max-ratio: 100%
Multicast max-ratio: 100%
Unicast max-ratio: 100%
Known-unicast max-ratio: 100%
PVID: 260
MDI type: Automdix
Port link-type: Access
 Tagged VLANs:   None
 Untagged VLANs: 260
Port priority: 0
Last link flapping: 112 weeks 2 days 12 hours 3 minutes
Last clearing of counters: Never
Current system time:2015-10-06 12:24:53
Last time when physical state changed to up:2013-08-11 00:20:22
Last time when physical state changed to down:2013-08-11 00:20:20
 Peak input rate: 114316 bytes/sec, at 2013-08-10 23:09:42 
 Peak output rate: 67137425 bytes/sec, at 2015-10-05 21:19:37 
 Last 300 seconds input: 0 packets/sec 0 bytes/sec 0%
 Last 300 seconds output: 3 packets/sec 250 bytes/sec 0%
 Input (total):  14460283 packets, 4781612139 bytes
         14444457 unicasts, 15826 broadcasts, 0 multicasts, 0 pauses
 Input (normal):  14460283 packets, - bytes
         14444457 unicasts, 15826 broadcasts, 0 multicasts, 0 pauses
 Input:  0 input errors, 0 runts, 0 giants, 0 throttles
         0 CRC, 0 frame, - overruns, 0 aborts
         - ignored, - parity errors
 Output (total): 304099147 packets, 22968818673 bytes
         16550879 unicasts, 153942464 broadcasts, 133605804 multicasts, 0 pauses
 Output (normal): 304099147 packets, - bytes
         16550879 unicasts, 153942464 broadcasts, 133605804 multicasts, 0 pauses
 Output: 0 output errors, - underruns, - buffer failures
         0 aborts, 0 deferred, 0 collisions, 0 late collisions
         0 lost carrier, - no carrier
IPv4 traffic statistics:
 Last 300 seconds input rate: 0 packets/sec, 0 bytes/sec
 Last 300 seconds output rate: 0 packets/sec, 0 bytes/sec
 Input: 0 packets, 0 bytes
 Output: 0 packets, 0 bytes
IPv6 traffic statistics:
 Last 300 seconds input rate: 0 packets/sec, 0 bytes/sec
 Last 300 seconds output rate: 0 packets/sec, 0 bytes/sec
 Input: 0 packets, 0 bytes
 Output: 0 packets, 0 bytes

GigabitEthernet1/0/7
Current state: UP
Line protocol state: UP
IP packet frame type: Ethernet II, hardware address: 8061-6c2c-8664
Description: GigabitEthernet1/0/7 Interface
Bandwidth: 1000000 kbps
Loopback is not set
Media type is twisted pair
Port hardware type is 1000_BASE_T
1000Mbps-speed mode, full-duplex mode
Link speed type is autonegotiation, link duplex type is autonegotiation
Flow-control is not enabled
Maximum frame length: 12288
Allow jumbo frames to pass
Broadcast max-ratio: 100%
Multicast max-ratio: 100%
Unicast max-ratio: 100%
Known-unicast max-ratio: 100%
PVID: 207
MDI type: Automdix
Port link-type: Access
 Tagged VLANs:   None
 Untagged VLANs: 207
Port priority: 0
Last link flapping: 144 weeks 0 days 11 hours 55 minutes
Last clearing of counters: Never
Current system time:2015-10-06 12:24:54
Last time when physical state changed to up:2013-01-01 00:27:34
Last time when physical state changed to down:2013-01-01 00:00:52
 Peak input rate: 36798260 bytes/sec, at 2015-09-17 00:47:45 
 Peak output rate: 197429326 bytes/sec, at 2015-09-14 01:24:28 
 Last 300 seconds input: 2 packets/sec 147 bytes/sec 0%
 Last 300 seconds output: 0 packets/sec 93 bytes/sec 0%
 Input (total):  180570654 packets, 12820653430 bytes
         592549 unicasts, 213 broadcasts, 179977892 multicasts, 0 pauses
 Input (normal):  180570654 packets, - bytes
         592549 unicasts, 213 broadcasts, 179977892 multicasts, 0 pauses
 Input:  0 input errors, 0 runts, 0 giants, 0 throttles
         0 CRC, 0 frame, - overruns, 0 aborts
         - ignored, - parity errors
 Output (total): 242667631 packets, 67600369780 bytes
         196190879 unicasts, 9 broadcasts, 46476743 multicasts, 0 pauses
 Output (normal): 242667631 packets, - bytes
         196190879 unicasts, 9 broadcasts, 46476743 multicasts, 0 pauses
 Output: 0 output errors, - underruns, - buffer failures
         0 aborts, 0 deferred, 0 collisions, 0 late collisions
         0 lost carrier, - no carrier
IPv4 traffic statistics:
 Last 300 seconds input rate: 0 packets/sec, 0 bytes/sec
 Last 300 seconds output rate: 0 packets/sec, 0 bytes/sec
 Input: 0 packets, 0 bytes
 Output: 0 packets, 0 bytes
IPv6 traffic statistics:
 Last 300 seconds input rate: 0 packets/sec, 0 bytes/sec
 Last 300 seconds output rate: 0 packets/sec, 0 bytes/sec
 Input: 0 packets, 0 bytes
 Output: 0 packets, 0 bytes

GigabitEthernet1/0/8
Current state: UP
Line protocol state: UP
IP packet frame type: Ethernet II, hardware address: 8061-6c2c-8665
Description: to LSASBC01-2-OMC
Bandwidth: 1000000 kbps
Loopback is not set
Media type is twisted pair
Port hardware type is 1000_BASE_T
1000Mbps-speed mode, full-duplex mode
Link speed type is autonegotiation, link duplex type is autonegotiation
Flow-control is not enabled
Maximum frame length: 12288
Allow jumbo frames to pass
Broadcast max-ratio: 100%
Multicast max-ratio: 100%
Unicast max-ratio: 100%
Known-unicast max-ratio: 100%
PVID: 260
MDI type: Automdix
Port link-type: Access
 Tagged VLANs:   None
 Untagged VLANs: 260
Port priority: 0
Last link flapping: 144 weeks 0 days 11 hours 54 minutes
Last clearing of counters: Never
Current system time:2015-10-06 12:24:54
Last time when physical state changed to up:2013-01-01 00:28:27
Last time when physical state changed to down:2013-01-01 00:00:52
 Peak input rate: 801821537 bytes/sec, at 2015-10-03 21:09:07 
 Peak output rate: 450847460 bytes/sec, at 2015-10-03 21:09:07 
 Last 300 seconds input: 12 packets/sec 2848 bytes/sec 0%
 Last 300 seconds output: 4 packets/sec 1780 bytes/sec 0%
 Input (total):  1177688420 packets, 274548037363 bytes
         1168895347 unicasts, 8793058 broadcasts, 15 multicasts, 0 pauses
 Input (normal):  1177688420 packets, - bytes
         1168895347 unicasts, 8793058 broadcasts, 15 multicasts, 0 pauses
 Input:  0 input errors, 0 runts, 0 giants, 0 throttles
         0 CRC, 0 frame, - overruns, 0 aborts
         - ignored, - parity errors
 Output (total): 385221558 packets, 154408095999 bytes
         106450658 unicasts, 145165191 broadcasts, 133605709 multicasts, 0 pauses
 Output (normal): 385221558 packets, - bytes
         106450658 unicasts, 145165191 broadcasts, 133605709 multicasts, 0 pauses
 Output: 0 output errors, - underruns, - buffer failures
         0 aborts, 0 deferred, 0 collisions, 0 late collisions
         0 lost carrier, - no carrier
IPv4 traffic statistics:
 Last 300 seconds input rate: 0 packets/sec, 0 bytes/sec
 Last 300 seconds output rate: 0 packets/sec, 0 bytes/sec
 Input: 0 packets, 0 bytes
 Output: 0 packets, 0 bytes
IPv6 traffic statistics:
 Last 300 seconds input rate: 0 packets/sec, 0 bytes/sec
 Last 300 seconds output rate: 0 packets/sec, 0 bytes/sec
 Input: 0 packets, 0 bytes
 Output: 0 packets, 0 bytes

GigabitEthernet1/0/9
Current state: UP
Line protocol state: UP
IP packet frame type: Ethernet II, hardware address: 8061-6c2c-8666
Description: to_IM-MGW01
Bandwidth: 100000 kbps
Loopback is not set
Media type is twisted pair
Port hardware type is 1000_BASE_T
100Mbps-speed mode, full-duplex mode
Link speed type is autonegotiation, link duplex type is autonegotiation
Flow-control is not enabled
Maximum frame length: 12288
Allow jumbo frames to pass
Broadcast max-ratio: 100%
Multicast max-ratio: 100%
Unicast max-ratio: 100%
Known-unicast max-ratio: 100%
PVID: 230
MDI type: Automdix
Port link-type: Access
 Tagged VLANs:   None
 Untagged VLANs: 230
Port priority: 0
Last link flapping: 144 weeks 0 days 11 hours 50 minutes
Last clearing of counters: Never
Current system time:2015-10-06 12:24:54
Last time when physical state changed to up:2013-01-01 00:32:39
Last time when physical state changed to down:2013-01-01 00:00:52
 Peak input rate: 97188936 bytes/sec, at 2015-08-31 01:53:19 
 Peak output rate: 50312812 bytes/sec, at 2015-09-14 01:24:34 
 Last 300 seconds input: 0 packets/sec 208 bytes/sec 0%
 Last 300 seconds output: 2 packets/sec 197 bytes/sec 0%
 Input (total):  73950099 packets, 34425741988 bytes
         73878185 unicasts, 71914 broadcasts, 0 multicasts, 0 pauses
 Input (normal):  73950099 packets, - bytes
         73878185 unicasts, 71914 broadcasts, 0 multicasts, 0 pauses
 Input:  0 input errors, 0 runts, 0 giants, 0 throttles
         0 CRC, 0 frame, - overruns, 0 aborts
         - ignored, - parity errors
 Output (total): 215087106 packets, 17570009206 bytes
         81476073 unicasts, 412 broadcasts, 133610621 multicasts, 0 pauses
 Output (normal): 215087106 packets, - bytes
         81476073 unicasts, 412 broadcasts, 133610621 multicasts, 0 pauses
 Output: 0 output errors, - underruns, - buffer failures
         0 aborts, 0 deferred, 0 collisions, 0 late collisions
         0 lost carrier, - no carrier
IPv4 traffic statistics:
 Last 300 seconds input rate: 0 packets/sec, 0 bytes/sec
 Last 300 seconds output rate: 0 packets/sec, 0 bytes/sec
 Input: 0 packets, 0 bytes
 Output: 0 packets, 0 bytes
IPv6 traffic statistics:
 Last 300 seconds input rate: 0 packets/sec, 0 bytes/sec
 Last 300 seconds output rate: 0 packets/sec, 0 bytes/sec
 Input: 0 packets, 0 bytes
 Output: 0 packets, 0 bytes

GigabitEthernet1/0/10
Current state: UP
Line protocol state: UP
IP packet frame type: Ethernet II, hardware address: 8061-6c2c-8667
Description: LSNPHLR01BHW-0-0/2/0
Bandwidth: 1000000 kbps
Loopback is not set
Media type is twisted pair
Port hardware type is 1000_BASE_T
1000Mbps-speed mode, full-duplex mode
Link speed type is autonegotiation, link duplex type is autonegotiation
Flow-control is not enabled
Maximum frame length: 12288
Allow jumbo frames to pass
Broadcast max-ratio: 100%
Multicast max-ratio: 100%
Unicast max-ratio: 100%
Known-unicast max-ratio: 100%
PVID: 260
MDI type: Automdix
Port link-type: Access
 Tagged VLANs:   None
 Untagged VLANs: 260
Port priority: 0
Last link flapping: 144 weeks 0 days 11 hours 52 minutes
Last clearing of counters: Never
Current system time:2015-10-06 12:24:54
Last time when physical state changed to up:2013-01-01 00:30:52
Last time when physical state changed to down:2013-01-01 00:00:52
 Peak input rate: 2434543990 bytes/sec, at 2015-09-27 22:36:18 
 Peak output rate: 781055212 bytes/sec, at 2015-09-27 22:36:18 
 Last 300 seconds input: 1 packets/sec 134 bytes/sec 0%
 Last 300 seconds output: 3 packets/sec 251 bytes/sec 0%
 Input (total):  789360086 packets, 831179542522 bytes
         775564212 unicasts, 13795874 broadcasts, 0 multicasts, 0 pauses
 Input (normal):  789360086 packets, - bytes
         775564212 unicasts, 13795874 broadcasts, 0 multicasts, 0 pauses
 Input:  0 input errors, 0 runts, 0 giants, 0 throttles
         0 CRC, 0 frame, - overruns, 0 aborts
         - ignored, - parity errors
 Output (total): 815857016 packets, 266814497336 bytes
         542089354 unicasts, 140162159 broadcasts, 133605503 multicasts, 0 pauses
 Output (normal): 815857016 packets, - bytes
         542089354 unicasts, 140162159 broadcasts, 133605503 multicasts, 0 pauses
 Output: 0 output errors, - underruns, - buffer failures
         0 aborts, 0 deferred, 0 collisions, 0 late collisions
         0 lost carrier, - no carrier
IPv4 traffic statistics:
 Last 300 seconds input rate: 0 packets/sec, 0 bytes/sec
 Last 300 seconds output rate: 0 packets/sec, 0 bytes/sec
 Input: 0 packets, 0 bytes
 Output: 0 packets, 0 bytes
IPv6 traffic statistics:
 Last 300 seconds input rate: 0 packets/sec, 0 bytes/sec
 Last 300 seconds output rate: 0 packets/sec, 0 bytes/sec
 Input: 0 packets, 0 bytes
 Output: 0 packets, 0 bytes

GigabitEthernet1/0/11
Current state: UP
Line protocol state: UP
IP packet frame type: Ethernet II, hardware address: 8061-6c2c-8668
Description: ip urpf strict
Bandwidth: 1000000 kbps
Loopback is not set
Media type is twisted pair
Port hardware type is 1000_BASE_T
1000Mbps-speed mode, full-duplex mode
Link speed type is autonegotiation, link duplex type is autonegotiation
Flow-control is not enabled
Maximum frame length: 12288
Allow jumbo frames to pass
Broadcast max-ratio: 100%
Multicast max-ratio: 100%
Unicast max-ratio: 100%
Known-unicast max-ratio: 100%
PVID: 209
MDI type: Automdix
Port link-type: Access
 Tagged VLANs:   None
 Untagged VLANs: 209
Port priority: 0
Last link flapping: 144 weeks 0 days 11 hours 52 minutes
Last clearing of counters: Never
Current system time:2015-10-06 12:24:54
Last time when physical state changed to up:2013-01-01 00:31:03
Last time when physical state changed to down:2013-01-01 00:00:52
 Peak input rate: 797932009 bytes/sec, at 2015-10-03 09:14:01 
 Peak output rate: 170943688 bytes/sec, at 2015-10-03 09:14:01 
 Last 300 seconds input: 10 packets/sec 2146 bytes/sec 0%
 Last 300 seconds output: 1 packets/sec 163 bytes/sec 0%
 Input (total):  682775912 packets, 273129624298 bytes
         672350329 unicasts, 10425577 broadcasts, 6 multicasts, 0 pauses
 Input (normal):  682775912 packets, - bytes
         672350329 unicasts, 10425577 broadcasts, 6 multicasts, 0 pauses
 Input:  0 input errors, 0 runts, 0 giants, 0 throttles
         0 CRC, 0 frame, - overruns, 0 aborts
         - ignored, - parity errors
 Output (total): 270755168 packets, 58432897591 bytes
         124355995 unicasts, 12787931 broadcasts, 133611242 multicasts, 0 pauses
 Output (normal): 270755168 packets, - bytes
         124355995 unicasts, 12787931 broadcasts, 133611242 multicasts, 0 pauses
 Output: 0 output errors, - underruns, - buffer failures
         0 aborts, 0 deferred, 0 collisions, 0 late collisions
         0 lost carrier, - no carrier
IPv4 traffic statistics:
 Last 300 seconds input rate: 0 packets/sec, 0 bytes/sec
 Last 300 seconds output rate: 0 packets/sec, 0 bytes/sec
 Input: 0 packets, 0 bytes
 Output: 0 packets, 0 bytes
IPv6 traffic statistics:
 Last 300 seconds input rate: 0 packets/sec, 0 bytes/sec
 Last 300 seconds output rate: 0 packets/sec, 0 bytes/sec
 Input: 0 packets, 0 bytes
 Output: 0 packets, 0 bytes
               
GigabitEthernet1/0/12
Current state: UP
Line protocol state: UP
IP packet frame type: Ethernet II, hardware address: 8061-6c2c-8669
Description: GigabitEthernet1/0/12 Interface
Bandwidth: 1000000 kbps
Loopback is not set
Media type is twisted pair
Port hardware type is 1000_BASE_T
1000Mbps-speed mode, full-duplex mode
Link speed type is autonegotiation, link duplex type is autonegotiation
Flow-control is not enabled
Maximum frame length: 12288
Allow jumbo frames to pass
Broadcast max-ratio: 100%
Multicast max-ratio: 100%
Unicast max-ratio: 100%
Known-unicast max-ratio: 100%
PVID: 210
MDI type: Automdix
Port link-type: Access
 Tagged VLANs:   None
 Untagged VLANs: 210
Port priority: 0
Last link flapping: 144 weeks 0 days 11 hours 51 minutes
Last clearing of counters: Never
Current system time:2015-10-06 12:24:54
Last time when physical state changed to up:2013-01-01 00:31:17
Last time when physical state changed to down:2013-01-01 00:00:52
 Peak input rate: 4937 bytes/sec, at 2013-06-28 10:44:08 
 Peak output rate: 38058206 bytes/sec, at 2015-10-06 02:59:35 
 Last 300 seconds input: 0 packets/sec 0 bytes/sec 0%
 Last 300 seconds output: 1 packets/sec 139 bytes/sec 0%
 Input (total):  12353254 packets, 6332861412 bytes
         12000154 unicasts, 353100 broadcasts, 0 multicasts, 0 pauses
 Input (normal):  12353254 packets, - bytes
         12000154 unicasts, 353100 broadcasts, 0 multicasts, 0 pauses
 Input:  0 input errors, 0 runts, 0 giants, 0 throttles
         0 CRC, 0 frame, - overruns, 0 aborts
         - ignored, - parity errors
 Output (total): 147074197 packets, 13001030572 bytes
         9472654 unicasts, 3990638 broadcasts, 133610905 multicasts, 0 pauses
 Output (normal): 147074197 packets, - bytes
         9472654 unicasts, 3990638 broadcasts, 133610905 multicasts, 0 pauses
 Output: 0 output errors, - underruns, - buffer failures
         0 aborts, 0 deferred, 0 collisions, 0 late collisions
         0 lost carrier, - no carrier
IPv4 traffic statistics:
 Last 300 seconds input rate: 0 packets/sec, 0 bytes/sec
 Last 300 seconds output rate: 0 packets/sec, 0 bytes/sec
 Input: 0 packets, 0 bytes
 Output: 0 packets, 0 bytes
IPv6 traffic statistics:
 Last 300 seconds input rate: 0 packets/sec, 0 bytes/sec
 Last 300 seconds output rate: 0 packets/sec, 0 bytes/sec
 Input: 0 packets, 0 bytes
 Output: 0 packets, 0 bytes

GigabitEthernet1/0/13
Current state: UP
Line protocol state: UP
IP packet frame type: Ethernet II, hardware address: 8061-6c2c-866a
Description: LSNPMSC01BHW-0-0/2/0
Bandwidth: 1000000 kbps
Loopback is not set
Media type is twisted pair
Port hardware type is 1000_BASE_T
1000Mbps-speed mode, full-duplex mode
Link speed type is autonegotiation, link duplex type is autonegotiation
Flow-control is not enabled
Maximum frame length: 12288
Allow jumbo frames to pass
Broadcast max-ratio: 100%
Multicast max-ratio: 100%
Unicast max-ratio: 100%
Known-unicast max-ratio: 100%
PVID: 260
MDI type: Automdix
Port link-type: Access
 Tagged VLANs:   None
 Untagged VLANs: 260
Port priority: 0
Last link flapping: 130 weeks 3 days 11 hours 2 minutes
Last clearing of counters: Never
Current system time:2015-10-06 12:24:54
Last time when physical state changed to up:2013-04-06 01:21:18
Last time when physical state changed to down:2013-04-06 01:21:06
 Peak input rate: 3010015992 bytes/sec, at 2015-10-04 15:29:16 
 Peak output rate: 920548399 bytes/sec, at 2015-10-04 15:29:16 
 Last 300 seconds input: 17 packets/sec 4236 bytes/sec 0%
 Last 300 seconds output: 7 packets/sec 3857 bytes/sec 0%
 Input (total):  1422935892 packets, 1029181378213 bytes
         1409416924 unicasts, 13518945 broadcasts, 23 multicasts, 0 pauses
 Input (normal):  1422935892 packets, - bytes
         1409416924 unicasts, 13518945 broadcasts, 23 multicasts, 0 pauses
 Input:  0 input errors, 0 runts, 0 giants, 0 throttles
         0 CRC, 0 frame, - overruns, 0 aborts
         - ignored, - parity errors
 Output (total): 887982593 packets, 315125091476 bytes
         613938454 unicasts, 140438852 broadcasts, 133605287 multicasts, 0 pauses
 Output (normal): 887982593 packets, - bytes
         613938454 unicasts, 140438852 broadcasts, 133605287 multicasts, 0 pauses
 Output: 0 output errors, - underruns, - buffer failures
         0 aborts, 0 deferred, 0 collisions, 0 late collisions
         0 lost carrier, - no carrier
IPv4 traffic statistics:
 Last 300 seconds input rate: 0 packets/sec, 0 bytes/sec
 Last 300 seconds output rate: 0 packets/sec, 0 bytes/sec
 Input: 0 packets, 0 bytes
 Output: 0 packets, 0 bytes
IPv6 traffic statistics:
 Last 300 seconds input rate: 0 packets/sec, 0 bytes/sec
 Last 300 seconds output rate: 0 packets/sec, 0 bytes/sec
 Input: 0 packets, 0 bytes
 Output: 0 packets, 0 bytes

GigabitEthernet1/0/14
Current state: UP
Line protocol state: UP
IP packet frame type: Ethernet II, hardware address: 8061-6c2c-866b
Description: to_SBC2900
Bandwidth: 1000000 kbps
Loopback is not set
Media type is twisted pair
Port hardware type is 1000_BASE_T
1000Mbps-speed mode, full-duplex mode
Link speed type is autonegotiation, link duplex type is autonegotiation
Flow-control is not enabled
Maximum frame length: 12288
Allow jumbo frames to pass
Broadcast max-ratio: 100%
Multicast max-ratio: 100%
Unicast max-ratio: 100%
Known-unicast max-ratio: 100%
PVID: 220
MDI type: Automdix
Port link-type: Access
 Tagged VLANs:   None
 Untagged VLANs: 220
Port priority: 0
Last link flapping: 144 weeks 0 days 11 hours 51 minutes
Last clearing of counters: Never
Current system time:2015-10-06 12:24:54
Last time when physical state changed to up:2013-01-01 00:31:37
Last time when physical state changed to down:2013-01-01 00:00:52
 Peak input rate: 385519181 bytes/sec, at 2015-10-05 09:44:30 
 Peak output rate: 423898885 bytes/sec, at 2015-10-05 09:44:30 
 Last 300 seconds input: 1 packets/sec 1514 bytes/sec 0%
 Last 300 seconds output: 3 packets/sec 1660 bytes/sec 0%
 Input (total):  118760237 packets, 131859096102 bytes
         109346971 unicasts, 9413266 broadcasts, 0 multicasts, 0 pauses
 Input (normal):  118760237 packets, - bytes
         109346971 unicasts, 9413266 broadcasts, 0 multicasts, 0 pauses
 Input:  0 input errors, 0 runts, 0 giants, 0 throttles
         0 CRC, 0 frame, - overruns, 0 aborts
         - ignored, - parity errors
 Output (total): 271986587 packets, 144986129645 bytes
         101371517 unicasts, 37003931 broadcasts, 133611139 multicasts, 0 pauses
 Output (normal): 271986587 packets, - bytes
         101371517 unicasts, 37003931 broadcasts, 133611139 multicasts, 0 pauses
 Output: 0 output errors, - underruns, - buffer failures
         0 aborts, 0 deferred, 0 collisions, 0 late collisions
         0 lost carrier, - no carrier
IPv4 traffic statistics:
 Last 300 seconds input rate: 0 packets/sec, 0 bytes/sec
 Last 300 seconds output rate: 0 packets/sec, 0 bytes/sec
 Input: 0 packets, 0 bytes
 Output: 0 packets, 0 bytes
IPv6 traffic statistics:
 Last 300 seconds input rate: 0 packets/sec, 0 bytes/sec
 Last 300 seconds output rate: 0 packets/sec, 0 bytes/sec
 Input: 0 packets, 0 bytes
 Output: 0 packets, 0 bytes

GigabitEthernet1/0/15
Current state: DOWN
Line protocol state: DOWN
IP packet frame type: Ethernet II, hardware address: 8061-6c2c-866c
Description: GigabitEthernet1/0/15 Interface
Bandwidth: 1000000 kbps
Loopback is not set
Media type is twisted pair
Port hardware type is 1000_BASE_T
Unknown-speed mode, unknown-duplex mode
Link speed type is autonegotiation, link duplex type is autonegotiation
Flow-control is not enabled
Maximum frame length: 12288
Allow jumbo frames to pass
Broadcast max-ratio: 100%
Multicast max-ratio: 100%
Unicast max-ratio: 100%
Known-unicast max-ratio: 100%
PVID: 260
MDI type: Automdix
Port link-type: Access
 Tagged VLANs:   None
 Untagged VLANs: 260
Port priority: 0
Last link flapping: Never
Last clearing of counters: Never
Current system time:2015-10-06 12:24:54
Last time when physical state changed to up:-
Last time when physical state changed to down:2013-01-01 00:00:52
 Peak input rate: 0 bytes/sec, at 2013-01-01 00:02:44 
 Peak output rate: 0 bytes/sec, at 2013-01-01 00:02:44 
 Last 300 seconds input: 0 packets/sec 0 bytes/sec -%
 Last 300 seconds output: 0 packets/sec 0 bytes/sec -%
 Input (total):  0 packets, 0 bytes
         0 unicasts, 0 broadcasts, 0 multicasts, 0 pauses
 Input (normal):  0 packets, - bytes
         0 unicasts, 0 broadcasts, 0 multicasts, 0 pauses
 Input:  0 input errors, 0 runts, 0 giants, 0 throttles
         0 CRC, 0 frame, - overruns, 0 aborts
         - ignored, - parity errors
 Output (total): 0 packets, 0 bytes
         0 unicasts, 0 broadcasts, 0 multicasts, 0 pauses
 Output (normal): 0 packets, - bytes
         0 unicasts, 0 broadcasts, 0 multicasts, 0 pauses
 Output: 0 output errors, - underruns, - buffer failures
         0 aborts, 0 deferred, 0 collisions, 0 late collisions
         0 lost carrier, - no carrier
IPv4 traffic statistics:
 Last 300 seconds input rate: 0 packets/sec, 0 bytes/sec
 Last 300 seconds output rate: 0 packets/sec, 0 bytes/sec
 Input: 0 packets, 0 bytes
 Output: 0 packets, 0 bytes
IPv6 traffic statistics:
 Last 300 seconds input rate: 0 packets/sec, 0 bytes/sec
 Last 300 seconds output rate: 0 packets/sec, 0 bytes/sec
 Input: 0 packets, 0 bytes
 Output: 0 packets, 0 bytes

GigabitEthernet1/0/16
Current state: UP
Line protocol state: UP
IP packet frame type: Ethernet II, hardware address: 8061-6c2c-866d
Description: to yuyinzhiliang_fenxifuwuqi_eth1
Bandwidth: 100000 kbps
Loopback is not set
Media type is twisted pair
Port hardware type is 1000_BASE_T
100Mbps-speed mode, full-duplex mode
Link speed type is autonegotiation, link duplex type is autonegotiation
Flow-control is not enabled
Maximum frame length: 12288
Allow jumbo frames to pass
Broadcast max-ratio: 100%
Multicast max-ratio: 100%
Unicast max-ratio: 100%
Known-unicast max-ratio: 100%
PVID: 1
MDI type: Automdix
Port link-type: Access
 Tagged VLANs:   None
 Untagged VLANs: 1
Port priority: 0
Last link flapping: 144 weeks 0 days 11 hours 51 minutes
Last clearing of counters: Never
Current system time:2015-10-06 12:24:54
Last time when physical state changed to up:2013-01-01 00:32:14
Last time when physical state changed to down:2013-01-01 00:00:52
 Peak input rate: 10476 bytes/sec, at 2015-02-17 12:48:57 
 Peak output rate: 26854523 bytes/sec, at 2015-09-30 19:48:18 
 Last 300 seconds input: 0 packets/sec 0 bytes/sec 0%
 Last 300 seconds output: 0 packets/sec 112 bytes/sec 0%
 Input (total):  69893 packets, 4473231 bytes
         69858 unicasts, 1 broadcasts, 34 multicasts, 0 pauses
 Input (normal):  69893 packets, - bytes
         69858 unicasts, 1 broadcasts, 34 multicasts, 0 pauses
 Input:  0 input errors, 0 runts, 0 giants, 0 throttles
         0 CRC, 0 frame, - overruns, 0 aborts
         - ignored, - parity errors
 Output (total): 72830687 packets, 9230327886 bytes
         74647 unicasts, 12212771 broadcasts, 60543269 multicasts, 0 pauses
 Output (normal): 72830687 packets, - bytes
         74647 unicasts, 12212771 broadcasts, 60543269 multicasts, 0 pauses
 Output: 0 output errors, - underruns, - buffer failures
         0 aborts, 0 deferred, 0 collisions, 0 late collisions
         0 lost carrier, - no carrier
IPv4 traffic statistics:
 Last 300 seconds input rate: 0 packets/sec, 0 bytes/sec
 Last 300 seconds output rate: 0 packets/sec, 0 bytes/sec
 Input: 0 packets, 0 bytes
 Output: 0 packets, 0 bytes
IPv6 traffic statistics:
 Last 300 seconds input rate: 0 packets/sec, 0 bytes/sec
 Last 300 seconds output rate: 0 packets/sec, 0 bytes/sec
 Input: 0 packets, 0 bytes
 Output: 0 packets, 0 bytes

GigabitEthernet1/0/17
Current state: UP
Line protocol state: UP
IP packet frame type: Ethernet II, hardware address: 8061-6c2c-866e
Description: GigabitEthernet1/0/17 Interface
Bandwidth: 1000000 kbps
Loopback is not set
Media type is twisted pair
Port hardware type is 1000_BASE_T
1000Mbps-speed mode, full-duplex mode
Link speed type is autonegotiation, link duplex type is autonegotiation
Flow-control is not enabled
Maximum frame length: 12288
Allow jumbo frames to pass
Broadcast max-ratio: 100%
Multicast max-ratio: 100%
Unicast max-ratio: 100%
Known-unicast max-ratio: 100%
PVID: 250
MDI type: Automdix
Port link-type: Access
 Tagged VLANs:   None
 Untagged VLANs: 250
Port priority: 0
Last link flapping: 144 weeks 0 days 11 hours 49 minutes
Last clearing of counters: Never
Current system time:2015-10-06 12:24:54
Last time when physical state changed to up:2013-01-01 00:33:29
Last time when physical state changed to down:2013-01-01 00:00:53
 Peak input rate: 803391611 bytes/sec, at 2015-09-19 01:03:30 
 Peak output rate: 172550145 bytes/sec, at 2015-09-28 07:27:41 
 Last 300 seconds input: 9 packets/sec 2081 bytes/sec 0%
 Last 300 seconds output: 2 packets/sec 168 bytes/sec 0%
 Input (total):  686245553 packets, 277948946725 bytes
         675843796 unicasts, 10401751 broadcasts, 6 multicasts, 0 pauses
 Input (normal):  686245553 packets, - bytes
         675843796 unicasts, 10401751 broadcasts, 6 multicasts, 0 pauses
 Input:  0 input errors, 0 runts, 0 giants, 0 throttles
         0 CRC, 0 frame, - overruns, 0 aborts
         - ignored, - parity errors
 Output (total): 276594164 packets, 59044808057 bytes
         125854960 unicasts, 17134011 broadcasts, 133605193 multicasts, 0 pauses
 Output (normal): 276594164 packets, - bytes
         125854960 unicasts, 17134011 broadcasts, 133605193 multicasts, 0 pauses
 Output: 0 output errors, - underruns, - buffer failures
         0 aborts, 0 deferred, 0 collisions, 0 late collisions
         0 lost carrier, - no carrier
IPv4 traffic statistics:
 Last 300 seconds input rate: 0 packets/sec, 0 bytes/sec
 Last 300 seconds output rate: 0 packets/sec, 0 bytes/sec
 Input: 0 packets, 0 bytes
 Output: 0 packets, 0 bytes
IPv6 traffic statistics:
 Last 300 seconds input rate: 0 packets/sec, 0 bytes/sec
 Last 300 seconds output rate: 0 packets/sec, 0 bytes/sec
 Input: 0 packets, 0 bytes
 Output: 0 packets, 0 bytes

GigabitEthernet1/0/18
Current state: UP
Line protocol state: UP
IP packet frame type: Ethernet II, hardware address: 8061-6c2c-866f
Description: GigabitEthernet1/0/18 Interface
Bandwidth: 100000 kbps
Loopback is not set
Media type is twisted pair
Port hardware type is 1000_BASE_T
100Mbps-speed mode, full-duplex mode
Link speed type is autonegotiation, link duplex type is autonegotiation
Flow-control is not enabled
Maximum frame length: 12288
Allow jumbo frames to pass
Broadcast max-ratio: 100%
Multicast max-ratio: 100%
Unicast max-ratio: 100%
Known-unicast max-ratio: 100%
PVID: 1
MDI type: Automdix
Port link-type: Access
 Tagged VLANs:   None
 Untagged VLANs: 1
Port priority: 0
Last link flapping: 143 weeks 1 days 0 hours 15 minutes
Last clearing of counters: Never
Current system time:2015-10-06 12:24:54
Last time when physical state changed to up:2013-01-07 12:07:52
Last time when physical state changed to down:2013-01-07 12:07:47
 Peak input rate: 1029383658 bytes/sec, at 2015-09-23 02:48:53 
 Peak output rate: 6992994220 bytes/sec, at 2015-09-23 02:48:53 
 Last 300 seconds input: 46 packets/sec 5303 bytes/sec 0%
 Last 300 seconds output: 48 packets/sec 12473 bytes/sec 0%
 Input (total):  1679694591 packets, 352728932969 bytes
         1668997616 unicasts, 5339657 broadcasts, 5357318 multicasts, 0 pauses
 Input (normal):  1679694591 packets, - bytes
         1668997616 unicasts, 5339657 broadcasts, 5357318 multicasts, 0 pauses
 Input:  0 input errors, 0 runts, 0 giants, 0 throttles
         0 CRC, 0 frame, - overruns, 0 aborts
         - ignored, - parity errors
 Output (total): 2507672119 packets, 2396597908828 bytes
         2445619959 unicasts, 6869267 broadcasts, 55182893 multicasts, 0 pauses
 Output (normal): 2507672119 packets, - bytes
         2445619959 unicasts, 6869267 broadcasts, 55182893 multicasts, 0 pauses
 Output: 0 output errors, - underruns, - buffer failures
         0 aborts, 0 deferred, 0 collisions, 0 late collisions
         0 lost carrier, - no carrier
IPv4 traffic statistics:
 Last 300 seconds input rate: 0 packets/sec, 0 bytes/sec
 Last 300 seconds output rate: 0 packets/sec, 0 bytes/sec
 Input: 0 packets, 0 bytes
 Output: 0 packets, 0 bytes
IPv6 traffic statistics:
 Last 300 seconds input rate: 0 packets/sec, 0 bytes/sec
 Last 300 seconds output rate: 0 packets/sec, 0 bytes/sec
 Input: 0 packets, 0 bytes
 Output: 0 packets, 0 bytes

GigabitEthernet1/0/19
Current state: UP
Line protocol state: UP
IP packet frame type: Ethernet II, hardware address: 8061-6c2c-8670
Description: GigabitEthernet1/0/19 Interface
Bandwidth: 1000000 kbps
Loopback is not set
Media type is twisted pair
Port hardware type is 1000_BASE_T
1000Mbps-speed mode, full-duplex mode
Link speed type is autonegotiation, link duplex type is autonegotiation
Flow-control is not enabled
Maximum frame length: 12288
Allow jumbo frames to pass
Broadcast max-ratio: 100%
Multicast max-ratio: 100%
Unicast max-ratio: 100%
Known-unicast max-ratio: 100%
PVID: 250
MDI type: Automdix
Port link-type: Access
 Tagged VLANs:   None
 Untagged VLANs: 250
Port priority: 0
Last link flapping: 144 weeks 0 days 11 hours 48 minutes
Last clearing of counters: Never
Current system time:2015-10-06 12:24:54
Last time when physical state changed to up:2013-01-01 00:35:15
Last time when physical state changed to down:2013-01-01 00:00:53
 Peak input rate: 2921 bytes/sec, at 2013-01-02 00:10:32 
 Peak output rate: 41852724 bytes/sec, at 2015-09-27 13:22:28 
 Last 300 seconds input: 0 packets/sec 0 bytes/sec 0%
 Last 300 seconds output: 1 packets/sec 156 bytes/sec 0%
 Input (total):  10438495 packets, 3550407177 bytes
         10085399 unicasts, 353096 broadcasts, 0 multicasts, 0 pauses
 Input (normal):  10438495 packets, - bytes
         10085399 unicasts, 353096 broadcasts, 0 multicasts, 0 pauses
 Input:  0 input errors, 0 runts, 0 giants, 0 throttles
         0 CRC, 0 frame, - overruns, 0 aborts
         - ignored, - parity errors
 Output (total): 169251200 packets, 14418578855 bytes
         8463544 unicasts, 27182619 broadcasts, 133605037 multicasts, 0 pauses
 Output (normal): 169251200 packets, - bytes
         8463544 unicasts, 27182619 broadcasts, 133605037 multicasts, 0 pauses
 Output: 0 output errors, - underruns, - buffer failures
         0 aborts, 0 deferred, 0 collisions, 0 late collisions
         0 lost carrier, - no carrier
IPv4 traffic statistics:
 Last 300 seconds input rate: 0 packets/sec, 0 bytes/sec
 Last 300 seconds output rate: 0 packets/sec, 0 bytes/sec
 Input: 0 packets, 0 bytes
 Output: 0 packets, 0 bytes
IPv6 traffic statistics:
 Last 300 seconds input rate: 0 packets/sec, 0 bytes/sec
 Last 300 seconds output rate: 0 packets/sec, 0 bytes/sec
 Input: 0 packets, 0 bytes
 Output: 0 packets, 0 bytes

GigabitEthernet1/0/20
Current state: UP
Line protocol state: UP
IP packet frame type: Ethernet II, hardware address: 8061-6c2c-8671
Description: GigabitEthernet1/0/20 Interface
Bandwidth: 100000 kbps
Loopback is not set
Media type is twisted pair
Port hardware type is 1000_BASE_T
100Mbps-speed mode, full-duplex mode
Link speed type is autonegotiation, link duplex type is autonegotiation
Flow-control is not enabled
Maximum frame length: 12288
Allow jumbo frames to pass
Broadcast max-ratio: 100%
Multicast max-ratio: 100%
Unicast max-ratio: 100%
Known-unicast max-ratio: 100%
PVID: 220      
MDI type: Automdix
Port link-type: Access
 Tagged VLANs:   None
 Untagged VLANs: 220
Port priority: 0
Last link flapping: 63 weeks 2 days 12 hours 12 minutes
Last clearing of counters: Never
Current system time:2015-10-06 12:24:54
Last time when physical state changed to up:2014-07-20 00:12:04
Last time when physical state changed to down:2014-07-20 00:11:53
 Peak input rate: 2338863370 bytes/sec, at 2015-09-27 07:12:26 
 Peak output rate: 313277431 bytes/sec, at 2015-09-27 07:12:26 
 Last 300 seconds input: 29 packets/sec 6747 bytes/sec 0%
 Last 300 seconds output: 3 packets/sec 1479 bytes/sec 0%
 Input (total):  1908819755 packets, 808034060506 bytes
         1888329756 unicasts, 20489983 broadcasts, 16 multicasts, 0 pauses
 Input (normal):  1908819755 packets, - bytes
         1888329756 unicasts, 20489983 broadcasts, 16 multicasts, 0 pauses
 Input:  0 input errors, 0 runts, 0 giants, 0 throttles
         0 CRC, 0 frame, - overruns, 0 aborts
         - ignored, - parity errors
 Output (total): 479657989 packets, 108067688176 bytes
         320120686 unicasts, 25927066 broadcasts, 133610237 multicasts, 0 pauses
 Output (normal): 479657989 packets, - bytes
         320120686 unicasts, 25927066 broadcasts, 133610237 multicasts, 0 pauses
 Output: 0 output errors, - underruns, - buffer failures
         0 aborts, 0 deferred, 0 collisions, 0 late collisions
         0 lost carrier, - no carrier
IPv4 traffic statistics:
 Last 300 seconds input rate: 0 packets/sec, 0 bytes/sec
 Last 300 seconds output rate: 0 packets/sec, 0 bytes/sec
 Input: 0 packets, 0 bytes
 Output: 0 packets, 0 bytes
IPv6 traffic statistics:
 Last 300 seconds input rate: 0 packets/sec, 0 bytes/sec
 Last 300 seconds output rate: 0 packets/sec, 0 bytes/sec
 Input: 0 packets, 0 bytes
 Output: 0 packets, 0 bytes

GigabitEthernet1/0/21
Current state: UP
Line protocol state: UP
IP packet frame type: Ethernet II, hardware address: 8061-6c2c-8672
Description: GigabitEthernet1/0/21 Interface
Bandwidth: 1000000 kbps
Loopback is not set
Media type is twisted pair
Port hardware type is 1000_BASE_T
1000Mbps-speed mode, full-duplex mode
Link speed type is autonegotiation, link duplex type is autonegotiation
Flow-control is not enabled
Maximum frame length: 12288
Allow jumbo frames to pass
Broadcast max-ratio: 100%
Multicast max-ratio: 100%
Unicast max-ratio: 100%
Known-unicast max-ratio: 100%
PVID: 206
MDI type: Automdix
Port link-type: Access
 Tagged VLANs:   None
 Untagged VLANs: 206
Port priority: 0
Last link flapping: 34 weeks 0 days 17 hours 25 minutes
Last clearing of counters: Never
Current system time:2015-10-06 12:24:54
Last time when physical state changed to up:2015-02-09 18:58:42
Last time when physical state changed to down:2015-02-09 18:58:39
 Peak input rate: 1639471544 bytes/sec, at 2015-09-30 13:13:12 
 Peak output rate: 555672218 bytes/sec, at 2015-09-30 13:13:12 
 Last 300 seconds input: 4 packets/sec 624 bytes/sec 0%
 Last 300 seconds output: 1 packets/sec 164 bytes/sec 0%
 Input (total):  684300863 packets, 560407736728 bytes
         671572479 unicasts, 12728365 broadcasts, 19 multicasts, 0 pauses
 Input (normal):  684300863 packets, - bytes
         671572479 unicasts, 12728365 broadcasts, 19 multicasts, 0 pauses
 Input:  0 input errors, 0 runts, 0 giants, 0 throttles
         0 CRC, 0 frame, - overruns, 0 aborts
         - ignored, - parity errors
 Output (total): 542762638 packets, 189921514084 bytes
         398713529 unicasts, 10438839 broadcasts, 133610270 multicasts, 0 pauses
 Output (normal): 542762638 packets, - bytes
         398713529 unicasts, 10438839 broadcasts, 133610270 multicasts, 0 pauses
 Output: 0 output errors, - underruns, - buffer failures
         0 aborts, 0 deferred, 0 collisions, 0 late collisions
         0 lost carrier, - no carrier
IPv4 traffic statistics:
 Last 300 seconds input rate: 0 packets/sec, 0 bytes/sec
 Last 300 seconds output rate: 0 packets/sec, 0 bytes/sec
 Input: 0 packets, 0 bytes
 Output: 0 packets, 0 bytes
IPv6 traffic statistics:
 Last 300 seconds input rate: 0 packets/sec, 0 bytes/sec
 Last 300 seconds output rate: 0 packets/sec, 0 bytes/sec
 Input: 0 packets, 0 bytes
 Output: 0 packets, 0 bytes

GigabitEthernet1/0/22
Current state: UP
Line protocol state: UP
IP packet frame type: Ethernet II, hardware address: 8061-6c2c-8673
Description: GigabitEthernet1/0/22 Interface
Bandwidth: 100000 kbps
Loopback is not set
Media type is twisted pair
Port hardware type is 1000_BASE_T
100Mbps-speed mode, full-duplex mode
Link speed type is autonegotiation, link duplex type is autonegotiation
Flow-control is not enabled
Maximum frame length: 12288
Allow jumbo frames to pass
Broadcast max-ratio: 100%
Multicast max-ratio: 100%
Unicast max-ratio: 100%
Known-unicast max-ratio: 100%
PVID: 220
MDI type: Automdix
Port link-type: Access
 Tagged VLANs:   None
 Untagged VLANs: 220
Port priority: 0
Last link flapping: 26 weeks 2 days 12 hours 3 minutes
Last clearing of counters: Never
Current system time:2015-10-06 12:24:54
Last time when physical state changed to up:2015-04-05 00:21:17
Last time when physical state changed to down:2015-04-05 00:21:16
 Peak input rate: 50095020 bytes/sec, at 2015-04-04 16:52:06 
 Peak output rate: 54548489 bytes/sec, at 2015-10-01 03:33:32 
 Last 300 seconds input: 0 packets/sec 0 bytes/sec 0%
 Last 300 seconds output: 2 packets/sec 171 bytes/sec 0%
 Input (total):  50282150 packets, 17137293407 bytes
         50223677 unicasts, 58473 broadcasts, 0 multicasts, 0 pauses
 Input (normal):  50282150 packets, - bytes
         50223677 unicasts, 58473 broadcasts, 0 multicasts, 0 pauses
 Input:  0 input errors, 0 runts, 0 giants, 0 throttles
         0 CRC, 0 frame, - overruns, 0 aborts
         - ignored, - parity errors
 Output (total): 235797752 packets, 18712028505 bytes
         55829223 unicasts, 46358480 broadcasts, 133610049 multicasts, 0 pauses
 Output (normal): 235797752 packets, - bytes
         55829223 unicasts, 46358480 broadcasts, 133610049 multicasts, 0 pauses
 Output: 0 output errors, - underruns, - buffer failures
         0 aborts, 0 deferred, 0 collisions, 0 late collisions
         0 lost carrier, - no carrier
IPv4 traffic statistics:
 Last 300 seconds input rate: 0 packets/sec, 0 bytes/sec
 Last 300 seconds output rate: 0 packets/sec, 0 bytes/sec
 Input: 0 packets, 0 bytes
 Output: 0 packets, 0 bytes
IPv6 traffic statistics:
 Last 300 seconds input rate: 0 packets/sec, 0 bytes/sec
 Last 300 seconds output rate: 0 packets/sec, 0 bytes/sec
 Input: 0 packets, 0 bytes
 Output: 0 packets, 0 bytes

GigabitEthernet1/0/23
Current state: UP
Line protocol state: UP
IP packet frame type: Ethernet II, hardware address: 8061-6c2c-8674
Description: GigabitEthernet1/0/23 Interface
Bandwidth: 1000000 kbps
Loopback is not set
Media type is twisted pair
Port hardware type is 1000_BASE_T
1000Mbps-speed mode, full-duplex mode
Link speed type is autonegotiation, link duplex type is autonegotiation
Flow-control is not enabled
Maximum frame length: 12288
Allow jumbo frames to pass
Broadcast max-ratio: 100%
Multicast max-ratio: 100%
Unicast max-ratio: 100%
Known-unicast max-ratio: 100%
PVID: 205
MDI type: Automdix
Port link-type: Access
 Tagged VLANs:   None
 Untagged VLANs: 205
Port priority: 0
Last link flapping: 144 weeks 0 days 11 hours 47 minutes
Last clearing of counters: Never
Current system time:2015-10-06 12:24:55
Last time when physical state changed to up:2013-01-01 00:35:58
Last time when physical state changed to down:2013-01-01 00:00:53
 Peak input rate: 643183474 bytes/sec, at 2015-10-04 02:59:08 
 Peak output rate: 192041059 bytes/sec, at 2015-10-04 02:59:08 
 Last 300 seconds input: 8 packets/sec 1961 bytes/sec 0%
 Last 300 seconds output: 1 packets/sec 165 bytes/sec 0%
 Input (total):  557963815 packets, 220074796570 bytes
         547538059 unicasts, 10425749 broadcasts, 7 multicasts, 0 pauses
 Input (normal):  557963815 packets, - bytes
         547538059 unicasts, 10425749 broadcasts, 7 multicasts, 0 pauses
 Input:  0 input errors, 0 runts, 0 giants, 0 throttles
         0 CRC, 0 frame, - overruns, 0 aborts
         - ignored, - parity errors
 Output (total): 271860715 packets, 65619599088 bytes
         125464183 unicasts, 12786328 broadcasts, 133610204 multicasts, 0 pauses
 Output (normal): 271860715 packets, - bytes
         125464183 unicasts, 12786328 broadcasts, 133610204 multicasts, 0 pauses
 Output: 0 output errors, - underruns, - buffer failures
         0 aborts, 0 deferred, 0 collisions, 0 late collisions
         0 lost carrier, - no carrier
IPv4 traffic statistics:
 Last 300 seconds input rate: 0 packets/sec, 0 bytes/sec
 Last 300 seconds output rate: 0 packets/sec, 0 bytes/sec
 Input: 0 packets, 0 bytes
 Output: 0 packets, 0 bytes
IPv6 traffic statistics:
 Last 300 seconds input rate: 0 packets/sec, 0 bytes/sec
 Last 300 seconds output rate: 0 packets/sec, 0 bytes/sec
 Input: 0 packets, 0 bytes
 Output: 0 packets, 0 bytes

GigabitEthernet1/0/24
Current state: DOWN
Line protocol state: DOWN
IP packet frame type: Ethernet II, hardware address: 8061-6c2c-8675
Description: GigabitEthernet1/0/24 Interface
Bandwidth: 1000000 kbps
Loopback is not set
Media type is twisted pair
Port hardware type is 1000_BASE_T
Unknown-speed mode, unknown-duplex mode
Link speed type is autonegotiation, link duplex type is autonegotiation
Flow-control is not enabled
Maximum frame length: 12288
Allow jumbo frames to pass
Broadcast max-ratio: 100%
Multicast max-ratio: 100%
Unicast max-ratio: 100%
Known-unicast max-ratio: 100%
PVID: 204
MDI type: Automdix
Port link-type: Access
 Tagged VLANs:   None
 Untagged VLANs: 204
Port priority: 0
Last link flapping: Never
Last clearing of counters: Never
Current system time:2015-10-06 12:24:55
Last time when physical state changed to up:-
Last time when physical state changed to down:2013-01-01 00:00:53
 Peak input rate: 0 bytes/sec, at 2013-01-01 00:02:44 
 Peak output rate: 0 bytes/sec, at 2013-01-01 00:02:44 
 Last 300 seconds input: 0 packets/sec 0 bytes/sec -%
 Last 300 seconds output: 0 packets/sec 0 bytes/sec -%
 Input (total):  0 packets, 0 bytes
         0 unicasts, 0 broadcasts, 0 multicasts, 0 pauses
 Input (normal):  0 packets, - bytes
         0 unicasts, 0 broadcasts, 0 multicasts, 0 pauses
 Input:  0 input errors, 0 runts, 0 giants, 0 throttles
         0 CRC, 0 frame, - overruns, 0 aborts
         - ignored, - parity errors
 Output (total): 0 packets, 0 bytes
         0 unicasts, 0 broadcasts, 0 multicasts, 0 pauses
 Output (normal): 0 packets, - bytes
         0 unicasts, 0 broadcasts, 0 multicasts, 0 pauses
 Output: 0 output errors, - underruns, - buffer failures
         0 aborts, 0 deferred, 0 collisions, 0 late collisions
         0 lost carrier, - no carrier
IPv4 traffic statistics:
 Last 300 seconds input rate: 0 packets/sec, 0 bytes/sec
 Last 300 seconds output rate: 0 packets/sec, 0 bytes/sec
 Input: 0 packets, 0 bytes
 Output: 0 packets, 0 bytes
IPv6 traffic statistics:
 Last 300 seconds input rate: 0 packets/sec, 0 bytes/sec
 Last 300 seconds output rate: 0 packets/sec, 0 bytes/sec
 Input: 0 packets, 0 bytes
 Output: 0 packets, 0 bytes

GigabitEthernet1/0/25
Current state: UP
Line protocol state: UP
IP packet frame type: Ethernet II, hardware address: 8061-6c2c-8676
Description: GigabitEthernet1/0/25 Interface
Bandwidth: 1000000 kbps
Loopback is not set
Media type is twisted pair
Port hardware type is 1000_BASE_T
1000Mbps-speed mode, full-duplex mode
Link speed type is autonegotiation, link duplex type is autonegotiation
Flow-control is not enabled
Maximum frame length: 12288
Allow jumbo frames to pass
Broadcast max-ratio: 100%
Multicast max-ratio: 100%
Unicast max-ratio: 100%
Known-unicast max-ratio: 100%
PVID: 260
MDI type: Automdix
Port link-type: Access
 Tagged VLANs:   None
 Untagged VLANs: 260
Port priority: 0
Last link flapping: 143 weeks 6 days 12 hours 0 minutes
Last clearing of counters: Never
Current system time:2015-10-06 12:24:55
Last time when physical state changed to up:2013-01-02 00:22:42
Last time when physical state changed to down:2013-01-02 00:22:33
 Peak input rate: 3 bytes/sec, at 2013-01-02 02:33:19 
 Peak output rate: 63652182 bytes/sec, at 2015-10-03 15:28:59 
 Last 300 seconds input: 0 packets/sec 0 bytes/sec 0%
 Last 300 seconds output: 3 packets/sec 249 bytes/sec 0%
 Input (total):  39 packets, 2496 bytes
         0 unicasts, 39 broadcasts, 0 multicasts, 0 pauses
 Input (normal):  39 packets, - bytes
         0 unicasts, 39 broadcasts, 0 multicasts, 0 pauses
 Input:  0 input errors, 0 runts, 0 giants, 0 throttles
         0 CRC, 0 frame, - overruns, 0 aborts
         - ignored, - parity errors
 Output (total): 287214751 packets, 21801242280 bytes
         23050 unicasts, 153741626 broadcasts, 133450075 multicasts, 0 pauses
 Output (normal): 287214752 packets, - bytes
         23050 unicasts, 153741627 broadcasts, 133450075 multicasts, 0 pauses
 Output: 0 output errors, - underruns, - buffer failures
         0 aborts, 0 deferred, 0 collisions, 0 late collisions
         0 lost carrier, - no carrier
IPv4 traffic statistics:
 Last 300 seconds input rate: 0 packets/sec, 0 bytes/sec
 Last 300 seconds output rate: 0 packets/sec, 0 bytes/sec
 Input: 0 packets, 0 bytes
 Output: 0 packets, 0 bytes
IPv6 traffic statistics:
 Last 300 seconds input rate: 0 packets/sec, 0 bytes/sec
 Last 300 seconds output rate: 0 packets/sec, 0 bytes/sec
 Input: 0 packets, 0 bytes
 Output: 0 packets, 0 bytes

GigabitEthernet1/0/26
Current state: UP
Line protocol state: UP
IP packet frame type: Ethernet II, hardware address: 8061-6c2c-8677
Description: GigabitEthernet1/0/26 Interface
Bandwidth: 1000000 kbps
Loopback is not set
Media type is twisted pair
Port hardware type is 1000_BASE_T
1000Mbps-speed mode, full-duplex mode
Link speed type is autonegotiation, link duplex type is autonegotiation
Flow-control is not enabled
Maximum frame length: 12288
Allow jumbo frames to pass
Broadcast max-ratio: 100%
Multicast max-ratio: 100%
Unicast max-ratio: 100%
Known-unicast max-ratio: 100%
PVID: 260
MDI type: Automdix
Port link-type: Access
 Tagged VLANs:   None
 Untagged VLANs: 260
Port priority: 0
Last link flapping: 143 weeks 6 days 12 hours 0 minutes
Last clearing of counters: Never
Current system time:2015-10-06 12:24:55
Last time when physical state changed to up:2013-01-02 00:22:27
Last time when physical state changed to down:2013-01-02 00:22:17
 Peak input rate: 5 bytes/sec, at 2014-06-21 04:18:03 
 Peak output rate: 63621961 bytes/sec, at 2015-10-03 09:14:01 
 Last 300 seconds input: 0 packets/sec 0 bytes/sec 0%
 Last 300 seconds output: 3 packets/sec 249 bytes/sec 0%
 Input (total):  12017 packets, 792992 bytes
         11215 unicasts, 802 broadcasts, 0 multicasts, 0 pauses
 Input (normal):  12017 packets, - bytes
         11215 unicasts, 802 broadcasts, 0 multicasts, 0 pauses
 Input:  0 input errors, 0 runts, 0 giants, 0 throttles
         0 CRC, 0 frame, - overruns, 0 aborts
         - ignored, - parity errors
 Output (total): 287220054 packets, 21801642919 bytes
         29086 unicasts, 153740828 broadcasts, 133450140 multicasts, 0 pauses
 Output (normal): 287220054 packets, - bytes
         29086 unicasts, 153740828 broadcasts, 133450140 multicasts, 0 pauses
 Output: 0 output errors, - underruns, - buffer failures
         0 aborts, 0 deferred, 0 collisions, 0 late collisions
         0 lost carrier, - no carrier
IPv4 traffic statistics:
 Last 300 seconds input rate: 0 packets/sec, 0 bytes/sec
 Last 300 seconds output rate: 0 packets/sec, 0 bytes/sec
 Input: 0 packets, 0 bytes
 Output: 0 packets, 0 bytes
IPv6 traffic statistics:
 Last 300 seconds input rate: 0 packets/sec, 0 bytes/sec
 Last 300 seconds output rate: 0 packets/sec, 0 bytes/sec
 Input: 0 packets, 0 bytes
 Output: 0 packets, 0 bytes

GigabitEthernet1/0/27
Current state: DOWN
Line protocol state: DOWN
IP packet frame type: Ethernet II, hardware address: 8061-6c2c-8678
Description: GigabitEthernet1/0/27 Interface
Bandwidth: 1000000 kbps
Loopback is not set
Media type is twisted pair
Port hardware type is 1000_BASE_T
Unknown-speed mode, unknown-duplex mode
Link speed type is autonegotiation, link duplex type is autonegotiation
Flow-control is not enabled
Maximum frame length: 12288
Allow jumbo frames to pass
Broadcast max-ratio: 100%
Multicast max-ratio: 100%
Unicast max-ratio: 100%
Known-unicast max-ratio: 100%
PVID: 1
MDI type: Automdix
Port link-type: Access
 Tagged VLANs:   None
 Untagged VLANs: 1
Port priority: 0
Last link flapping: Never
Last clearing of counters: Never
Current system time:2015-10-06 12:24:55
Last time when physical state changed to up:-
Last time when physical state changed to down:2013-01-01 00:00:53
 Peak input rate: 0 bytes/sec, at 2013-01-01 00:02:44 
 Peak output rate: 0 bytes/sec, at 2013-01-01 00:02:44 
 Last 300 seconds input: 0 packets/sec 0 bytes/sec -%
 Last 300 seconds output: 0 packets/sec 0 bytes/sec -%
 Input (total):  0 packets, 0 bytes
         0 unicasts, 0 broadcasts, 0 multicasts, 0 pauses
 Input (normal):  0 packets, - bytes
         0 unicasts, 0 broadcasts, 0 multicasts, 0 pauses
 Input:  0 input errors, 0 runts, 0 giants, 0 throttles
         0 CRC, 0 frame, - overruns, 0 aborts
         - ignored, - parity errors
 Output (total): 0 packets, 0 bytes
         0 unicasts, 0 broadcasts, 0 multicasts, 0 pauses
 Output (normal): 0 packets, - bytes
         0 unicasts, 0 broadcasts, 0 multicasts, 0 pauses
 Output: 0 output errors, - underruns, - buffer failures
         0 aborts, 0 deferred, 0 collisions, 0 late collisions
         0 lost carrier, - no carrier
IPv4 traffic statistics:
 Last 300 seconds input rate: 0 packets/sec, 0 bytes/sec
 Last 300 seconds output rate: 0 packets/sec, 0 bytes/sec
 Input: 0 packets, 0 bytes
 Output: 0 packets, 0 bytes
IPv6 traffic statistics:
 Last 300 seconds input rate: 0 packets/sec, 0 bytes/sec
 Last 300 seconds output rate: 0 packets/sec, 0 bytes/sec
 Input: 0 packets, 0 bytes
 Output: 0 packets, 0 bytes

GigabitEthernet1/0/28
Current state: DOWN
Line protocol state: DOWN
IP packet frame type: Ethernet II, hardware address: 8061-6c2c-8679
Description: GigabitEthernet1/0/28 Interface
Bandwidth: 1000000 kbps
Loopback is not set
Media type is twisted pair
Port hardware type is 1000_BASE_T
Unknown-speed mode, unknown-duplex mode
Link speed type is autonegotiation, link duplex type is autonegotiation
Flow-control is not enabled
Maximum frame length: 12288
Allow jumbo frames to pass
Broadcast max-ratio: 100%
Multicast max-ratio: 100%
Unicast max-ratio: 100%
Known-unicast max-ratio: 100%
PVID: 1
MDI type: Automdix
Port link-type: Access
 Tagged VLANs:   None
 Untagged VLANs: 1
Port priority: 0
Last link flapping: Never
Last clearing of counters: Never
Current system time:2015-10-06 12:24:55
Last time when physical state changed to up:-
Last time when physical state changed to down:2013-01-01 00:00:53
 Peak input rate: 0 bytes/sec, at 2013-01-01 00:02:44 
 Peak output rate: 0 bytes/sec, at 2013-01-01 00:02:44 
 Last 300 seconds input: 0 packets/sec 0 bytes/sec -%
 Last 300 seconds output: 0 packets/sec 0 bytes/sec -%
 Input (total):  0 packets, 0 bytes
         0 unicasts, 0 broadcasts, 0 multicasts, 0 pauses
 Input (normal):  0 packets, - bytes
         0 unicasts, 0 broadcasts, 0 multicasts, 0 pauses
 Input:  0 input errors, 0 runts, 0 giants, 0 throttles
         0 CRC, 0 frame, - overruns, 0 aborts
         - ignored, - parity errors
 Output (total): 0 packets, 0 bytes
         0 unicasts, 0 broadcasts, 0 multicasts, 0 pauses
 Output (normal): 0 packets, - bytes
         0 unicasts, 0 broadcasts, 0 multicasts, 0 pauses
 Output: 0 output errors, - underruns, - buffer failures
         0 aborts, 0 deferred, 0 collisions, 0 late collisions
         0 lost carrier, - no carrier
IPv4 traffic statistics:
 Last 300 seconds input rate: 0 packets/sec, 0 bytes/sec
 Last 300 seconds output rate: 0 packets/sec, 0 bytes/sec
 Input: 0 packets, 0 bytes
 Output: 0 packets, 0 bytes
IPv6 traffic statistics:
 Last 300 seconds input rate: 0 packets/sec, 0 bytes/sec
 Last 300 seconds output rate: 0 packets/sec, 0 bytes/sec
 Input: 0 packets, 0 bytes
 Output: 0 packets, 0 bytes

GigabitEthernet1/0/29
Current state: DOWN
Line protocol state: DOWN
IP packet frame type: Ethernet II, hardware address: 8061-6c2c-867a
Description: GigabitEthernet1/0/29 Interface
Bandwidth: 1000000 kbps
Loopback is not set
Media type is twisted pair
Port hardware type is 1000_BASE_T
Unknown-speed mode, unknown-duplex mode
Link speed type is autonegotiation, link duplex type is autonegotiation
Flow-control is not enabled
Maximum frame length: 12288
Allow jumbo frames to pass
Broadcast max-ratio: 100%
Multicast max-ratio: 100%
Unicast max-ratio: 100%
Known-unicast max-ratio: 100%
PVID: 1
MDI type: Automdix
Port link-type: Access
 Tagged VLANs:   None
 Untagged VLANs: 1
Port priority: 0
Last link flapping: Never
Last clearing of counters: Never
Current system time:2015-10-06 12:24:55
Last time when physical state changed to up:-
Last time when physical state changed to down:2013-01-01 00:00:53
 Peak input rate: 0 bytes/sec, at 2013-01-01 00:02:44 
 Peak output rate: 0 bytes/sec, at 2013-01-01 00:02:44 
 Last 300 seconds input: 0 packets/sec 0 bytes/sec -%
 Last 300 seconds output: 0 packets/sec 0 bytes/sec -%
 Input (total):  0 packets, 0 bytes
         0 unicasts, 0 broadcasts, 0 multicasts, 0 pauses
 Input (normal):  0 packets, - bytes
         0 unicasts, 0 broadcasts, 0 multicasts, 0 pauses
 Input:  0 input errors, 0 runts, 0 giants, 0 throttles
         0 CRC, 0 frame, - overruns, 0 aborts
         - ignored, - parity errors
 Output (total): 0 packets, 0 bytes
         0 unicasts, 0 broadcasts, 0 multicasts, 0 pauses
 Output (normal): 0 packets, - bytes
         0 unicasts, 0 broadcasts, 0 multicasts, 0 pauses
 Output: 0 output errors, - underruns, - buffer failures
         0 aborts, 0 deferred, 0 collisions, 0 late collisions
         0 lost carrier, - no carrier
IPv4 traffic statistics:
 Last 300 seconds input rate: 0 packets/sec, 0 bytes/sec
 Last 300 seconds output rate: 0 packets/sec, 0 bytes/sec
 Input: 0 packets, 0 bytes
 Output: 0 packets, 0 bytes
IPv6 traffic statistics:
 Last 300 seconds input rate: 0 packets/sec, 0 bytes/sec
 Last 300 seconds output rate: 0 packets/sec, 0 bytes/sec
 Input: 0 packets, 0 bytes
 Output: 0 packets, 0 bytes

GigabitEthernet1/0/30
Current state: DOWN
Line protocol state: DOWN
IP packet frame type: Ethernet II, hardware address: 8061-6c2c-867b
Description: GigabitEthernet1/0/30 Interface
Bandwidth: 1000000 kbps
Loopback is not set
Media type is twisted pair
Port hardware type is 1000_BASE_T
Unknown-speed mode, unknown-duplex mode
Link speed type is autonegotiation, link duplex type is autonegotiation
Flow-control is not enabled
Maximum frame length: 12288
Allow jumbo frames to pass
Broadcast max-ratio: 100%
Multicast max-ratio: 100%
Unicast max-ratio: 100%
Known-unicast max-ratio: 100%
PVID: 1
MDI type: Automdix
Port link-type: Access
 Tagged VLANs:   None
 Untagged VLANs: 1
Port priority: 0
Last link flapping: Never
Last clearing of counters: Never
Current system time:2015-10-06 12:24:55
Last time when physical state changed to up:-
Last time when physical state changed to down:2013-01-01 00:00:53
 Peak input rate: 0 bytes/sec, at 2013-01-01 00:02:44 
 Peak output rate: 0 bytes/sec, at 2013-01-01 00:02:44 
 Last 300 seconds input: 0 packets/sec 0 bytes/sec -%
 Last 300 seconds output: 0 packets/sec 0 bytes/sec -%
 Input (total):  0 packets, 0 bytes
         0 unicasts, 0 broadcasts, 0 multicasts, 0 pauses
 Input (normal):  0 packets, - bytes
         0 unicasts, 0 broadcasts, 0 multicasts, 0 pauses
 Input:  0 input errors, 0 runts, 0 giants, 0 throttles
         0 CRC, 0 frame, - overruns, 0 aborts
         - ignored, - parity errors
 Output (total): 0 packets, 0 bytes
         0 unicasts, 0 broadcasts, 0 multicasts, 0 pauses
 Output (normal): 0 packets, - bytes
         0 unicasts, 0 broadcasts, 0 multicasts, 0 pauses
 Output: 0 output errors, - underruns, - buffer failures
         0 aborts, 0 deferred, 0 collisions, 0 late collisions
         0 lost carrier, - no carrier
IPv4 traffic statistics:
 Last 300 seconds input rate: 0 packets/sec, 0 bytes/sec
 Last 300 seconds output rate: 0 packets/sec, 0 bytes/sec
 Input: 0 packets, 0 bytes
 Output: 0 packets, 0 bytes
IPv6 traffic statistics:
 Last 300 seconds input rate: 0 packets/sec, 0 bytes/sec
 Last 300 seconds output rate: 0 packets/sec, 0 bytes/sec
 Input: 0 packets, 0 bytes
 Output: 0 packets, 0 bytes

GigabitEthernet1/0/31
Current state: UP
Line protocol state: UP
IP packet frame type: Ethernet II, hardware address: 8061-6c2c-867c
Description: To_[XZ_LS_WG_S5554S-EI-D_2]_G1/0/31_HuLian
Bandwidth: 1000000 kbps
Loopback is not set
Media type is twisted pair
Port hardware type is 1000_BASE_T
1000Mbps-speed mode, full-duplex mode
Link speed type is autonegotiation, link duplex type is autonegotiation
Flow-control is not enabled
Maximum frame length: 12288
Allow jumbo frames to pass
Broadcast max-ratio: 100%
Multicast max-ratio: 100%
Unicast max-ratio: 100%
Known-unicast max-ratio: 100%
PVID: 1
MDI type: Automdix
Port link-type: Trunk
 VLAN Passing:   1(default vlan), 203-206, 208-210, 220, 230, 250, 260, 270, 280
                 4000
 VLAN permitted: 1(default vlan), 203-206, 208-220, 230, 250, 260, 270, 280
                 4000
 Trunk port encapsulation: IEEE 802.1q
Port priority: 0
Last link flapping: 121 weeks 0 days 11 hours 57 minutes
Last clearing of counters: Never
Current system time:2015-10-06 12:24:55
Last time when physical state changed to up:2013-06-11 00:25:33
Last time when physical state changed to down:2013-06-11 00:07:31
 Peak input rate: 8242983437 bytes/sec, at 2015-09-30 19:28:17 
 Peak output rate: 20196405644 bytes/sec, at 2015-09-30 19:28:17 
 Last 300 seconds input: 78 packets/sec 24561 bytes/sec 0%
 Last 300 seconds output: 237 packets/sec 44706 bytes/sec 0%
 Input (total):  5664852888 packets, 2824598385175 bytes
         4775536026 unicasts, 197618998 broadcasts, 691697864 multicasts, 0 pauses
 Input (normal):  5664852888 packets, - bytes
         4775536026 unicasts, 197618998 broadcasts, 691697864 multicasts, 0 pauses
 Input:  0 input errors, 0 runts, 0 giants, 0 throttles
         0 CRC, 0 frame, - overruns, 0 aborts
         - ignored, - parity errors
 Output (total): 16294322758 packets, 6919815442655 bytes
         15692414087 unicasts, 176763782 broadcasts, 425144889 multicasts, 0 pauses
 Output (normal): 16294322758 packets, - bytes
         15692414087 unicasts, 176763782 broadcasts, 425144889 multicasts, 0 pauses
 Output: 0 output errors, - underruns, - buffer failures
         0 aborts, 0 deferred, 0 collisions, 0 late collisions
         0 lost carrier, - no carrier
IPv4 traffic statistics:
 Last 300 seconds input rate: 0 packets/sec, 0 bytes/sec
 Last 300 seconds output rate: 0 packets/sec, 0 bytes/sec
 Input: 0 packets, 0 bytes
 Output: 0 packets, 0 bytes
IPv6 traffic statistics:
 Last 300 seconds input rate: 0 packets/sec, 0 bytes/sec
 Last 300 seconds output rate: 0 packets/sec, 0 bytes/sec
 Input: 0 packets, 0 bytes
 Output: 0 packets, 0 bytes

GigabitEthernet1/0/32
Current state: DOWN
Line protocol state: DOWN
IP packet frame type: Ethernet II, hardware address: 8061-6c2c-867d
Description: GigabitEthernet1/0/32 Interface
Bandwidth: 1000000 kbps
Loopback is not set
Media type is twisted pair
Port hardware type is 1000_BASE_T
Unknown-speed mode, unknown-duplex mode
Link speed type is autonegotiation, link duplex type is autonegotiation
Flow-control is not enabled
Maximum frame length: 12288
Allow jumbo frames to pass
Broadcast max-ratio: 100%
Multicast max-ratio: 100%
Unicast max-ratio: 100%
Known-unicast max-ratio: 100%
PVID: 1
MDI type: Automdix
Port link-type: Access
 Tagged VLANs:   None
 Untagged VLANs: 1
Port priority: 0
Last link flapping: Never
Last clearing of counters: Never
Current system time:2015-10-06 12:24:55
Last time when physical state changed to up:-
Last time when physical state changed to down:2013-01-01 00:00:53
 Peak input rate: 0 bytes/sec, at 2013-01-01 00:02:44 
 Peak output rate: 0 bytes/sec, at 2013-01-01 00:02:44 
 Last 300 seconds input: 0 packets/sec 0 bytes/sec -%
 Last 300 seconds output: 0 packets/sec 0 bytes/sec -%
 Input (total):  0 packets, 0 bytes
         0 unicasts, 0 broadcasts, 0 multicasts, 0 pauses
 Input (normal):  0 packets, - bytes
         0 unicasts, 0 broadcasts, 0 multicasts, 0 pauses
 Input:  0 input errors, 0 runts, 0 giants, 0 throttles
         0 CRC, 0 frame, - overruns, 0 aborts
         - ignored, - parity errors
 Output (total): 0 packets, 0 bytes
         0 unicasts, 0 broadcasts, 0 multicasts, 0 pauses
 Output (normal): 0 packets, - bytes
         0 unicasts, 0 broadcasts, 0 multicasts, 0 pauses
 Output: 0 output errors, - underruns, - buffer failures
         0 aborts, 0 deferred, 0 collisions, 0 late collisions
         0 lost carrier, - no carrier
IPv4 traffic statistics:
 Last 300 seconds input rate: 0 packets/sec, 0 bytes/sec
 Last 300 seconds output rate: 0 packets/sec, 0 bytes/sec
 Input: 0 packets, 0 bytes
 Output: 0 packets, 0 bytes
IPv6 traffic statistics:
 Last 300 seconds input rate: 0 packets/sec, 0 bytes/sec
 Last 300 seconds output rate: 0 packets/sec, 0 bytes/sec
 Input: 0 packets, 0 bytes
 Output: 0 packets, 0 bytes

GigabitEthernet1/0/33
Current state: DOWN
Line protocol state: DOWN
IP packet frame type: Ethernet II, hardware address: 8061-6c2c-867e
Description: GigabitEthernet1/0/33 Interface
Bandwidth: 1000000 kbps
Loopback is not set
Media type is twisted pair
Port hardware type is 1000_BASE_T
Unknown-speed mode, unknown-duplex mode
Link speed type is autonegotiation, link duplex type is autonegotiation
Flow-control is not enabled
Maximum frame length: 12288
Allow jumbo frames to pass
Broadcast max-ratio: 100%
Multicast max-ratio: 100%
Unicast max-ratio: 100%
Known-unicast max-ratio: 100%
PVID: 1
MDI type: Automdix
Port link-type: Access
 Tagged VLANs:   None
 Untagged VLANs: 1
Port priority: 0
Last link flapping: Never
Last clearing of counters: Never
Current system time:2015-10-06 12:24:55
Last time when physical state changed to up:-
Last time when physical state changed to down:2013-01-01 00:00:53
 Peak input rate: 0 bytes/sec, at 2013-01-01 00:02:44 
 Peak output rate: 0 bytes/sec, at 2013-01-01 00:02:44 
 Last 300 seconds input: 0 packets/sec 0 bytes/sec -%
 Last 300 seconds output: 0 packets/sec 0 bytes/sec -%
 Input (total):  0 packets, 0 bytes
         0 unicasts, 0 broadcasts, 0 multicasts, 0 pauses
 Input (normal):  0 packets, - bytes
         0 unicasts, 0 broadcasts, 0 multicasts, 0 pauses
 Input:  0 input errors, 0 runts, 0 giants, 0 throttles
         0 CRC, 0 frame, - overruns, 0 aborts
         - ignored, - parity errors
 Output (total): 0 packets, 0 bytes
         0 unicasts, 0 broadcasts, 0 multicasts, 0 pauses
 Output (normal): 0 packets, - bytes
         0 unicasts, 0 broadcasts, 0 multicasts, 0 pauses
 Output: 0 output errors, - underruns, - buffer failures
         0 aborts, 0 deferred, 0 collisions, 0 late collisions
         0 lost carrier, - no carrier
IPv4 traffic statistics:
 Last 300 seconds input rate: 0 packets/sec, 0 bytes/sec
 Last 300 seconds output rate: 0 packets/sec, 0 bytes/sec
 Input: 0 packets, 0 bytes
 Output: 0 packets, 0 bytes
IPv6 traffic statistics:
 Last 300 seconds input rate: 0 packets/sec, 0 bytes/sec
 Last 300 seconds output rate: 0 packets/sec, 0 bytes/sec
 Input: 0 packets, 0 bytes
 Output: 0 packets, 0 bytes

GigabitEthernet1/0/34
Current state: DOWN
Line protocol state: DOWN
IP packet frame type: Ethernet II, hardware address: 8061-6c2c-867f
Description: GigabitEthernet1/0/34 Interface
Bandwidth: 1000000 kbps
Loopback is not set
Media type is twisted pair
Port hardware type is 1000_BASE_T
Unknown-speed mode, unknown-duplex mode
Link speed type is autonegotiation, link duplex type is autonegotiation
Flow-control is not enabled
Maximum frame length: 12288
Allow jumbo frames to pass
Broadcast max-ratio: 100%
Multicast max-ratio: 100%
Unicast max-ratio: 100%
Known-unicast max-ratio: 100%
PVID: 1
MDI type: Automdix
Port link-type: Access
 Tagged VLANs:   None
 Untagged VLANs: 1
Port priority: 0
Last link flapping: Never
Last clearing of counters: Never
Current system time:2015-10-06 12:24:55
Last time when physical state changed to up:-
Last time when physical state changed to down:2013-01-01 00:00:53
 Peak input rate: 0 bytes/sec, at 2013-01-01 00:02:44 
 Peak output rate: 0 bytes/sec, at 2013-01-01 00:02:44 
 Last 300 seconds input: 0 packets/sec 0 bytes/sec -%
 Last 300 seconds output: 0 packets/sec 0 bytes/sec -%
 Input (total):  0 packets, 0 bytes
         0 unicasts, 0 broadcasts, 0 multicasts, 0 pauses
 Input (normal):  0 packets, - bytes
         0 unicasts, 0 broadcasts, 0 multicasts, 0 pauses
 Input:  0 input errors, 0 runts, 0 giants, 0 throttles
         0 CRC, 0 frame, - overruns, 0 aborts
         - ignored, - parity errors
 Output (total): 0 packets, 0 bytes
         0 unicasts, 0 broadcasts, 0 multicasts, 0 pauses
 Output (normal): 0 packets, - bytes
         0 unicasts, 0 broadcasts, 0 multicasts, 0 pauses
 Output: 0 output errors, - underruns, - buffer failures
         0 aborts, 0 deferred, 0 collisions, 0 late collisions
         0 lost carrier, - no carrier
IPv4 traffic statistics:
 Last 300 seconds input rate: 0 packets/sec, 0 bytes/sec
 Last 300 seconds output rate: 0 packets/sec, 0 bytes/sec
 Input: 0 packets, 0 bytes
 Output: 0 packets, 0 bytes
IPv6 traffic statistics:
 Last 300 seconds input rate: 0 packets/sec, 0 bytes/sec
 Last 300 seconds output rate: 0 packets/sec, 0 bytes/sec
 Input: 0 packets, 0 bytes
 Output: 0 packets, 0 bytes

GigabitEthernet1/0/35
Current state: DOWN
Line protocol state: DOWN
IP packet frame type: Ethernet II, hardware address: 8061-6c2c-8680
Description: GigabitEthernet1/0/35 Interface
Bandwidth: 1000000 kbps
Loopback is not set
Media type is twisted pair
Port hardware type is 1000_BASE_T
Unknown-speed mode, unknown-duplex mode
Link speed type is autonegotiation, link duplex type is autonegotiation
Flow-control is not enabled
Maximum frame length: 12288
Allow jumbo frames to pass
Broadcast max-ratio: 100%
Multicast max-ratio: 100%
Unicast max-ratio: 100%
Known-unicast max-ratio: 100%
PVID: 1
MDI type: Automdix
Port link-type: Access
 Tagged VLANs:   None
 Untagged VLANs: 1
Port priority: 0
Last link flapping: Never
Last clearing of counters: Never
Current system time:2015-10-06 12:24:55
Last time when physical state changed to up:-
Last time when physical state changed to down:2013-01-01 00:00:53
 Peak input rate: 0 bytes/sec, at 2013-01-01 00:02:44 
 Peak output rate: 0 bytes/sec, at 2013-01-01 00:02:44 
 Last 300 seconds input: 0 packets/sec 0 bytes/sec -%
 Last 300 seconds output: 0 packets/sec 0 bytes/sec -%
 Input (total):  0 packets, 0 bytes
         0 unicasts, 0 broadcasts, 0 multicasts, 0 pauses
 Input (normal):  0 packets, - bytes
         0 unicasts, 0 broadcasts, 0 multicasts, 0 pauses
 Input:  0 input errors, 0 runts, 0 giants, 0 throttles
         0 CRC, 0 frame, - overruns, 0 aborts
         - ignored, - parity errors
 Output (total): 0 packets, 0 bytes
         0 unicasts, 0 broadcasts, 0 multicasts, 0 pauses
 Output (normal): 0 packets, - bytes
         0 unicasts, 0 broadcasts, 0 multicasts, 0 pauses
 Output: 0 output errors, - underruns, - buffer failures
         0 aborts, 0 deferred, 0 collisions, 0 late collisions
         0 lost carrier, - no carrier
IPv4 traffic statistics:
 Last 300 seconds input rate: 0 packets/sec, 0 bytes/sec
 Last 300 seconds output rate: 0 packets/sec, 0 bytes/sec
 Input: 0 packets, 0 bytes
 Output: 0 packets, 0 bytes
IPv6 traffic statistics:
 Last 300 seconds input rate: 0 packets/sec, 0 bytes/sec
 Last 300 seconds output rate: 0 packets/sec, 0 bytes/sec
 Input: 0 packets, 0 bytes
 Output: 0 packets, 0 bytes

GigabitEthernet1/0/36
Current state: UP
Line protocol state: UP
IP packet frame type: Ethernet II, hardware address: 8061-6c2c-8681
Description: GigabitEthernet1/0/36 Interface
Bandwidth: 1000000 kbps
Loopback is not set
Media type is twisted pair
Port hardware type is 1000_BASE_T
1000Mbps-speed mode, full-duplex mode
Link speed type is autonegotiation, link duplex type is autonegotiation
Flow-control is not enabled
Maximum frame length: 12288
Allow jumbo frames to pass
Broadcast max-ratio: 100%
Multicast max-ratio: 100%
Unicast max-ratio: 100%
Known-unicast max-ratio: 100%
PVID: 204
MDI type: Automdix
Port link-type: Access
 Tagged VLANs:   None
 Untagged VLANs: 204
Port priority: 0
Last link flapping: 46 weeks 3 days 2 hours 25 minutes
Last clearing of counters: Never
Current system time:2015-10-06 12:24:55
Last time when physical state changed to up:2014-11-15 09:58:56
Last time when physical state changed to down:2013-01-01 00:00:53
 Peak input rate: 17 bytes/sec, at 2014-11-15 10:00:20 
 Peak output rate: 13159843 bytes/sec, at 2015-09-27 07:27:26 
 Last 300 seconds input: 0 packets/sec 0 bytes/sec 0%
 Last 300 seconds output: 1 packets/sec 165 bytes/sec 0%
 Input (total):  86 packets, 6020 bytes
         0 unicasts, 86 broadcasts, 0 multicasts, 0 pauses
 Input (normal):  86 packets, - bytes
         0 unicasts, 86 broadcasts, 0 multicasts, 0 pauses
 Input:  0 input errors, 0 runts, 0 giants, 0 throttles
         0 CRC, 0 frame, - overruns, 0 aborts
         - ignored, - parity errors
 Output (total): 55205784 packets, 4630508099 bytes
         102 unicasts, 12136378 broadcasts, 43069304 multicasts, 0 pauses
 Output (normal): 55205784 packets, - bytes
         102 unicasts, 12136378 broadcasts, 43069304 multicasts, 0 pauses
 Output: 0 output errors, - underruns, - buffer failures
         0 aborts, 0 deferred, 0 collisions, 0 late collisions
         0 lost carrier, - no carrier
IPv4 traffic statistics:
 Last 300 seconds input rate: 0 packets/sec, 0 bytes/sec
 Last 300 seconds output rate: 0 packets/sec, 0 bytes/sec
 Input: 0 packets, 0 bytes
 Output: 0 packets, 0 bytes
IPv6 traffic statistics:
 Last 300 seconds input rate: 0 packets/sec, 0 bytes/sec
 Last 300 seconds output rate: 0 packets/sec, 0 bytes/sec
 Input: 0 packets, 0 bytes
 Output: 0 packets, 0 bytes

GigabitEthernet1/0/37
Current state: DOWN
Line protocol state: DOWN
IP packet frame type: Ethernet II, hardware address: 8061-6c2c-8682
Description: GigabitEthernet1/0/37 Interface
Bandwidth: 1000000 kbps
Loopback is not set
Media type is twisted pair
Port hardware type is 1000_BASE_T
Unknown-speed mode, unknown-duplex mode
Link speed type is autonegotiation, link duplex type is autonegotiation
Flow-control is not enabled
Maximum frame length: 12288
Allow jumbo frames to pass
Broadcast max-ratio: 100%
Multicast max-ratio: 100%
Unicast max-ratio: 100%
Known-unicast max-ratio: 100%
PVID: 1        
MDI type: Automdix
Port link-type: Access
 Tagged VLANs:   None
 Untagged VLANs: 1
Port priority: 0
Last link flapping: Never
Last clearing of counters: Never
Current system time:2015-10-06 12:24:56
Last time when physical state changed to up:-
Last time when physical state changed to down:2013-01-01 00:00:53
 Peak input rate: 0 bytes/sec, at 2013-01-01 00:02:44 
 Peak output rate: 0 bytes/sec, at 2013-01-01 00:02:44 
 Last 300 seconds input: 0 packets/sec 0 bytes/sec -%
 Last 300 seconds output: 0 packets/sec 0 bytes/sec -%
 Input (total):  0 packets, 0 bytes
         0 unicasts, 0 broadcasts, 0 multicasts, 0 pauses
 Input (normal):  0 packets, - bytes
         0 unicasts, 0 broadcasts, 0 multicasts, 0 pauses
 Input:  0 input errors, 0 runts, 0 giants, 0 throttles
         0 CRC, 0 frame, - overruns, 0 aborts
         - ignored, - parity errors
 Output (total): 0 packets, 0 bytes
         0 unicasts, 0 broadcasts, 0 multicasts, 0 pauses
 Output (normal): 0 packets, - bytes
         0 unicasts, 0 broadcasts, 0 multicasts, 0 pauses
 Output: 0 output errors, - underruns, - buffer failures
         0 aborts, 0 deferred, 0 collisions, 0 late collisions
         0 lost carrier, - no carrier
IPv4 traffic statistics:
 Last 300 seconds input rate: 0 packets/sec, 0 bytes/sec
 Last 300 seconds output rate: 0 packets/sec, 0 bytes/sec
 Input: 0 packets, 0 bytes
 Output: 0 packets, 0 bytes
IPv6 traffic statistics:
 Last 300 seconds input rate: 0 packets/sec, 0 bytes/sec
 Last 300 seconds output rate: 0 packets/sec, 0 bytes/sec
 Input: 0 packets, 0 bytes
 Output: 0 packets, 0 bytes

GigabitEthernet1/0/38
Current state: DOWN
Line protocol state: DOWN
IP packet frame type: Ethernet II, hardware address: 8061-6c2c-8683
Description: GigabitEthernet1/0/38 Interface
Bandwidth: 1000000 kbps
Loopback is not set
Media type is twisted pair
Port hardware type is 1000_BASE_T
Unknown-speed mode, unknown-duplex mode
Link speed type is autonegotiation, link duplex type is autonegotiation
Flow-control is not enabled
Maximum frame length: 12288
Allow jumbo frames to pass
Broadcast max-ratio: 100%
Multicast max-ratio: 100%
Unicast max-ratio: 100%
Known-unicast max-ratio: 100%
PVID: 1
MDI type: Automdix
Port link-type: Access
 Tagged VLANs:   None
 Untagged VLANs: 1
Port priority: 0
Last link flapping: Never
Last clearing of counters: Never
Current system time:2015-10-06 12:24:56
Last time when physical state changed to up:-
Last time when physical state changed to down:2013-01-01 00:00:53
 Peak input rate: 0 bytes/sec, at 2013-01-01 00:02:44 
 Peak output rate: 0 bytes/sec, at 2013-01-01 00:02:44 
 Last 300 seconds input: 0 packets/sec 0 bytes/sec -%
 Last 300 seconds output: 0 packets/sec 0 bytes/sec -%
 Input (total):  0 packets, 0 bytes
         0 unicasts, 0 broadcasts, 0 multicasts, 0 pauses
 Input (normal):  0 packets, - bytes
         0 unicasts, 0 broadcasts, 0 multicasts, 0 pauses
 Input:  0 input errors, 0 runts, 0 giants, 0 throttles
         0 CRC, 0 frame, - overruns, 0 aborts
         - ignored, - parity errors
 Output (total): 0 packets, 0 bytes
         0 unicasts, 0 broadcasts, 0 multicasts, 0 pauses
 Output (normal): 0 packets, - bytes
         0 unicasts, 0 broadcasts, 0 multicasts, 0 pauses
 Output: 0 output errors, - underruns, - buffer failures
         0 aborts, 0 deferred, 0 collisions, 0 late collisions
         0 lost carrier, - no carrier
IPv4 traffic statistics:
 Last 300 seconds input rate: 0 packets/sec, 0 bytes/sec
 Last 300 seconds output rate: 0 packets/sec, 0 bytes/sec
 Input: 0 packets, 0 bytes
 Output: 0 packets, 0 bytes
IPv6 traffic statistics:
 Last 300 seconds input rate: 0 packets/sec, 0 bytes/sec
 Last 300 seconds output rate: 0 packets/sec, 0 bytes/sec
 Input: 0 packets, 0 bytes
 Output: 0 packets, 0 bytes

GigabitEthernet1/0/39
Current state: DOWN
Line protocol state: DOWN
IP packet frame type: Ethernet II, hardware address: 8061-6c2c-8684
Description: GigabitEthernet1/0/39 Interface
Bandwidth: 1000000 kbps
Loopback is not set
Media type is twisted pair
Port hardware type is 1000_BASE_T
Unknown-speed mode, unknown-duplex mode
Link speed type is autonegotiation, link duplex type is autonegotiation
Flow-control is not enabled
Maximum frame length: 12288
Allow jumbo frames to pass
Broadcast max-ratio: 100%
Multicast max-ratio: 100%
Unicast max-ratio: 100%
Known-unicast max-ratio: 100%
PVID: 1
MDI type: Automdix
Port link-type: Access
 Tagged VLANs:   None
 Untagged VLANs: 1
Port priority: 0
Last link flapping: 143 weeks 0 days 23 hours 45 minutes
Last clearing of counters: Never
Current system time:2015-10-06 12:24:56
Last time when physical state changed to up:2013-01-07 12:25:42
Last time when physical state changed to down:2013-01-07 12:37:47
 Peak input rate: 335 bytes/sec, at 2013-01-07 12:27:38 
 Peak output rate: 121 bytes/sec, at 2013-01-07 12:30:57 
 Last 300 seconds input: 0 packets/sec 0 bytes/sec -%
 Last 300 seconds output: 0 packets/sec 0 bytes/sec -%
 Input (total):  1379 packets, 231254 bytes
         571 unicasts, 207 broadcasts, 601 multicasts, 0 pauses
 Input (normal):  1379 packets, - bytes
         571 unicasts, 207 broadcasts, 601 multicasts, 0 pauses
 Input:  0 input errors, 0 runts, 0 giants, 0 throttles
         0 CRC, 0 frame, - overruns, 0 aborts
         - ignored, - parity errors
 Output (total): 984 packets, 127114 bytes
         66 unicasts, 138 broadcasts, 780 multicasts, 0 pauses
 Output (normal): 984 packets, - bytes
         66 unicasts, 138 broadcasts, 780 multicasts, 0 pauses
 Output: 0 output errors, - underruns, - buffer failures
         0 aborts, 0 deferred, 0 collisions, 0 late collisions
         0 lost carrier, - no carrier
IPv4 traffic statistics:
 Last 300 seconds input rate: 0 packets/sec, 0 bytes/sec
 Last 300 seconds output rate: 0 packets/sec, 0 bytes/sec
 Input: 0 packets, 0 bytes
 Output: 0 packets, 0 bytes
IPv6 traffic statistics:
 Last 300 seconds input rate: 0 packets/sec, 0 bytes/sec
 Last 300 seconds output rate: 0 packets/sec, 0 bytes/sec
 Input: 0 packets, 0 bytes
 Output: 0 packets, 0 bytes

GigabitEthernet1/0/40
Current state: DOWN
Line protocol state: DOWN
IP packet frame type: Ethernet II, hardware address: 8061-6c2c-8685
Description: GigabitEthernet1/0/40 Interface
Bandwidth: 1000000 kbps
Loopback is not set
Media type is twisted pair
Port hardware type is 1000_BASE_T
Unknown-speed mode, unknown-duplex mode
Link speed type is autonegotiation, link duplex type is autonegotiation
Flow-control is not enabled
Maximum frame length: 12288
Allow jumbo frames to pass
Broadcast max-ratio: 100%
Multicast max-ratio: 100%
Unicast max-ratio: 100%
Known-unicast max-ratio: 100%
PVID: 1
MDI type: Automdix
Port link-type: Access
 Tagged VLANs:   None
 Untagged VLANs: 1
Port priority: 0
Last link flapping: Never
Last clearing of counters: Never
Current system time:2015-10-06 12:24:56
Last time when physical state changed to up:-
Last time when physical state changed to down:2013-01-01 00:00:53
 Peak input rate: 0 bytes/sec, at 2013-01-01 00:02:44 
 Peak output rate: 0 bytes/sec, at 2013-01-01 00:02:44 
 Last 300 seconds input: 0 packets/sec 0 bytes/sec -%
 Last 300 seconds output: 0 packets/sec 0 bytes/sec -%
 Input (total):  0 packets, 0 bytes
         0 unicasts, 0 broadcasts, 0 multicasts, 0 pauses
 Input (normal):  0 packets, - bytes
         0 unicasts, 0 broadcasts, 0 multicasts, 0 pauses
 Input:  0 input errors, 0 runts, 0 giants, 0 throttles
         0 CRC, 0 frame, - overruns, 0 aborts
         - ignored, - parity errors
 Output (total): 0 packets, 0 bytes
         0 unicasts, 0 broadcasts, 0 multicasts, 0 pauses
 Output (normal): 0 packets, - bytes
         0 unicasts, 0 broadcasts, 0 multicasts, 0 pauses
 Output: 0 output errors, - underruns, - buffer failures
         0 aborts, 0 deferred, 0 collisions, 0 late collisions
         0 lost carrier, - no carrier
IPv4 traffic statistics:
 Last 300 seconds input rate: 0 packets/sec, 0 bytes/sec
 Last 300 seconds output rate: 0 packets/sec, 0 bytes/sec
 Input: 0 packets, 0 bytes
 Output: 0 packets, 0 bytes
IPv6 traffic statistics:
 Last 300 seconds input rate: 0 packets/sec, 0 bytes/sec
 Last 300 seconds output rate: 0 packets/sec, 0 bytes/sec
 Input: 0 packets, 0 bytes
 Output: 0 packets, 0 bytes

GigabitEthernet1/0/41
Current state: DOWN
Line protocol state: DOWN
IP packet frame type: Ethernet II, hardware address: 8061-6c2c-8686
Description: GigabitEthernet1/0/41 Interface
Bandwidth: 1000000 kbps
Loopback is not set
Media type is twisted pair
Port hardware type is 1000_BASE_T
Unknown-speed mode, unknown-duplex mode
Link speed type is autonegotiation, link duplex type is autonegotiation
Flow-control is not enabled
Maximum frame length: 12288
Allow jumbo frames to pass
Broadcast max-ratio: 100%
Multicast max-ratio: 100%
Unicast max-ratio: 100%
Known-unicast max-ratio: 100%
PVID: 1
MDI type: Automdix
Port link-type: Access
 Tagged VLANs:   None
 Untagged VLANs: 1
Port priority: 0
Last link flapping: Never
Last clearing of counters: Never
Current system time:2015-10-06 12:24:56
Last time when physical state changed to up:-
Last time when physical state changed to down:2013-01-01 00:00:53
 Peak input rate: 0 bytes/sec, at 2013-01-01 00:02:44 
 Peak output rate: 0 bytes/sec, at 2013-01-01 00:02:44 
 Last 300 seconds input: 0 packets/sec 0 bytes/sec -%
 Last 300 seconds output: 0 packets/sec 0 bytes/sec -%
 Input (total):  0 packets, 0 bytes
         0 unicasts, 0 broadcasts, 0 multicasts, 0 pauses
 Input (normal):  0 packets, - bytes
         0 unicasts, 0 broadcasts, 0 multicasts, 0 pauses
 Input:  0 input errors, 0 runts, 0 giants, 0 throttles
         0 CRC, 0 frame, - overruns, 0 aborts
         - ignored, - parity errors
 Output (total): 0 packets, 0 bytes
         0 unicasts, 0 broadcasts, 0 multicasts, 0 pauses
 Output (normal): 0 packets, - bytes
         0 unicasts, 0 broadcasts, 0 multicasts, 0 pauses
 Output: 0 output errors, - underruns, - buffer failures
