<XZ_LS_JF_S5554S-EI-D_2>screen-length 0 temporary
                                      ^
 % Unrecognized command found at '^' position.
<XZ_LS_JF_S5554S-EI-D_2>display version
H3C Comware Software, Version 7.1.070, Release 1115
Copyright (c) 2004-2022 New H3C Technologies Co., Ltd. All rights reserved.
H3C S5554S-EI-D uptime is 121 weeks, 0 days, 12 hours, 4 minutes
Last reboot reason : Cold reboot

Boot image: flash:/s5500_ei_d-cmw710-boot-r1115.bin
Boot image version: 7.1.070, Release 1115
  Compiled Oct 14 2022 11:00:00
System image: flash:/s5500_ei_d-cmw710-system-r1115.bin
System image version: 7.1.070, Release 1115
  Compiled Oct 14 2022 11:00:00


Slot 1:
Uptime is 121 weeks,0 days,12 hours,4 minutes
S5554S-EI-D with 1 Processor
BOARD TYPE:         S5554S-EI-D
DRAM:               1024M bytes
FLASH:              256M bytes
PCB 1 Version:      VER.A
Bootrom Version:    110
CPLD 1 Version:     004
Release Version:    H3C S5554S-EI-D-1115
Patch Version  :    None
Reboot Cause  :     ColdReboot
[SubSlot 0] 48GE+6SFP Plus
<XZ_LS_JF_S5554S-EI-D_2>display device
Slot Type              State    Subslot  Soft Ver             Patch Ver
1    S5554S-EI-D       Master   0        S5500_EI_D-1115      None      
<XZ_LS_JF_S5554S-EI-D_2>display startup
MainBoard:
 Current startup saved-configuration file: flash:/startup.cfg(*)
 Next main startup saved-configuration file: flash:/startup.cfg
 Next backup startup saved-configuration file: NULL
<XZ_LS_JF_S5554S-EI-D_2>dis cpu-usage
Slot 1 CPU 0 CPU usage:
       3% in last 5 seconds
       3% in last 1 minute
       3% in last 5 minutes

<XZ_LS_JF_S5554S-EI-D_2>dis memory
Memory statistics are measured in KB:
Slot 1: 
             Total      Used      Free    Shared   Buffers    Cached   FreeRatio
Mem:        991732    443116    548616         0      1472    176180       55.5%
-/+ Buffers/Cache:    265464    726268
Swap:            0         0         0

<XZ_LS_JF_S5554S-EI-D_2>display interface
GigabitEthernet1/0/1
Current state: UP
Line protocol state: UP
IP packet frame type: Ethernet II, hardware address: 8061-6c2d-efbe
Description: TO XZ_LS_E500_2 E1/0/2
Bandwidth: 1000000 kbps
Loopback is not set
Media type is twisted pair
Port hardware type is 1000_BASE_T
1000Mbps-speed mode, full-duplex mode
Link speed type is autonegotiation, link duplex type is autonegotiation
Flow-control is not enabled
Maximum frame length: 12288
Allow jumbo frames to pass
Broadcast max-ratio: 100%
Multicast max-ratio: 100%
Unicast max-ratio: 100%
Known-unicast max-ratio: 100%
PVID: 200
MDI type: Automdix
Port link-type: Access
 Tagged VLANs:   None
 Untagged VLANs: 200
Port priority: 0
Last link flapping: 99 weeks 1 days 21 hours 24 minutes
Last clearing of counters: Never
Current system time:2015-04-28 20:05:18 BJ+08:00:00
Last time when physical state changed to up:2013-06-02 22:39:31 BJ+08:00:00
Last time when physical state changed to down:2013-06-02 22:39:28 BJ+08:00:00
 Peak input rate: 156887987 bytes/sec, at 2015-04-28 01:05:13 
 Peak output rate: 171317812 bytes/sec, at 2015-04-28 01:05:13 
 Last 300 seconds input: 2 packets/sec 743 bytes/sec 0%
 Last 300 seconds output: 2 packets/sec 816 bytes/sec 0%
 Input (total):  146717070 packets, 53451094870 bytes
         70167949 unicasts, 66 broadcasts, 76549055 multicasts, 0 pauses
 Input (normal):  146717070 packets, - bytes
         70167949 unicasts, 66 broadcasts, 76549055 multicasts, 0 pauses
 Input:  0 input errors, 0 runts, 0 giants, 0 throttles
         0 CRC, 0 frame, - overruns, 0 aborts
         - ignored, - parity errors
 Output (total): 183283833 packets, 58367099492 bytes
         66654843 unicasts, 2 broadcasts, 116628988 multicasts, 0 pauses
 Output (normal): 183283833 packets, - bytes
         66654843 unicasts, 2 broadcasts, 116628988 multicasts, 0 pauses
 Output: 0 output errors, - underruns, - buffer failures
         0 aborts, 0 deferred, 0 collisions, 0 late collisions
         0 lost carrier, - no carrier
IPv4 traffic statistics:
 Last 300 seconds input rate: 0 packets/sec, 0 bytes/sec
 Last 300 seconds output rate: 0 packets/sec, 0 bytes/sec
 Input: 0 packets, 0 bytes
 Output: 0 packets, 0 bytes
IPv6 traffic statistics:
 Last 300 seconds input rate: 0 packets/sec, 0 bytes/sec
 Last 300 seconds output rate: 0 packets/sec, 0 bytes/sec
 Input: 0 packets, 0 bytes
 Output: 0 packets, 0 bytes

GigabitEthernet1/0/2
Current state: UP
Line protocol state: UP
IP packet frame type: Ethernet II, hardware address: 8061-6c2d-efbf
Description: TO XZ_LS_S3928E_1 E1/0/2
Bandwidth: 1000000 kbps
Loopback is not set
Media type is twisted pair
Port hardware type is 1000_BASE_T
1000Mbps-speed mode, full-duplex mode
Link speed type is autonegotiation, link duplex type is autonegotiation
Flow-control is not enabled
Maximum frame length: 12288
Allow jumbo frames to pass
Broadcast max-ratio: 100%
Multicast max-ratio: 100%
Unicast max-ratio: 100%
Known-unicast max-ratio: 100%
PVID: 1
MDI type: Automdix
Port link-type: Trunk
 VLAN Passing:   100, 205-206, 300
 VLAN permitted: 100, 205-206, 300
 Trunk port encapsulation: IEEE 802.1q
Port priority: 0
Last link flapping: 121 weeks 0 days 12 hours 1 minutes
Last clearing of counters: Never
Current system time:2015-04-28 20:05:18 BJ+08:00:00
Last time when physical state changed to up:2013-01-01 08:02:48 BJ+08:00:00
Last time when physical state changed to down:2013-01-01 08:00:54 BJ+08:00:00
 Peak input rate: 342307078 bytes/sec, at 2015-04-26 23:10:01 
 Peak output rate: 1254075812 bytes/sec, at 2015-04-26 23:10:01 
 Last 300 seconds input: 42 packets/sec 3192 bytes/sec 0%
 Last 300 seconds output: 64 packets/sec 30086 bytes/sec 0%
 Input (total):  1442613239 packets, 116973350250 bytes
         896938015 unicasts, 60623613 broadcasts, 485051611 multicasts, 0 pauses
 Input (normal):  1442613239 packets, - bytes
         896938015 unicasts, 60623613 broadcasts, 485051611 multicasts, 0 pauses
 Input:  0 input errors, 0 runts, 0 giants, 0 throttles
         0 CRC, 0 frame, - overruns, 0 aborts
         - ignored, - parity errors
 Output (total): 1372688823 packets, 429413735506 bytes
         1140908073 unicasts, 76234188 broadcasts, 155546562 multicasts, 0 pauses
 Output (normal): 1372688823 packets, - bytes
         1140908073 unicasts, 76234188 broadcasts, 155546562 multicasts, 0 pauses
 Output: 0 output errors, - underruns, - buffer failures
         0 aborts, 0 deferred, 0 collisions, 0 late collisions
         0 lost carrier, - no carrier
IPv4 traffic statistics:
 Last 300 seconds input rate: 0 packets/sec, 0 bytes/sec
 Last 300 seconds output rate: 0 packets/sec, 0 bytes/sec
 Input: 0 packets, 0 bytes
 Output: 0 packets, 0 bytes
IPv6 traffic statistics:
 Last 300 seconds input rate: 0 packets/sec, 0 bytes/sec
 Last 300 seconds output rate: 0 packets/sec, 0 bytes/sec
 Input: 0 packets, 0 bytes
 Output: 0 packets, 0 bytes

GigabitEthernet1/0/3
Current state: UP
Line protocol state: UP
IP packet frame type: Ethernet II, hardware address: 8061-6c2d-efc0
Description: TO LS_sever1_IGWB2 FE4
Bandwidth: 1000000 kbps
Loopback is not set
Media type is twisted pair
Port hardware type is 1000_BASE_T
1000Mbps-speed mode, full-duplex mode
Link speed type is autonegotiation, link duplex type is autonegotiation
Flow-control is not enabled
Maximum frame length: 12288
Allow jumbo frames to pass
Broadcast max-ratio: 100%
Multicast max-ratio: 100%
Unicast max-ratio: 100%
Known-unicast max-ratio: 100%
PVID: 100
MDI type: Automdix
Port link-type: Access
 Tagged VLANs:   None
 Untagged VLANs: 100
Port priority: 0
Last link flapping: 121 weeks 0 days 12 hours 1 minutes
Last clearing of counters: Never
Current system time:2015-04-28 20:05:19 BJ+08:00:00
Last time when physical state changed to up:2013-01-01 08:02:44 BJ+08:00:00
Last time when physical state changed to down:2013-01-01 08:00:54 BJ+08:00:00
 Peak input rate: 30281769 bytes/sec, at 2013-03-09 00:26:59 
 Peak output rate: 98998405 bytes/sec, at 2015-04-28 13:00:21 
 Last 300 seconds input: 0 packets/sec 0 bytes/sec 0%
 Last 300 seconds output: 5 packets/sec 419 bytes/sec 0%
 Input (total):  41816794 packets, 10604745726 bytes
         41519635 unicasts, 297159 broadcasts, 0 multicasts, 0 pauses
 Input (normal):  41816794 packets, - bytes
         41519635 unicasts, 297159 broadcasts, 0 multicasts, 0 pauses
 Input:  0 input errors, 0 runts, 0 giants, 0 throttles
         0 CRC, 0 frame, - overruns, 0 aborts
         - ignored, - parity errors
 Output (total): 423481951 packets, 33714992114 bytes
         41340397 unicasts, 116734744 broadcasts, 265406810 multicasts, 0 pauses
 Output (normal): 423481951 packets, - bytes
         41340397 unicasts, 116734744 broadcasts, 265406810 multicasts, 0 pauses
 Output: 0 output errors, - underruns, - buffer failures
         0 aborts, 0 deferred, 0 collisions, 0 late collisions
         0 lost carrier, - no carrier
IPv4 traffic statistics:
 Last 300 seconds input rate: 0 packets/sec, 0 bytes/sec
 Last 300 seconds output rate: 0 packets/sec, 0 bytes/sec
 Input: 0 packets, 0 bytes
 Output: 0 packets, 0 bytes
IPv6 traffic statistics:
 Last 300 seconds input rate: 0 packets/sec, 0 bytes/sec
 Last 300 seconds output rate: 0 packets/sec, 0 bytes/sec
 Input: 0 packets, 0 bytes
 Output: 0 packets, 0 bytes

GigabitEthernet1/0/4
Current state: DOWN
Line protocol state: DOWN
IP packet frame type: Ethernet II, hardware address: 8061-6c2d-efc1
Description: GigabitEthernet1/0/4 Interface
Bandwidth: 1000000 kbps
Loopback is not set
Media type is twisted pair
Port hardware type is 1000_BASE_T
Unknown-speed mode, unknown-duplex mode
Link speed type is autonegotiation, link duplex type is autonegotiation
Flow-control is not enabled
Maximum frame length: 12288
Allow jumbo frames to pass
Broadcast max-ratio: 100%
Multicast max-ratio: 100%
Unicast max-ratio: 100%
Known-unicast max-ratio: 100%
PVID: 100
MDI type: Automdix
Port link-type: Access
 Tagged VLANs:   None
 Untagged VLANs: 100
Port priority: 0
Last link flapping: Never
Last clearing of counters: Never
Current system time:2015-04-28 20:05:19 BJ+08:00:00
Last time when physical state changed to up:-
Last time when physical state changed to down:2013-01-01 08:00:54 BJ+08:00:00
 Peak input rate: 0 bytes/sec, at 2013-01-01 08:02:45 
 Peak output rate: 0 bytes/sec, at 2013-01-01 08:02:45 
 Last 300 seconds input: 0 packets/sec 0 bytes/sec -%
 Last 300 seconds output: 0 packets/sec 0 bytes/sec -%
 Input (total):  0 packets, 0 bytes
         0 unicasts, 0 broadcasts, 0 multicasts, 0 pauses
 Input (normal):  0 packets, - bytes
         0 unicasts, 0 broadcasts, 0 multicasts, 0 pauses
 Input:  0 input errors, 0 runts, 0 giants, 0 throttles
         0 CRC, 0 frame, - overruns, 0 aborts
         - ignored, - parity errors
 Output (total): 0 packets, 0 bytes
         0 unicasts, 0 broadcasts, 0 multicasts, 0 pauses
 Output (normal): 0 packets, - bytes
         0 unicasts, 0 broadcasts, 0 multicasts, 0 pauses
 Output: 0 output errors, - underruns, - buffer failures
         0 aborts, 0 deferred, 0 collisions, 0 late collisions
         0 lost carrier, - no carrier
IPv4 traffic statistics:
 Last 300 seconds input rate: 0 packets/sec, 0 bytes/sec
 Last 300 seconds output rate: 0 packets/sec, 0 bytes/sec
 Input: 0 packets, 0 bytes
 Output: 0 packets, 0 bytes
IPv6 traffic statistics:
 Last 300 seconds input rate: 0 packets/sec, 0 bytes/sec
 Last 300 seconds output rate: 0 packets/sec, 0 bytes/sec
 Input: 0 packets, 0 bytes
 Output: 0 packets, 0 bytes

GigabitEthernet1/0/5
Current state: UP
Line protocol state: UP
IP packet frame type: Ethernet II, hardware address: 8061-6c2d-efc2
Description: TO LS_HLR1_13BAM FE1
Bandwidth: 1000000 kbps
Loopback is not set
Media type is twisted pair
Port hardware type is 1000_BASE_T
1000Mbps-speed mode, full-duplex mode
Link speed type is autonegotiation, link duplex type is autonegotiation
Flow-control is not enabled
Maximum frame length: 12288
Allow jumbo frames to pass
Broadcast max-ratio: 100%
Multicast max-ratio: 100%
Unicast max-ratio: 100%
Known-unicast max-ratio: 100%
PVID: 100
MDI type: Automdix
Port link-type: Access
 Tagged VLANs:   None
 Untagged VLANs: 100
Port priority: 0
Last link flapping: 121 weeks 0 days 12 hours 1 minutes
Last clearing of counters: Never
Current system time:2015-04-28 20:05:19 BJ+08:00:00
Last time when physical state changed to up:2013-01-01 08:02:44 BJ+08:00:00
Last time when physical state changed to down:2013-01-01 08:00:54 BJ+08:00:00
 Peak input rate: 8436326 bytes/sec, at 2015-04-28 15:45:20 
 Peak output rate: 99104752 bytes/sec, at 2015-04-28 15:45:20 
 Last 300 seconds input: 0 packets/sec 39 bytes/sec 0%
 Last 300 seconds output: 5 packets/sec 459 bytes/sec 0%
 Input (total):  24335978 packets, 2871645350 bytes
         24335977 unicasts, 1 broadcasts, 0 multicasts, 0 pauses
 Input (normal):  24335978 packets, - bytes
         24335977 unicasts, 1 broadcasts, 0 multicasts, 0 pauses
 Input:  0 input errors, 0 runts, 0 giants, 0 throttles
         0 CRC, 0 frame, - overruns, 0 aborts
         - ignored, - parity errors
 Output (total): 406774693 packets, 33734339963 bytes
         24335979 unicasts, 117031903 broadcasts, 265406811 multicasts, 0 pauses
 Output (normal): 406774693 packets, - bytes
         24335979 unicasts, 117031903 broadcasts, 265406811 multicasts, 0 pauses
 Output: 0 output errors, - underruns, - buffer failures
         0 aborts, 0 deferred, 0 collisions, 0 late collisions
         0 lost carrier, - no carrier
IPv4 traffic statistics:
 Last 300 seconds input rate: 0 packets/sec, 0 bytes/sec
 Last 300 seconds output rate: 0 packets/sec, 0 bytes/sec
 Input: 0 packets, 0 bytes
 Output: 0 packets, 0 bytes
IPv6 traffic statistics:
 Last 300 seconds input rate: 0 packets/sec, 0 bytes/sec
 Last 300 seconds output rate: 0 packets/sec, 0 bytes/sec
 Input: 0 packets, 0 bytes
 Output: 0 packets, 0 bytes

GigabitEthernet1/0/6
Current state: UP
Line protocol state: UP
IP packet frame type: Ethernet II, hardware address: 8061-6c2d-efc3
Description: GigabitEthernet1/0/6 Interface
Bandwidth: 1000000 kbps
Loopback is not set
Media type is twisted pair
Port hardware type is 1000_BASE_T
1000Mbps-speed mode, full-duplex mode
Link speed type is autonegotiation, link duplex type is autonegotiation
Flow-control is not enabled
Maximum frame length: 12288
Allow jumbo frames to pass
Broadcast max-ratio: 100%
Multicast max-ratio: 100%
Unicast max-ratio: 100%
Known-unicast max-ratio: 100%
PVID: 100
MDI type: Automdix
Port link-type: Access
 Tagged VLANs:   None
 Untagged VLANs: 100
Port priority: 0
Last link flapping: 121 weeks 0 days 12 hours 1 minutes
Last clearing of counters: Never
Current system time:2015-04-28 20:05:19 BJ+08:00:00
Last time when physical state changed to up:2013-01-01 08:02:44 BJ+08:00:00
Last time when physical state changed to down:2013-01-01 08:00:54 BJ+08:00:00
 Peak input rate: 52013988 bytes/sec, at 2013-03-08 19:16:28 
 Peak output rate: 99743606 bytes/sec, at 2015-04-28 07:35:18 
 Last 300 seconds input: 0 packets/sec 0 bytes/sec 0%
 Last 300 seconds output: 5 packets/sec 419 bytes/sec 0%
 Input (total):  47015705 packets, 18303796595 bytes
         46718544 unicasts, 297161 broadcasts, 0 multicasts, 0 pauses
 Input (normal):  47015705 packets, - bytes
         46718544 unicasts, 297161 broadcasts, 0 multicasts, 0 pauses
 Input:  0 input errors, 0 runts, 0 giants, 0 throttles
         0 CRC, 0 frame, - overruns, 0 aborts
         - ignored, - parity errors
 Output (total): 427015338 packets, 33959404345 bytes
         44873785 unicasts, 116734742 broadcasts, 265406811 multicasts, 0 pauses
 Output (normal): 427015338 packets, - bytes
         44873785 unicasts, 116734742 broadcasts, 265406811 multicasts, 0 pauses
 Output: 0 output errors, - underruns, - buffer failures
         0 aborts, 0 deferred, 0 collisions, 0 late collisions
         0 lost carrier, - no carrier
IPv4 traffic statistics:
 Last 300 seconds input rate: 0 packets/sec, 0 bytes/sec
 Last 300 seconds output rate: 0 packets/sec, 0 bytes/sec
 Input: 0 packets, 0 bytes
 Output: 0 packets, 0 bytes
IPv6 traffic statistics:
 Last 300 seconds input rate: 0 packets/sec, 0 bytes/sec
 Last 300 seconds output rate: 0 packets/sec, 0 bytes/sec
 Input: 0 packets, 0 bytes
 Output: 0 packets, 0 bytes

GigabitEthernet1/0/7
Current state: UP
Line protocol state: UP
IP packet frame type: Ethernet II, hardware address: 8061-6c2d-efc4
Description: GigabitEthernet1/0/7 Interface
Bandwidth: 1000000 kbps
Loopback is not set
Media type is twisted pair
Port hardware type is 1000_BASE_T
1000Mbps-speed mode, full-duplex mode
Link speed type is autonegotiation, link duplex type is autonegotiation
Flow-control is not enabled
Maximum frame length: 12288
Allow jumbo frames to pass
Broadcast max-ratio: 100%
Multicast max-ratio: 100%
Unicast max-ratio: 100%
Known-unicast max-ratio: 100%
PVID: 100
MDI type: Automdix
Port link-type: Access
 Tagged VLANs:   None
 Untagged VLANs: 100
Port priority: 0
Last link flapping: 121 weeks 0 days 12 hours 1 minutes
Last clearing of counters: Never
Current system time:2015-04-28 20:05:19 BJ+08:00:00
Last time when physical state changed to up:2013-01-01 08:02:44 BJ+08:00:00
Last time when physical state changed to down:2013-01-01 08:00:54 BJ+08:00:00
 Peak input rate: 0 bytes/sec, at 2013-01-01 08:02:45 
 Peak output rate: 90634441 bytes/sec, at 2015-04-27 16:20:08 
 Last 300 seconds input: 0 packets/sec 0 bytes/sec 0%
 Last 300 seconds output: 5 packets/sec 419 bytes/sec 0%
 Input (total):  0 packets, 0 bytes
         0 unicasts, 0 broadcasts, 0 multicasts, 0 pauses
 Input (normal):  0 packets, - bytes
         0 unicasts, 0 broadcasts, 0 multicasts, 0 pauses
 Input:  0 input errors, 0 runts, 0 giants, 0 throttles
         0 CRC, 0 frame, - overruns, 0 aborts
         - ignored, - parity errors
 Output (total): 382438706 packets, 30887102040 bytes
         2 unicasts, 117031898 broadcasts, 265406806 multicasts, 0 pauses
 Output (normal): 382438706 packets, - bytes
         2 unicasts, 117031898 broadcasts, 265406806 multicasts, 0 pauses
 Output: 0 output errors, - underruns, - buffer failures
         0 aborts, 0 deferred, 0 collisions, 0 late collisions
         0 lost carrier, - no carrier
IPv4 traffic statistics:
 Last 300 seconds input rate: 0 packets/sec, 0 bytes/sec
 Last 300 seconds output rate: 0 packets/sec, 0 bytes/sec
 Input: 0 packets, 0 bytes
 Output: 0 packets, 0 bytes
IPv6 traffic statistics:
 Last 300 seconds input rate: 0 packets/sec, 0 bytes/sec
 Last 300 seconds output rate: 0 packets/sec, 0 bytes/sec
 Input: 0 packets, 0 bytes
 Output: 0 packets, 0 bytes

GigabitEthernet1/0/8
Current state: DOWN
Line protocol state: DOWN
IP packet frame type: Ethernet II, hardware address: 8061-6c2d-efc5
Description: GigabitEthernet1/0/8 Interface
Bandwidth: 1000000 kbps
Loopback is not set
Media type is twisted pair
Port hardware type is 1000_BASE_T
Unknown-speed mode, unknown-duplex mode
Link speed type is autonegotiation, link duplex type is autonegotiation
Flow-control is not enabled
Maximum frame length: 12288
Allow jumbo frames to pass
Broadcast max-ratio: 100%
Multicast max-ratio: 100%
Unicast max-ratio: 100%
Known-unicast max-ratio: 100%
PVID: 100
MDI type: Automdix
Port link-type: Access
 Tagged VLANs:   None
 Untagged VLANs: 100
Port priority: 0
Last link flapping: Never
Last clearing of counters: Never
Current system time:2015-04-28 20:05:19 BJ+08:00:00
Last time when physical state changed to up:-
Last time when physical state changed to down:2013-01-01 08:00:54 BJ+08:00:00
 Peak input rate: 0 bytes/sec, at 2013-01-01 08:02:45 
 Peak output rate: 0 bytes/sec, at 2013-01-01 08:02:45 
 Last 300 seconds input: 0 packets/sec 0 bytes/sec -%
 Last 300 seconds output: 0 packets/sec 0 bytes/sec -%
 Input (total):  0 packets, 0 bytes
         0 unicasts, 0 broadcasts, 0 multicasts, 0 pauses
 Input (normal):  0 packets, - bytes
         0 unicasts, 0 broadcasts, 0 multicasts, 0 pauses
 Input:  0 input errors, 0 runts, 0 giants, 0 throttles
         0 CRC, 0 frame, - overruns, 0 aborts
         - ignored, - parity errors
 Output (total): 0 packets, 0 bytes
         0 unicasts, 0 broadcasts, 0 multicasts, 0 pauses
 Output (normal): 0 packets, - bytes
         0 unicasts, 0 broadcasts, 0 multicasts, 0 pauses
 Output: 0 output errors, - underruns, - buffer failures
         0 aborts, 0 deferred, 0 collisions, 0 late collisions
         0 lost carrier, - no carrier
IPv4 traffic statistics:
 Last 300 seconds input rate: 0 packets/sec, 0 bytes/sec
 Last 300 seconds output rate: 0 packets/sec, 0 bytes/sec
 Input: 0 packets, 0 bytes
 Output: 0 packets, 0 bytes
IPv6 traffic statistics:
 Last 300 seconds input rate: 0 packets/sec, 0 bytes/sec
 Last 300 seconds output rate: 0 packets/sec, 0 bytes/sec
 Input: 0 packets, 0 bytes
 Output: 0 packets, 0 bytes

GigabitEthernet1/0/9
Current state: Administratively DOWN
Line protocol state: DOWN
IP packet frame type: Ethernet II, hardware address: 8061-6c2d-efc6
Description: GigabitEthernet1/0/9 Interface
Bandwidth: 1000000 kbps
Loopback is not set
Media type is twisted pair
Port hardware type is 1000_BASE_T
Unknown-speed mode, full-duplex mode
Link speed type is autonegotiation, link duplex type is force link
Flow-control is not enabled
Maximum frame length: 12288
Allow jumbo frames to pass
Broadcast max-ratio: 100%
Multicast max-ratio: 100%
Unicast max-ratio: 100%
Known-unicast max-ratio: 100%
PVID: 100
MDI type: Automdix
Port link-type: Access
 Tagged VLANs:   None
 Untagged VLANs: 100
Port priority: 0
Last link flapping: Never
Last clearing of counters: Never
Current system time:2015-04-28 20:05:19 BJ+08:00:00
Last time when physical state changed to up:-
Last time when physical state changed to down:2013-01-01 08:00:54 BJ+08:00:00
 Peak input rate: 0 bytes/sec, at 2013-01-01 08:02:45 
 Peak output rate: 0 bytes/sec, at 2013-01-01 08:02:45 
 Last 300 seconds input: 0 packets/sec 0 bytes/sec -%
 Last 300 seconds output: 0 packets/sec 0 bytes/sec -%
 Input (total):  0 packets, 0 bytes
         0 unicasts, 0 broadcasts, 0 multicasts, 0 pauses
 Input (normal):  0 packets, - bytes
         0 unicasts, 0 broadcasts, 0 multicasts, 0 pauses
 Input:  0 input errors, 0 runts, 0 giants, 0 throttles
         0 CRC, 0 frame, - overruns, 0 aborts
         - ignored, - parity errors
 Output (total): 0 packets, 0 bytes
         0 unicasts, 0 broadcasts, 0 multicasts, 0 pauses
 Output (normal): 0 packets, - bytes
         0 unicasts, 0 broadcasts, 0 multicasts, 0 pauses
 Output: 0 output errors, - underruns, - buffer failures
         0 aborts, 0 deferred, 0 collisions, 0 late collisions
         0 lost carrier, - no carrier
IPv4 traffic statistics:
 Last 300 seconds input rate: 0 packets/sec, 0 bytes/sec
 Last 300 seconds output rate: 0 packets/sec, 0 bytes/sec
 Input: 0 packets, 0 bytes
 Output: 0 packets, 0 bytes
IPv6 traffic statistics:
 Last 300 seconds input rate: 0 packets/sec, 0 bytes/sec
 Last 300 seconds output rate: 0 packets/sec, 0 bytes/sec
 Input: 0 packets, 0 bytes
 Output: 0 packets, 0 bytes

GigabitEthernet1/0/10
Current state: UP
Line protocol state: UP
IP packet frame type: Ethernet II, hardware address: 8061-6c2d-efc7
Description: GigabitEthernet1/0/10 Interface
Bandwidth: 1000000 kbps
Loopback is not set
Media type is twisted pair
Port hardware type is 1000_BASE_T
1000Mbps-speed mode, full-duplex mode
Link speed type is autonegotiation, link duplex type is autonegotiation
Flow-control is not enabled
Maximum frame length: 12288
Allow jumbo frames to pass
Broadcast max-ratio: 100%
Multicast max-ratio: 100%
Unicast max-ratio: 100%
Known-unicast max-ratio: 100%
PVID: 100
MDI type: Automdix
Port link-type: Access
 Tagged VLANs:   None
 Untagged VLANs: 100
Port priority: 0
Last link flapping: 115 weeks 3 days 11 hours 40 minutes
Last clearing of counters: Never
Current system time:2015-04-28 20:05:19 BJ+08:00:00
Last time when physical state changed to up:2013-02-09 08:23:47 BJ+08:00:00
Last time when physical state changed to down:2013-02-09 08:23:45 BJ+08:00:00
 Peak input rate: 140201515 bytes/sec, at 2015-04-26 17:19:50 
 Peak output rate: 100569226 bytes/sec, at 2015-04-28 07:10:15 
 Last 300 seconds input: 0 packets/sec 25 bytes/sec 0%
 Last 300 seconds output: 5 packets/sec 436 bytes/sec 0%
 Input (total):  62790699 packets, 47771803733 bytes
         59269596 unicasts, 3521098 broadcasts, 5 multicasts, 0 pauses
 Input (normal):  62790699 packets, - bytes
         59269596 unicasts, 3521098 broadcasts, 5 multicasts, 0 pauses
 Input:  0 input errors, 0 runts, 0 giants, 0 throttles
         0 CRC, 0 frame, - overruns, 0 aborts
         - ignored, - parity errors
 Output (total): 432425028 packets, 34247377380 bytes
         53507706 unicasts, 113510709 broadcasts, 265406613 multicasts, 0 pauses
 Output (normal): 432425028 packets, - bytes
         53507706 unicasts, 113510709 broadcasts, 265406613 multicasts, 0 pauses
 Output: 0 output errors, - underruns, - buffer failures
         0 aborts, 0 deferred, 0 collisions, 0 late collisions
         0 lost carrier, - no carrier
IPv4 traffic statistics:
 Last 300 seconds input rate: 0 packets/sec, 0 bytes/sec
 Last 300 seconds output rate: 0 packets/sec, 0 bytes/sec
 Input: 0 packets, 0 bytes
 Output: 0 packets, 0 bytes
IPv6 traffic statistics:
 Last 300 seconds input rate: 0 packets/sec, 0 bytes/sec
 Last 300 seconds output rate: 0 packets/sec, 0 bytes/sec
 Input: 0 packets, 0 bytes
 Output: 0 packets, 0 bytes

GigabitEthernet1/0/11
Current state: UP
Line protocol state: UP
IP packet frame type: Ethernet II, hardware address: 8061-6c2d-efc8
Description: GigabitEthernet1/0/11 Interface
Bandwidth: 1000000 kbps
Loopback is not set
Media type is twisted pair
Port hardware type is 1000_BASE_T
1000Mbps-speed mode, full-duplex mode
Link speed type is autonegotiation, link duplex type is autonegotiation
Flow-control is not enabled
Maximum frame length: 12288
Allow jumbo frames to pass
Broadcast max-ratio: 100%
Multicast max-ratio: 100%
Unicast max-ratio: 100%
Known-unicast max-ratio: 100%
PVID: 302
MDI type: Automdix
Port link-type: Access
 Tagged VLANs:   None
 Untagged VLANs: 302
Port priority: 0
Last link flapping: 121 weeks 0 days 12 hours 1 minutes
Last clearing of counters: Never
Current system time:2015-04-28 20:05:19 BJ+08:00:00
Last time when physical state changed to up:2013-01-01 08:02:44 BJ+08:00:00
Last time when physical state changed to down:2013-01-01 08:00:54 BJ+08:00:00
 Peak input rate: 686198 bytes/sec, at 2015-04-28 11:55:24 
 Peak output rate: 32379081 bytes/sec, at 2015-04-28 11:55:24 
 Last 300 seconds input: 0 packets/sec 3 bytes/sec 0%
 Last 300 seconds output: 1 packets/sec 149 bytes/sec 0%
 Input (total):  3650337 packets, 233621568 bytes
         0 unicasts, 3650337 broadcasts, 0 multicasts, 0 pauses
 Input (normal):  3650337 packets, - bytes
         0 unicasts, 3650337 broadcasts, 0 multicasts, 0 pauses
 Input:  0 input errors, 0 runts, 0 giants, 0 throttles
         0 CRC, 0 frame, - overruns, 0 aborts
         - ignored, - parity errors
 Output (total): 127547893 packets, 11023689960 bytes
         0 unicasts, 15271345 broadcasts, 112276548 multicasts, 0 pauses
 Output (normal): 127547893 packets, - bytes
         0 unicasts, 15271345 broadcasts, 112276548 multicasts, 0 pauses
 Output: 0 output errors, - underruns, - buffer failures
         0 aborts, 0 deferred, 0 collisions, 0 late collisions
         0 lost carrier, - no carrier
IPv4 traffic statistics:
 Last 300 seconds input rate: 0 packets/sec, 0 bytes/sec
 Last 300 seconds output rate: 0 packets/sec, 0 bytes/sec
 Input: 0 packets, 0 bytes
 Output: 0 packets, 0 bytes
IPv6 traffic statistics:
 Last 300 seconds input rate: 0 packets/sec, 0 bytes/sec
 Last 300 seconds output rate: 0 packets/sec, 0 bytes/sec
 Input: 0 packets, 0 bytes
 Output: 0 packets, 0 bytes

GigabitEthernet1/0/12
Current state: DOWN
Line protocol state: DOWN
IP packet frame type: Ethernet II, hardware address: 8061-6c2d-efc9
Description: GigabitEthernet1/0/12 Interface
Bandwidth: 1000000 kbps
Loopback is not set
Media type is twisted pair
Port hardware type is 1000_BASE_T
Unknown-speed mode, unknown-duplex mode
Link speed type is autonegotiation, link duplex type is autonegotiation
Flow-control is not enabled
Maximum frame length: 12288
Allow jumbo frames to pass
Broadcast max-ratio: 100%
Multicast max-ratio: 100%
Unicast max-ratio: 100%
Known-unicast max-ratio: 100%
PVID: 100
MDI type: Automdix
Port link-type: Access
 Tagged VLANs:   None
 Untagged VLANs: 100
Port priority: 0
Last link flapping: Never
Last clearing of counters: Never
Current system time:2015-04-28 20:05:19 BJ+08:00:00
Last time when physical state changed to up:-
Last time when physical state changed to down:2013-01-01 08:00:54 BJ+08:00:00
 Peak input rate: 0 bytes/sec, at 2013-01-01 08:02:45 
 Peak output rate: 0 bytes/sec, at 2013-01-01 08:02:45 
 Last 300 seconds input: 0 packets/sec 0 bytes/sec -%
 Last 300 seconds output: 0 packets/sec 0 bytes/sec -%
 Input (total):  0 packets, 0 bytes
         0 unicasts, 0 broadcasts, 0 multicasts, 0 pauses
 Input (normal):  0 packets, - bytes
         0 unicasts, 0 broadcasts, 0 multicasts, 0 pauses
 Input:  0 input errors, 0 runts, 0 giants, 0 throttles
         0 CRC, 0 frame, - overruns, 0 aborts
         - ignored, - parity errors
 Output (total): 0 packets, 0 bytes
         0 unicasts, 0 broadcasts, 0 multicasts, 0 pauses
 Output (normal): 0 packets, - bytes
         0 unicasts, 0 broadcasts, 0 multicasts, 0 pauses
 Output: 0 output errors, - underruns, - buffer failures
         0 aborts, 0 deferred, 0 collisions, 0 late collisions
         0 lost carrier, - no carrier
IPv4 traffic statistics:
 Last 300 seconds input rate: 0 packets/sec, 0 bytes/sec
 Last 300 seconds output rate: 0 packets/sec, 0 bytes/sec
 Input: 0 packets, 0 bytes
 Output: 0 packets, 0 bytes
IPv6 traffic statistics:
 Last 300 seconds input rate: 0 packets/sec, 0 bytes/sec
 Last 300 seconds output rate: 0 packets/sec, 0 bytes/sec
 Input: 0 packets, 0 bytes
 Output: 0 packets, 0 bytes

GigabitEthernet1/0/13
Current state: Administratively DOWN
Line protocol state: DOWN
IP packet frame type: Ethernet II, hardware address: 8061-6c2d-efca
Description: GigabitEthernet1/0/13 Interface
Bandwidth: 1000000 kbps
Loopback is not set
Media type is twisted pair
Port hardware type is 1000_BASE_T
Unknown-speed mode, unknown-duplex mode
Link speed type is autonegotiation, link duplex type is autonegotiation
Flow-control is not enabled
Maximum frame length: 12288
Allow jumbo frames to pass
Broadcast max-ratio: 100%
Multicast max-ratio: 100%
Unicast max-ratio: 100%
Known-unicast max-ratio: 100%
PVID: 300
MDI type: Automdix
Port link-type: Access
 Tagged VLANs:   None
 Untagged VLANs: 300
Port priority: 0
Last link flapping: Never
Last clearing of counters: Never
Current system time:2015-04-28 20:05:19 BJ+08:00:00
Last time when physical state changed to up:-
Last time when physical state changed to down:2013-01-01 08:00:54 BJ+08:00:00
 Peak input rate: 0 bytes/sec, at 2013-01-01 08:02:45 
 Peak output rate: 0 bytes/sec, at 2013-01-01 08:02:45 
 Last 300 seconds input: 0 packets/sec 0 bytes/sec -%
 Last 300 seconds output: 0 packets/sec 0 bytes/sec -%
 Input (total):  0 packets, 0 bytes
         0 unicasts, 0 broadcasts, 0 multicasts, 0 pauses
 Input (normal):  0 packets, - bytes
         0 unicasts, 0 broadcasts, 0 multicasts, 0 pauses
 Input:  0 input errors, 0 runts, 0 giants, 0 throttles
         0 CRC, 0 frame, - overruns, 0 aborts
         - ignored, - parity errors
 Output (total): 0 packets, 0 bytes
         0 unicasts, 0 broadcasts, 0 multicasts, 0 pauses
 Output (normal): 0 packets, - bytes
         0 unicasts, 0 broadcasts, 0 multicasts, 0 pauses
 Output: 0 output errors, - underruns, - buffer failures
         0 aborts, 0 deferred, 0 collisions, 0 late collisions
         0 lost carrier, - no carrier
IPv4 traffic statistics:
 Last 300 seconds input rate: 0 packets/sec, 0 bytes/sec
 Last 300 seconds output rate: 0 packets/sec, 0 bytes/sec
 Input: 0 packets, 0 bytes
 Output: 0 packets, 0 bytes
IPv6 traffic statistics:
 Last 300 seconds input rate: 0 packets/sec, 0 bytes/sec
 Last 300 seconds output rate: 0 packets/sec, 0 bytes/sec
 Input: 0 packets, 0 bytes
 Output: 0 packets, 0 bytes

GigabitEthernet1/0/14
Current state: DOWN
Line protocol state: DOWN
IP packet frame type: Ethernet II, hardware address: 8061-6c2d-efcb
Description: GigabitEthernet1/0/14 Interface
Bandwidth: 1000000 kbps
Loopback is not set
Media type is twisted pair
Port hardware type is 1000_BASE_T
Unknown-speed mode, unknown-duplex mode
Link speed type is autonegotiation, link duplex type is autonegotiation
Flow-control is not enabled
Maximum frame length: 12288
Allow jumbo frames to pass
Broadcast max-ratio: 100%
Multicast max-ratio: 100%
Unicast max-ratio: 100%
Known-unicast max-ratio: 100%
PVID: 301
MDI type: Automdix
Port link-type: Access
 Tagged VLANs:   None
 Untagged VLANs: 301
Port priority: 0
Last link flapping: Never
Last clearing of counters: Never
Current system time:2015-04-28 20:05:19 BJ+08:00:00
Last time when physical state changed to up:-
Last time when physical state changed to down:2013-01-01 08:00:54 BJ+08:00:00
 Peak input rate: 0 bytes/sec, at 2013-01-01 08:02:45 
 Peak output rate: 0 bytes/sec, at 2013-01-01 08:02:45 
 Last 300 seconds input: 0 packets/sec 0 bytes/sec -%
 Last 300 seconds output: 0 packets/sec 0 bytes/sec -%
 Input (total):  0 packets, 0 bytes
         0 unicasts, 0 broadcasts, 0 multicasts, 0 pauses
 Input (normal):  0 packets, - bytes
         0 unicasts, 0 broadcasts, 0 multicasts, 0 pauses
 Input:  0 input errors, 0 runts, 0 giants, 0 throttles
         0 CRC, 0 frame, - overruns, 0 aborts
         - ignored, - parity errors
 Output (total): 0 packets, 0 bytes
         0 unicasts, 0 broadcasts, 0 multicasts, 0 pauses
 Output (normal): 0 packets, - bytes
         0 unicasts, 0 broadcasts, 0 multicasts, 0 pauses
 Output: 0 output errors, - underruns, - buffer failures
         0 aborts, 0 deferred, 0 collisions, 0 late collisions
         0 lost carrier, - no carrier
IPv4 traffic statistics:
 Last 300 seconds input rate: 0 packets/sec, 0 bytes/sec
 Last 300 seconds output rate: 0 packets/sec, 0 bytes/sec
 Input: 0 packets, 0 bytes
 Output: 0 packets, 0 bytes
IPv6 traffic statistics:
 Last 300 seconds input rate: 0 packets/sec, 0 bytes/sec
 Last 300 seconds output rate: 0 packets/sec, 0 bytes/sec
 Input: 0 packets, 0 bytes
 Output: 0 packets, 0 bytes

GigabitEthernet1/0/15
Current state: DOWN
Line protocol state: DOWN
IP packet frame type: Ethernet II, hardware address: 8061-6c2d-efcc
Description: GigabitEthernet1/0/15 Interface
Bandwidth: 1000000 kbps
Loopback is not set
Media type is twisted pair
Port hardware type is 1000_BASE_T
Unknown-speed mode, unknown-duplex mode
Link speed type is autonegotiation, link duplex type is autonegotiation
Flow-control is not enabled
Maximum frame length: 12288
Allow jumbo frames to pass
Broadcast max-ratio: 100%
Multicast max-ratio: 100%
Unicast max-ratio: 100%
Known-unicast max-ratio: 100%
PVID: 301
MDI type: Automdix
Port link-type: Access
 Tagged VLANs:   None
 Untagged VLANs: 301
Port priority: 0
Last link flapping: Never
Last clearing of counters: Never
Current system time:2015-04-28 20:05:19 BJ+08:00:00
Last time when physical state changed to up:-
Last time when physical state changed to down:2013-01-01 08:00:54 BJ+08:00:00
 Peak input rate: 0 bytes/sec, at 2013-01-01 08:02:45 
 Peak output rate: 0 bytes/sec, at 2013-01-01 08:02:45 
 Last 300 seconds input: 0 packets/sec 0 bytes/sec -%
 Last 300 seconds output: 0 packets/sec 0 bytes/sec -%
 Input (total):  0 packets, 0 bytes
         0 unicasts, 0 broadcasts, 0 multicasts, 0 pauses
 Input (normal):  0 packets, - bytes
         0 unicasts, 0 broadcasts, 0 multicasts, 0 pauses
 Input:  0 input errors, 0 runts, 0 giants, 0 throttles
         0 CRC, 0 frame, - overruns, 0 aborts
         - ignored, - parity errors
 Output (total): 0 packets, 0 bytes
         0 unicasts, 0 broadcasts, 0 multicasts, 0 pauses
 Output (normal): 0 packets, - bytes
         0 unicasts, 0 broadcasts, 0 multicasts, 0 pauses
 Output: 0 output errors, - underruns, - buffer failures
         0 aborts, 0 deferred, 0 collisions, 0 late collisions
         0 lost carrier, - no carrier
IPv4 traffic statistics:
 Last 300 seconds input rate: 0 packets/sec, 0 bytes/sec
 Last 300 seconds output rate: 0 packets/sec, 0 bytes/sec
 Input: 0 packets, 0 bytes
 Output: 0 packets, 0 bytes
IPv6 traffic statistics:
 Last 300 seconds input rate: 0 packets/sec, 0 bytes/sec
 Last 300 seconds output rate: 0 packets/sec, 0 bytes/sec
 Input: 0 packets, 0 bytes
 Output: 0 packets, 0 bytes

GigabitEthernet1/0/16
Current state: DOWN
Line protocol state: DOWN
IP packet frame type: Ethernet II, hardware address: 8061-6c2d-efcd
Description: GigabitEthernet1/0/16 Interface
Bandwidth: 1000000 kbps
Loopback is not set
Media type is twisted pair
Port hardware type is 1000_BASE_T
Unknown-speed mode, unknown-duplex mode
Link speed type is autonegotiation, link duplex type is autonegotiation
Flow-control is not enabled
Maximum frame length: 12288
Allow jumbo frames to pass
Broadcast max-ratio: 100%
Multicast max-ratio: 100%
Unicast max-ratio: 100%
Known-unicast max-ratio: 100%
PVID: 302
MDI type: Automdix
Port link-type: Access
 Tagged VLANs:   None
 Untagged VLANs: 302
Port priority: 0
Last link flapping: Never
Last clearing of counters: Never
Current system time:2015-04-28 20:05:19 BJ+08:00:00
Last time when physical state changed to up:-
Last time when physical state changed to down:2013-01-01 08:00:54 BJ+08:00:00
 Peak input rate: 0 bytes/sec, at 2013-01-01 08:02:45 
 Peak output rate: 0 bytes/sec, at 2013-01-01 08:02:45 
 Last 300 seconds input: 0 packets/sec 0 bytes/sec -%
 Last 300 seconds output: 0 packets/sec 0 bytes/sec -%
 Input (total):  0 packets, 0 bytes
         0 unicasts, 0 broadcasts, 0 multicasts, 0 pauses
 Input (normal):  0 packets, - bytes
         0 unicasts, 0 broadcasts, 0 multicasts, 0 pauses
 Input:  0 input errors, 0 runts, 0 giants, 0 throttles
         0 CRC, 0 frame, - overruns, 0 aborts
         - ignored, - parity errors
 Output (total): 0 packets, 0 bytes
         0 unicasts, 0 broadcasts, 0 multicasts, 0 pauses
 Output (normal): 0 packets, - bytes
         0 unicasts, 0 broadcasts, 0 multicasts, 0 pauses
 Output: 0 output errors, - underruns, - buffer failures
         0 aborts, 0 deferred, 0 collisions, 0 late collisions
         0 lost carrier, - no carrier
IPv4 traffic statistics:
 Last 300 seconds input rate: 0 packets/sec, 0 bytes/sec
 Last 300 seconds output rate: 0 packets/sec, 0 bytes/sec
 Input: 0 packets, 0 bytes
 Output: 0 packets, 0 bytes
IPv6 traffic statistics:
 Last 300 seconds input rate: 0 packets/sec, 0 bytes/sec
 Last 300 seconds output rate: 0 packets/sec, 0 bytes/sec
 Input: 0 packets, 0 bytes
 Output: 0 packets, 0 bytes

GigabitEthernet1/0/17
Current state: UP
Line protocol state: UP
IP packet frame type: Ethernet II, hardware address: 8061-6c2d-efce
Description: GigabitEthernet1/0/17 Interface
Bandwidth: 1000000 kbps
Loopback is not set
Media type is twisted pair
Port hardware type is 1000_BASE_T
1000Mbps-speed mode, full-duplex mode
Link speed type is autonegotiation, link duplex type is autonegotiation
Flow-control is not enabled
Maximum frame length: 12288
Allow jumbo frames to pass
Broadcast max-ratio: 100%
Multicast max-ratio: 100%
Unicast max-ratio: 100%
Known-unicast max-ratio: 100%
PVID: 302
MDI type: Automdix
Port link-type: Access
 Tagged VLANs:   None
 Untagged VLANs: 302
Port priority: 0
Last link flapping: 63 weeks 2 days 12 hours 13 minutes
Last clearing of counters: Never
Current system time:2015-04-28 20:05:20 BJ+08:00:00
Last time when physical state changed to up:2014-02-09 07:50:45 BJ+08:00:00
Last time when physical state changed to down:2014-02-09 07:50:42 BJ+08:00:00
 Peak input rate: 47828428 bytes/sec, at 2015-04-26 12:49:56 
 Peak output rate: 30522353 bytes/sec, at 2015-04-26 12:49:56 
 Last 300 seconds input: 2 packets/sec 221 bytes/sec 0%
 Last 300 seconds output: 1 packets/sec 142 bytes/sec 0%
 Input (total):  196137552 packets, 16325360718 bytes
         180866186 unicasts, 15271352 broadcasts, 14 multicasts, 0 pauses
 Input (normal):  196137552 packets, - bytes
         180866186 unicasts, 15271352 broadcasts, 14 multicasts, 0 pauses
 Input:  0 input errors, 0 runts, 0 giants, 0 throttles
         0 CRC, 0 frame, - overruns, 0 aborts
         - ignored, - parity errors
 Output (total): 118088603 packets, 10418297102 bytes
         2161847 unicasts, 3650333 broadcasts, 112276423 multicasts, 0 pauses
 Output (normal): 118088603 packets, - bytes
         2161847 unicasts, 3650333 broadcasts, 112276423 multicasts, 0 pauses
 Output: 0 output errors, - underruns, - buffer failures
         0 aborts, 0 deferred, 0 collisions, 0 late collisions
         0 lost carrier, - no carrier
IPv4 traffic statistics:
 Last 300 seconds input rate: 0 packets/sec, 0 bytes/sec
 Last 300 seconds output rate: 0 packets/sec, 0 bytes/sec
 Input: 0 packets, 0 bytes
 Output: 0 packets, 0 bytes
IPv6 traffic statistics:
 Last 300 seconds input rate: 0 packets/sec, 0 bytes/sec
 Last 300 seconds output rate: 0 packets/sec, 0 bytes/sec
 Input: 0 packets, 0 bytes
 Output: 0 packets, 0 bytes

GigabitEthernet1/0/18
Current state: UP
Line protocol state: UP
IP packet frame type: Ethernet II, hardware address: 8061-6c2d-efcf
Description: LSNPHLR01BHW-0-12/3/0
Bandwidth: 1000000 kbps
Loopback is not set
Media type is twisted pair
Port hardware type is 1000_BASE_T
1000Mbps-speed mode, full-duplex mode
Link speed type is autonegotiation, link duplex type is autonegotiation
Flow-control is not enabled
Maximum frame length: 12288
Allow jumbo frames to pass
Broadcast max-ratio: 100%
Multicast max-ratio: 100%
Unicast max-ratio: 100%
Known-unicast max-ratio: 100%
PVID: 100
MDI type: Automdix
Port link-type: Access
 Tagged VLANs:   None
 Untagged VLANs: 100
Port priority: 0
Last link flapping: 121 weeks 0 days 12 hours 1 minutes
Last clearing of counters: Never
Current system time:2015-04-28 20:05:20 BJ+08:00:00
Last time when physical state changed to up:2013-01-01 08:02:45 BJ+08:00:00
Last time when physical state changed to down:2013-01-01 08:00:54 BJ+08:00:00
 Peak input rate: 19857033 bytes/sec, at 2015-04-28 13:30:13 
 Peak output rate: 107489544 bytes/sec, at 2015-04-28 13:30:13 
 Last 300 seconds input: 0 packets/sec 67 bytes/sec 0%
 Last 300 seconds output: 5 packets/sec 452 bytes/sec 0%
 Input (total):  64797507 packets, 6758016830 bytes
         33067553 unicasts, 31729954 broadcasts, 0 multicasts, 0 pauses
 Input (normal):  64797507 packets, - bytes
         33067553 unicasts, 31729954 broadcasts, 0 multicasts, 0 pauses
 Input:  0 input errors, 0 runts, 0 giants, 0 throttles
         0 CRC, 0 frame, - overruns, 0 aborts
         - ignored, - parity errors
 Output (total): 416058106 packets, 36584406682 bytes
         65349355 unicasts, 85301945 broadcasts, 265406806 multicasts, 0 pauses
 Output (normal): 416058106 packets, - bytes
         65349355 unicasts, 85301945 broadcasts, 265406806 multicasts, 0 pauses
 Output: 0 output errors, - underruns, - buffer failures
         0 aborts, 0 deferred, 0 collisions, 0 late collisions
         0 lost carrier, - no carrier
IPv4 traffic statistics:
 Last 300 seconds input rate: 0 packets/sec, 0 bytes/sec
 Last 300 seconds output rate: 0 packets/sec, 0 bytes/sec
 Input: 0 packets, 0 bytes
 Output: 0 packets, 0 bytes
IPv6 traffic statistics:
 Last 300 seconds input rate: 0 packets/sec, 0 bytes/sec
 Last 300 seconds output rate: 0 packets/sec, 0 bytes/sec
 Input: 0 packets, 0 bytes
 Output: 0 packets, 0 bytes

GigabitEthernet1/0/19
Current state: UP
Line protocol state: UP
IP packet frame type: Ethernet II, hardware address: 8061-6c2d-efd0
Description: LSNPHLR01BHW-0-12/3/0
Bandwidth: 1000000 kbps
Loopback is not set
Media type is twisted pair
Port hardware type is 1000_BASE_T
1000Mbps-speed mode, full-duplex mode
Link speed type is autonegotiation, link duplex type is autonegotiation
Flow-control is not enabled
Maximum frame length: 12288
Allow jumbo frames to pass
Broadcast max-ratio: 100%
Multicast max-ratio: 100%
Unicast max-ratio: 100%
Known-unicast max-ratio: 100%
PVID: 100
MDI type: Automdix
Port link-type: Access
 Tagged VLANs:   None
 Untagged VLANs: 100
Port priority: 0
Last link flapping: 121 weeks 0 days 12 hours 1 minutes
Last clearing of counters: Never
Current system time:2015-04-28 20:05:20 BJ+08:00:00
Last time when physical state changed to up:2013-01-01 08:02:45 BJ+08:00:00
Last time when physical state changed to down:2013-01-01 08:00:54 BJ+08:00:00
 Peak input rate: 17128468 bytes/sec, at 2015-04-28 08:25:19 
 Peak output rate: 105735735 bytes/sec, at 2015-04-28 08:25:19 
 Last 300 seconds input: 0 packets/sec 78 bytes/sec 0%
 Last 300 seconds output: 5 packets/sec 486 bytes/sec 0%
 Input (total):  63923623 packets, 5833045666 bytes
         32193677 unicasts, 31729946 broadcasts, 0 multicasts, 0 pauses
 Input (normal):  63923623 packets, - bytes
         32193677 unicasts, 31729946 broadcasts, 0 multicasts, 0 pauses
 Input:  0 input errors, 0 runts, 0 giants, 0 throttles
         0 CRC, 0 frame, - overruns, 0 aborts
         - ignored, - parity errors
 Output (total): 415036486 packets, 36008067647 bytes
         64327733 unicasts, 85301947 broadcasts, 265406806 multicasts, 0 pauses
 Output (normal): 415036486 packets, - bytes
         64327733 unicasts, 85301947 broadcasts, 265406806 multicasts, 0 pauses
 Output: 0 output errors, - underruns, - buffer failures
         0 aborts, 0 deferred, 0 collisions, 0 late collisions
         0 lost carrier, - no carrier
IPv4 traffic statistics:
 Last 300 seconds input rate: 0 packets/sec, 0 bytes/sec
 Last 300 seconds output rate: 0 packets/sec, 0 bytes/sec
 Input: 0 packets, 0 bytes
 Output: 0 packets, 0 bytes
IPv6 traffic statistics:
 Last 300 seconds input rate: 0 packets/sec, 0 bytes/sec
 Last 300 seconds output rate: 0 packets/sec, 0 bytes/sec
 Input: 0 packets, 0 bytes
 Output: 0 packets, 0 bytes

GigabitEthernet1/0/20
Current state: DOWN
Line protocol state: DOWN
IP packet frame type: Ethernet II, hardware address: 8061-6c2d-efd1
Description: GigabitEthernet1/0/20 Interface
Bandwidth: 1000000 kbps
Loopback is not set
Media type is twisted pair
Port hardware type is 1000_BASE_T
Unknown-speed mode, unknown-duplex mode
Link speed type is autonegotiation, link duplex type is autonegotiation
Flow-control is not enabled
Maximum frame length: 12288
Allow jumbo frames to pass
Broadcast max-ratio: 100%
Multicast max-ratio: 100%
Unicast max-ratio: 100%
Known-unicast max-ratio: 100%
PVID: 302
MDI type: Automdix
Port link-type: Access
 Tagged VLANs:   None
 Untagged VLANs: 302
Port priority: 0
Last link flapping: Never
Last clearing of counters: Never
Current system time:2015-04-28 20:05:20 BJ+08:00:00
Last time when physical state changed to up:-
Last time when physical state changed to down:2013-01-01 08:00:54 BJ+08:00:00
 Peak input rate: 0 bytes/sec, at 2013-01-01 08:02:45 
 Peak output rate: 0 bytes/sec, at 2013-01-01 08:02:45 
 Last 300 seconds input: 0 packets/sec 0 bytes/sec -%
 Last 300 seconds output: 0 packets/sec 0 bytes/sec -%
 Input (total):  0 packets, 0 bytes
         0 unicasts, 0 broadcasts, 0 multicasts, 0 pauses
 Input (normal):  0 packets, - bytes
         0 unicasts, 0 broadcasts, 0 multicasts, 0 pauses
 Input:  0 input errors, 0 runts, 0 giants, 0 throttles
         0 CRC, 0 frame, - overruns, 0 aborts
         - ignored, - parity errors
 Output (total): 0 packets, 0 bytes
         0 unicasts, 0 broadcasts, 0 multicasts, 0 pauses
 Output (normal): 0 packets, - bytes
         0 unicasts, 0 broadcasts, 0 multicasts, 0 pauses
 Output: 0 output errors, - underruns, - buffer failures
         0 aborts, 0 deferred, 0 collisions, 0 late collisions
         0 lost carrier, - no carrier
IPv4 traffic statistics:
 Last 300 seconds input rate: 0 packets/sec, 0 bytes/sec
 Last 300 seconds output rate: 0 packets/sec, 0 bytes/sec
 Input: 0 packets, 0 bytes
 Output: 0 packets, 0 bytes
IPv6 traffic statistics:
 Last 300 seconds input rate: 0 packets/sec, 0 bytes/sec
 Last 300 seconds output rate: 0 packets/sec, 0 bytes/sec
 Input: 0 packets, 0 bytes
 Output: 0 packets, 0 bytes

GigabitEthernet1/0/21
Current state: Administratively DOWN
Line protocol state: DOWN
IP packet frame type: Ethernet II, hardware address: 8061-6c2d-efd2
Description: GigabitEthernet1/0/21 Interface
Bandwidth: 1000000 kbps
Loopback is not set
Media type is twisted pair
Port hardware type is 1000_BASE_T
Unknown-speed mode, unknown-duplex mode
Link speed type is autonegotiation, link duplex type is autonegotiation
Flow-control is not enabled
Maximum frame length: 12288
Allow jumbo frames to pass
Broadcast max-ratio: 100%
Multicast max-ratio: 100%
Unicast max-ratio: 100%
Known-unicast max-ratio: 100%
PVID: 1
MDI type: Automdix
Port link-type: Access
 Tagged VLANs:   None
 Untagged VLANs: 1
Port priority: 0
Last link flapping: Never
Last clearing of counters: Never
Current system time:2015-04-28 20:05:20 BJ+08:00:00
Last time when physical state changed to up:-
Last time when physical state changed to down:2013-01-01 08:00:54 BJ+08:00:00
 Peak input rate: 0 bytes/sec, at 2013-01-01 08:02:45 
 Peak output rate: 0 bytes/sec, at 2013-01-01 08:02:45 
 Last 300 seconds input: 0 packets/sec 0 bytes/sec -%
 Last 300 seconds output: 0 packets/sec 0 bytes/sec -%
 Input (total):  0 packets, 0 bytes
         0 unicasts, 0 broadcasts, 0 multicasts, 0 pauses
 Input (normal):  0 packets, - bytes
         0 unicasts, 0 broadcasts, 0 multicasts, 0 pauses
 Input:  0 input errors, 0 runts, 0 giants, 0 throttles
         0 CRC, 0 frame, - overruns, 0 aborts
         - ignored, - parity errors
 Output (total): 0 packets, 0 bytes
         0 unicasts, 0 broadcasts, 0 multicasts, 0 pauses
 Output (normal): 0 packets, - bytes
         0 unicasts, 0 broadcasts, 0 multicasts, 0 pauses
 Output: 0 output errors, - underruns, - buffer failures
         0 aborts, 0 deferred, 0 collisions, 0 late collisions
         0 lost carrier, - no carrier
IPv4 traffic statistics:
 Last 300 seconds input rate: 0 packets/sec, 0 bytes/sec
 Last 300 seconds output rate: 0 packets/sec, 0 bytes/sec
 Input: 0 packets, 0 bytes
 Output: 0 packets, 0 bytes
IPv6 traffic statistics:
 Last 300 seconds input rate: 0 packets/sec, 0 bytes/sec
 Last 300 seconds output rate: 0 packets/sec, 0 bytes/sec
 Input: 0 packets, 0 bytes
 Output: 0 packets, 0 bytes

GigabitEthernet1/0/22
Current state: DOWN
Line protocol state: DOWN
IP packet frame type: Ethernet II, hardware address: 8061-6c2d-efd3
Description: GigabitEthernet1/0/22 Interface
Bandwidth: 1000000 kbps
Loopback is not set
Media type is twisted pair
Port hardware type is 1000_BASE_T
Unknown-speed mode, unknown-duplex mode
Link speed type is autonegotiation, link duplex type is autonegotiation
Flow-control is not enabled
Maximum frame length: 12288
Allow jumbo frames to pass
Broadcast max-ratio: 100%
Multicast max-ratio: 100%
Unicast max-ratio: 100%
Known-unicast max-ratio: 100%
PVID: 206
MDI type: Automdix
Port link-type: Access
 Tagged VLANs:   None
 Untagged VLANs: 206
Port priority: 0
Last link flapping: Never
Last clearing of counters: Never
Current system time:2015-04-28 20:05:20 BJ+08:00:00
Last time when physical state changed to up:-
Last time when physical state changed to down:2013-01-01 08:00:54 BJ+08:00:00
 Peak input rate: 0 bytes/sec, at 2013-01-01 08:02:45 
 Peak output rate: 0 bytes/sec, at 2013-01-01 08:02:45 
 Last 300 seconds input: 0 packets/sec 0 bytes/sec -%
 Last 300 seconds output: 0 packets/sec 0 bytes/sec -%
 Input (total):  0 packets, 0 bytes
         0 unicasts, 0 broadcasts, 0 multicasts, 0 pauses
 Input (normal):  0 packets, - bytes
         0 unicasts, 0 broadcasts, 0 multicasts, 0 pauses
 Input:  0 input errors, 0 runts, 0 giants, 0 throttles
         0 CRC, 0 frame, - overruns, 0 aborts
         - ignored, - parity errors
 Output (total): 0 packets, 0 bytes
         0 unicasts, 0 broadcasts, 0 multicasts, 0 pauses
 Output (normal): 0 packets, - bytes
         0 unicasts, 0 broadcasts, 0 multicasts, 0 pauses
 Output: 0 output errors, - underruns, - buffer failures
         0 aborts, 0 deferred, 0 collisions, 0 late collisions
         0 lost carrier, - no carrier
IPv4 traffic statistics:
 Last 300 seconds input rate: 0 packets/sec, 0 bytes/sec
 Last 300 seconds output rate: 0 packets/sec, 0 bytes/sec
 Input: 0 packets, 0 bytes
 Output: 0 packets, 0 bytes
IPv6 traffic statistics:
 Last 300 seconds input rate: 0 packets/sec, 0 bytes/sec
 Last 300 seconds output rate: 0 packets/sec, 0 bytes/sec
 Input: 0 packets, 0 bytes
 Output: 0 packets, 0 bytes

GigabitEthernet1/0/23
Current state: UP
Line protocol state: UP
IP packet frame type: Ethernet II, hardware address: 8061-6c2d-efd4
Description: GigabitEthernet1/0/23 Interface
Bandwidth: 1000000 kbps
Loopback is not set
Media type is twisted pair
Port hardware type is 1000_BASE_T
1000Mbps-speed mode, full-duplex mode
Link speed type is autonegotiation, link duplex type is autonegotiation
Flow-control is not enabled
Maximum frame length: 12288
Allow jumbo frames to pass
Broadcast max-ratio: 100%
Multicast max-ratio: 100%
Unicast max-ratio: 100%
Known-unicast max-ratio: 100%
PVID: 205
MDI type: Automdix
Port link-type: Access
 Tagged VLANs:   None
 Untagged VLANs: 205
Port priority: 0
Last link flapping: 121 weeks 0 days 12 hours 1 minutes
Last clearing of counters: Never
Current system time:2015-04-28 20:05:20 BJ+08:00:00
Last time when physical state changed to up:2013-01-01 08:02:44 BJ+08:00:00
Last time when physical state changed to down:2013-01-01 08:00:54 BJ+08:00:00
 Peak input rate: 43502 bytes/sec, at 2013-02-24 01:28:26 
 Peak output rate: 30142076 bytes/sec, at 2015-04-28 12:50:20 
 Last 300 seconds input: 0 packets/sec 0 bytes/sec 0%
 Last 300 seconds output: 1 packets/sec 140 bytes/sec 0%
 Input (total):  297160 packets, 19018240 bytes
         0 unicasts, 297160 broadcasts, 0 multicasts, 0 pauses
 Input (normal):  297160 packets, - bytes
         0 unicasts, 297160 broadcasts, 0 multicasts, 0 pauses
 Input:  0 input errors, 0 runts, 0 giants, 0 throttles
         0 CRC, 0 frame, - overruns, 0 aborts
         - ignored, - parity errors
 Output (total): 115629656 packets, 10260922482 bytes
         0 unicasts, 3353315 broadcasts, 112276341 multicasts, 0 pauses
 Output (normal): 115629656 packets, - bytes
         0 unicasts, 3353315 broadcasts, 112276341 multicasts, 0 pauses
 Output: 0 output errors, - underruns, - buffer failures
         0 aborts, 0 deferred, 0 collisions, 0 late collisions
         0 lost carrier, - no carrier
IPv4 traffic statistics:
 Last 300 seconds input rate: 0 packets/sec, 0 bytes/sec
 Last 300 seconds output rate: 0 packets/sec, 0 bytes/sec
 Input: 0 packets, 0 bytes
 Output: 0 packets, 0 bytes
IPv6 traffic statistics:
 Last 300 seconds input rate: 0 packets/sec, 0 bytes/sec
 Last 300 seconds output rate: 0 packets/sec, 0 bytes/sec
 Input: 0 packets, 0 bytes
 Output: 0 packets, 0 bytes

GigabitEthernet1/0/24
Current state: Administratively DOWN
Line protocol state: DOWN
IP packet frame type: Ethernet II, hardware address: 8061-6c2d-efd5
Description: GigabitEthernet1/0/24 Interface
Bandwidth: 1000000 kbps
Loopback is not set
Media type is twisted pair
Port hardware type is 1000_BASE_T
Unknown-speed mode, unknown-duplex mode
Link speed type is autonegotiation, link duplex type is autonegotiation
Flow-control is not enabled
Maximum frame length: 12288
Allow jumbo frames to pass
Broadcast max-ratio: 100%
Multicast max-ratio: 100%
Unicast max-ratio: 100%
Known-unicast max-ratio: 100%
PVID: 1
MDI type: Automdix
Port link-type: Access
 Tagged VLANs:   None
 Untagged VLANs: 1
Port priority: 0
Last link flapping: Never
Last clearing of counters: Never
Current system time:2015-04-28 20:05:20 BJ+08:00:00
Last time when physical state changed to up:-
Last time when physical state changed to down:2013-01-01 08:00:54 BJ+08:00:00
 Peak input rate: 0 bytes/sec, at 2013-01-01 08:02:45 
 Peak output rate: 0 bytes/sec, at 2013-01-01 08:02:45 
 Last 300 seconds input: 0 packets/sec 0 bytes/sec -%
 Last 300 seconds output: 0 packets/sec 0 bytes/sec -%
 Input (total):  0 packets, 0 bytes
         0 unicasts, 0 broadcasts, 0 multicasts, 0 pauses
 Input (normal):  0 packets, - bytes
         0 unicasts, 0 broadcasts, 0 multicasts, 0 pauses
 Input:  0 input errors, 0 runts, 0 giants, 0 throttles
         0 CRC, 0 frame, - overruns, 0 aborts
         - ignored, - parity errors
 Output (total): 0 packets, 0 bytes
         0 unicasts, 0 broadcasts, 0 multicasts, 0 pauses
 Output (normal): 0 packets, - bytes
         0 unicasts, 0 broadcasts, 0 multicasts, 0 pauses
 Output: 0 output errors, - underruns, - buffer failures
         0 aborts, 0 deferred, 0 collisions, 0 late collisions
         0 lost carrier, - no carrier
IPv4 traffic statistics:
 Last 300 seconds input rate: 0 packets/sec, 0 bytes/sec
 Last 300 seconds output rate: 0 packets/sec, 0 bytes/sec
 Input: 0 packets, 0 bytes
 Output: 0 packets, 0 bytes
IPv6 traffic statistics:
 Last 300 seconds input rate: 0 packets/sec, 0 bytes/sec
 Last 300 seconds output rate: 0 packets/sec, 0 bytes/sec
 Input: 0 packets, 0 bytes
 Output: 0 packets, 0 bytes

GigabitEthernet1/0/25
Current state: DOWN
Line protocol state: DOWN
IP packet frame type: Ethernet II, hardware address: 8061-6c2d-efd6
Description: GigabitEthernet1/0/25 Interface
Bandwidth: 1000000 kbps
Loopback is not set
Media type is twisted pair
Port hardware type is 1000_BASE_T
Unknown-speed mode, unknown-duplex mode
Link speed type is autonegotiation, link duplex type is autonegotiation
Flow-control is not enabled
Maximum frame length: 12288
Allow jumbo frames to pass
Broadcast max-ratio: 100%
Multicast max-ratio: 100%
Unicast max-ratio: 100%
Known-unicast max-ratio: 100%
PVID: 1
MDI type: Automdix
Port link-type: Access
 Tagged VLANs:   None
 Untagged VLANs: 1
Port priority: 0
Last link flapping: Never
Last clearing of counters: Never
Current system time:2015-04-28 20:05:20 BJ+08:00:00
Last time when physical state changed to up:-
Last time when physical state changed to down:2013-01-01 08:00:54 BJ+08:00:00
 Peak input rate: 0 bytes/sec, at 2013-01-01 08:02:45 
 Peak output rate: 0 bytes/sec, at 2013-01-01 08:02:45 
 Last 300 seconds input: 0 packets/sec 0 bytes/sec -%
 Last 300 seconds output: 0 packets/sec 0 bytes/sec -%
 Input (total):  0 packets, 0 bytes
         0 unicasts, 0 broadcasts, 0 multicasts, 0 pauses
 Input (normal):  0 packets, - bytes
         0 unicasts, 0 broadcasts, 0 multicasts, 0 pauses
 Input:  0 input errors, 0 runts, 0 giants, 0 throttles
         0 CRC, 0 frame, - overruns, 0 aborts
         - ignored, - parity errors
 Output (total): 0 packets, 0 bytes
         0 unicasts, 0 broadcasts, 0 multicasts, 0 pauses
 Output (normal): 0 packets, - bytes
         0 unicasts, 0 broadcasts, 0 multicasts, 0 pauses
 Output: 0 output errors, - underruns, - buffer failures
         0 aborts, 0 deferred, 0 collisions, 0 late collisions
         0 lost carrier, - no carrier
IPv4 traffic statistics:
 Last 300 seconds input rate: 0 packets/sec, 0 bytes/sec
 Last 300 seconds output rate: 0 packets/sec, 0 bytes/sec
 Input: 0 packets, 0 bytes
 Output: 0 packets, 0 bytes
IPv6 traffic statistics:
 Last 300 seconds input rate: 0 packets/sec, 0 bytes/sec
 Last 300 seconds output rate: 0 packets/sec, 0 bytes/sec
 Input: 0 packets, 0 bytes
 Output: 0 packets, 0 bytes

GigabitEthernet1/0/26
Current state: DOWN
Line protocol state: DOWN
IP packet frame type: Ethernet II, hardware address: 8061-6c2d-efd7
Description: GigabitEthernet1/0/26 Interface
Bandwidth: 1000000 kbps
Loopback is not set
Media type is twisted pair
Port hardware type is 1000_BASE_T
Unknown-speed mode, unknown-duplex mode
Link speed type is autonegotiation, link duplex type is autonegotiation
Flow-control is not enabled
Maximum frame length: 12288
Allow jumbo frames to pass
Broadcast max-ratio: 100%
Multicast max-ratio: 100%
Unicast max-ratio: 100%
Known-unicast max-ratio: 100%
PVID: 1
MDI type: Automdix
Port link-type: Access
 Tagged VLANs:   None
 Untagged VLANs: 1
Port priority: 0
Last link flapping: Never
Last clearing of counters: Never
Current system time:2015-04-28 20:05:20 BJ+08:00:00
Last time when physical state changed to up:-
Last time when physical state changed to down:2013-01-01 08:00:54 BJ+08:00:00
 Peak input rate: 0 bytes/sec, at 2013-01-01 08:02:45 
 Peak output rate: 0 bytes/sec, at 2013-01-01 08:02:45 
 Last 300 seconds input: 0 packets/sec 0 bytes/sec -%
 Last 300 seconds output: 0 packets/sec 0 bytes/sec -%
 Input (total):  0 packets, 0 bytes
         0 unicasts, 0 broadcasts, 0 multicasts, 0 pauses
 Input (normal):  0 packets, - bytes
         0 unicasts, 0 broadcasts, 0 multicasts, 0 pauses
 Input:  0 input errors, 0 runts, 0 giants, 0 throttles
         0 CRC, 0 frame, - overruns, 0 aborts
         - ignored, - parity errors
 Output (total): 0 packets, 0 bytes
         0 unicasts, 0 broadcasts, 0 multicasts, 0 pauses
 Output (normal): 0 packets, - bytes
         0 unicasts, 0 broadcasts, 0 multicasts, 0 pauses
 Output: 0 output errors, - underruns, - buffer failures
         0 aborts, 0 deferred, 0 collisions, 0 late collisions
         0 lost carrier, - no carrier
IPv4 traffic statistics:
 Last 300 seconds input rate: 0 packets/sec, 0 bytes/sec
 Last 300 seconds output rate: 0 packets/sec, 0 bytes/sec
 Input: 0 packets, 0 bytes
 Output: 0 packets, 0 bytes
IPv6 traffic statistics:
 Last 300 seconds input rate: 0 packets/sec, 0 bytes/sec
 Last 300 seconds output rate: 0 packets/sec, 0 bytes/sec
 Input: 0 packets, 0 bytes
 Output: 0 packets, 0 bytes

GigabitEthernet1/0/27
Current state: DOWN
Line protocol state: DOWN
IP packet frame type: Ethernet II, hardware address: 8061-6c2d-efd8
Description: GigabitEthernet1/0/27 Interface
Bandwidth: 1000000 kbps
Loopback is not set
Media type is twisted pair
Port hardware type is 1000_BASE_T
Unknown-speed mode, unknown-duplex mode
Link speed type is autonegotiation, link duplex type is autonegotiation
Flow-control is not enabled
Maximum frame length: 12288
Allow jumbo frames to pass
Broadcast max-ratio: 100%
Multicast max-ratio: 100%
Unicast max-ratio: 100%
Known-unicast max-ratio: 100%
PVID: 1
MDI type: Automdix
Port link-type: Access
 Tagged VLANs:   None
 Untagged VLANs: 1
Port priority: 0
Last link flapping: Never
Last clearing of counters: Never
Current system time:2015-04-28 20:05:20 BJ+08:00:00
Last time when physical state changed to up:-
Last time when physical state changed to down:2013-01-01 08:00:54 BJ+08:00:00
 Peak input rate: 0 bytes/sec, at 2013-01-01 08:02:45 
 Peak output rate: 0 bytes/sec, at 2013-01-01 08:02:45 
 Last 300 seconds input: 0 packets/sec 0 bytes/sec -%
 Last 300 seconds output: 0 packets/sec 0 bytes/sec -%
 Input (total):  0 packets, 0 bytes
         0 unicasts, 0 broadcasts, 0 multicasts, 0 pauses
 Input (normal):  0 packets, - bytes
         0 unicasts, 0 broadcasts, 0 multicasts, 0 pauses
 Input:  0 input errors, 0 runts, 0 giants, 0 throttles
         0 CRC, 0 frame, - overruns, 0 aborts
         - ignored, - parity errors
 Output (total): 0 packets, 0 bytes
         0 unicasts, 0 broadcasts, 0 multicasts, 0 pauses
 Output (normal): 0 packets, - bytes
         0 unicasts, 0 broadcasts, 0 multicasts, 0 pauses
 Output: 0 output errors, - underruns, - buffer failures
         0 aborts, 0 deferred, 0 collisions, 0 late collisions
         0 lost carrier, - no carrier
IPv4 traffic statistics:
 Last 300 seconds input rate: 0 packets/sec, 0 bytes/sec
 Last 300 seconds output rate: 0 packets/sec, 0 bytes/sec
 Input: 0 packets, 0 bytes
 Output: 0 packets, 0 bytes
IPv6 traffic statistics:
 Last 300 seconds input rate: 0 packets/sec, 0 bytes/sec
 Last 300 seconds output rate: 0 packets/sec, 0 bytes/sec
 Input: 0 packets, 0 bytes
 Output: 0 packets, 0 bytes

GigabitEthernet1/0/28
Current state: DOWN
Line protocol state: DOWN
IP packet frame type: Ethernet II, hardware address: 8061-6c2d-efd9
Description: GigabitEthernet1/0/28 Interface
Bandwidth: 1000000 kbps
Loopback is not set
Media type is twisted pair
Port hardware type is 1000_BASE_T
Unknown-speed mode, unknown-duplex mode
Link speed type is autonegotiation, link duplex type is autonegotiation
Flow-control is not enabled
Maximum frame length: 12288
Allow jumbo frames to pass
Broadcast max-ratio: 100%
Multicast max-ratio: 100%
Unicast max-ratio: 100%
Known-unicast max-ratio: 100%
PVID: 1
MDI type: Automdix
Port link-type: Access
 Tagged VLANs:   None
 Untagged VLANs: 1
Port priority: 0
Last link flapping: Never
Last clearing of counters: Never
Current system time:2015-04-28 20:05:20 BJ+08:00:00
Last time when physical state changed to up:-
Last time when physical state changed to down:2013-01-01 08:00:54 BJ+08:00:00
 Peak input rate: 0 bytes/sec, at 2013-01-01 08:02:45 
 Peak output rate: 0 bytes/sec, at 2013-01-01 08:02:45 
 Last 300 seconds input: 0 packets/sec 0 bytes/sec -%
 Last 300 seconds output: 0 packets/sec 0 bytes/sec -%
 Input (total):  0 packets, 0 bytes
         0 unicasts, 0 broadcasts, 0 multicasts, 0 pauses
 Input (normal):  0 packets, - bytes
         0 unicasts, 0 broadcasts, 0 multicasts, 0 pauses
 Input:  0 input errors, 0 runts, 0 giants, 0 throttles
         0 CRC, 0 frame, - overruns, 0 aborts
         - ignored, - parity errors
 Output (total): 0 packets, 0 bytes
         0 unicasts, 0 broadcasts, 0 multicasts, 0 pauses
 Output (normal): 0 packets, - bytes
         0 unicasts, 0 broadcasts, 0 multicasts, 0 pauses
 Output: 0 output errors, - underruns, - buffer failures
         0 aborts, 0 deferred, 0 collisions, 0 late collisions
         0 lost carrier, - no carrier
IPv4 traffic statistics:
 Last 300 seconds input rate: 0 packets/sec, 0 bytes/sec
 Last 300 seconds output rate: 0 packets/sec, 0 bytes/sec
 Input: 0 packets, 0 bytes
 Output: 0 packets, 0 bytes
IPv6 traffic statistics:
 Last 300 seconds input rate: 0 packets/sec, 0 bytes/sec
 Last 300 seconds output rate: 0 packets/sec, 0 bytes/sec
 Input: 0 packets, 0 bytes
 Output: 0 packets, 0 bytes

GigabitEthernet1/0/29
Current state: DOWN
Line protocol state: DOWN
IP packet frame type: Ethernet II, hardware address: 8061-6c2d-efda
Description: GigabitEthernet1/0/29 Interface
Bandwidth: 1000000 kbps
Loopback is not set
Media type is twisted pair
Port hardware type is 1000_BASE_T
Unknown-speed mode, unknown-duplex mode
Link speed type is autonegotiation, link duplex type is autonegotiation
Flow-control is not enabled
Maximum frame length: 12288
Allow jumbo frames to pass
Broadcast max-ratio: 100%
Multicast max-ratio: 100%
Unicast max-ratio: 100%
Known-unicast max-ratio: 100%
PVID: 1
MDI type: Automdix
Port link-type: Access
 Tagged VLANs:   None
 Untagged VLANs: 1
Port priority: 0
Last link flapping: Never
Last clearing of counters: Never
Current system time:2015-04-28 20:05:20 BJ+08:00:00
Last time when physical state changed to up:-
Last time when physical state changed to down:2013-01-01 08:00:54 BJ+08:00:00
 Peak input rate: 0 bytes/sec, at 2013-01-01 08:02:45 
 Peak output rate: 0 bytes/sec, at 2013-01-01 08:02:45 
 Last 300 seconds input: 0 packets/sec 0 bytes/sec -%
 Last 300 seconds output: 0 packets/sec 0 bytes/sec -%
 Input (total):  0 packets, 0 bytes
         0 unicasts, 0 broadcasts, 0 multicasts, 0 pauses
 Input (normal):  0 packets, - bytes
         0 unicasts, 0 broadcasts, 0 multicasts, 0 pauses
 Input:  0 input errors, 0 runts, 0 giants, 0 throttles
         0 CRC, 0 frame, - overruns, 0 aborts
         - ignored, - parity errors
 Output (total): 0 packets, 0 bytes
         0 unicasts, 0 broadcasts, 0 multicasts, 0 pauses
 Output (normal): 0 packets, - bytes
         0 unicasts, 0 broadcasts, 0 multicasts, 0 pauses
 Output: 0 output errors, - underruns, - buffer failures
         0 aborts, 0 deferred, 0 collisions, 0 late collisions
         0 lost carrier, - no carrier
IPv4 traffic statistics:
 Last 300 seconds input rate: 0 packets/sec, 0 bytes/sec
 Last 300 seconds output rate: 0 packets/sec, 0 bytes/sec
 Input: 0 packets, 0 bytes
 Output: 0 packets, 0 bytes
IPv6 traffic statistics:
 Last 300 seconds input rate: 0 packets/sec, 0 bytes/sec
 Last 300 seconds output rate: 0 packets/sec, 0 bytes/sec
 Input: 0 packets, 0 bytes
 Output: 0 packets, 0 bytes

GigabitEthernet1/0/30
Current state: DOWN
Line protocol state: DOWN
IP packet frame type: Ethernet II, hardware address: 8061-6c2d-efdb
Description: GigabitEthernet1/0/30 Interface
Bandwidth: 1000000 kbps
Loopback is not set
Media type is twisted pair
Port hardware type is 1000_BASE_T
Unknown-speed mode, unknown-duplex mode
Link speed type is autonegotiation, link duplex type is autonegotiation
Flow-control is not enabled
Maximum frame length: 12288
Allow jumbo frames to pass
Broadcast max-ratio: 100%
Multicast max-ratio: 100%
Unicast max-ratio: 100%
Known-unicast max-ratio: 100%
PVID: 1
MDI type: Automdix
Port link-type: Access
 Tagged VLANs:   None
 Untagged VLANs: 1
Port priority: 0
Last link flapping: Never
Last clearing of counters: Never
Current system time:2015-04-28 20:05:20 BJ+08:00:00
Last time when physical state changed to up:-
Last time when physical state changed to down:2013-01-01 08:00:54 BJ+08:00:00
 Peak input rate: 0 bytes/sec, at 2013-01-01 08:02:45 
 Peak output rate: 0 bytes/sec, at 2013-01-01 08:02:45 
 Last 300 seconds input: 0 packets/sec 0 bytes/sec -%
 Last 300 seconds output: 0 packets/sec 0 bytes/sec -%
 Input (total):  0 packets, 0 bytes
         0 unicasts, 0 broadcasts, 0 multicasts, 0 pauses
 Input (normal):  0 packets, - bytes
         0 unicasts, 0 broadcasts, 0 multicasts, 0 pauses
 Input:  0 input errors, 0 runts, 0 giants, 0 throttles
         0 CRC, 0 frame, - overruns, 0 aborts
         - ignored, - parity errors
 Output (total): 0 packets, 0 bytes
         0 unicasts, 0 broadcasts, 0 multicasts, 0 pauses
 Output (normal): 0 packets, - bytes
         0 unicasts, 0 broadcasts, 0 multicasts, 0 pauses
 Output: 0 output errors, - underruns, - buffer failures
         0 aborts, 0 deferred, 0 collisions, 0 late collisions
         0 lost carrier, - no carrier
IPv4 traffic statistics:
 Last 300 seconds input rate: 0 packets/sec, 0 bytes/sec
 Last 300 seconds output rate: 0 packets/sec, 0 bytes/sec
 Input: 0 packets, 0 bytes
 Output: 0 packets, 0 bytes
IPv6 traffic statistics:
 Last 300 seconds input rate: 0 packets/sec, 0 bytes/sec
 Last 300 seconds output rate: 0 packets/sec, 0 bytes/sec
 Input: 0 packets, 0 bytes
 Output: 0 packets, 0 bytes

GigabitEthernet1/0/31
Current state: DOWN
Line protocol state: DOWN
IP packet frame type: Ethernet II, hardware address: 8061-6c2d-efdc
Description: GigabitEthernet1/0/31 Interface
Bandwidth: 1000000 kbps
Loopback is not set
Media type is twisted pair
Port hardware type is 1000_BASE_T
Unknown-speed mode, unknown-duplex mode
Link speed type is autonegotiation, link duplex type is autonegotiation
Flow-control is not enabled
Maximum frame length: 12288
Allow jumbo frames to pass
Broadcast max-ratio: 100%
Multicast max-ratio: 100%
Unicast max-ratio: 100%
Known-unicast max-ratio: 100%
PVID: 1
MDI type: Automdix
Port link-type: Access
 Tagged VLANs:   None
 Untagged VLANs: 1
Port priority: 0
Last link flapping: Never
Last clearing of counters: Never
Current system time:2015-04-28 20:05:21 BJ+08:00:00
Last time when physical state changed to up:-
Last time when physical state changed to down:2013-01-01 08:00:54 BJ+08:00:00
 Peak input rate: 0 bytes/sec, at 2013-01-01 08:02:46 
 Peak output rate: 0 bytes/sec, at 2013-01-01 08:02:46 
 Last 300 seconds input: 0 packets/sec 0 bytes/sec -%
 Last 300 seconds output: 0 packets/sec 0 bytes/sec -%
 Input (total):  0 packets, 0 bytes
         0 unicasts, 0 broadcasts, 0 multicasts, 0 pauses
 Input (normal):  0 packets, - bytes
         0 unicasts, 0 broadcasts, 0 multicasts, 0 pauses
 Input:  0 input errors, 0 runts, 0 giants, 0 throttles
         0 CRC, 0 frame, - overruns, 0 aborts
         - ignored, - parity errors
 Output (total): 0 packets, 0 bytes
         0 unicasts, 0 broadcasts, 0 multicasts, 0 pauses
 Output (normal): 0 packets, - bytes
         0 unicasts, 0 broadcasts, 0 multicasts, 0 pauses
 Output: 0 output errors, - underruns, - buffer failures
         0 aborts, 0 deferred, 0 collisions, 0 late collisions
         0 lost carrier, - no carrier
IPv4 traffic statistics:
 Last 300 seconds input rate: 0 packets/sec, 0 bytes/sec
 Last 300 seconds output rate: 0 packets/sec, 0 bytes/sec
 Input: 0 packets, 0 bytes
 Output: 0 packets, 0 bytes
IPv6 traffic statistics:
 Last 300 seconds input rate: 0 packets/sec, 0 bytes/sec
 Last 300 seconds output rate: 0 packets/sec, 0 bytes/sec
 Input: 0 packets, 0 bytes
 Output: 0 packets, 0 bytes

GigabitEthernet1/0/32
Current state: DOWN
Line protocol state: DOWN
IP packet frame type: Ethernet II, hardware address: 8061-6c2d-efdd
Description: GigabitEthernet1/0/32 Interface
Bandwidth: 1000000 kbps
Loopback is not set
Media type is twisted pair
Port hardware type is 1000_BASE_T
Unknown-speed mode, unknown-duplex mode
Link speed type is autonegotiation, link duplex type is autonegotiation
Flow-control is not enabled
Maximum frame length: 12288
Allow jumbo frames to pass
Broadcast max-ratio: 100%
Multicast max-ratio: 100%
Unicast max-ratio: 100%
Known-unicast max-ratio: 100%
PVID: 1
MDI type: Automdix
Port link-type: Access
 Tagged VLANs:   None
 Untagged VLANs: 1
Port priority: 0
Last link flapping: Never
Last clearing of counters: Never
Current system time:2015-04-28 20:05:21 BJ+08:00:00
Last time when physical state changed to up:-
Last time when physical state changed to down:2013-01-01 08:00:54 BJ+08:00:00
 Peak input rate: 0 bytes/sec, at 2013-01-01 08:02:46 
 Peak output rate: 0 bytes/sec, at 2013-01-01 08:02:46 
 Last 300 seconds input: 0 packets/sec 0 bytes/sec -%
 Last 300 seconds output: 0 packets/sec 0 bytes/sec -%
 Input (total):  0 packets, 0 bytes
         0 unicasts, 0 broadcasts, 0 multicasts, 0 pauses
 Input (normal):  0 packets, - bytes
         0 unicasts, 0 broadcasts, 0 multicasts, 0 pauses
 Input:  0 input errors, 0 runts, 0 giants, 0 throttles
         0 CRC, 0 frame, - overruns, 0 aborts
         - ignored, - parity errors
 Output (total): 0 packets, 0 bytes
         0 unicasts, 0 broadcasts, 0 multicasts, 0 pauses
 Output (normal): 0 packets, - bytes
         0 unicasts, 0 broadcasts, 0 multicasts, 0 pauses
 Output: 0 output errors, - underruns, - buffer failures
         0 aborts, 0 deferred, 0 collisions, 0 late collisions
         0 lost carrier, - no carrier
IPv4 traffic statistics:
 Last 300 seconds input rate: 0 packets/sec, 0 bytes/sec
 Last 300 seconds output rate: 0 packets/sec, 0 bytes/sec
 Input: 0 packets, 0 bytes
 Output: 0 packets, 0 bytes
IPv6 traffic statistics:
 Last 300 seconds input rate: 0 packets/sec, 0 bytes/sec
 Last 300 seconds output rate: 0 packets/sec, 0 bytes/sec
 Input: 0 packets, 0 bytes
 Output: 0 packets, 0 bytes

GigabitEthernet1/0/33
Current state: DOWN
Line protocol state: DOWN
IP packet frame type: Ethernet II, hardware address: 8061-6c2d-efde
Description: GigabitEthernet1/0/33 Interface
Bandwidth: 1000000 kbps
Loopback is not set
Media type is twisted pair
Port hardware type is 1000_BASE_T
Unknown-speed mode, unknown-duplex mode
Link speed type is autonegotiation, link duplex type is autonegotiation
Flow-control is not enabled
Maximum frame length: 12288
Allow jumbo frames to pass
Broadcast max-ratio: 100%
Multicast max-ratio: 100%
Unicast max-ratio: 100%
Known-unicast max-ratio: 100%
PVID: 1
MDI type: Automdix
Port link-type: Access
 Tagged VLANs:   None
 Untagged VLANs: 1
Port priority: 0
Last link flapping: Never
Last clearing of counters: Never
Current system time:2015-04-28 20:05:21 BJ+08:00:00
Last time when physical state changed to up:-
Last time when physical state changed to down:2013-01-01 08:00:54 BJ+08:00:00
 Peak input rate: 0 bytes/sec, at 2013-01-01 08:02:46 
 Peak output rate: 0 bytes/sec, at 2013-01-01 08:02:46 
 Last 300 seconds input: 0 packets/sec 0 bytes/sec -%
 Last 300 seconds output: 0 packets/sec 0 bytes/sec -%
 Input (total):  0 packets, 0 bytes
         0 unicasts, 0 broadcasts, 0 multicasts, 0 pauses
 Input (normal):  0 packets, - bytes
         0 unicasts, 0 broadcasts, 0 multicasts, 0 pauses
 Input:  0 input errors, 0 runts, 0 giants, 0 throttles
         0 CRC, 0 frame, - overruns, 0 aborts
         - ignored, - parity errors
 Output (total): 0 packets, 0 bytes
         0 unicasts, 0 broadcasts, 0 multicasts, 0 pauses
 Output (normal): 0 packets, - bytes
         0 unicasts, 0 broadcasts, 0 multicasts, 0 pauses
 Output: 0 output errors, - underruns, - buffer failures
         0 aborts, 0 deferred, 0 collisions, 0 late collisions
         0 lost carrier, - no carrier
IPv4 traffic statistics:
 Last 300 seconds input rate: 0 packets/sec, 0 bytes/sec
 Last 300 seconds output rate: 0 packets/sec, 0 bytes/sec
 Input: 0 packets, 0 bytes
 Output: 0 packets, 0 bytes
IPv6 traffic statistics:
 Last 300 seconds input rate: 0 packets/sec, 0 bytes/sec
 Last 300 seconds output rate: 0 packets/sec, 0 bytes/sec
 Input: 0 packets, 0 bytes
 Output: 0 packets, 0 bytes

GigabitEthernet1/0/34
Current state: DOWN
Line protocol state: DOWN
IP packet frame type: Ethernet II, hardware address: 8061-6c2d-efdf
Description: GigabitEthernet1/0/34 Interface
Bandwidth: 1000000 kbps
Loopback is not set
Media type is twisted pair
Port hardware type is 1000_BASE_T
Unknown-speed mode, unknown-duplex mode
Link speed type is autonegotiation, link duplex type is autonegotiation
Flow-control is not enabled
Maximum frame length: 12288
Allow jumbo frames to pass
Broadcast max-ratio: 100%
Multicast max-ratio: 100%
Unicast max-ratio: 100%
Known-unicast max-ratio: 100%
PVID: 1
MDI type: Automdix
Port link-type: Access
 Tagged VLANs:   None
 Untagged VLANs: 1
Port priority: 0
Last link flapping: Never
Last clearing of counters: Never
Current system time:2015-04-28 20:05:21 BJ+08:00:00
Last time when physical state changed to up:-
Last time when physical state changed to down:2013-01-01 08:00:54 BJ+08:00:00
 Peak input rate: 0 bytes/sec, at 2013-01-01 08:02:46 
 Peak output rate: 0 bytes/sec, at 2013-01-01 08:02:46 
 Last 300 seconds input: 0 packets/sec 0 bytes/sec -%
 Last 300 seconds output: 0 packets/sec 0 bytes/sec -%
 Input (total):  0 packets, 0 bytes
         0 unicasts, 0 broadcasts, 0 multicasts, 0 pauses
 Input (normal):  0 packets, - bytes
         0 unicasts, 0 broadcasts, 0 multicasts, 0 pauses
 Input:  0 input errors, 0 runts, 0 giants, 0 throttles
         0 CRC, 0 frame, - overruns, 0 aborts
         - ignored, - parity errors
 Output (total): 0 packets, 0 bytes
         0 unicasts, 0 broadcasts, 0 multicasts, 0 pauses
 Output (normal): 0 packets, - bytes
         0 unicasts, 0 broadcasts, 0 multicasts, 0 pauses
 Output: 0 output errors, - underruns, - buffer failures
         0 aborts, 0 deferred, 0 collisions, 0 late collisions
         0 lost carrier, - no carrier
IPv4 traffic statistics:
 Last 300 seconds input rate: 0 packets/sec, 0 bytes/sec
 Last 300 seconds output rate: 0 packets/sec, 0 bytes/sec
 Input: 0 packets, 0 bytes
 Output: 0 packets, 0 bytes
IPv6 traffic statistics:
 Last 300 seconds input rate: 0 packets/sec, 0 bytes/sec
 Last 300 seconds output rate: 0 packets/sec, 0 bytes/sec
 Input: 0 packets, 0 bytes
 Output: 0 packets, 0 bytes

GigabitEthernet1/0/35
Current state: DOWN
Line protocol state: DOWN
IP packet frame type: Ethernet II, hardware address: 8061-6c2d-efe0
Description: GigabitEthernet1/0/35 Interface
Bandwidth: 1000000 kbps
Loopback is not set
Media type is twisted pair
Port hardware type is 1000_BASE_T
Unknown-speed mode, unknown-duplex mode
Link speed type is autonegotiation, link duplex type is autonegotiation
Flow-control is not enabled
Maximum frame length: 12288
Allow jumbo frames to pass
Broadcast max-ratio: 100%
Multicast max-ratio: 100%
Unicast max-ratio: 100%
Known-unicast max-ratio: 100%
PVID: 1
MDI type: Automdix
Port link-type: Access
 Tagged VLANs:   None
 Untagged VLANs: 1
Port priority: 0
Last link flapping: Never
Last clearing of counters: Never
Current system time:2015-04-28 20:05:21 BJ+08:00:00
Last time when physical state changed to up:-
Last time when physical state changed to down:2013-01-01 08:00:54 BJ+08:00:00
 Peak input rate: 0 bytes/sec, at 2013-01-01 08:02:46 
 Peak output rate: 0 bytes/sec, at 2013-01-01 08:02:46 
 Last 300 seconds input: 0 packets/sec 0 bytes/sec -%
 Last 300 seconds output: 0 packets/sec 0 bytes/sec -%
 Input (total):  0 packets, 0 bytes
         0 unicasts, 0 broadcasts, 0 multicasts, 0 pauses
 Input (normal):  0 packets, - bytes
         0 unicasts, 0 broadcasts, 0 multicasts, 0 pauses
 Input:  0 input errors, 0 runts, 0 giants, 0 throttles
         0 CRC, 0 frame, - overruns, 0 aborts
         - ignored, - parity errors
 Output (total): 0 packets, 0 bytes
         0 unicasts, 0 broadcasts, 0 multicasts, 0 pauses
 Output (normal): 0 packets, - bytes
         0 unicasts, 0 broadcasts, 0 multicasts, 0 pauses
 Output: 0 output errors, - underruns, - buffer failures
         0 aborts, 0 deferred, 0 collisions, 0 late collisions
         0 lost carrier, - no carrier
IPv4 traffic statistics:
 Last 300 seconds input rate: 0 packets/sec, 0 bytes/sec
 Last 300 seconds output rate: 0 packets/sec, 0 bytes/sec
 Input: 0 packets, 0 bytes
 Output: 0 packets, 0 bytes
IPv6 traffic statistics:
 Last 300 seconds input rate: 0 packets/sec, 0 bytes/sec
 Last 300 seconds output rate: 0 packets/sec, 0 bytes/sec
 Input: 0 packets, 0 bytes
 Output: 0 packets, 0 bytes

GigabitEthernet1/0/36
Current state: DOWN
Line protocol state: DOWN
IP packet frame type: Ethernet II, hardware address: 8061-6c2d-efe1
Description: GigabitEthernet1/0/36 Interface
Bandwidth: 1000000 kbps
Loopback is not set
Media type is twisted pair
Port hardware type is 1000_BASE_T
Unknown-speed mode, unknown-duplex mode
Link speed type is autonegotiation, link duplex type is autonegotiation
Flow-control is not enabled
Maximum frame length: 12288
Allow jumbo frames to pass
Broadcast max-ratio: 100%
Multicast max-ratio: 100%
Unicast max-ratio: 100%
Known-unicast max-ratio: 100%
PVID: 1
MDI type: Automdix
Port link-type: Access
 Tagged VLANs:   None
 Untagged VLANs: 1
Port priority: 0
Last link flapping: Never
Last clearing of counters: Never
Current system time:2015-04-28 20:05:21 BJ+08:00:00
Last time when physical state changed to up:-
Last time when physical state changed to down:2013-01-01 08:00:54 BJ+08:00:00
 Peak input rate: 0 bytes/sec, at 2013-01-01 08:02:46 
 Peak output rate: 0 bytes/sec, at 2013-01-01 08:02:46 
 Last 300 seconds input: 0 packets/sec 0 bytes/sec -%
 Last 300 seconds output: 0 packets/sec 0 bytes/sec -%
 Input (total):  0 packets, 0 bytes
         0 unicasts, 0 broadcasts, 0 multicasts, 0 pauses
 Input (normal):  0 packets, - bytes
         0 unicasts, 0 broadcasts, 0 multicasts, 0 pauses
 Input:  0 input errors, 0 runts, 0 giants, 0 throttles
         0 CRC, 0 frame, - overruns, 0 aborts
         - ignored, - parity errors
 Output (total): 0 packets, 0 bytes
         0 unicasts, 0 broadcasts, 0 multicasts, 0 pauses
 Output (normal): 0 packets, - bytes
         0 unicasts, 0 broadcasts, 0 multicasts, 0 pauses
 Output: 0 output errors, - underruns, - buffer failures
         0 aborts, 0 deferred, 0 collisions, 0 late collisions
         0 lost carrier, - no carrier
IPv4 traffic statistics:
 Last 300 seconds input rate: 0 packets/sec, 0 bytes/sec
 Last 300 seconds output rate: 0 packets/sec, 0 bytes/sec
 Input: 0 packets, 0 bytes
 Output: 0 packets, 0 bytes
IPv6 traffic statistics:
 Last 300 seconds input rate: 0 packets/sec, 0 bytes/sec
 Last 300 seconds output rate: 0 packets/sec, 0 bytes/sec
 Input: 0 packets, 0 bytes
 Output: 0 packets, 0 bytes

GigabitEthernet1/0/37
Current state: DOWN
Line protocol state: DOWN
IP packet frame type: Ethernet II, hardware address: 8061-6c2d-efe2
Description: GigabitEthernet1/0/37 Interface
Bandwidth: 1000000 kbps
Loopback is not set
Media type is twisted pair
Port hardware type is 1000_BASE_T
Unknown-speed mode, unknown-duplex mode
Link speed type is autonegotiation, link duplex type is autonegotiation
Flow-control is not enabled
Maximum frame length: 12288
Allow jumbo frames to pass
Broadcast max-ratio: 100%
Multicast max-ratio: 100%
Unicast max-ratio: 100%
Known-unicast max-ratio: 100%
PVID: 1
MDI type: Automdix
Port link-type: Access
 Tagged VLANs:   None
 Untagged VLANs: 1
Port priority: 0
Last link flapping: Never
Last clearing of counters: Never
Current system time:2015-04-28 20:05:21 BJ+08:00:00
Last time when physical state changed to up:-
Last time when physical state changed to down:2013-01-01 08:00:54 BJ+08:00:00
 Peak input rate: 0 bytes/sec, at 2013-01-01 08:02:46 
 Peak output rate: 0 bytes/sec, at 2013-01-01 08:02:46 
 Last 300 seconds input: 0 packets/sec 0 bytes/sec -%
 Last 300 seconds output: 0 packets/sec 0 bytes/sec -%
 Input (total):  0 packets, 0 bytes
         0 unicasts, 0 broadcasts, 0 multicasts, 0 pauses
 Input (normal):  0 packets, - bytes
         0 unicasts, 0 broadcasts, 0 multicasts, 0 pauses
 Input:  0 input errors, 0 runts, 0 giants, 0 throttles
         0 CRC, 0 frame, - overruns, 0 aborts
         - ignored, - parity errors
 Output (total): 0 packets, 0 bytes
         0 unicasts, 0 broadcasts, 0 multicasts, 0 pauses
 Output (normal): 0 packets, - bytes
         0 unicasts, 0 broadcasts, 0 multicasts, 0 pauses
 Output: 0 output errors, - underruns, - buffer failures
         0 aborts, 0 deferred, 0 collisions, 0 late collisions
         0 lost carrier, - no carrier
IPv4 traffic statistics:
 Last 300 seconds input rate: 0 packets/sec, 0 bytes/sec
 Last 300 seconds output rate: 0 packets/sec, 0 bytes/sec
 Input: 0 packets, 0 bytes
 Output: 0 packets, 0 bytes
IPv6 traffic statistics:
 Last 300 seconds input rate: 0 packets/sec, 0 bytes/sec
 Last 300 seconds output rate: 0 packets/sec, 0 bytes/sec
 Input: 0 packets, 0 bytes
 Output: 0 packets, 0 bytes

GigabitEthernet1/0/38
Current state: DOWN
Line protocol state: DOWN
IP packet frame type: Ethernet II, hardware address: 8061-6c2d-efe3
Description: GigabitEthernet1/0/38 Interface
Bandwidth: 1000000 kbps
Loopback is not set
Media type is twisted pair
Port hardware type is 1000_BASE_T
Unknown-speed mode, unknown-duplex mode
Link speed type is autonegotiation, link duplex type is autonegotiation
Flow-control is not enabled
Maximum frame length: 12288
Allow jumbo frames to pass
Broadcast max-ratio: 100%
Multicast max-ratio: 100%
Unicast max-ratio: 100%
Known-unicast max-ratio: 100%
PVID: 1
MDI type: Automdix
Port link-type: Access
 Tagged VLANs:   None
 Untagged VLANs: 1
Port priority: 0
Last link flapping: Never
Last clearing of counters: Never
Current system time:2015-04-28 20:05:21 BJ+08:00:00
Last time when physical state changed to up:-
Last time when physical state changed to down:2013-01-01 08:00:54 BJ+08:00:00
 Peak input rate: 0 bytes/sec, at 2013-01-01 08:02:46 
 Peak output rate: 0 bytes/sec, at 2013-01-01 08:02:46 
 Last 300 seconds input: 0 packets/sec 0 bytes/sec -%
 Last 300 seconds output: 0 packets/sec 0 bytes/sec -%
 Input (total):  0 packets, 0 bytes
         0 unicasts, 0 broadcasts, 0 multicasts, 0 pauses
 Input (normal):  0 packets, - bytes
         0 unicasts, 0 broadcasts, 0 multicasts, 0 pauses
 Input:  0 input errors, 0 runts, 0 giants, 0 throttles
         0 CRC, 0 frame, - overruns, 0 aborts
         - ignored, - parity errors
 Output (total): 0 packets, 0 bytes
         0 unicasts, 0 broadcasts, 0 multicasts, 0 pauses
 Output (normal): 0 packets, - bytes
         0 unicasts, 0 broadcasts, 0 multicasts, 0 pauses
 Output: 0 output errors, - underruns, - buffer failures
         0 aborts, 0 deferred, 0 collisions, 0 late collisions
         0 lost carrier, - no carrier
IPv4 traffic statistics:
 Last 300 seconds input rate: 0 packets/sec, 0 bytes/sec
 Last 300 seconds output rate: 0 packets/sec, 0 bytes/sec
 Input: 0 packets, 0 bytes
 Output: 0 packets, 0 bytes
IPv6 traffic statistics:
 Last 300 seconds input rate: 0 packets/sec, 0 bytes/sec
 Last 300 seconds output rate: 0 packets/sec, 0 bytes/sec
 Input: 0 packets, 0 bytes
 Output: 0 packets, 0 bytes

GigabitEthernet1/0/39
Current state: DOWN
Line protocol state: DOWN
IP packet frame type: Ethernet II, hardware address: 8061-6c2d-efe4
Description: GigabitEthernet1/0/39 Interface
Bandwidth: 1000000 kbps
Loopback is not set
Media type is twisted pair
Port hardware type is 1000_BASE_T
Unknown-speed mode, unknown-duplex mode
Link speed type is autonegotiation, link duplex type is autonegotiation
Flow-control is not enabled
Maximum frame length: 12288
Allow jumbo frames to pass
Broadcast max-ratio: 100%
Multicast max-ratio: 100%
Unicast max-ratio: 100%
Known-unicast max-ratio: 100%
PVID: 1
MDI type: Automdix
Port link-type: Access
 Tagged VLANs:   None
 Untagged VLANs: 1
Port priority: 0
Last link flapping: Never
Last clearing of counters: Never
Current system time:2015-04-28 20:05:21 BJ+08:00:00
Last time when physical state changed to up:-
Last time when physical state changed to down:2013-01-01 08:00:54 BJ+08:00:00
 Peak input rate: 0 bytes/sec, at 2013-01-01 08:02:46 
 Peak output rate: 0 bytes/sec, at 2013-01-01 08:02:46 
 Last 300 seconds input: 0 packets/sec 0 bytes/sec -%
 Last 300 seconds output: 0 packets/sec 0 bytes/sec -%
 Input (total):  0 packets, 0 bytes
         0 unicasts, 0 broadcasts, 0 multicasts, 0 pauses
 Input (normal):  0 packets, - bytes
         0 unicasts, 0 broadcasts, 0 multicasts, 0 pauses
 Input:  0 input errors, 0 runts, 0 giants, 0 throttles
         0 CRC, 0 frame, - overruns, 0 aborts
         - ignored, - parity errors
 Output (total): 0 packets, 0 bytes
         0 unicasts, 0 broadcasts, 0 multicasts, 0 pauses
 Output (normal): 0 packets, - bytes
         0 unicasts, 0 broadcasts, 0 multicasts, 0 pauses
 Output: 0 output errors, - underruns, - buffer failures
         0 aborts, 0 deferred, 0 collisions, 0 late collisions
         0 lost carrier, - no carrier
IPv4 traffic statistics:
 Last 300 seconds input rate: 0 packets/sec, 0 bytes/sec
 Last 300 seconds output rate: 0 packets/sec, 0 bytes/sec
 Input: 0 packets, 0 bytes
 Output: 0 packets, 0 bytes
IPv6 traffic statistics:
 Last 300 seconds input rate: 0 packets/sec, 0 bytes/sec
 Last 300 seconds output rate: 0 packets/sec, 0 bytes/sec
 Input: 0 packets, 0 bytes
 Output: 0 packets, 0 bytes

GigabitEthernet1/0/40
Current state: DOWN
Line protocol state: DOWN
IP packet frame type: Ethernet II, hardware address: 8061-6c2d-efe5
Description: GigabitEthernet1/0/40 Interface
Bandwidth: 1000000 kbps
Loopback is not set
Media type is twisted pair
Port hardware type is 1000_BASE_T
Unknown-speed mode, unknown-duplex mode
Link speed type is autonegotiation, link duplex type is autonegotiation
Flow-control is not enabled
Maximum frame length: 12288
Allow jumbo frames to pass
Broadcast max-ratio: 100%
Multicast max-ratio: 100%
Unicast max-ratio: 100%
Known-unicast max-ratio: 100%
PVID: 1
MDI type: Automdix
Port link-type: Access
 Tagged VLANs:   None
 Untagged VLANs: 1
Port priority: 0
Last link flapping: Never
Last clearing of counters: Never
Current system time:2015-04-28 20:05:21 BJ+08:00:00
Last time when physical state changed to up:-
Last time when physical state changed to down:2013-01-01 08:00:54 BJ+08:00:00
 Peak input rate: 0 bytes/sec, at 2013-01-01 08:02:46 
 Peak output rate: 0 bytes/sec, at 2013-01-01 08:02:46 
 Last 300 seconds input: 0 packets/sec 0 bytes/sec -%
 Last 300 seconds output: 0 packets/sec 0 bytes/sec -%
 Input (total):  0 packets, 0 bytes
         0 unicasts, 0 broadcasts, 0 multicasts, 0 pauses
 Input (normal):  0 packets, - bytes
         0 unicasts, 0 broadcasts, 0 multicasts, 0 pauses
 Input:  0 input errors, 0 runts, 0 giants, 0 throttles
         0 CRC, 0 frame, - overruns, 0 aborts
         - ignored, - parity errors
 Output (total): 0 packets, 0 bytes
         0 unicasts, 0 broadcasts, 0 multicasts, 0 pauses
 Output (normal): 0 packets, - bytes
         0 unicasts, 0 broadcasts, 0 multicasts, 0 pauses
 Output: 0 output errors, - underruns, - buffer failures
         0 aborts, 0 deferred, 0 collisions, 0 late collisions
         0 lost carrier, - no carrier
IPv4 traffic statistics:
 Last 300 seconds input rate: 0 packets/sec, 0 bytes/sec
 Last 300 seconds output rate: 0 packets/sec, 0 bytes/sec
 Input: 0 packets, 0 bytes
 Output: 0 packets, 0 bytes
IPv6 traffic statistics:
 Last 300 seconds input rate: 0 packets/sec, 0 bytes/sec
 Last 300 seconds output rate: 0 packets/sec, 0 bytes/sec
 Input: 0 packets, 0 bytes
 Output: 0 packets, 0 bytes

GigabitEthernet1/0/41
Current state: DOWN
Line protocol state: DOWN
IP packet frame type: Ethernet II, hardware address: 8061-6c2d-efe6
Description: GigabitEthernet1/0/41 Interface
Bandwidth: 1000000 kbps
Loopback is not set
Media type is twisted pair
Port hardware type is 1000_BASE_T
Unknown-speed mode, unknown-duplex mode
Link speed type is autonegotiation, link duplex type is autonegotiation
Flow-control is not enabled
Maximum frame length: 12288
Allow jumbo frames to pass
Broadcast max-ratio: 100%
Multicast max-ratio: 100%
Unicast max-ratio: 100%
Known-unicast max-ratio: 100%
PVID: 1
MDI type: Automdix
Port link-type: Access
 Tagged VLANs:   None
 Untagged VLANs: 1
Port priority: 0
Last link flapping: Never
Last clearing of counters: Never
Current system time:2015-04-28 20:05:21 BJ+08:00:00
Last time when physical state changed to up:-
Last time when physical state changed to down:2013-01-01 08:00:54 BJ+08:00:00
 Peak input rate: 0 bytes/sec, at 2013-01-01 08:02:46 
 Peak output rate: 0 bytes/sec, at 2013-01-01 08:02:46 
 Last 300 seconds input: 0 packets/sec 0 bytes/sec -%
 Last 300 seconds output: 0 packets/sec 0 bytes/sec -%
 Input (total):  0 packets, 0 bytes
         0 unicasts, 0 broadcasts, 0 multicasts, 0 pauses
 Input (normal):  0 packets, - bytes
         0 unicasts, 0 broadcasts, 0 multicasts, 0 pauses
 Input:  0 input errors, 0 runts, 0 giants, 0 throttles
         0 CRC, 0 frame, - overruns, 0 aborts
         - ignored, - parity errors
 Output (total): 0 packets, 0 bytes
         0 unicasts, 0 broadcasts, 0 multicasts, 0 pauses
 Output (normal): 0 packets, - bytes
         0 unicasts, 0 broadcasts, 0 multicasts, 0 pauses
 Output: 0 output errors, - underruns, - buffer failures
         0 aborts, 0 deferred, 0 collisions, 0 late collisions
         0 lost carrier, - no carrier
IPv4 traffic statistics:
 Last 300 seconds input rate: 0 packets/sec, 0 bytes/sec
 Last 300 seconds output rate: 0 packets/sec, 0 bytes/sec
 Input: 0 packets, 0 bytes
 Output: 0 packets, 0 bytes
IPv6 traffic statistics:
 Last 300 seconds input rate: 0 packets/sec, 0 bytes/sec
 Last 300 seconds output rate: 0 packets/sec, 0 bytes/sec
 Input: 0 packets, 0 bytes
 Output: 0 packets, 0 bytes

GigabitEthernet1/0/42
Current state: DOWN
Line protocol state: DOWN
IP packet frame type: Ethernet II, hardware address: 8061-6c2d-efe7
Description: GigabitEthernet1/0/42 Interface
Bandwidth: 1000000 kbps
Loopback is not set
Media type is twisted pair
Port hardware type is 1000_BASE_T
Unknown-speed mode, unknown-duplex mode
Link speed type is autonegotiation, link duplex type is autonegotiation
Flow-control is not enabled
Maximum frame length: 12288
Allow jumbo frames to pass
Broadcast max-ratio: 100%
Multicast max-ratio: 100%
Unicast max-ratio: 100%
Known-unicast max-ratio: 100%
PVID: 1
MDI type: Automdix
Port link-type: Access
 Tagged VLANs:   None
 Untagged VLANs: 1
Port priority: 0
Last link flapping: Never
Last clearing of counters: Never
Current system time:2015-04-28 20:05:21 BJ+08:00:00
Last time when physical state changed to up:-
Last time when physical state changed to down:2013-01-01 08:00:54 BJ+08:00:00
 Peak input rate: 0 bytes/sec, at 2013-01-01 08:02:46 
 Peak output rate: 0 bytes/sec, at 2013-01-01 08:02:46 
 Last 300 seconds input: 0 packets/sec 0 bytes/sec -%
 Last 300 seconds output: 0 packets/sec 0 bytes/sec -%
 Input (total):  0 packets, 0 bytes
         0 unicasts, 0 broadcasts, 0 multicasts, 0 pauses
 Input (normal):  0 packets, - bytes
         0 unicasts, 0 broadcasts, 0 multicasts, 0 pauses
 Input:  0 input errors, 0 runts, 0 giants, 0 throttles
         0 CRC, 0 frame, - overruns, 0 aborts
         - ignored, - parity errors
 Output (total): 0 packets, 0 bytes
         0 unicasts, 0 broadcasts, 0 multicasts, 0 pauses
 Output (normal): 0 packets, - bytes
         0 unicasts, 0 broadcasts, 0 multicasts, 0 pauses
 Output: 0 output errors, - underruns, - buffer failures
         0 aborts, 0 deferred, 0 collisions, 0 late collisions
         0 lost carrier, - no carrier
IPv4 traffic statistics:
 Last 300 seconds input rate: 0 packets/sec, 0 bytes/sec
 Last 300 seconds output rate: 0 packets/sec, 0 bytes/sec
 Input: 0 packets, 0 bytes
 Output: 0 packets, 0 bytes
IPv6 traffic statistics:
 Last 300 seconds input rate: 0 packets/sec, 0 bytes/sec
 Last 300 seconds output rate: 0 packets/sec, 0 bytes/sec
 Input: 0 packets, 0 bytes
 Output: 0 packets, 0 bytes

GigabitEthernet1/0/43
Current state: DOWN
Line protocol state: DOWN
IP packet frame type: Ethernet II, hardware address: 8061-6c2d-efe8
Description: GigabitEthernet1/0/43 Interface
