<XZ_NQ_S5536F>screen-length 0 temporary
                            ^
 % Unrecognized command found at '^' position.
<XZ_NQ_S5536F>display version
H3C Comware Software, Version 7.1.070, Release 1115
Copyright (c) 2004-2022 New H3C Technologies Co., Ltd. All rights reserved.
H3C S5536F-EI-D uptime is 117 weeks, 2 days, 13 hours, 41 minutes
Last reboot reason : Cold reboot

Boot image: flash:/s5500_ei_d-cmw710-boot-r1115.bin
Boot image version: 7.1.070, Release 1115
  Compiled Oct 14 2022 11:00:00
System image: flash:/s5500_ei_d-cmw710-system-r1115.bin
System image version: 7.1.070, Release 1115
  Compiled Oct 14 2022 11:00:00


Slot 1:
Uptime is 117 weeks,2 days,13 hours,41 minutes
S5536F-EI-D with 1 Processor
BOARD TYPE:         S5536F-EI-D
DRAM:               1024M bytes
FLASH:              256M bytes
PCB 1 Version:      VER.B
Bootrom Version:    110
CPLD 1 Version:     003
Release Version:    H3C S5536F-EI-D-1115
Patch Version  :    None
Reboot Cause  :     ColdReboot
[SubSlot 0] 24SFP+8GE+4SFP Plus
<XZ_NQ_S5536F>display device
Slot Type              State    Subslot  Soft Ver             Patch Ver
1    S5536F-EI-D       Master   0        S5500_EI_D-1115      None      
<XZ_NQ_S5536F>display startup
MainBoard:
 Current startup saved-configuration file: NULL 
 Next main startup saved-configuration file: flash:/startup.cfg
 Next backup startup saved-configuration file: NULL
<XZ_NQ_S5536F>dis cpu-usage
Slot 1 CPU 0 CPU usage:
       2% in last 5 seconds
       2% in last 1 minute
       2% in last 5 minutes

<XZ_NQ_S5536F>dis memory
Memory statistics are measured in KB:
Slot 1: 
             Total      Used      Free    Shared   Buffers    Cached   FreeRatio
Mem:        991732    450208    541524         0      1472    180752       55.2%
-/+ Buffers/Cache:    267984    723748
Swap:            0         0         0

<XZ_NQ_S5536F>display interface
GigabitEthernet1/0/1
Current state: DOWN
Line protocol state: DOWN
IP packet frame type: Ethernet II, hardware address: 7449-d275-62ae
Description: GigabitEthernet1/0/1 Interface
Bandwidth: 1000000 kbps
Loopback is not set
Media type is not sure, Port hardware type is no connector
Unknown-speed mode, unknown-duplex mode
Link speed type is autonegotiation, link duplex type is autonegotiation
Flow-control is not enabled
Maximum frame length: 12288
Allow jumbo frames to pass
Broadcast max-ratio: 100%
Multicast max-ratio: 100%
Unicast max-ratio: 100%
Known-unicast max-ratio: 100%
PVID: 114
MDI type: Automdix
Port link-type: Access
 Tagged VLANs:   None
 Untagged VLANs: 114
Port priority: 0
Last link flapping: Never
Last clearing of counters: Never
Current system time:2015-04-02 13:41:27
Last time when physical state changed to up:-
Last time when physical state changed to down:2013-01-01 00:00:28
 Peak input rate: 0 bytes/sec, at 2013-01-01 00:02:15 
 Peak output rate: 0 bytes/sec, at 2013-01-01 00:02:15 
 Last 300 seconds input: 0 packets/sec 0 bytes/sec -%
 Last 300 seconds output: 0 packets/sec 0 bytes/sec -%
 Input (total):  0 packets, 0 bytes
         0 unicasts, 0 broadcasts, 0 multicasts, 0 pauses
 Input (normal):  0 packets, - bytes
         0 unicasts, 0 broadcasts, 0 multicasts, 0 pauses
 Input:  0 input errors, 0 runts, 0 giants, 0 throttles
         0 CRC, 0 frame, - overruns, 0 aborts
         - ignored, - parity errors
 Output (total): 0 packets, 0 bytes
         0 unicasts, 0 broadcasts, 0 multicasts, 0 pauses
 Output (normal): 0 packets, - bytes
         0 unicasts, 0 broadcasts, 0 multicasts, 0 pauses
 Output: 0 output errors, - underruns, - buffer failures
         0 aborts, 0 deferred, 0 collisions, 0 late collisions
         0 lost carrier, - no carrier
IPv4 traffic statistics:
 Last 300 seconds input rate: 0 packets/sec, 0 bytes/sec
 Last 300 seconds output rate: 0 packets/sec, 0 bytes/sec
 Input: 0 packets, 0 bytes
 Output: 0 packets, 0 bytes
IPv6 traffic statistics:
 Last 300 seconds input rate: 0 packets/sec, 0 bytes/sec
 Last 300 seconds output rate: 0 packets/sec, 0 bytes/sec
 Input: 0 packets, 0 bytes
 Output: 0 packets, 0 bytes

GigabitEthernet1/0/2
Current state: DOWN
Line protocol state: DOWN
IP packet frame type: Ethernet II, hardware address: 7449-d275-62af
Description: GigabitEthernet1/0/2 Interface
Bandwidth: 1000000 kbps
Loopback is not set
Media type is not sure, Port hardware type is no connector
Unknown-speed mode, unknown-duplex mode
Link speed type is autonegotiation, link duplex type is autonegotiation
Flow-control is not enabled
Maximum frame length: 12288
Allow jumbo frames to pass
Broadcast max-ratio: 100%
Multicast max-ratio: 100%
Unicast max-ratio: 100%
Known-unicast max-ratio: 100%
PVID: 1
MDI type: Automdix
Port link-type: Access
 Tagged VLANs:   None
 Untagged VLANs: 1
Port priority: 0
Last link flapping: Never
Last clearing of counters: Never
Current system time:2015-04-02 13:41:27
Last time when physical state changed to up:-
Last time when physical state changed to down:2013-01-01 00:00:28
 Peak input rate: 0 bytes/sec, at 2013-01-01 00:02:15 
 Peak output rate: 0 bytes/sec, at 2013-01-01 00:02:15 
 Last 300 seconds input: 0 packets/sec 0 bytes/sec -%
 Last 300 seconds output: 0 packets/sec 0 bytes/sec -%
 Input (total):  0 packets, 0 bytes
         0 unicasts, 0 broadcasts, 0 multicasts, 0 pauses
 Input (normal):  0 packets, - bytes
         0 unicasts, 0 broadcasts, 0 multicasts, 0 pauses
 Input:  0 input errors, 0 runts, 0 giants, 0 throttles
         0 CRC, 0 frame, - overruns, 0 aborts
         - ignored, - parity errors
 Output (total): 0 packets, 0 bytes
         0 unicasts, 0 broadcasts, 0 multicasts, 0 pauses
 Output (normal): 0 packets, - bytes
         0 unicasts, 0 broadcasts, 0 multicasts, 0 pauses
 Output: 0 output errors, - underruns, - buffer failures
         0 aborts, 0 deferred, 0 collisions, 0 late collisions
         0 lost carrier, - no carrier
IPv4 traffic statistics:
 Last 300 seconds input rate: 0 packets/sec, 0 bytes/sec
 Last 300 seconds output rate: 0 packets/sec, 0 bytes/sec
 Input: 0 packets, 0 bytes
 Output: 0 packets, 0 bytes
IPv6 traffic statistics:
 Last 300 seconds input rate: 0 packets/sec, 0 bytes/sec
 Last 300 seconds output rate: 0 packets/sec, 0 bytes/sec
 Input: 0 packets, 0 bytes
 Output: 0 packets, 0 bytes

GigabitEthernet1/0/3
Current state: DOWN
Line protocol state: DOWN
IP packet frame type: Ethernet II, hardware address: 7449-d275-62b0
Description: GigabitEthernet1/0/3 Interface
Bandwidth: 1000000 kbps
Loopback is not set
Media type is not sure, Port hardware type is no connector
Unknown-speed mode, unknown-duplex mode
Link speed type is autonegotiation, link duplex type is autonegotiation
Flow-control is not enabled
Maximum frame length: 12288
Allow jumbo frames to pass
Broadcast max-ratio: 100%
Multicast max-ratio: 100%
Unicast max-ratio: 100%
Known-unicast max-ratio: 100%
PVID: 1
MDI type: Automdix
Port link-type: Access
 Tagged VLANs:   None
 Untagged VLANs: 1
Port priority: 0
Last link flapping: Never
Last clearing of counters: Never
Current system time:2015-04-02 13:41:27
Last time when physical state changed to up:-
Last time when physical state changed to down:2013-01-01 00:00:28
 Peak input rate: 0 bytes/sec, at 2013-01-01 00:02:15 
 Peak output rate: 0 bytes/sec, at 2013-01-01 00:02:15 
 Last 300 seconds input: 0 packets/sec 0 bytes/sec -%
 Last 300 seconds output: 0 packets/sec 0 bytes/sec -%
 Input (total):  0 packets, 0 bytes
         0 unicasts, 0 broadcasts, 0 multicasts, 0 pauses
 Input (normal):  0 packets, - bytes
         0 unicasts, 0 broadcasts, 0 multicasts, 0 pauses
 Input:  0 input errors, 0 runts, 0 giants, 0 throttles
         0 CRC, 0 frame, - overruns, 0 aborts
         - ignored, - parity errors
 Output (total): 0 packets, 0 bytes
         0 unicasts, 0 broadcasts, 0 multicasts, 0 pauses
 Output (normal): 0 packets, - bytes
         0 unicasts, 0 broadcasts, 0 multicasts, 0 pauses
 Output: 0 output errors, - underruns, - buffer failures
         0 aborts, 0 deferred, 0 collisions, 0 late collisions
         0 lost carrier, - no carrier
IPv4 traffic statistics:
 Last 300 seconds input rate: 0 packets/sec, 0 bytes/sec
 Last 300 seconds output rate: 0 packets/sec, 0 bytes/sec
 Input: 0 packets, 0 bytes
 Output: 0 packets, 0 bytes
IPv6 traffic statistics:
 Last 300 seconds input rate: 0 packets/sec, 0 bytes/sec
 Last 300 seconds output rate: 0 packets/sec, 0 bytes/sec
 Input: 0 packets, 0 bytes
 Output: 0 packets, 0 bytes

GigabitEthernet1/0/4
Current state: DOWN
Line protocol state: DOWN
IP packet frame type: Ethernet II, hardware address: 7449-d275-62b1
Description: GigabitEthernet1/0/4 Interface
Bandwidth: 1000000 kbps
Loopback is not set
Media type is not sure, Port hardware type is no connector
Unknown-speed mode, unknown-duplex mode
Link speed type is autonegotiation, link duplex type is autonegotiation
Flow-control is not enabled
Maximum frame length: 12288
Allow jumbo frames to pass
Broadcast max-ratio: 100%
Multicast max-ratio: 100%
Unicast max-ratio: 100%
Known-unicast max-ratio: 100%
PVID: 1
MDI type: Automdix
Port link-type: Access
 Tagged VLANs:   None
 Untagged VLANs: 1
Port priority: 0
Last link flapping: Never
Last clearing of counters: Never
Current system time:2015-04-02 13:41:27
Last time when physical state changed to up:-
Last time when physical state changed to down:2013-01-01 00:00:28
 Peak input rate: 0 bytes/sec, at 2013-01-01 00:02:15 
 Peak output rate: 0 bytes/sec, at 2013-01-01 00:02:15 
 Last 300 seconds input: 0 packets/sec 0 bytes/sec -%
 Last 300 seconds output: 0 packets/sec 0 bytes/sec -%
 Input (total):  0 packets, 0 bytes
         0 unicasts, 0 broadcasts, 0 multicasts, 0 pauses
 Input (normal):  0 packets, - bytes
         0 unicasts, 0 broadcasts, 0 multicasts, 0 pauses
 Input:  0 input errors, 0 runts, 0 giants, 0 throttles
         0 CRC, 0 frame, - overruns, 0 aborts
         - ignored, - parity errors
 Output (total): 0 packets, 0 bytes
         0 unicasts, 0 broadcasts, 0 multicasts, 0 pauses
 Output (normal): 0 packets, - bytes
         0 unicasts, 0 broadcasts, 0 multicasts, 0 pauses
 Output: 0 output errors, - underruns, - buffer failures
         0 aborts, 0 deferred, 0 collisions, 0 late collisions
         0 lost carrier, - no carrier
IPv4 traffic statistics:
 Last 300 seconds input rate: 0 packets/sec, 0 bytes/sec
 Last 300 seconds output rate: 0 packets/sec, 0 bytes/sec
 Input: 0 packets, 0 bytes
 Output: 0 packets, 0 bytes
IPv6 traffic statistics:
 Last 300 seconds input rate: 0 packets/sec, 0 bytes/sec
 Last 300 seconds output rate: 0 packets/sec, 0 bytes/sec
 Input: 0 packets, 0 bytes
 Output: 0 packets, 0 bytes

GigabitEthernet1/0/5
Current state: DOWN
Line protocol state: DOWN
IP packet frame type: Ethernet II, hardware address: 7449-d275-62b2
Description: GigabitEthernet1/0/5 Interface
Bandwidth: 1000000 kbps
Loopback is not set
Media type is not sure, Port hardware type is no connector
Unknown-speed mode, unknown-duplex mode
Link speed type is autonegotiation, link duplex type is autonegotiation
Flow-control is not enabled
Maximum frame length: 12288
Allow jumbo frames to pass
Broadcast max-ratio: 100%
Multicast max-ratio: 100%
Unicast max-ratio: 100%
Known-unicast max-ratio: 100%
PVID: 1
MDI type: Automdix
Port link-type: Access
 Tagged VLANs:   None
 Untagged VLANs: 1
Port priority: 0
Last link flapping: Never
Last clearing of counters: Never
Current system time:2015-04-02 13:41:27
Last time when physical state changed to up:-
Last time when physical state changed to down:2013-01-01 00:00:28
 Peak input rate: 0 bytes/sec, at 2013-01-01 00:02:15 
 Peak output rate: 0 bytes/sec, at 2013-01-01 00:02:15 
 Last 300 seconds input: 0 packets/sec 0 bytes/sec -%
 Last 300 seconds output: 0 packets/sec 0 bytes/sec -%
 Input (total):  0 packets, 0 bytes
         0 unicasts, 0 broadcasts, 0 multicasts, 0 pauses
 Input (normal):  0 packets, - bytes
         0 unicasts, 0 broadcasts, 0 multicasts, 0 pauses
 Input:  0 input errors, 0 runts, 0 giants, 0 throttles
         0 CRC, 0 frame, - overruns, 0 aborts
         - ignored, - parity errors
 Output (total): 0 packets, 0 bytes
         0 unicasts, 0 broadcasts, 0 multicasts, 0 pauses
 Output (normal): 0 packets, - bytes
         0 unicasts, 0 broadcasts, 0 multicasts, 0 pauses
 Output: 0 output errors, - underruns, - buffer failures
         0 aborts, 0 deferred, 0 collisions, 0 late collisions
         0 lost carrier, - no carrier
IPv4 traffic statistics:
 Last 300 seconds input rate: 0 packets/sec, 0 bytes/sec
 Last 300 seconds output rate: 0 packets/sec, 0 bytes/sec
 Input: 0 packets, 0 bytes
 Output: 0 packets, 0 bytes
IPv6 traffic statistics:
 Last 300 seconds input rate: 0 packets/sec, 0 bytes/sec
 Last 300 seconds output rate: 0 packets/sec, 0 bytes/sec
 Input: 0 packets, 0 bytes
 Output: 0 packets, 0 bytes

GigabitEthernet1/0/6
Current state: DOWN
Line protocol state: DOWN
IP packet frame type: Ethernet II, hardware address: 7449-d275-62b3
Description: GigabitEthernet1/0/6 Interface
Bandwidth: 1000000 kbps
Loopback is not set
Media type is not sure, Port hardware type is no connector
Unknown-speed mode, unknown-duplex mode
Link speed type is autonegotiation, link duplex type is autonegotiation
Flow-control is not enabled
Maximum frame length: 12288
Allow jumbo frames to pass
Broadcast max-ratio: 100%
Multicast max-ratio: 100%
Unicast max-ratio: 100%
Known-unicast max-ratio: 100%
PVID: 1
MDI type: Automdix
Port link-type: Access
 Tagged VLANs:   None
 Untagged VLANs: 1
Port priority: 0
Last link flapping: Never
Last clearing of counters: Never
Current system time:2015-04-02 13:41:27
Last time when physical state changed to up:-
Last time when physical state changed to down:2013-01-01 00:00:28
 Peak input rate: 0 bytes/sec, at 2013-01-01 00:02:15 
 Peak output rate: 0 bytes/sec, at 2013-01-01 00:02:15 
 Last 300 seconds input: 0 packets/sec 0 bytes/sec -%
 Last 300 seconds output: 0 packets/sec 0 bytes/sec -%
 Input (total):  0 packets, 0 bytes
         0 unicasts, 0 broadcasts, 0 multicasts, 0 pauses
 Input (normal):  0 packets, - bytes
         0 unicasts, 0 broadcasts, 0 multicasts, 0 pauses
 Input:  0 input errors, 0 runts, 0 giants, 0 throttles
         0 CRC, 0 frame, - overruns, 0 aborts
         - ignored, - parity errors
 Output (total): 0 packets, 0 bytes
         0 unicasts, 0 broadcasts, 0 multicasts, 0 pauses
 Output (normal): 0 packets, - bytes
         0 unicasts, 0 broadcasts, 0 multicasts, 0 pauses
 Output: 0 output errors, - underruns, - buffer failures
         0 aborts, 0 deferred, 0 collisions, 0 late collisions
         0 lost carrier, - no carrier
IPv4 traffic statistics:
 Last 300 seconds input rate: 0 packets/sec, 0 bytes/sec
 Last 300 seconds output rate: 0 packets/sec, 0 bytes/sec
 Input: 0 packets, 0 bytes
 Output: 0 packets, 0 bytes
IPv6 traffic statistics:
 Last 300 seconds input rate: 0 packets/sec, 0 bytes/sec
 Last 300 seconds output rate: 0 packets/sec, 0 bytes/sec
 Input: 0 packets, 0 bytes
 Output: 0 packets, 0 bytes

GigabitEthernet1/0/7
Current state: DOWN
Line protocol state: DOWN
IP packet frame type: Ethernet II, hardware address: 7449-d275-62b4
Description: GigabitEthernet1/0/7 Interface
Bandwidth: 1000000 kbps
Loopback is not set
Media type is not sure, Port hardware type is no connector
Unknown-speed mode, unknown-duplex mode
Link speed type is autonegotiation, link duplex type is autonegotiation
Flow-control is not enabled
Maximum frame length: 12288
Allow jumbo frames to pass
Broadcast max-ratio: 100%
Multicast max-ratio: 100%
Unicast max-ratio: 100%
Known-unicast max-ratio: 100%
PVID: 1
MDI type: Automdix
Port link-type: Access
 Tagged VLANs:   None
 Untagged VLANs: 1
Port priority: 0
Last link flapping: Never
Last clearing of counters: Never
Current system time:2015-04-02 13:41:27
Last time when physical state changed to up:-
Last time when physical state changed to down:2013-01-01 00:00:28
 Peak input rate: 0 bytes/sec, at 2013-01-01 00:02:15 
 Peak output rate: 0 bytes/sec, at 2013-01-01 00:02:15 
 Last 300 seconds input: 0 packets/sec 0 bytes/sec -%
 Last 300 seconds output: 0 packets/sec 0 bytes/sec -%
 Input (total):  0 packets, 0 bytes
         0 unicasts, 0 broadcasts, 0 multicasts, 0 pauses
 Input (normal):  0 packets, - bytes
         0 unicasts, 0 broadcasts, 0 multicasts, 0 pauses
 Input:  0 input errors, 0 runts, 0 giants, 0 throttles
         0 CRC, 0 frame, - overruns, 0 aborts
         - ignored, - parity errors
 Output (total): 0 packets, 0 bytes
         0 unicasts, 0 broadcasts, 0 multicasts, 0 pauses
 Output (normal): 0 packets, - bytes
         0 unicasts, 0 broadcasts, 0 multicasts, 0 pauses
 Output: 0 output errors, - underruns, - buffer failures
         0 aborts, 0 deferred, 0 collisions, 0 late collisions
         0 lost carrier, - no carrier
IPv4 traffic statistics:
 Last 300 seconds input rate: 0 packets/sec, 0 bytes/sec
 Last 300 seconds output rate: 0 packets/sec, 0 bytes/sec
 Input: 0 packets, 0 bytes
 Output: 0 packets, 0 bytes
IPv6 traffic statistics:
 Last 300 seconds input rate: 0 packets/sec, 0 bytes/sec
 Last 300 seconds output rate: 0 packets/sec, 0 bytes/sec
 Input: 0 packets, 0 bytes
 Output: 0 packets, 0 bytes

GigabitEthernet1/0/8
Current state: DOWN
Line protocol state: DOWN
IP packet frame type: Ethernet II, hardware address: 7449-d275-62b5
Description: GigabitEthernet1/0/8 Interface
Bandwidth: 1000000 kbps
Loopback is not set
Media type is not sure, Port hardware type is no connector
Unknown-speed mode, unknown-duplex mode
Link speed type is autonegotiation, link duplex type is autonegotiation
Flow-control is not enabled
Maximum frame length: 12288
Allow jumbo frames to pass
Broadcast max-ratio: 100%
Multicast max-ratio: 100%
Unicast max-ratio: 100%
Known-unicast max-ratio: 100%
PVID: 1
MDI type: Automdix
Port link-type: Access
 Tagged VLANs:   None
 Untagged VLANs: 1
Port priority: 0
Last link flapping: Never
Last clearing of counters: Never
Current system time:2015-04-02 13:41:27
Last time when physical state changed to up:-
Last time when physical state changed to down:2013-01-01 00:00:28
 Peak input rate: 0 bytes/sec, at 2013-01-01 00:02:16 
 Peak output rate: 0 bytes/sec, at 2013-01-01 00:02:16 
 Last 300 seconds input: 0 packets/sec 0 bytes/sec -%
 Last 300 seconds output: 0 packets/sec 0 bytes/sec -%
 Input (total):  0 packets, 0 bytes
         0 unicasts, 0 broadcasts, 0 multicasts, 0 pauses
 Input (normal):  0 packets, - bytes
         0 unicasts, 0 broadcasts, 0 multicasts, 0 pauses
 Input:  0 input errors, 0 runts, 0 giants, 0 throttles
         0 CRC, 0 frame, - overruns, 0 aborts
         - ignored, - parity errors
 Output (total): 0 packets, 0 bytes
         0 unicasts, 0 broadcasts, 0 multicasts, 0 pauses
 Output (normal): 0 packets, - bytes
         0 unicasts, 0 broadcasts, 0 multicasts, 0 pauses
 Output: 0 output errors, - underruns, - buffer failures
         0 aborts, 0 deferred, 0 collisions, 0 late collisions
         0 lost carrier, - no carrier
IPv4 traffic statistics:
 Last 300 seconds input rate: 0 packets/sec, 0 bytes/sec
 Last 300 seconds output rate: 0 packets/sec, 0 bytes/sec
 Input: 0 packets, 0 bytes
 Output: 0 packets, 0 bytes
IPv6 traffic statistics:
 Last 300 seconds input rate: 0 packets/sec, 0 bytes/sec
 Last 300 seconds output rate: 0 packets/sec, 0 bytes/sec
 Input: 0 packets, 0 bytes
 Output: 0 packets, 0 bytes

GigabitEthernet1/0/9
Current state: DOWN
Line protocol state: DOWN
IP packet frame type: Ethernet II, hardware address: 7449-d275-62b6
Description: GigabitEthernet1/0/9 Interface
Bandwidth: 1000000 kbps
Loopback is not set
Media type is not sure, Port hardware type is no connector
Unknown-speed mode, unknown-duplex mode
Link speed type is autonegotiation, link duplex type is autonegotiation
Flow-control is not enabled
Maximum frame length: 12288
Allow jumbo frames to pass
Broadcast max-ratio: 100%
Multicast max-ratio: 100%
Unicast max-ratio: 100%
Known-unicast max-ratio: 100%
PVID: 1
MDI type: Automdix
Port link-type: Access
 Tagged VLANs:   None
 Untagged VLANs: 1
Port priority: 0
Last link flapping: Never
Last clearing of counters: Never
Current system time:2015-04-02 13:41:27
Last time when physical state changed to up:-
Last time when physical state changed to down:2013-01-01 00:00:28
 Peak input rate: 0 bytes/sec, at 2013-01-01 00:02:16 
 Peak output rate: 0 bytes/sec, at 2013-01-01 00:02:16 
 Last 300 seconds input: 0 packets/sec 0 bytes/sec -%
 Last 300 seconds output: 0 packets/sec 0 bytes/sec -%
 Input (total):  0 packets, 0 bytes
         0 unicasts, 0 broadcasts, 0 multicasts, 0 pauses
 Input (normal):  0 packets, - bytes
         0 unicasts, 0 broadcasts, 0 multicasts, 0 pauses
 Input:  0 input errors, 0 runts, 0 giants, 0 throttles
         0 CRC, 0 frame, - overruns, 0 aborts
         - ignored, - parity errors
 Output (total): 0 packets, 0 bytes
         0 unicasts, 0 broadcasts, 0 multicasts, 0 pauses
 Output (normal): 0 packets, - bytes
         0 unicasts, 0 broadcasts, 0 multicasts, 0 pauses
 Output: 0 output errors, - underruns, - buffer failures
         0 aborts, 0 deferred, 0 collisions, 0 late collisions
         0 lost carrier, - no carrier
IPv4 traffic statistics:
 Last 300 seconds input rate: 0 packets/sec, 0 bytes/sec
 Last 300 seconds output rate: 0 packets/sec, 0 bytes/sec
 Input: 0 packets, 0 bytes
 Output: 0 packets, 0 bytes
IPv6 traffic statistics:
 Last 300 seconds input rate: 0 packets/sec, 0 bytes/sec
 Last 300 seconds output rate: 0 packets/sec, 0 bytes/sec
 Input: 0 packets, 0 bytes
 Output: 0 packets, 0 bytes

GigabitEthernet1/0/10
Current state: DOWN
Line protocol state: DOWN
IP packet frame type: Ethernet II, hardware address: 7449-d275-62b7
Description: GigabitEthernet1/0/10 Interface
Bandwidth: 1000000 kbps
Loopback is not set
Media type is not sure, Port hardware type is no connector
Unknown-speed mode, unknown-duplex mode
Link speed type is autonegotiation, link duplex type is autonegotiation
Flow-control is not enabled
Maximum frame length: 12288
Allow jumbo frames to pass
Broadcast max-ratio: 100%
Multicast max-ratio: 100%
Unicast max-ratio: 100%
Known-unicast max-ratio: 100%
PVID: 1
MDI type: Automdix
Port link-type: Access
 Tagged VLANs:   None
 Untagged VLANs: 1
Port priority: 0
Last link flapping: Never
Last clearing of counters: Never
Current system time:2015-04-02 13:41:27
Last time when physical state changed to up:-
Last time when physical state changed to down:2013-01-01 00:00:28
 Peak input rate: 0 bytes/sec, at 2013-01-01 00:02:16 
 Peak output rate: 0 bytes/sec, at 2013-01-01 00:02:16 
 Last 300 seconds input: 0 packets/sec 0 bytes/sec -%
 Last 300 seconds output: 0 packets/sec 0 bytes/sec -%
 Input (total):  0 packets, 0 bytes
         0 unicasts, 0 broadcasts, 0 multicasts, 0 pauses
 Input (normal):  0 packets, - bytes
         0 unicasts, 0 broadcasts, 0 multicasts, 0 pauses
 Input:  0 input errors, 0 runts, 0 giants, 0 throttles
         0 CRC, 0 frame, - overruns, 0 aborts
         - ignored, - parity errors
 Output (total): 0 packets, 0 bytes
         0 unicasts, 0 broadcasts, 0 multicasts, 0 pauses
 Output (normal): 0 packets, - bytes
         0 unicasts, 0 broadcasts, 0 multicasts, 0 pauses
 Output: 0 output errors, - underruns, - buffer failures
         0 aborts, 0 deferred, 0 collisions, 0 late collisions
         0 lost carrier, - no carrier
IPv4 traffic statistics:
 Last 300 seconds input rate: 0 packets/sec, 0 bytes/sec
 Last 300 seconds output rate: 0 packets/sec, 0 bytes/sec
 Input: 0 packets, 0 bytes
 Output: 0 packets, 0 bytes
IPv6 traffic statistics:
 Last 300 seconds input rate: 0 packets/sec, 0 bytes/sec
 Last 300 seconds output rate: 0 packets/sec, 0 bytes/sec
 Input: 0 packets, 0 bytes
 Output: 0 packets, 0 bytes

GigabitEthernet1/0/11
Current state: DOWN
Line protocol state: DOWN
IP packet frame type: Ethernet II, hardware address: 7449-d275-62b8
Description: GigabitEthernet1/0/11 Interface
Bandwidth: 1000000 kbps
Loopback is not set
Media type is not sure, Port hardware type is no connector
Unknown-speed mode, unknown-duplex mode
Link speed type is autonegotiation, link duplex type is autonegotiation
Flow-control is not enabled
Maximum frame length: 12288
Allow jumbo frames to pass
Broadcast max-ratio: 100%
Multicast max-ratio: 100%
Unicast max-ratio: 100%
Known-unicast max-ratio: 100%
PVID: 1
MDI type: Automdix
Port link-type: Access
 Tagged VLANs:   None
 Untagged VLANs: 1
Port priority: 0
Last link flapping: Never
Last clearing of counters: Never
Current system time:2015-04-02 13:41:27
Last time when physical state changed to up:-
Last time when physical state changed to down:2013-01-01 00:00:28
 Peak input rate: 0 bytes/sec, at 2013-01-01 00:02:16 
 Peak output rate: 0 bytes/sec, at 2013-01-01 00:02:16 
 Last 300 seconds input: 0 packets/sec 0 bytes/sec -%
 Last 300 seconds output: 0 packets/sec 0 bytes/sec -%
 Input (total):  0 packets, 0 bytes
         0 unicasts, 0 broadcasts, 0 multicasts, 0 pauses
 Input (normal):  0 packets, - bytes
         0 unicasts, 0 broadcasts, 0 multicasts, 0 pauses
 Input:  0 input errors, 0 runts, 0 giants, 0 throttles
         0 CRC, 0 frame, - overruns, 0 aborts
         - ignored, - parity errors
 Output (total): 0 packets, 0 bytes
         0 unicasts, 0 broadcasts, 0 multicasts, 0 pauses
 Output (normal): 0 packets, - bytes
         0 unicasts, 0 broadcasts, 0 multicasts, 0 pauses
 Output: 0 output errors, - underruns, - buffer failures
         0 aborts, 0 deferred, 0 collisions, 0 late collisions
         0 lost carrier, - no carrier
IPv4 traffic statistics:
 Last 300 seconds input rate: 0 packets/sec, 0 bytes/sec
 Last 300 seconds output rate: 0 packets/sec, 0 bytes/sec
 Input: 0 packets, 0 bytes
 Output: 0 packets, 0 bytes
IPv6 traffic statistics:
 Last 300 seconds input rate: 0 packets/sec, 0 bytes/sec
 Last 300 seconds output rate: 0 packets/sec, 0 bytes/sec
 Input: 0 packets, 0 bytes
 Output: 0 packets, 0 bytes

GigabitEthernet1/0/12
Current state: DOWN
Line protocol state: DOWN
IP packet frame type: Ethernet II, hardware address: 7449-d275-62b9
Description: GigabitEthernet1/0/12 Interface
Bandwidth: 1000000 kbps
Loopback is not set
Media type is not sure, Port hardware type is no connector
Unknown-speed mode, unknown-duplex mode
Link speed type is autonegotiation, link duplex type is autonegotiation
Flow-control is not enabled
Maximum frame length: 12288
Allow jumbo frames to pass
Broadcast max-ratio: 100%
Multicast max-ratio: 100%
Unicast max-ratio: 100%
Known-unicast max-ratio: 100%
PVID: 1
MDI type: Automdix
Port link-type: Access
 Tagged VLANs:   None
 Untagged VLANs: 1
Port priority: 0
Last link flapping: Never
Last clearing of counters: Never
Current system time:2015-04-02 13:41:27
Last time when physical state changed to up:-
Last time when physical state changed to down:2013-01-01 00:00:28
 Peak input rate: 0 bytes/sec, at 2013-01-01 00:02:16 
 Peak output rate: 0 bytes/sec, at 2013-01-01 00:02:16 
 Last 300 seconds input: 0 packets/sec 0 bytes/sec -%
 Last 300 seconds output: 0 packets/sec 0 bytes/sec -%
 Input (total):  0 packets, 0 bytes
         0 unicasts, 0 broadcasts, 0 multicasts, 0 pauses
 Input (normal):  0 packets, - bytes
         0 unicasts, 0 broadcasts, 0 multicasts, 0 pauses
 Input:  0 input errors, 0 runts, 0 giants, 0 throttles
         0 CRC, 0 frame, - overruns, 0 aborts
         - ignored, - parity errors
 Output (total): 0 packets, 0 bytes
         0 unicasts, 0 broadcasts, 0 multicasts, 0 pauses
 Output (normal): 0 packets, - bytes
         0 unicasts, 0 broadcasts, 0 multicasts, 0 pauses
 Output: 0 output errors, - underruns, - buffer failures
         0 aborts, 0 deferred, 0 collisions, 0 late collisions
         0 lost carrier, - no carrier
IPv4 traffic statistics:
 Last 300 seconds input rate: 0 packets/sec, 0 bytes/sec
 Last 300 seconds output rate: 0 packets/sec, 0 bytes/sec
 Input: 0 packets, 0 bytes
 Output: 0 packets, 0 bytes
IPv6 traffic statistics:
 Last 300 seconds input rate: 0 packets/sec, 0 bytes/sec
 Last 300 seconds output rate: 0 packets/sec, 0 bytes/sec
 Input: 0 packets, 0 bytes
 Output: 0 packets, 0 bytes

GigabitEthernet1/0/13
Current state: DOWN
Line protocol state: DOWN
IP packet frame type: Ethernet II, hardware address: 7449-d275-62ba
Description: GigabitEthernet1/0/13 Interface
Bandwidth: 1000000 kbps
Loopback is not set
Media type is not sure, Port hardware type is no connector
Unknown-speed mode, unknown-duplex mode
Link speed type is autonegotiation, link duplex type is autonegotiation
Flow-control is not enabled
Maximum frame length: 12288
Allow jumbo frames to pass
Broadcast max-ratio: 100%
Multicast max-ratio: 100%
Unicast max-ratio: 100%
Known-unicast max-ratio: 100%
PVID: 1
MDI type: Automdix
Port link-type: Access
 Tagged VLANs:   None
 Untagged VLANs: 1
Port priority: 0
Last link flapping: Never
Last clearing of counters: Never
Current system time:2015-04-02 13:41:28
Last time when physical state changed to up:-
Last time when physical state changed to down:2013-01-01 00:00:28
 Peak input rate: 0 bytes/sec, at 2013-01-01 00:02:16 
 Peak output rate: 0 bytes/sec, at 2013-01-01 00:02:16 
 Last 300 seconds input: 0 packets/sec 0 bytes/sec -%
 Last 300 seconds output: 0 packets/sec 0 bytes/sec -%
 Input (total):  0 packets, 0 bytes
         0 unicasts, 0 broadcasts, 0 multicasts, 0 pauses
 Input (normal):  0 packets, - bytes
         0 unicasts, 0 broadcasts, 0 multicasts, 0 pauses
 Input:  0 input errors, 0 runts, 0 giants, 0 throttles
         0 CRC, 0 frame, - overruns, 0 aborts
         - ignored, - parity errors
 Output (total): 0 packets, 0 bytes
         0 unicasts, 0 broadcasts, 0 multicasts, 0 pauses
 Output (normal): 0 packets, - bytes
         0 unicasts, 0 broadcasts, 0 multicasts, 0 pauses
 Output: 0 output errors, - underruns, - buffer failures
         0 aborts, 0 deferred, 0 collisions, 0 late collisions
         0 lost carrier, - no carrier
IPv4 traffic statistics:
 Last 300 seconds input rate: 0 packets/sec, 0 bytes/sec
 Last 300 seconds output rate: 0 packets/sec, 0 bytes/sec
 Input: 0 packets, 0 bytes
 Output: 0 packets, 0 bytes
IPv6 traffic statistics:
 Last 300 seconds input rate: 0 packets/sec, 0 bytes/sec
 Last 300 seconds output rate: 0 packets/sec, 0 bytes/sec
 Input: 0 packets, 0 bytes
 Output: 0 packets, 0 bytes

GigabitEthernet1/0/14
Current state: DOWN
Line protocol state: DOWN
IP packet frame type: Ethernet II, hardware address: 7449-d275-62bb
Description: GigabitEthernet1/0/14 Interface
Bandwidth: 1000000 kbps
Loopback is not set
Media type is not sure, Port hardware type is no connector
Unknown-speed mode, unknown-duplex mode
Link speed type is autonegotiation, link duplex type is autonegotiation
Flow-control is not enabled
Maximum frame length: 12288
Allow jumbo frames to pass
Broadcast max-ratio: 100%
Multicast max-ratio: 100%
Unicast max-ratio: 100%
Known-unicast max-ratio: 100%
PVID: 1
MDI type: Automdix
Port link-type: Access
 Tagged VLANs:   None
 Untagged VLANs: 1
Port priority: 0
Last link flapping: Never
Last clearing of counters: Never
Current system time:2015-04-02 13:41:28
Last time when physical state changed to up:-
Last time when physical state changed to down:2013-01-01 00:00:28
 Peak input rate: 0 bytes/sec, at 2013-01-01 00:02:16 
 Peak output rate: 0 bytes/sec, at 2013-01-01 00:02:16 
 Last 300 seconds input: 0 packets/sec 0 bytes/sec -%
 Last 300 seconds output: 0 packets/sec 0 bytes/sec -%
 Input (total):  0 packets, 0 bytes
         0 unicasts, 0 broadcasts, 0 multicasts, 0 pauses
 Input (normal):  0 packets, - bytes
         0 unicasts, 0 broadcasts, 0 multicasts, 0 pauses
 Input:  0 input errors, 0 runts, 0 giants, 0 throttles
         0 CRC, 0 frame, - overruns, 0 aborts
         - ignored, - parity errors
 Output (total): 0 packets, 0 bytes
         0 unicasts, 0 broadcasts, 0 multicasts, 0 pauses
 Output (normal): 0 packets, - bytes
         0 unicasts, 0 broadcasts, 0 multicasts, 0 pauses
 Output: 0 output errors, - underruns, - buffer failures
         0 aborts, 0 deferred, 0 collisions, 0 late collisions
         0 lost carrier, - no carrier
IPv4 traffic statistics:
 Last 300 seconds input rate: 0 packets/sec, 0 bytes/sec
 Last 300 seconds output rate: 0 packets/sec, 0 bytes/sec
 Input: 0 packets, 0 bytes
 Output: 0 packets, 0 bytes
IPv6 traffic statistics:
 Last 300 seconds input rate: 0 packets/sec, 0 bytes/sec
 Last 300 seconds output rate: 0 packets/sec, 0 bytes/sec
 Input: 0 packets, 0 bytes
 Output: 0 packets, 0 bytes

GigabitEthernet1/0/15
Current state: DOWN
Line protocol state: DOWN
IP packet frame type: Ethernet II, hardware address: 7449-d275-62bc
Description: GigabitEthernet1/0/15 Interface
Bandwidth: 1000000 kbps
Loopback is not set
Media type is not sure, Port hardware type is no connector
Unknown-speed mode, unknown-duplex mode
Link speed type is autonegotiation, link duplex type is autonegotiation
Flow-control is not enabled
Maximum frame length: 12288
Allow jumbo frames to pass
Broadcast max-ratio: 100%
Multicast max-ratio: 100%
Unicast max-ratio: 100%
Known-unicast max-ratio: 100%
PVID: 1
MDI type: Automdix
Port link-type: Access
 Tagged VLANs:   None
 Untagged VLANs: 1
Port priority: 0
Last link flapping: Never
Last clearing of counters: Never
Current system time:2015-04-02 13:41:28
Last time when physical state changed to up:-
Last time when physical state changed to down:2013-01-01 00:00:28
 Peak input rate: 0 bytes/sec, at 2013-01-01 00:02:16 
 Peak output rate: 0 bytes/sec, at 2013-01-01 00:02:16 
 Last 300 seconds input: 0 packets/sec 0 bytes/sec -%
 Last 300 seconds output: 0 packets/sec 0 bytes/sec -%
 Input (total):  0 packets, 0 bytes
         0 unicasts, 0 broadcasts, 0 multicasts, 0 pauses
 Input (normal):  0 packets, - bytes
         0 unicasts, 0 broadcasts, 0 multicasts, 0 pauses
 Input:  0 input errors, 0 runts, 0 giants, 0 throttles
         0 CRC, 0 frame, - overruns, 0 aborts
         - ignored, - parity errors
 Output (total): 0 packets, 0 bytes
         0 unicasts, 0 broadcasts, 0 multicasts, 0 pauses
 Output (normal): 0 packets, - bytes
         0 unicasts, 0 broadcasts, 0 multicasts, 0 pauses
 Output: 0 output errors, - underruns, - buffer failures
         0 aborts, 0 deferred, 0 collisions, 0 late collisions
         0 lost carrier, - no carrier
IPv4 traffic statistics:
 Last 300 seconds input rate: 0 packets/sec, 0 bytes/sec
 Last 300 seconds output rate: 0 packets/sec, 0 bytes/sec
 Input: 0 packets, 0 bytes
 Output: 0 packets, 0 bytes
IPv6 traffic statistics:
 Last 300 seconds input rate: 0 packets/sec, 0 bytes/sec
 Last 300 seconds output rate: 0 packets/sec, 0 bytes/sec
 Input: 0 packets, 0 bytes
 Output: 0 packets, 0 bytes

GigabitEthernet1/0/16
Current state: DOWN
Line protocol state: DOWN
IP packet frame type: Ethernet II, hardware address: 7449-d275-62bd
Description: GigabitEthernet1/0/16 Interface
Bandwidth: 1000000 kbps
Loopback is not set
Media type is not sure, Port hardware type is no connector
Unknown-speed mode, unknown-duplex mode
Link speed type is autonegotiation, link duplex type is autonegotiation
Flow-control is not enabled
Maximum frame length: 12288
Allow jumbo frames to pass
Broadcast max-ratio: 100%
Multicast max-ratio: 100%
Unicast max-ratio: 100%
Known-unicast max-ratio: 100%
PVID: 1
MDI type: Automdix
Port link-type: Access
 Tagged VLANs:   None
 Untagged VLANs: 1
Port priority: 0
Last link flapping: Never
Last clearing of counters: Never
Current system time:2015-04-02 13:41:28
Last time when physical state changed to up:-
Last time when physical state changed to down:2013-01-01 00:00:28
 Peak input rate: 0 bytes/sec, at 2013-01-01 00:02:16 
 Peak output rate: 0 bytes/sec, at 2013-01-01 00:02:16 
 Last 300 seconds input: 0 packets/sec 0 bytes/sec -%
 Last 300 seconds output: 0 packets/sec 0 bytes/sec -%
 Input (total):  0 packets, 0 bytes
         0 unicasts, 0 broadcasts, 0 multicasts, 0 pauses
 Input (normal):  0 packets, - bytes
         0 unicasts, 0 broadcasts, 0 multicasts, 0 pauses
 Input:  0 input errors, 0 runts, 0 giants, 0 throttles
         0 CRC, 0 frame, - overruns, 0 aborts
         - ignored, - parity errors
 Output (total): 0 packets, 0 bytes
         0 unicasts, 0 broadcasts, 0 multicasts, 0 pauses
 Output (normal): 0 packets, - bytes
         0 unicasts, 0 broadcasts, 0 multicasts, 0 pauses
 Output: 0 output errors, - underruns, - buffer failures
         0 aborts, 0 deferred, 0 collisions, 0 late collisions
         0 lost carrier, - no carrier
IPv4 traffic statistics:
 Last 300 seconds input rate: 0 packets/sec, 0 bytes/sec
 Last 300 seconds output rate: 0 packets/sec, 0 bytes/sec
 Input: 0 packets, 0 bytes
 Output: 0 packets, 0 bytes
IPv6 traffic statistics:
 Last 300 seconds input rate: 0 packets/sec, 0 bytes/sec
 Last 300 seconds output rate: 0 packets/sec, 0 bytes/sec
 Input: 0 packets, 0 bytes
 Output: 0 packets, 0 bytes

GigabitEthernet1/0/17
Current state: DOWN
Line protocol state: DOWN
IP packet frame type: Ethernet II, hardware address: 7449-d275-62be
Description: GigabitEthernet1/0/17 Interface
Bandwidth: 1000000 kbps
Loopback is not set
Media type is not sure, Port hardware type is no connector
Unknown-speed mode, unknown-duplex mode
Link speed type is autonegotiation, link duplex type is autonegotiation
Flow-control is not enabled
Maximum frame length: 12288
Allow jumbo frames to pass
Broadcast max-ratio: 100%
Multicast max-ratio: 100%
Unicast max-ratio: 100%
Known-unicast max-ratio: 100%
PVID: 1
MDI type: Automdix
Port link-type: Access
 Tagged VLANs:   None
 Untagged VLANs: 1
Port priority: 0
Last link flapping: Never
Last clearing of counters: Never
Current system time:2015-04-02 13:41:28
Last time when physical state changed to up:-
Last time when physical state changed to down:2013-01-01 00:00:28
 Peak input rate: 0 bytes/sec, at 2013-01-01 00:02:16 
 Peak output rate: 0 bytes/sec, at 2013-01-01 00:02:16 
 Last 300 seconds input: 0 packets/sec 0 bytes/sec -%
 Last 300 seconds output: 0 packets/sec 0 bytes/sec -%
 Input (total):  0 packets, 0 bytes
         0 unicasts, 0 broadcasts, 0 multicasts, 0 pauses
 Input (normal):  0 packets, - bytes
         0 unicasts, 0 broadcasts, 0 multicasts, 0 pauses
 Input:  0 input errors, 0 runts, 0 giants, 0 throttles
         0 CRC, 0 frame, - overruns, 0 aborts
         - ignored, - parity errors
 Output (total): 0 packets, 0 bytes
         0 unicasts, 0 broadcasts, 0 multicasts, 0 pauses
 Output (normal): 0 packets, - bytes
         0 unicasts, 0 broadcasts, 0 multicasts, 0 pauses
 Output: 0 output errors, - underruns, - buffer failures
         0 aborts, 0 deferred, 0 collisions, 0 late collisions
         0 lost carrier, - no carrier
IPv4 traffic statistics:
 Last 300 seconds input rate: 0 packets/sec, 0 bytes/sec
 Last 300 seconds output rate: 0 packets/sec, 0 bytes/sec
 Input: 0 packets, 0 bytes
 Output: 0 packets, 0 bytes
IPv6 traffic statistics:
 Last 300 seconds input rate: 0 packets/sec, 0 bytes/sec
 Last 300 seconds output rate: 0 packets/sec, 0 bytes/sec
 Input: 0 packets, 0 bytes
 Output: 0 packets, 0 bytes

GigabitEthernet1/0/18
Current state: DOWN
Line protocol state: DOWN
IP packet frame type: Ethernet II, hardware address: 7449-d275-62bf
Description: GigabitEthernet1/0/18 Interface
Bandwidth: 1000000 kbps
Loopback is not set
Media type is not sure, Port hardware type is no connector
Unknown-speed mode, unknown-duplex mode
Link speed type is autonegotiation, link duplex type is autonegotiation
Flow-control is not enabled
Maximum frame length: 12288
Allow jumbo frames to pass
Broadcast max-ratio: 100%
Multicast max-ratio: 100%
Unicast max-ratio: 100%
Known-unicast max-ratio: 100%
PVID: 1
MDI type: Automdix
Port link-type: Access
 Tagged VLANs:   None
 Untagged VLANs: 1
Port priority: 0
Last link flapping: Never
Last clearing of counters: Never
Current system time:2015-04-02 13:41:28
Last time when physical state changed to up:-
Last time when physical state changed to down:2013-01-01 00:00:28
 Peak input rate: 0 bytes/sec, at 2013-01-01 00:02:16 
 Peak output rate: 0 bytes/sec, at 2013-01-01 00:02:16 
 Last 300 seconds input: 0 packets/sec 0 bytes/sec -%
 Last 300 seconds output: 0 packets/sec 0 bytes/sec -%
 Input (total):  0 packets, 0 bytes
         0 unicasts, 0 broadcasts, 0 multicasts, 0 pauses
 Input (normal):  0 packets, - bytes
         0 unicasts, 0 broadcasts, 0 multicasts, 0 pauses
 Input:  0 input errors, 0 runts, 0 giants, 0 throttles
         0 CRC, 0 frame, - overruns, 0 aborts
         - ignored, - parity errors
 Output (total): 0 packets, 0 bytes
         0 unicasts, 0 broadcasts, 0 multicasts, 0 pauses
 Output (normal): 0 packets, - bytes
         0 unicasts, 0 broadcasts, 0 multicasts, 0 pauses
 Output: 0 output errors, - underruns, - buffer failures
         0 aborts, 0 deferred, 0 collisions, 0 late collisions
         0 lost carrier, - no carrier
IPv4 traffic statistics:
 Last 300 seconds input rate: 0 packets/sec, 0 bytes/sec
 Last 300 seconds output rate: 0 packets/sec, 0 bytes/sec
 Input: 0 packets, 0 bytes
 Output: 0 packets, 0 bytes
IPv6 traffic statistics:
 Last 300 seconds input rate: 0 packets/sec, 0 bytes/sec
 Last 300 seconds output rate: 0 packets/sec, 0 bytes/sec
 Input: 0 packets, 0 bytes
 Output: 0 packets, 0 bytes

GigabitEthernet1/0/19
Current state: DOWN
Line protocol state: DOWN
IP packet frame type: Ethernet II, hardware address: 7449-d275-62c0
Description: GigabitEthernet1/0/19 Interface
Bandwidth: 1000000 kbps
Loopback is not set
Media type is not sure, Port hardware type is no connector
Unknown-speed mode, unknown-duplex mode
Link speed type is autonegotiation, link duplex type is autonegotiation
Flow-control is not enabled
Maximum frame length: 12288
Allow jumbo frames to pass
Broadcast max-ratio: 100%
Multicast max-ratio: 100%
Unicast max-ratio: 100%
Known-unicast max-ratio: 100%
PVID: 1
MDI type: Automdix
Port link-type: Access
 Tagged VLANs:   None
 Untagged VLANs: 1
Port priority: 0
Last link flapping: Never
Last clearing of counters: Never
Current system time:2015-04-02 13:41:28
Last time when physical state changed to up:-
Last time when physical state changed to down:2013-01-01 00:00:28
 Peak input rate: 0 bytes/sec, at 2013-01-01 00:02:16 
 Peak output rate: 0 bytes/sec, at 2013-01-01 00:02:16 
 Last 300 seconds input: 0 packets/sec 0 bytes/sec -%
 Last 300 seconds output: 0 packets/sec 0 bytes/sec -%
 Input (total):  0 packets, 0 bytes
         0 unicasts, 0 broadcasts, 0 multicasts, 0 pauses
 Input (normal):  0 packets, - bytes
         0 unicasts, 0 broadcasts, 0 multicasts, 0 pauses
 Input:  0 input errors, 0 runts, 0 giants, 0 throttles
         0 CRC, 0 frame, - overruns, 0 aborts
         - ignored, - parity errors
 Output (total): 0 packets, 0 bytes
         0 unicasts, 0 broadcasts, 0 multicasts, 0 pauses
 Output (normal): 0 packets, - bytes
         0 unicasts, 0 broadcasts, 0 multicasts, 0 pauses
 Output: 0 output errors, - underruns, - buffer failures
         0 aborts, 0 deferred, 0 collisions, 0 late collisions
         0 lost carrier, - no carrier
IPv4 traffic statistics:
 Last 300 seconds input rate: 0 packets/sec, 0 bytes/sec
 Last 300 seconds output rate: 0 packets/sec, 0 bytes/sec
 Input: 0 packets, 0 bytes
 Output: 0 packets, 0 bytes
IPv6 traffic statistics:
 Last 300 seconds input rate: 0 packets/sec, 0 bytes/sec
 Last 300 seconds output rate: 0 packets/sec, 0 bytes/sec
 Input: 0 packets, 0 bytes
 Output: 0 packets, 0 bytes

GigabitEthernet1/0/20
Current state: DOWN
Line protocol state: DOWN
IP packet frame type: Ethernet II, hardware address: 7449-d275-62c1
Description: GigabitEthernet1/0/20 Interface
Bandwidth: 1000000 kbps
Loopback is not set
Media type is not sure, Port hardware type is no connector
Unknown-speed mode, unknown-duplex mode
Link speed type is autonegotiation, link duplex type is autonegotiation
Flow-control is not enabled
Maximum frame length: 12288
Allow jumbo frames to pass
Broadcast max-ratio: 100%
Multicast max-ratio: 100%
Unicast max-ratio: 100%
Known-unicast max-ratio: 100%
PVID: 1
MDI type: Automdix
Port link-type: Access
 Tagged VLANs:   None
 Untagged VLANs: 1
Port priority: 0
Last link flapping: Never
Last clearing of counters: Never
Current system time:2015-04-02 13:41:28
Last time when physical state changed to up:-
Last time when physical state changed to down:2013-01-01 00:00:28
 Peak input rate: 0 bytes/sec, at 2013-01-01 00:02:16 
 Peak output rate: 0 bytes/sec, at 2013-01-01 00:02:16 
 Last 300 seconds input: 0 packets/sec 0 bytes/sec -%
 Last 300 seconds output: 0 packets/sec 0 bytes/sec -%
 Input (total):  0 packets, 0 bytes
         0 unicasts, 0 broadcasts, 0 multicasts, 0 pauses
 Input (normal):  0 packets, - bytes
         0 unicasts, 0 broadcasts, 0 multicasts, 0 pauses
 Input:  0 input errors, 0 runts, 0 giants, 0 throttles
         0 CRC, 0 frame, - overruns, 0 aborts
         - ignored, - parity errors
 Output (total): 0 packets, 0 bytes
         0 unicasts, 0 broadcasts, 0 multicasts, 0 pauses
 Output (normal): 0 packets, - bytes
         0 unicasts, 0 broadcasts, 0 multicasts, 0 pauses
 Output: 0 output errors, - underruns, - buffer failures
         0 aborts, 0 deferred, 0 collisions, 0 late collisions
         0 lost carrier, - no carrier
IPv4 traffic statistics:
 Last 300 seconds input rate: 0 packets/sec, 0 bytes/sec
 Last 300 seconds output rate: 0 packets/sec, 0 bytes/sec
 Input: 0 packets, 0 bytes
 Output: 0 packets, 0 bytes
IPv6 traffic statistics:
 Last 300 seconds input rate: 0 packets/sec, 0 bytes/sec
 Last 300 seconds output rate: 0 packets/sec, 0 bytes/sec
 Input: 0 packets, 0 bytes
 Output: 0 packets, 0 bytes

GigabitEthernet1/0/21
Current state: DOWN
Line protocol state: DOWN
IP packet frame type: Ethernet II, hardware address: 7449-d275-62c2
Description: GigabitEthernet1/0/21 Interface
Bandwidth: 1000000 kbps
Loopback is not set
Media type is not sure, Port hardware type is no connector
Unknown-speed mode, unknown-duplex mode
Link speed type is autonegotiation, link duplex type is autonegotiation
Flow-control is not enabled
Maximum frame length: 12288
Allow jumbo frames to pass
Broadcast max-ratio: 100%
Multicast max-ratio: 100%
Unicast max-ratio: 100%
Known-unicast max-ratio: 100%
PVID: 1
MDI type: Automdix
Port link-type: Access
 Tagged VLANs:   None
 Untagged VLANs: 1
Port priority: 0
Last link flapping: Never
Last clearing of counters: Never
Current system time:2015-04-02 13:41:28
Last time when physical state changed to up:-
Last time when physical state changed to down:2013-01-01 00:00:28
 Peak input rate: 0 bytes/sec, at 2013-01-01 00:02:16 
 Peak output rate: 0 bytes/sec, at 2013-01-01 00:02:16 
 Last 300 seconds input: 0 packets/sec 0 bytes/sec -%
 Last 300 seconds output: 0 packets/sec 0 bytes/sec -%
 Input (total):  0 packets, 0 bytes
         0 unicasts, 0 broadcasts, 0 multicasts, 0 pauses
 Input (normal):  0 packets, - bytes
         0 unicasts, 0 broadcasts, 0 multicasts, 0 pauses
 Input:  0 input errors, 0 runts, 0 giants, 0 throttles
         0 CRC, 0 frame, - overruns, 0 aborts
         - ignored, - parity errors
 Output (total): 0 packets, 0 bytes
         0 unicasts, 0 broadcasts, 0 multicasts, 0 pauses
 Output (normal): 0 packets, - bytes
         0 unicasts, 0 broadcasts, 0 multicasts, 0 pauses
 Output: 0 output errors, - underruns, - buffer failures
         0 aborts, 0 deferred, 0 collisions, 0 late collisions
         0 lost carrier, - no carrier
IPv4 traffic statistics:
 Last 300 seconds input rate: 0 packets/sec, 0 bytes/sec
 Last 300 seconds output rate: 0 packets/sec, 0 bytes/sec
 Input: 0 packets, 0 bytes
 Output: 0 packets, 0 bytes
IPv6 traffic statistics:
 Last 300 seconds input rate: 0 packets/sec, 0 bytes/sec
 Last 300 seconds output rate: 0 packets/sec, 0 bytes/sec
 Input: 0 packets, 0 bytes
 Output: 0 packets, 0 bytes

GigabitEthernet1/0/22
Current state: DOWN
Line protocol state: DOWN
IP packet frame type: Ethernet II, hardware address: 7449-d275-62c3
Description: GigabitEthernet1/0/22 Interface
Bandwidth: 1000000 kbps
Loopback is not set
Media type is not sure, Port hardware type is no connector
Unknown-speed mode, unknown-duplex mode
Link speed type is autonegotiation, link duplex type is autonegotiation
Flow-control is not enabled
Maximum frame length: 12288
Allow jumbo frames to pass
Broadcast max-ratio: 100%
Multicast max-ratio: 100%
Unicast max-ratio: 100%
Known-unicast max-ratio: 100%
PVID: 1
MDI type: Automdix
Port link-type: Access
 Tagged VLANs:   None
 Untagged VLANs: 1
Port priority: 0
Last link flapping: Never
Last clearing of counters: Never
Current system time:2015-04-02 13:41:28
Last time when physical state changed to up:-
Last time when physical state changed to down:2013-01-01 00:00:28
 Peak input rate: 0 bytes/sec, at 2013-01-01 00:02:16 
 Peak output rate: 0 bytes/sec, at 2013-01-01 00:02:16 
 Last 300 seconds input: 0 packets/sec 0 bytes/sec -%
 Last 300 seconds output: 0 packets/sec 0 bytes/sec -%
 Input (total):  0 packets, 0 bytes
         0 unicasts, 0 broadcasts, 0 multicasts, 0 pauses
 Input (normal):  0 packets, - bytes
         0 unicasts, 0 broadcasts, 0 multicasts, 0 pauses
 Input:  0 input errors, 0 runts, 0 giants, 0 throttles
         0 CRC, 0 frame, - overruns, 0 aborts
         - ignored, - parity errors
 Output (total): 0 packets, 0 bytes
         0 unicasts, 0 broadcasts, 0 multicasts, 0 pauses
 Output (normal): 0 packets, - bytes
         0 unicasts, 0 broadcasts, 0 multicasts, 0 pauses
 Output: 0 output errors, - underruns, - buffer failures
         0 aborts, 0 deferred, 0 collisions, 0 late collisions
         0 lost carrier, - no carrier
IPv4 traffic statistics:
 Last 300 seconds input rate: 0 packets/sec, 0 bytes/sec
 Last 300 seconds output rate: 0 packets/sec, 0 bytes/sec
 Input: 0 packets, 0 bytes
 Output: 0 packets, 0 bytes
IPv6 traffic statistics:
 Last 300 seconds input rate: 0 packets/sec, 0 bytes/sec
 Last 300 seconds output rate: 0 packets/sec, 0 bytes/sec
 Input: 0 packets, 0 bytes
 Output: 0 packets, 0 bytes

GigabitEthernet1/0/23
Current state: DOWN
Line protocol state: DOWN
IP packet frame type: Ethernet II, hardware address: 7449-d275-62c4
Description: GigabitEthernet1/0/23 Interface
Bandwidth: 1000000 kbps
Loopback is not set
Media type is not sure, Port hardware type is no connector
Unknown-speed mode, unknown-duplex mode
Link speed type is autonegotiation, link duplex type is autonegotiation
Flow-control is not enabled
Maximum frame length: 12288
Allow jumbo frames to pass
Broadcast max-ratio: 100%
Multicast max-ratio: 100%
Unicast max-ratio: 100%
Known-unicast max-ratio: 100%
PVID: 1
MDI type: Automdix
Port link-type: Access
 Tagged VLANs:   None
 Untagged VLANs: 1
Port priority: 0
Last link flapping: Never
Last clearing of counters: Never
Current system time:2015-04-02 13:41:28
Last time when physical state changed to up:-
Last time when physical state changed to down:2013-01-01 00:00:28
 Peak input rate: 0 bytes/sec, at 2013-01-01 00:02:16 
 Peak output rate: 0 bytes/sec, at 2013-01-01 00:02:16 
 Last 300 seconds input: 0 packets/sec 0 bytes/sec -%
 Last 300 seconds output: 0 packets/sec 0 bytes/sec -%
 Input (total):  0 packets, 0 bytes
         0 unicasts, 0 broadcasts, 0 multicasts, 0 pauses
 Input (normal):  0 packets, - bytes
         0 unicasts, 0 broadcasts, 0 multicasts, 0 pauses
 Input:  0 input errors, 0 runts, 0 giants, 0 throttles
         0 CRC, 0 frame, - overruns, 0 aborts
         - ignored, - parity errors
 Output (total): 0 packets, 0 bytes
         0 unicasts, 0 broadcasts, 0 multicasts, 0 pauses
 Output (normal): 0 packets, - bytes
         0 unicasts, 0 broadcasts, 0 multicasts, 0 pauses
 Output: 0 output errors, - underruns, - buffer failures
         0 aborts, 0 deferred, 0 collisions, 0 late collisions
         0 lost carrier, - no carrier
IPv4 traffic statistics:
 Last 300 seconds input rate: 0 packets/sec, 0 bytes/sec
 Last 300 seconds output rate: 0 packets/sec, 0 bytes/sec
 Input: 0 packets, 0 bytes
 Output: 0 packets, 0 bytes
IPv6 traffic statistics:
 Last 300 seconds input rate: 0 packets/sec, 0 bytes/sec
 Last 300 seconds output rate: 0 packets/sec, 0 bytes/sec
 Input: 0 packets, 0 bytes
 Output: 0 packets, 0 bytes

GigabitEthernet1/0/24
Current state: DOWN
Line protocol state: DOWN
IP packet frame type: Ethernet II, hardware address: 7449-d275-62c5
Description: GigabitEthernet1/0/24 Interface
Bandwidth: 1000000 kbps
Loopback is not set
Media type is not sure, Port hardware type is no connector
Unknown-speed mode, unknown-duplex mode
Link speed type is autonegotiation, link duplex type is autonegotiation
Flow-control is not enabled
Maximum frame length: 12288
Allow jumbo frames to pass
Broadcast max-ratio: 100%
Multicast max-ratio: 100%
Unicast max-ratio: 100%
Known-unicast max-ratio: 100%
PVID: 1
MDI type: Automdix
Port link-type: Access
 Tagged VLANs:   None
 Untagged VLANs: 1
Port priority: 0
Last link flapping: Never
Last clearing of counters: Never
Current system time:2015-04-02 13:41:28
Last time when physical state changed to up:-
Last time when physical state changed to down:2013-01-01 00:00:28
 Peak input rate: 0 bytes/sec, at 2013-01-01 00:02:16 
 Peak output rate: 0 bytes/sec, at 2013-01-01 00:02:16 
 Last 300 seconds input: 0 packets/sec 0 bytes/sec -%
 Last 300 seconds output: 0 packets/sec 0 bytes/sec -%
 Input (total):  0 packets, 0 bytes
         0 unicasts, 0 broadcasts, 0 multicasts, 0 pauses
 Input (normal):  0 packets, - bytes
         0 unicasts, 0 broadcasts, 0 multicasts, 0 pauses
 Input:  0 input errors, 0 runts, 0 giants, 0 throttles
         0 CRC, 0 frame, - overruns, 0 aborts
         - ignored, - parity errors
 Output (total): 0 packets, 0 bytes
         0 unicasts, 0 broadcasts, 0 multicasts, 0 pauses
 Output (normal): 0 packets, - bytes
         0 unicasts, 0 broadcasts, 0 multicasts, 0 pauses
 Output: 0 output errors, - underruns, - buffer failures
         0 aborts, 0 deferred, 0 collisions, 0 late collisions
         0 lost carrier, - no carrier
IPv4 traffic statistics:
 Last 300 seconds input rate: 0 packets/sec, 0 bytes/sec
 Last 300 seconds output rate: 0 packets/sec, 0 bytes/sec
 Input: 0 packets, 0 bytes
 Output: 0 packets, 0 bytes
IPv6 traffic statistics:
 Last 300 seconds input rate: 0 packets/sec, 0 bytes/sec
 Last 300 seconds output rate: 0 packets/sec, 0 bytes/sec
 Input: 0 packets, 0 bytes
 Output: 0 packets, 0 bytes

GigabitEthernet1/0/25
Current state: UP
Line protocol state: UP
IP packet frame type: Ethernet II, hardware address: 7449-d275-62c6
Description: GigabitEthernet1/0/25 Interface
Bandwidth: 1000000 kbps
Loopback is not set
Media type is twisted pair
Port hardware type is 1000_BASE_T
1000Mbps-speed mode, full-duplex mode
Link speed type is autonegotiation, link duplex type is autonegotiation
Flow-control is not enabled
Maximum frame length: 12288
Allow jumbo frames to pass
Broadcast max-ratio: 100%
Multicast max-ratio: 100%
Unicast max-ratio: 100%
Known-unicast max-ratio: 100%
PVID: 100
MDI type: Automdix
Port link-type: Access
 Tagged VLANs:   None
 Untagged VLANs: 100
Port priority: 0
Last link flapping: 2 weeks 4 days 6 hours 38 minutes
Last clearing of counters: Never
Current system time:2015-04-02 13:41:28
Last time when physical state changed to up:2015-03-15 07:03:00
Last time when physical state changed to down:2015-03-15 07:02:57
 Peak input rate: 66509013 bytes/sec, at 2014-12-27 23:23:53 
 Peak output rate: 220494939 bytes/sec, at 2014-12-27 23:23:53 
 Last 300 seconds input: 2 packets/sec 348 bytes/sec 0%
 Last 300 seconds output: 2 packets/sec 578 bytes/sec 0%
 Input (total):  177461390 packets, 24565707172 bytes
         175094963 unicasts, 11 broadcasts, 2366416 multicasts, 0 pauses
 Input (normal):  177461390 packets, - bytes
         175094963 unicasts, 11 broadcasts, 2366416 multicasts, 0 pauses
 Input:  0 input errors, 0 runts, 0 giants, 0 throttles
         0 CRC, 0 frame, - overruns, 0 aborts
         - ignored, - parity errors
 Output (total): 208529028 packets, 81513380774 bytes
         170672407 unicasts, 3 broadcasts, 37856618 multicasts, 0 pauses
 Output (normal): 208529028 packets, - bytes
         170672407 unicasts, 3 broadcasts, 37856618 multicasts, 0 pauses
 Output: 0 output errors, - underruns, - buffer failures
         0 aborts, 0 deferred, 0 collisions, 0 late collisions
         0 lost carrier, - no carrier
IPv4 traffic statistics:
 Last 300 seconds input rate: 0 packets/sec, 0 bytes/sec
 Last 300 seconds output rate: 0 packets/sec, 0 bytes/sec
 Input: 0 packets, 0 bytes
 Output: 0 packets, 0 bytes
IPv6 traffic statistics:
 Last 300 seconds input rate: 0 packets/sec, 0 bytes/sec
 Last 300 seconds output rate: 0 packets/sec, 0 bytes/sec
 Input: 0 packets, 0 bytes
 Output: 0 packets, 0 bytes

GigabitEthernet1/0/26
Current state: UP
Line protocol state: UP
IP packet frame type: Ethernet II, hardware address: 7449-d275-62c7
Description: GigabitEthernet1/0/26 Interface
Bandwidth: 100000 kbps
Loopback is not set
Media type is twisted pair
Port hardware type is 1000_BASE_T
100Mbps-speed mode, full-duplex mode
Link speed type is autonegotiation, link duplex type is autonegotiation
Flow-control is not enabled
Maximum frame length: 12288
Allow jumbo frames to pass
Broadcast max-ratio: 100%
Multicast max-ratio: 100%
Unicast max-ratio: 100%
Known-unicast max-ratio: 100%
PVID: 1
MDI type: Automdix
Port link-type: Access
 Tagged VLANs:   None
 Untagged VLANs: 1
Port priority: 0
Last link flapping: 117 weeks 2 days 13 hours 0 minutes
Last clearing of counters: Never
Current system time:2015-04-02 13:41:28
Last time when physical state changed to up:2013-01-01 00:40:17
Last time when physical state changed to down:2013-01-01 00:00:28
 Peak input rate: 84727103 bytes/sec, at 2015-03-12 20:37:17 
 Peak output rate: 17433719 bytes/sec, at 2015-03-12 20:37:17 
 Last 300 seconds input: 6 packets/sec 403 bytes/sec 0%
 Last 300 seconds output: 0 packets/sec 87 bytes/sec 0%
 Input (total):  439158469 packets, 28384014293 bytes
         437976592 unicasts, 34 broadcasts, 1181843 multicasts, 0 pauses
 Input (normal):  439158469 packets, - bytes
         437976592 unicasts, 34 broadcasts, 1181843 multicasts, 0 pauses
 Input:  0 input errors, 0 runts, 0 giants, 0 throttles
         0 CRC, 0 frame, - overruns, 0 aborts
         - ignored, - parity errors
 Output (total): 46466243 packets, 5851039231 bytes
         62763 unicasts, 1448671 broadcasts, 44954809 multicasts, 0 pauses
 Output (normal): 46466243 packets, - bytes
         62763 unicasts, 1448671 broadcasts, 44954809 multicasts, 0 pauses
 Output: 0 output errors, - underruns, - buffer failures
         0 aborts, 0 deferred, 0 collisions, 0 late collisions
         0 lost carrier, - no carrier
IPv4 traffic statistics:
 Last 300 seconds input rate: 0 packets/sec, 0 bytes/sec
 Last 300 seconds output rate: 0 packets/sec, 0 bytes/sec
 Input: 0 packets, 0 bytes
 Output: 0 packets, 0 bytes
IPv6 traffic statistics:
 Last 300 seconds input rate: 0 packets/sec, 0 bytes/sec
 Last 300 seconds output rate: 0 packets/sec, 0 bytes/sec
 Input: 0 packets, 0 bytes
 Output: 0 packets, 0 bytes

GigabitEthernet1/0/27
Current state: UP
Line protocol state: UP
IP packet frame type: Ethernet II, hardware address: 7449-d275-62c8
Description: GigabitEthernet1/0/27 Interface
Bandwidth: 100000 kbps
Loopback is not set
Media type is twisted pair
Port hardware type is 1000_BASE_T
100Mbps-speed mode, full-duplex mode
Link speed type is autonegotiation, link duplex type is autonegotiation
Flow-control is not enabled
Maximum frame length: 12288
Allow jumbo frames to pass
Broadcast max-ratio: 100%
Multicast max-ratio: 100%
Unicast max-ratio: 100%
Known-unicast max-ratio: 100%
PVID: 1
MDI type: Automdix
Port link-type: Access
 Tagged VLANs:   None
 Untagged VLANs: 1
Port priority: 0
Last link flapping: 112 weeks 2 days 12 hours 23 minutes
Last clearing of counters: Never
Current system time:2015-04-02 13:41:28
Last time when physical state changed to up:2013-02-05 01:18:05
Last time when physical state changed to down:2013-02-05 01:18:03
 Peak input rate: 134820890 bytes/sec, at 2014-10-25 20:39:45 
 Peak output rate: 96921824 bytes/sec, at 2014-10-25 20:39:45 
 Last 300 seconds input: 0 packets/sec 63 bytes/sec 0%
 Last 300 seconds output: 7 packets/sec 538 bytes/sec 0%
 Input (total):  76840478 packets, 55437448114 bytes
         76840433 unicasts, 45 broadcasts, 0 multicasts, 0 pauses
 Input (normal):  76840478 packets, - bytes
         76840433 unicasts, 45 broadcasts, 0 multicasts, 0 pauses
 Input:  0 input errors, 0 runts, 0 giants, 0 throttles
         0 CRC, 0 frame, - overruns, 0 aborts
         - ignored, - parity errors
 Output (total): 562690365 packets, 39449904938 bytes
         515105136 unicasts, 1448632 broadcasts, 46136597 multicasts, 0 pauses
 Output (normal): 562690365 packets, - bytes
         515105136 unicasts, 1448632 broadcasts, 46136597 multicasts, 0 pauses
 Output: 0 output errors, - underruns, - buffer failures
         0 aborts, 0 deferred, 0 collisions, 0 late collisions
         0 lost carrier, - no carrier
IPv4 traffic statistics:
 Last 300 seconds input rate: 0 packets/sec, 0 bytes/sec
 Last 300 seconds output rate: 0 packets/sec, 0 bytes/sec
 Input: 0 packets, 0 bytes
 Output: 0 packets, 0 bytes
IPv6 traffic statistics:
 Last 300 seconds input rate: 0 packets/sec, 0 bytes/sec
 Last 300 seconds output rate: 0 packets/sec, 0 bytes/sec
 Input: 0 packets, 0 bytes
 Output: 0 packets, 0 bytes

GigabitEthernet1/0/28
Current state: UP
Line protocol state: UP
IP packet frame type: Ethernet II, hardware address: 7449-d275-62c9
Description: GigabitEthernet1/0/28 Interface
Bandwidth: 100000 kbps
Loopback is not set
Media type is twisted pair
Port hardware type is 1000_BASE_T
100Mbps-speed mode, full-duplex mode
Link speed type is autonegotiation, link duplex type is autonegotiation
Flow-control is not enabled
Maximum frame length: 12288
Allow jumbo frames to pass
Broadcast max-ratio: 100%
Multicast max-ratio: 100%
Unicast max-ratio: 100%
Known-unicast max-ratio: 100%
PVID: 1
MDI type: Automdix
Port link-type: Access
 Tagged VLANs:   None
 Untagged VLANs: 1
Port priority: 0
Last link flapping: 104 weeks 0 days 11 hours 11 minutes
Last clearing of counters: Never
Current system time:2015-04-02 13:41:28
Last time when physical state changed to up:2013-04-04 02:29:29
Last time when physical state changed to down:2013-04-04 02:29:27
 Peak input rate: 121208 bytes/sec, at 2013-02-05 00:32:19 
 Peak output rate: 85459877 bytes/sec, at 2014-10-29 14:35:41 
 Last 300 seconds input: 0 packets/sec 0 bytes/sec 0%
 Last 300 seconds output: 6 packets/sec 491 bytes/sec 0%
 Input (total):  4832331 packets, 2530934943 bytes
         4832295 unicasts, 36 broadcasts, 0 multicasts, 0 pauses
 Input (normal):  4832331 packets, - bytes
         4832295 unicasts, 36 broadcasts, 0 multicasts, 0 pauses
 Input:  0 input errors, 0 runts, 0 giants, 0 throttles
         0 CRC, 0 frame, - overruns, 0 aborts
         - ignored, - parity errors
 Output (total): 489031428 packets, 34467322670 bytes
         441446294 unicasts, 1448646 broadcasts, 46136488 multicasts, 0 pauses
 Output (normal): 489031428 packets, - bytes
         441446294 unicasts, 1448646 broadcasts, 46136488 multicasts, 0 pauses
 Output: 0 output errors, - underruns, - buffer failures
         0 aborts, 0 deferred, 0 collisions, 0 late collisions
         0 lost carrier, - no carrier
IPv4 traffic statistics:
 Last 300 seconds input rate: 0 packets/sec, 0 bytes/sec
 Last 300 seconds output rate: 0 packets/sec, 0 bytes/sec
 Input: 0 packets, 0 bytes
 Output: 0 packets, 0 bytes
IPv6 traffic statistics:
 Last 300 seconds input rate: 0 packets/sec, 0 bytes/sec
 Last 300 seconds output rate: 0 packets/sec, 0 bytes/sec
 Input: 0 packets, 0 bytes
 Output: 0 packets, 0 bytes

GigabitEthernet1/0/29
Current state: UP
Line protocol state: UP
IP packet frame type: Ethernet II, hardware address: 7449-d275-62ca
Description: GigabitEthernet1/0/29 Interface
Bandwidth: 100000 kbps
Loopback is not set
Media type is twisted pair
Port hardware type is 1000_BASE_T
100Mbps-speed mode, half-duplex mode
Link speed type is autonegotiation, link duplex type is autonegotiation
Flow-control is not enabled
Maximum frame length: 12288
Allow jumbo frames to pass
Broadcast max-ratio: 100%
Multicast max-ratio: 100%
Unicast max-ratio: 100%
Known-unicast max-ratio: 100%
PVID: 1
MDI type: Automdix
Port link-type: Access
 Tagged VLANs:   None
 Untagged VLANs: 1
Port priority: 0
Last link flapping: 117 weeks 2 days 12 hours 57 minutes
Last clearing of counters: Never
Current system time:2015-04-02 13:41:28
Last time when physical state changed to up:2013-01-01 00:43:22
Last time when physical state changed to down:2013-01-01 00:00:28
 Peak input rate: 0 bytes/sec, at 2013-01-01 00:02:16 
 Peak output rate: 84815704 bytes/sec, at 2014-10-29 16:35:45 
 Last 300 seconds input: 0 packets/sec 0 bytes/sec 0%
 Last 300 seconds output: 6 packets/sec 491 bytes/sec 0%
 Input (total):  0 packets, 0 bytes
         0 unicasts, 0 broadcasts, 0 multicasts, 0 pauses
 Input (normal):  0 packets, - bytes
         0 unicasts, 0 broadcasts, 0 multicasts, 0 pauses
 Input:  0 input errors, 0 runts, 0 giants, 0 throttles
         0 CRC, 0 frame, - overruns, 0 aborts
         - ignored, - parity errors
 Output (total): 485498660 packets, 34226881662 bytes
         437913472 unicasts, 1448657 broadcasts, 46136531 multicasts, 0 pauses
 Output (normal): 485498660 packets, - bytes
         437913472 unicasts, 1448657 broadcasts, 46136531 multicasts, 0 pauses
 Output: 0 output errors, - underruns, - buffer failures
         0 aborts, 0 deferred, 0 collisions, 0 late collisions
         0 lost carrier, - no carrier
IPv4 traffic statistics:
 Last 300 seconds input rate: 0 packets/sec, 0 bytes/sec
 Last 300 seconds output rate: 0 packets/sec, 0 bytes/sec
 Input: 0 packets, 0 bytes
 Output: 0 packets, 0 bytes
IPv6 traffic statistics:
 Last 300 seconds input rate: 0 packets/sec, 0 bytes/sec
 Last 300 seconds output rate: 0 packets/sec, 0 bytes/sec
 Input: 0 packets, 0 bytes
 Output: 0 packets, 0 bytes

GigabitEthernet1/0/30
Current state: UP
Line protocol state: UP
IP packet frame type: Ethernet II, hardware address: 7449-d275-62cb
Description: GigabitEthernet1/0/30 Interface
Bandwidth: 100000 kbps
Loopback is not set
Media type is twisted pair
Port hardware type is 1000_BASE_T
100Mbps-speed mode, half-duplex mode
Link speed type is autonegotiation, link duplex type is autonegotiation
Flow-control is not enabled
Maximum frame length: 12288
Allow jumbo frames to pass
Broadcast max-ratio: 100%
Multicast max-ratio: 100%
Unicast max-ratio: 100%
Known-unicast max-ratio: 100%
PVID: 1
MDI type: Automdix
Port link-type: Access
 Tagged VLANs:   None
 Untagged VLANs: 1
Port priority: 0
Last link flapping: 83 weeks 3 days 14 hours 52 minutes
Last clearing of counters: Never
Current system time:2015-04-02 13:41:29
Last time when physical state changed to up:2013-08-25 22:49:08
Last time when physical state changed to down:2013-08-25 22:49:06
 Peak input rate: 0 bytes/sec, at 2013-01-01 00:02:16 
 Peak output rate: 84727391 bytes/sec, at 2014-10-29 06:50:33 
 Last 300 seconds input: 0 packets/sec 0 bytes/sec 0%
 Last 300 seconds output: 6 packets/sec 491 bytes/sec 0%
 Input (total):  2 packets, 128 bytes
         1 unicasts, 0 broadcasts, 1 multicasts, 0 pauses
 Input (normal):  2 packets, - bytes
         1 unicasts, 0 broadcasts, 1 multicasts, 0 pauses
 Input:  0 input errors, 0 runts, 0 giants, 0 throttles
         0 CRC, 0 frame, - overruns, 0 aborts
         - ignored, - parity errors
 Output (total): 485465975 packets, 34224601464 bytes
         437883676 unicasts, 1448657 broadcasts, 46133642 multicasts, 0 pauses
 Output (normal): 485465975 packets, - bytes
         437883676 unicasts, 1448657 broadcasts, 46133642 multicasts, 0 pauses
 Output: 0 output errors, - underruns, - buffer failures
         0 aborts, 0 deferred, 0 collisions, 0 late collisions
         0 lost carrier, - no carrier
IPv4 traffic statistics:
 Last 300 seconds input rate: 0 packets/sec, 0 bytes/sec
 Last 300 seconds output rate: 0 packets/sec, 0 bytes/sec
 Input: 0 packets, 0 bytes
 Output: 0 packets, 0 bytes
IPv6 traffic statistics:
 Last 300 seconds input rate: 0 packets/sec, 0 bytes/sec
 Last 300 seconds output rate: 0 packets/sec, 0 bytes/sec
 Input: 0 packets, 0 bytes
 Output: 0 packets, 0 bytes

GigabitEthernet1/0/31
Current state: DOWN
Line protocol state: DOWN
IP packet frame type: Ethernet II, hardware address: 7449-d275-62cc
Description: GigabitEthernet1/0/31 Interface
Bandwidth: 1000000 kbps
Loopback is not set
Media type is twisted pair
Port hardware type is 1000_BASE_T
Unknown-speed mode, unknown-duplex mode
Link speed type is autonegotiation, link duplex type is autonegotiation
Flow-control is not enabled
Maximum frame length: 12288
Allow jumbo frames to pass
Broadcast max-ratio: 100%
Multicast max-ratio: 100%
Unicast max-ratio: 100%
Known-unicast max-ratio: 100%
PVID: 1
MDI type: Automdix
Port link-type: Access
 Tagged VLANs:   None
 Untagged VLANs: 1
Port priority: 0
Last link flapping: Never
Last clearing of counters: Never
Current system time:2015-04-02 13:41:29
Last time when physical state changed to up:-
Last time when physical state changed to down:2013-01-01 00:00:28
 Peak input rate: 0 bytes/sec, at 2013-01-01 00:02:16 
 Peak output rate: 0 bytes/sec, at 2013-01-01 00:02:16 
 Last 300 seconds input: 0 packets/sec 0 bytes/sec -%
 Last 300 seconds output: 0 packets/sec 0 bytes/sec -%
 Input (total):  0 packets, 0 bytes
         0 unicasts, 0 broadcasts, 0 multicasts, 0 pauses
 Input (normal):  0 packets, - bytes
         0 unicasts, 0 broadcasts, 0 multicasts, 0 pauses
 Input:  0 input errors, 0 runts, 0 giants, 0 throttles
         0 CRC, 0 frame, - overruns, 0 aborts
         - ignored, - parity errors
 Output (total): 0 packets, 0 bytes
         0 unicasts, 0 broadcasts, 0 multicasts, 0 pauses
 Output (normal): 0 packets, - bytes
         0 unicasts, 0 broadcasts, 0 multicasts, 0 pauses
 Output: 0 output errors, - underruns, - buffer failures
         0 aborts, 0 deferred, 0 collisions, 0 late collisions
         0 lost carrier, - no carrier
IPv4 traffic statistics:
 Last 300 seconds input rate: 0 packets/sec, 0 bytes/sec
 Last 300 seconds output rate: 0 packets/sec, 0 bytes/sec
 Input: 0 packets, 0 bytes
 Output: 0 packets, 0 bytes
IPv6 traffic statistics:
 Last 300 seconds input rate: 0 packets/sec, 0 bytes/sec
 Last 300 seconds output rate: 0 packets/sec, 0 bytes/sec
 Input: 0 packets, 0 bytes
 Output: 0 packets, 0 bytes

GigabitEthernet1/0/32
Current state: DOWN
Line protocol state: DOWN
IP packet frame type: Ethernet II, hardware address: 7449-d275-62cd
Description: GigabitEthernet1/0/32 Interface
Bandwidth: 1000000 kbps
Loopback is not set
Media type is twisted pair
Port hardware type is 1000_BASE_T
Unknown-speed mode, unknown-duplex mode
Link speed type is autonegotiation, link duplex type is autonegotiation
Flow-control is not enabled
Maximum frame length: 12288
Allow jumbo frames to pass
Broadcast max-ratio: 100%
Multicast max-ratio: 100%
Unicast max-ratio: 100%
Known-unicast max-ratio: 100%
PVID: 1
MDI type: Automdix
Port link-type: Access
 Tagged VLANs:   None
 Untagged VLANs: 1
Port priority: 0
Last link flapping: Never
Last clearing of counters: Never
Current system time:2015-04-02 13:41:29
Last time when physical state changed to up:-
Last time when physical state changed to down:2013-01-01 00:00:28
 Peak input rate: 0 bytes/sec, at 2013-01-01 00:02:16 
 Peak output rate: 0 bytes/sec, at 2013-01-01 00:02:16 
 Last 300 seconds input: 0 packets/sec 0 bytes/sec -%
 Last 300 seconds output: 0 packets/sec 0 bytes/sec -%
 Input (total):  0 packets, 0 bytes
         0 unicasts, 0 broadcasts, 0 multicasts, 0 pauses
 Input (normal):  0 packets, - bytes
         0 unicasts, 0 broadcasts, 0 multicasts, 0 pauses
 Input:  0 input errors, 0 runts, 0 giants, 0 throttles
         0 CRC, 0 frame, - overruns, 0 aborts
         - ignored, - parity errors
 Output (total): 0 packets, 0 bytes
         0 unicasts, 0 broadcasts, 0 multicasts, 0 pauses
 Output (normal): 0 packets, - bytes
         0 unicasts, 0 broadcasts, 0 multicasts, 0 pauses
 Output: 0 output errors, - underruns, - buffer failures
         0 aborts, 0 deferred, 0 collisions, 0 late collisions
         0 lost carrier, - no carrier
IPv4 traffic statistics:
 Last 300 seconds input rate: 0 packets/sec, 0 bytes/sec
 Last 300 seconds output rate: 0 packets/sec, 0 bytes/sec
 Input: 0 packets, 0 bytes
 Output: 0 packets, 0 bytes
IPv6 traffic statistics:
 Last 300 seconds input rate: 0 packets/sec, 0 bytes/sec
 Last 300 seconds output rate: 0 packets/sec, 0 bytes/sec
 Input: 0 packets, 0 bytes
 Output: 0 packets, 0 bytes

InLoopBack0
Current state: UP
Line protocol state: UP(spoofing)
Description: InLoopBack0 Interface
Maximum transmission unit: 1536
Physical: InLoopBack
Last 300 seconds input rate: 0 bytes/sec, 0 bits/sec, 0 packets/sec
Last 300 seconds output rate: 0 bytes/sec, 0 bits/sec, 0 packets/sec
Input: 0 packets, 0 bytes, 0 drops
Output: 0 packets, 0 bytes, 0 drops

LoopBack0
Current state: UP
Line protocol state: UP(spoofing)
Description: LoopBack0 Interface
Maximum transmission unit: 1536
Internet address: 10.233.105.254/32 (Primary)
Physical: Loopback
Last clearing of counters: Never
Last 300 seconds input rate: 0 bytes/sec, 0 bits/sec, 0 packets/sec
Last 300 seconds output rate: 0 bytes/sec, 0 bits/sec, 0 packets/sec
Input: 0 packets, 0 bytes, 0 drops
Output: 0 packets, 0 bytes, 0 drops

LoopBack1
Current state: UP
Line protocol state: UP(spoofing)
Description: LoopBack1 Interface
Maximum transmission unit: 1536
Internet protocol processing: Disabled
Physical: Loopback
Last clearing of counters: Never
Last 300 seconds input rate: 0 bytes/sec, 0 bits/sec, 0 packets/sec
Last 300 seconds output rate: 0 bytes/sec, 0 bits/sec, 0 packets/sec
Input: 0 packets, 0 bytes, 0 drops
Output: 0 packets, 0 bytes, 0 drops

NULL0
Current state: UP
Line protocol state: UP(spoofing)
Description: NULL0 Interface
Bandwidth: 1000000 kbps
Maximum transmission unit: 1500
Internet protocol processing: Disabled
Physical: NULL DEV, baudrate: 1000000 kbps
Last clearing of counters: Never
Last 300 seconds input rate: 0 bytes/sec, 0 bits/sec, 0 packets/sec
Last 300 seconds output rate: 0 bytes/sec, 0 bits/sec, 0 packets/sec
Input: 0 packets, 0 bytes, 0 drops
Output: 0 packets, 0 bytes, 0 drops

Register-Tunnel0
Current state: UP
Line protocol state: DOWN
Description: Register-Tunnel0 Interface
Maximum transmission unit: 1536
Internet protocol processing: Disabled
Physical: Unknown
Last 300 seconds input rate: 0 bytes/sec, 0 bits/sec, 0 packets/sec
Last 300 seconds output rate: 0 bytes/sec, 0 bits/sec, 0 packets/sec
Input: 0 packets, 0 bytes, 0 drops
Output: 0 packets, 0 bytes, 0 drops

Ten-GigabitEthernet1/0/33
Current state: DOWN
Line protocol state: DOWN
IP packet frame type: Ethernet II, hardware address: 7449-d275-62ce
Description: Ten-GigabitEthernet1/0/33 Interface
Bandwidth: 10000000 kbps
Loopback is not set
Media type is not sure, Port hardware type is no connector
Unknown-speed mode, unknown-duplex mode
Link speed type is autonegotiation, link duplex type is autonegotiation
Flow-control is not enabled
Maximum frame length: 12288
Allow jumbo frames to pass
Broadcast max-ratio: 100%
Multicast max-ratio: 100%
Unicast max-ratio: 100%
Known-unicast max-ratio: 100%
PVID: 1
MDI type: Automdix
Port link-type: Access
 Tagged VLANs:   None
 Untagged VLANs: 1
Port priority: 0
Last link flapping: Never
Last clearing of counters: Never
Current system time:2015-04-02 13:41:29
Last time when physical state changed to up:-
Last time when physical state changed to down:2013-01-01 00:00:28
 Peak input rate: 0 bytes/sec, at 2013-01-01 00:02:16 
 Peak output rate: 0 bytes/sec, at 2013-01-01 00:02:16 
 Last 300 seconds input: 0 packets/sec 0 bytes/sec -%
 Last 300 seconds output: 0 packets/sec 0 bytes/sec -%
 Input (total):  0 packets, 0 bytes
         0 unicasts, 0 broadcasts, 0 multicasts, 0 pauses
 Input (normal):  0 packets, - bytes
         0 unicasts, 0 broadcasts, 0 multicasts, 0 pauses
 Input:  0 input errors, 0 runts, 0 giants, 0 throttles
         0 CRC, 0 frame, - overruns, 0 aborts
         - ignored, - parity errors
 Output (total): 0 packets, 0 bytes
         0 unicasts, 0 broadcasts, 0 multicasts, 0 pauses
 Output (normal): 0 packets, - bytes
         0 unicasts, 0 broadcasts, 0 multicasts, 0 pauses
 Output: 0 output errors, - underruns, - buffer failures
         0 aborts, 0 deferred, 0 collisions, 0 late collisions
         0 lost carrier, - no carrier
IPv4 traffic statistics:
 Last 300 seconds input rate: 0 packets/sec, 0 bytes/sec
 Last 300 seconds output rate: 0 packets/sec, 0 bytes/sec
 Input: 0 packets, 0 bytes
 Output: 0 packets, 0 bytes
IPv6 traffic statistics:
 Last 300 seconds input rate: 0 packets/sec, 0 bytes/sec
 Last 300 seconds output rate: 0 packets/sec, 0 bytes/sec
 Input: 0 packets, 0 bytes
 Output: 0 packets, 0 bytes

Ten-GigabitEthernet1/0/34
Current state: DOWN
Line protocol state: DOWN
IP packet frame type: Ethernet II, hardware address: 7449-d275-62cf
Description: Ten-GigabitEthernet1/0/34 Interface
Bandwidth: 10000000 kbps
Loopback is not set
Media type is not sure, Port hardware type is no connector
Unknown-speed mode, unknown-duplex mode
Link speed type is autonegotiation, link duplex type is autonegotiation
Flow-control is not enabled
Maximum frame length: 12288
Allow jumbo frames to pass
Broadcast max-ratio: 100%
Multicast max-ratio: 100%
Unicast max-ratio: 100%
Known-unicast max-ratio: 100%
PVID: 1
MDI type: Automdix
Port link-type: Access
 Tagged VLANs:   None
 Untagged VLANs: 1
Port priority: 0
Last link flapping: Never
Last clearing of counters: Never
Current system time:2015-04-02 13:41:29
Last time when physical state changed to up:-
Last time when physical state changed to down:2013-01-01 00:00:28
 Peak input rate: 0 bytes/sec, at 2013-01-01 00:02:16 
 Peak output rate: 0 bytes/sec, at 2013-01-01 00:02:16 
 Last 300 seconds input: 0 packets/sec 0 bytes/sec -%
 Last 300 seconds output: 0 packets/sec 0 bytes/sec -%
 Input (total):  0 packets, 0 bytes
         0 unicasts, 0 broadcasts, 0 multicasts, 0 pauses
 Input (normal):  0 packets, - bytes
         0 unicasts, 0 broadcasts, 0 multicasts, 0 pauses
 Input:  0 input errors, 0 runts, 0 giants, 0 throttles
         0 CRC, 0 frame, - overruns, 0 aborts
         - ignored, - parity errors
 Output (total): 0 packets, 0 bytes
         0 unicasts, 0 broadcasts, 0 multicasts, 0 pauses
 Output (normal): 0 packets, - bytes
         0 unicasts, 0 broadcasts, 0 multicasts, 0 pauses
 Output: 0 output errors, - underruns, - buffer failures
         0 aborts, 0 deferred, 0 collisions, 0 late collisions
         0 lost carrier, - no carrier
IPv4 traffic statistics:
 Last 300 seconds input rate: 0 packets/sec, 0 bytes/sec
 Last 300 seconds output rate: 0 packets/sec, 0 bytes/sec
 Input: 0 packets, 0 bytes
 Output: 0 packets, 0 bytes
IPv6 traffic statistics:
 Last 300 seconds input rate: 0 packets/sec, 0 bytes/sec
 Last 300 seconds output rate: 0 packets/sec, 0 bytes/sec
 Input: 0 packets, 0 bytes
 Output: 0 packets, 0 bytes

Ten-GigabitEthernet1/0/35
Current state: DOWN
Line protocol state: DOWN
IP packet frame type: Ethernet II, hardware address: 7449-d275-62d0
Description: Ten-GigabitEthernet1/0/35 Interface
Bandwidth: 10000000 kbps
Loopback is not set
Media type is not sure, Port hardware type is no connector
Unknown-speed mode, unknown-duplex mode
Link speed type is autonegotiation, link duplex type is autonegotiation
Flow-control is not enabled
Maximum frame length: 12288
Allow jumbo frames to pass
Broadcast max-ratio: 100%
Multicast max-ratio: 100%
Unicast max-ratio: 100%
Known-unicast max-ratio: 100%
PVID: 1
MDI type: Automdix
Port link-type: Access
 Tagged VLANs:   None
 Untagged VLANs: 1
Port priority: 0
Last link flapping: Never
Last clearing of counters: Never
Current system time:2015-04-02 13:41:29
Last time when physical state changed to up:-
Last time when physical state changed to down:2013-01-01 00:00:28
 Peak input rate: 0 bytes/sec, at 2013-01-01 00:02:16 
 Peak output rate: 0 bytes/sec, at 2013-01-01 00:02:16 
 Last 300 seconds input: 0 packets/sec 0 bytes/sec -%
 Last 300 seconds output: 0 packets/sec 0 bytes/sec -%
 Input (total):  0 packets, 0 bytes
         0 unicasts, 0 broadcasts, 0 multicasts, 0 pauses
 Input (normal):  0 packets, - bytes
         0 unicasts, 0 broadcasts, 0 multicasts, 0 pauses
 Input:  0 input errors, 0 runts, 0 giants, 0 throttles
         0 CRC, 0 frame, - overruns, 0 aborts
         - ignored, - parity errors
 Output (total): 0 packets, 0 bytes
         0 unicasts, 0 broadcasts, 0 multicasts, 0 pauses
 Output (normal): 0 packets, - bytes
         0 unicasts, 0 broadcasts, 0 multicasts, 0 pauses
 Output: 0 output errors, - underruns, - buffer failures
         0 aborts, 0 deferred, 0 collisions, 0 late collisions
         0 lost carrier, - no carrier
IPv4 traffic statistics:
 Last 300 seconds input rate: 0 packets/sec, 0 bytes/sec
 Last 300 seconds output rate: 0 packets/sec, 0 bytes/sec
 Input: 0 packets, 0 bytes
 Output: 0 packets, 0 bytes
IPv6 traffic statistics:
 Last 300 seconds input rate: 0 packets/sec, 0 bytes/sec
 Last 300 seconds output rate: 0 packets/sec, 0 bytes/sec
 Input: 0 packets, 0 bytes
 Output: 0 packets, 0 bytes

Ten-GigabitEthernet1/0/36
Current state: DOWN
Line protocol state: DOWN
IP packet frame type: Ethernet II, hardware address: 7449-d275-62d1
Description: Ten-GigabitEthernet1/0/36 Interface
Bandwidth: 10000000 kbps
Loopback is not set
Media type is not sure, Port hardware type is no connector
Unknown-speed mode, unknown-duplex mode
Link speed type is autonegotiation, link duplex type is autonegotiation
Flow-control is not enabled
Maximum frame length: 12288
Allow jumbo frames to pass
Broadcast max-ratio: 100%
Multicast max-ratio: 100%
Unicast max-ratio: 100%
Known-unicast max-ratio: 100%
PVID: 1
MDI type: Automdix
Port link-type: Access
 Tagged VLANs:   None
 Untagged VLANs: 1
Port priority: 0
Last link flapping: Never
Last clearing of counters: Never
Current system time:2015-04-02 13:41:29
Last time when physical state changed to up:-
Last time when physical state changed to down:2013-01-01 00:00:28
 Peak input rate: 0 bytes/sec, at 2013-01-01 00:02:16 
 Peak output rate: 0 bytes/sec, at 2013-01-01 00:02:16 
 Last 300 seconds input: 0 packets/sec 0 bytes/sec -%
 Last 300 seconds output: 0 packets/sec 0 bytes/sec -%
 Input (total):  0 packets, 0 bytes
         0 unicasts, 0 broadcasts, 0 multicasts, 0 pauses
 Input (normal):  0 packets, - bytes
         0 unicasts, 0 broadcasts, 0 multicasts, 0 pauses
 Input:  0 input errors, 0 runts, 0 giants, 0 throttles
         0 CRC, 0 frame, - overruns, 0 aborts
         - ignored, - parity errors
 Output (total): 0 packets, 0 bytes
         0 unicasts, 0 broadcasts, 0 multicasts, 0 pauses
 Output (normal): 0 packets, - bytes
         0 unicasts, 0 broadcasts, 0 multicasts, 0 pauses
 Output: 0 output errors, - underruns, - buffer failures
         0 aborts, 0 deferred, 0 collisions, 0 late collisions
         0 lost carrier, - no carrier
IPv4 traffic statistics:
 Last 300 seconds input rate: 0 packets/sec, 0 bytes/sec
 Last 300 seconds output rate: 0 packets/sec, 0 bytes/sec
 Input: 0 packets, 0 bytes
 Output: 0 packets, 0 bytes
IPv6 traffic statistics:
 Last 300 seconds input rate: 0 packets/sec, 0 bytes/sec
 Last 300 seconds output rate: 0 packets/sec, 0 bytes/sec
 Input: 0 packets, 0 bytes
 Output: 0 packets, 0 bytes

Vlan-interface1
Current state: UP
Line protocol state: UP
Description: Gateway
Bandwidth: 10000000 kbps
Maximum transmission unit: 1500
Internet address: 10.233.105.113/28 (Primary)
IP packet frame type: Ethernet II, hardware address: 7449-d275-628f
IPv6 packet frame type: Ethernet II, hardware address: 7449-d275-628f
Last clearing of counters: Never

Vlan-interface100
Current state: UP
Line protocol state: UP
Description: to MDCN_NE40-2_2/0/2
Bandwidth: 10000000 kbps
Maximum transmission unit: 1500
Internet address: 10.237.34.210/30 (Primary)
IP packet frame type: Ethernet II, hardware address: 7449-d275-6292
IPv6 packet frame type: Ethernet II, hardware address: 7449-d275-6292
Last clearing of counters: Never

Vlan-interface114
Current state: DOWN
Line protocol state: DOWN
Description: Vlan-interface114 Interface
Bandwidth: 10000000 kbps
Maximum transmission unit: 1500
Internet protocol processing: Disabled
IP packet frame type: Ethernet II, hardware address: 7449-d275-62a0
IPv6 packet frame type: Ethernet II, hardware address: 7449-d275-62a0
Last clearing of counters: Never

<XZ_NQ_S5536F>display interface brief
Brief information on interfaces in route mode:
Link: ADM - administratively down; Stby - standby
Protocol: (s) - spoofing
Interface            Link Protocol Primary IP        Description              
InLoop0              UP   UP(s)    --                
Loop0                UP   UP(s)    10.233.105.254    
Loop1                UP   UP(s)    --                
NULL0                UP   UP(s)    --                
REG0                 UP   --       --                
Vlan1                UP   UP       10.233.105.113    Gateway
Vlan100              UP   UP       10.237.34.210     to MDCN_NE40-2_2/0/2
Vlan114              DOWN DOWN     --                

Brief information on interfaces in bridge mode:
Link: ADM - administratively down; Stby - standby
Speed: (a) - auto
Duplex: (a)/A - auto; H - half; F - full
Type: A - access; T - trunk; H - hybrid
Interface            Link Speed     Duplex Type PVID Description              
GE1/0/1              DOWN auto      A      A    114  
GE1/0/2              DOWN auto      A      A    1    
GE1/0/3              DOWN auto      A      A    1    
GE1/0/4              DOWN auto      A      A    1    
GE1/0/5              DOWN auto      A      A    1    
GE1/0/6              DOWN auto      A      A    1    
GE1/0/7              DOWN auto      A      A    1    
GE1/0/8              DOWN auto      A      A    1    
GE1/0/9              DOWN auto      A      A    1    
GE1/0/10             DOWN auto      A      A    1    
GE1/0/11             DOWN auto      A      A    1    
GE1/0/12             DOWN auto      A      A    1    
GE1/0/13             DOWN auto      A      A    1    
GE1/0/14             DOWN auto      A      A    1    
GE1/0/15             DOWN auto      A      A    1    
GE1/0/16             DOWN auto      A      A    1    
GE1/0/17             DOWN auto      A      A    1    
GE1/0/18             DOWN auto      A      A    1    
GE1/0/19             DOWN auto      A      A    1    
GE1/0/20             DOWN auto      A      A    1    
GE1/0/21             DOWN auto      A      A    1    
GE1/0/22             DOWN auto      A      A    1    
GE1/0/23             DOWN auto      A      A    1    
GE1/0/24             DOWN auto      A      A    1    
GE1/0/25             UP   1G(a)     F(a)   A    100  
GE1/0/26             UP   100M(a)   F(a)   A    1    
GE1/0/27             UP   100M(a)   F(a)   A    1    
GE1/0/28             UP   100M(a)   F(a)   A    1    
GE1/0/29             UP   100M(a)   H(a)   A    1    
GE1/0/30             UP   100M(a)   H(a)   A    1    
GE1/0/31             DOWN auto      A      A    1    
GE1/0/32             DOWN auto      A      A    1    
XGE1/0/33            DOWN auto      A      A    1    
XGE1/0/34            DOWN auto      A      A    1    
XGE1/0/35            DOWN auto      A      A    1    
XGE1/0/36            DOWN auto      A      A    1    

<XZ_NQ_S5536F>display ip interface brief
*down: administratively down
(s): spoofing  (l): loopback
Interface           Physical Protocol IP address      VPN instance Description  
Loop0               up       up(s)    10.233.105.254  --           --
Loop1               up       up(s)    --              --           --
Vlan1               up       up       10.233.105.113  --           Gateway
Vlan100             up       up       10.237.34.210   --           to MDCN_NE...
Vlan114             down     down     --              --           --
<XZ_NQ_S5536F>display ip routing-table

Destinations : 18       Routes : 18

Destination/Mask   Proto   Pre Cost        NextHop         Interface
0.0.0.0/0          Static  60  0           10.237.34.209   Vlan100
0.0.0.0/32         Direct  0   0           127.0.0.1       InLoop0
10.233.105.112/28  Direct  0   0           10.233.105.113  Vlan1
10.233.105.112/32  Direct  0   0           10.233.105.113  Vlan1
10.233.105.113/32  Direct  0   0           127.0.0.1       InLoop0
10.233.105.127/32  Direct  0   0           10.233.105.113  Vlan1
10.233.105.254/32  Direct  0   0           127.0.0.1       InLoop0
10.237.34.208/30   Direct  0   0           10.237.34.210   Vlan100
10.237.34.208/32   Direct  0   0           10.237.34.210   Vlan100
10.237.34.210/32   Direct  0   0           127.0.0.1       InLoop0
10.237.34.211/32   Direct  0   0           10.237.34.210   Vlan100
127.0.0.0/8        Direct  0   0           127.0.0.1       InLoop0
127.0.0.0/32       Direct  0   0           127.0.0.1       InLoop0
127.0.0.1/32       Direct  0   0           127.0.0.1       InLoop0
127.255.255.255/32 Direct  0   0           127.0.0.1       InLoop0
224.0.0.0/4        Direct  0   0           0.0.0.0         NULL0
224.0.0.0/24       Direct  0   0           0.0.0.0         NULL0
255.255.255.255/32 Direct  0   0           127.0.0.1       InLoop0
<XZ_NQ_S5536F>dis alarm urgent
                  ^
 % Unrecognized command found at '^' position.
<XZ_NQ_S5536F>display logbuffer
Log buffer: Enabled
Max buffer size: 1024
Actual buffer size: 512
Dropped messages: 0
Overwritten messages: 24447
Current messages: 512
%Feb 24 05:27:49:087 2015 XZ_NQ_S5536F SSHS/6/SSHS_VERSION_MISMATCH: SSH client 10.237.100.196 failed to log in because of version mismatch.
%Feb 24 05:27:49:151 2015 XZ_NQ_S5536F SSHS/6/SSHS_VERSION_MISMATCH: SSH client 10.237.100.196 failed to log in because of version mismatch.
%Feb 24 05:27:53:340 2015 XZ_NQ_S5536F SSHS/6/SSHS_VERSION_MISMATCH: SSH client 10.237.100.196 failed to log in because of version mismatch.
%Feb 24 05:27:55:402 2015 XZ_NQ_S5536F SSHS/6/SSHS_VERSION_MISMATCH: SSH client 10.237.100.196 failed to log in because of version mismatch.
%Feb 24 05:27:55:484 2015 XZ_NQ_S5536F SSHS/6/SSHS_VERSION_MISMATCH: SSH client 10.237.100.196 failed to log in because of version mismatch.
%Feb 24 05:27:55:545 2015 XZ_NQ_S5536F SSHS/6/SSHS_LOG: Connection closed by 10.237.100.196.
%Feb 24 05:27:55:545 2015 XZ_NQ_S5536F SSHS/6/SSHS_DISCONNECT: SSH user (null) (IP: 10.237.100.196) disconnected from the server.
%Feb 24 05:27:56:002 2015 XZ_NQ_S5536F SSHS/6/SSHS_LOG: Protocol dispatch error: type 52, seq 4.
%Feb 24 05:27:56:008 2015 XZ_NQ_S5536F SSHS/6/SSHS_LOG: Protocol dispatch error: type 90, seq 5.
%Feb 24 05:27:57:089 2015 XZ_NQ_S5536F SSHS/6/SSHS_VERSION_MISMATCH: SSH client 10.237.100.196 failed to log in because of version mismatch.
%Feb 24 05:27:57:990 2015 XZ_NQ_S5536F SSHS/6/SSHS_LOG: Invalid user #_does_not_exists_#.
%Feb 24 05:27:57:994 2015 XZ_NQ_S5536F SSHS/6/SSHS_DISCONNECT: SSH user #_does_not_exists_# (IP: 10.237.100.196) disconnected from the server.
%Feb 24 05:28:06:103 2015 XZ_NQ_S5536F SSHS/6/SSHS_LOG: Connection closed by 10.237.100.196.
%Feb 24 05:28:06:104 2015 XZ_NQ_S5536F SSHS/6/SSHS_DISCONNECT: SSH user (null) (IP: 10.237.100.196) disconnected from the server.
%Feb 24 17:37:42:743 2015 XZ_NQ_S5536F SSHS/6/SSHS_AUTH_SUCCESS: SSH user xz4a_admin from 10.237.35.254 port 49327 passed password authentication.
%Feb 24 17:37:43:842 2015 XZ_NQ_S5536F SSHS/6/SSHS_CONNECT: SSH user xz4a_admin (IP: 10.237.35.254) connected to the server successfully.
%Feb 24 17:37:44:224 2015 XZ_NQ_S5536F SHELL/5/SHELL_LOGIN: xz4a_admin logged in from 10.237.35.254.
%Feb 24 17:37:51:149 2015 XZ_NQ_S5536F SHELL/6/SHELL_CMD: -Line=vty0-IPAddr=10.237.35.254-User=xz4a_admin; Command is display version
%Feb 24 17:38:01:063 2015 XZ_NQ_S5536F SHELL/6/SHELL_CMD: -Line=vty0-IPAddr=10.237.35.254-User=xz4a_admin; Command is display device
%Feb 24 17:38:11:443 2015 XZ_NQ_S5536F SHELL/4/SHELL_CMD_MATCHFAIL: -User=xz4a_admin-IPAddr=10.237.35.254; Command  display startup。  in view shell failed to be matched.
%Feb 24 17:38:15:281 2015 XZ_NQ_S5536F SHELL/6/SHELL_CMD: -Line=vty0-IPAddr=10.237.35.254-User=xz4a_admin; Command is display startup
%Feb 24 17:38:29:791 2015 XZ_NQ_S5536F SHELL/6/SHELL_CMD: -Line=vty0-IPAddr=10.237.35.254-User=xz4a_admin; Command is dis cpu-usage
%Feb 24 17:38:39:355 2015 XZ_NQ_S5536F SHELL/6/SHELL_CMD: -Line=vty0-IPAddr=10.237.35.254-User=xz4a_admin; Command is dis memory
%Feb 24 17:38:48:561 2015 XZ_NQ_S5536F SHELL/6/SHELL_CMD: -Line=vty0-IPAddr=10.237.35.254-User=xz4a_admin; Command is display interface brief
%Feb 24 17:39:03:256 2015 XZ_NQ_S5536F SHELL/6/SHELL_CMD: -Line=vty0-IPAddr=10.237.35.254-User=xz4a_admin; Command is display ip interface brief
%Feb 24 17:39:12:593 2015 XZ_NQ_S5536F SHELL/6/SHELL_CMD: -Line=vty0-IPAddr=10.237.35.254-User=xz4a_admin; Command is display current-configuration
%Feb 24 17:39:22:218 2015 XZ_NQ_S5536F SHELL/6/SHELL_CMD: -Line=vty0-IPAddr=10.237.35.254-User=xz4a_admin; Command is display ip routing-table
%Feb 24 17:39:31:971 2015 XZ_NQ_S5536F SHELL/6/SHELL_CMD: -Line=vty0-IPAddr=10.237.35.254-User=xz4a_admin; Command is display logbuffer
%Feb 24 17:39:44:924 2015 XZ_NQ_S5536F SHELL/5/SHELL_LOGOUT: xz4a_admin logged out from 10.237.35.254.
%Feb 24 17:39:44:981 2015 XZ_NQ_S5536F SSHS/6/SSHS_LOG: User xz4a_admin logged out from 10.237.35.254 port 49327.
%Feb 24 17:39:44:981 2015 XZ_NQ_S5536F SSHS/6/SSHS_DISCONNECT: SSH user xz4a_admin (IP: 10.237.35.254) disconnected from the server.
%Feb 25 12:43:12:901 2015 XZ_NQ_S5536F SSHS/6/SSHS_AUTH_SUCCESS: SSH user jtcjxz from 10.237.100.188 port 52114 passed password authentication.
%Feb 25 12:43:14:025 2015 XZ_NQ_S5536F SSHS/6/SSHS_CONNECT: SSH user jtcjxz (IP: 10.237.100.188) connected to the server successfully.
%Feb 25 12:43:14:393 2015 XZ_NQ_S5536F SHELL/5/SHELL_LOGIN: jtcjxz logged in from 10.237.100.188.
%Feb 25 12:43:28:584 2015 XZ_NQ_S5536F SHELL/6/SHELL_CMD: -Line=vty0-IPAddr=10.237.100.188-User=jtcjxz; Command is dis users
%Feb 25 12:43:38:591 2015 XZ_NQ_S5536F SHELL/6/SHELL_CMD: -Line=vty0-IPAddr=10.237.100.188-User=jtcjxz; Command is display version
%Feb 25 12:43:48:603 2015 XZ_NQ_S5536F SHELL/6/SHELL_CMD: -Line=vty0-IPAddr=10.237.100.188-User=jtcjxz; Command is display version
%Feb 25 12:43:58:609 2015 XZ_NQ_S5536F SHELL/4/SHELL_CMD_MATCHFAIL: -User=jtcjxz-IPAddr=10.237.100.188; Command system product model in view shell failed to be matched.
%Feb 25 12:44:08:617 2015 XZ_NQ_S5536F SHELL/4/SHELL_CMD_MATCHFAIL: -User=jtcjxz-IPAddr=10.237.100.188; Command system version in view shell failed to be matched.
%Feb 25 12:44:18:636 2015 XZ_NQ_S5536F SHELL/6/SHELL_CMD: -Line=vty0-IPAddr=10.237.100.188-User=jtcjxz; Command is dis users
%Feb 25 12:44:28:642 2015 XZ_NQ_S5536F SHELL/6/SHELL_CMD: -Line=vty0-IPAddr=10.237.100.188-User=jtcjxz; Command is quit
%Feb 25 12:44:28:701 2015 XZ_NQ_S5536F SHELL/5/SHELL_LOGOUT: jtcjxz logged out from 10.237.100.188.
%Feb 25 12:44:29:650 2015 XZ_NQ_S5536F SSHS/6/SSHS_LOG: User jtcjxz logged out from 10.237.100.188 port 52114.
%Feb 25 12:44:29:650 2015 XZ_NQ_S5536F SSHS/6/SSHS_DISCONNECT: SSH user jtcjxz (IP: 10.237.100.188) disconnected from the server.
%Feb 25 13:26:50:889 2015 XZ_NQ_S5536F SSHS/6/SSHS_AUTH_SUCCESS: SSH user xz4a_admin from 10.237.35.254 port 57183 passed password authentication.
%Feb 25 13:26:52:042 2015 XZ_NQ_S5536F SSHS/6/SSHS_CONNECT: SSH user xz4a_admin (IP: 10.237.35.254) connected to the server successfully.
%Feb 25 13:26:52:460 2015 XZ_NQ_S5536F SHELL/5/SHELL_LOGIN: xz4a_admin logged in from 10.237.35.254.
%Feb 25 13:26:55:830 2015 XZ_NQ_S5536F SHELL/6/SHELL_CMD: -Line=vty0-IPAddr=10.237.35.254-User=xz4a_admin; Command is display version
%Feb 25 13:27:03:456 2015 XZ_NQ_S5536F SHELL/6/SHELL_CMD: -Line=vty0-IPAddr=10.237.35.254-User=xz4a_admin; Command is display device
%Feb 25 13:27:22:974 2015 XZ_NQ_S5536F SHELL/6/SHELL_CMD: -Line=vty0-IPAddr=10.237.35.254-User=xz4a_admin; Command is display startup
%Feb 25 13:27:30:827 2015 XZ_NQ_S5536F SHELL/6/SHELL_CMD: -Line=vty0-IPAddr=10.237.35.254-User=xz4a_admin; Command is dis cpu-usage
%Feb 25 13:27:39:515 2015 XZ_NQ_S5536F SHELL/6/SHELL_CMD: -Line=vty0-IPAddr=10.237.35.254-User=xz4a_admin; Command is dis memory
%Feb 25 13:27:49:958 2015 XZ_NQ_S5536F SHELL/6/SHELL_CMD: -Line=vty0-IPAddr=10.237.35.254-User=xz4a_admin; Command is display interface brief
%Feb 25 13:27:52:567 2015 XZ_NQ_S5536F SHELL/6/SHELL_CMD: -Line=vty0-IPAddr=10.237.35.254-User=xz4a_admin; Command is display interface brief
%Feb 25 13:32:57:517 2015 XZ_NQ_S5536F SHELL/5/SHELL_LOGOUT: xz4a_admin logged out from 10.237.35.254.
%Feb 25 13:32:57:636 2015 XZ_NQ_S5536F SSHS/6/SSHS_LOG: User xz4a_admin logged out from 10.237.35.254 port 57183.
%Feb 25 13:32:57:636 2015 XZ_NQ_S5536F SSHS/6/SSHS_DISCONNECT: SSH user xz4a_admin (IP: 10.237.35.254) disconnected from the server.
%Feb 25 13:56:36:472 2015 XZ_NQ_S5536F SSHS/6/SSHS_AUTH_SUCCESS: SSH user xz4a_admin from 10.237.35.254 port 61652 passed password authentication.
%Feb 25 13:56:37:609 2015 XZ_NQ_S5536F SSHS/6/SSHS_CONNECT: SSH user xz4a_admin (IP: 10.237.35.254) connected to the server successfully.
