<XZ_LW_WG_S5554S_2>screen-length 0 temporary
                                 ^
 % Unrecognized command found at '^' position.
<XZ_LW_WG_S5554S_2>display version
H3C Comware Software, Version 7.1.070, Release 1115
Copyright (c) 2004-2022 New H3C Technologies Co., Ltd. All rights reserved.
H3C S5554S-EI-D uptime is 140 weeks, 0 days, 10 hours, 58 minutes
Last reboot reason : Cold reboot

Boot image: flash:/s5500_ei_d-cmw710-boot-r1115.bin
Boot image version: 7.1.070, Release 1115
  Compiled Oct 14 2022 11:00:00
System image: flash:/s5500_ei_d-cmw710-system-r1115.bin
System image version: 7.1.070, Release 1115
  Compiled Oct 14 2022 11:00:00


Slot 1:
Uptime is 140 weeks,0 days,10 hours,58 minutes
S5554S-EI-D with 1 Processor
BOARD TYPE:         S5554S-EI-D
DRAM:               1024M bytes
FLASH:              256M bytes
PCB 1 Version:      VER.A
Bootrom Version:    110
CPLD 1 Version:     004
Release Version:    H3C S5554S-EI-D-1115
Patch Version  :    None
Reboot Cause  :     ColdReboot
[SubSlot 0] 48GE+6SFP Plus
<XZ_LW_WG_S5554S_2>display device
Slot Type              State    Subslot  Soft Ver             Patch Ver
1    S5554S-EI-D       Master   0        S5500_EI_D-1115      None      
<XZ_LW_WG_S5554S_2>display startup
MainBoard:
 Current startup saved-configuration file: NULL 
 Next main startup saved-configuration file: flash:/startup.cfg
 Next backup startup saved-configuration file: NULL
<XZ_LW_WG_S5554S_2>dis cpu-usage
Slot 1 CPU 0 CPU usage:
       4% in last 5 seconds
       4% in last 1 minute
       4% in last 5 minutes

<XZ_LW_WG_S5554S_2>dis memory
Memory statistics are measured in KB:
Slot 1: 
             Total      Used      Free    Shared   Buffers    Cached   FreeRatio
Mem:        991732    454528    537204         0      1472    180940       54.8%
-/+ Buffers/Cache:    272116    719616
Swap:            0         0         0

<XZ_LW_WG_S5554S_2>display interface
Bridge-Aggregation86
Current state: UP
Line protocol state: UP
IP packet frame type: Ethernet II, hardware address: 8061-6c2d-b8ce
Description: Bridge-Aggregation86 Interface
Bandwidth: 1000000 kbps
1Gbps-speed mode, full-duplex mode
Link speed type is autonegotiation, link duplex type is autonegotiation
PVID: 4000
Port link-type: Access
 Tagged VLANs:   None
 Untagged VLANs: 4000
Last clearing of counters: Never
Last 300 seconds input:  1 packets/sec 162 bytes/sec 0%
Last 300 seconds output:  2 packets/sec 204 bytes/sec 0%
Input (total):  9452660 packets, 1044200565 bytes
        222257 unicasts, 120 broadcasts, 9230283 multicasts, 0 pauses
Input (normal):  9452660 packets, - bytes
        222257 unicasts, 120 broadcasts, 9230283 multicasts, 0 pauses
Input:  0 input errors, 0 runts, 0 giants, 0 throttles
        0 CRC, 0 frame, - overruns, 0 aborts
        - ignored, - parity errors
Output (total): 13111415 packets, 1310830028 bytes
        222089 unicasts, 228 broadcasts, 12889098 multicasts, 0 pauses
Output (normal): 13111415 packets, - bytes
        222089 unicasts, 228 broadcasts, 12889098 multicasts, 0 pauses
Output: 0 output errors, - underruns, - buffer failures
        0 aborts, 0 deferred, 0 collisions, 0 late collisions
        0 lost carrier, - no carrier

GigabitEthernet1/0/1
Current state: UP
Line protocol state: UP
IP packet frame type: Ethernet II, hardware address: 8061-6c2d-b89e
Description: GigabitEthernet1/0/1 Interface
Bandwidth: 100000 kbps
Loopback is not set
Media type is twisted pair
Port hardware type is 1000_BASE_T
100Mbps-speed mode, full-duplex mode
Link speed type is autonegotiation, link duplex type is autonegotiation
Flow-control is not enabled
Maximum frame length: 12288
Allow jumbo frames to pass
Broadcast max-ratio: 100%
Multicast max-ratio: 100%
Unicast max-ratio: 100%
Known-unicast max-ratio: 100%
PVID: 740
MDI type: Automdix
Port link-type: Access
 Tagged VLANs:   None
 Untagged VLANs: 740
Port priority: 0
Last link flapping: 99 weeks 3 days 2 hours 29 minutes
Last clearing of counters: Never
Current system time:2026-03-13 12:41:16 BJ+08:00:00
Last time when physical state changed to up:2024-04-16 10:10:31 BJ+08:00:00
Last time when physical state changed to down:2024-04-16 10:10:31 BJ+08:00:00
 Peak input rate: 85332487 bytes/sec, at 2026-03-08 03:53:56 
 Peak output rate: 49837502 bytes/sec, at 2026-03-08 03:53:56 
 Last 300 seconds input: 1 packets/sec 384 bytes/sec 0%
 Last 300 seconds output: 2 packets/sec 205 bytes/sec 0%
 Input (total):  82026625 packets, 29326189322 bytes
         81956935 unicasts, 69690 broadcasts, 0 multicasts, 0 pauses
 Input (normal):  82026625 packets, - bytes
         81956935 unicasts, 69690 broadcasts, 0 multicasts, 0 pauses
 Input:  0 input errors, 0 runts, 0 giants, 0 throttles
         0 CRC, 0 frame, - overruns, 0 aborts
         - ignored, - parity errors
 Output (total): 208356270 packets, 17128799869 bytes
         78466823 unicasts, 129 broadcasts, 129889318 multicasts, 0 pauses
 Output (normal): 208356270 packets, - bytes
         78466823 unicasts, 129 broadcasts, 129889318 multicasts, 0 pauses
 Output: 0 output errors, - underruns, - buffer failures
         0 aborts, 0 deferred, 0 collisions, 0 late collisions
         0 lost carrier, - no carrier
IPv4 traffic statistics:
 Last 300 seconds input rate: 0 packets/sec, 0 bytes/sec
 Last 300 seconds output rate: 0 packets/sec, 0 bytes/sec
 Input: 0 packets, 0 bytes
 Output: 0 packets, 0 bytes
IPv6 traffic statistics:
 Last 300 seconds input rate: 0 packets/sec, 0 bytes/sec
 Last 300 seconds output rate: 0 packets/sec, 0 bytes/sec
 Input: 0 packets, 0 bytes
 Output: 0 packets, 0 bytes

GigabitEthernet1/0/2
Current state: UP
Line protocol state: UP
IP packet frame type: Ethernet II, hardware address: 8061-6c2d-b89f
Description: GigabitEthernet1/0/2 Interface
Bandwidth: 1000000 kbps
Loopback is not set
Media type is twisted pair
Port hardware type is 1000_BASE_T
1000Mbps-speed mode, full-duplex mode
Link speed type is autonegotiation, link duplex type is autonegotiation
Flow-control is not enabled
Maximum frame length: 12288
Allow jumbo frames to pass
Broadcast max-ratio: 100%
Multicast max-ratio: 100%
Unicast max-ratio: 100%
Known-unicast max-ratio: 100%
PVID: 100
MDI type: Automdix
Port link-type: Access
 Tagged VLANs:   None
 Untagged VLANs: 100
Port priority: 0
Last link flapping: 140 weeks 0 days 10 hours 50 minutes
Last clearing of counters: Never
Current system time:2026-03-13 12:41:16 BJ+08:00:00
Last time when physical state changed to up:2023-07-07 01:49:41 BJ+08:00:00
Last time when physical state changed to down:2013-01-01 00:00:54 BJ+08:00:00
 Peak input rate: 57122459 bytes/sec, at 2026-03-07 13:28:37 
 Peak output rate: 202334570 bytes/sec, at 2026-03-07 13:28:37 
 Last 300 seconds input: 1 packets/sec 220 bytes/sec 0%
 Last 300 seconds output: 11 packets/sec 808 bytes/sec 0%
 Input (total):  134615840 packets, 19639905068 bytes
         125438985 unicasts, 9176855 broadcasts, 0 multicasts, 0 pauses
 Input (normal):  134615840 packets, - bytes
         125438985 unicasts, 9176855 broadcasts, 0 multicasts, 0 pauses
 Input:  0 input errors, 0 runts, 0 giants, 0 throttles
         0 CRC, 0 frame, - overruns, 0 aborts
         - ignored, - parity errors
 Output (total): 1013430892 packets, 69576762070 bytes
         630997628 unicasts, 222274972 broadcasts, 160158292 multicasts, 0 pauses
 Output (normal): 1013430892 packets, - bytes
         630997628 unicasts, 222274972 broadcasts, 160158292 multicasts, 0 pauses
 Output: 0 output errors, - underruns, - buffer failures
         0 aborts, 0 deferred, 0 collisions, 0 late collisions
         0 lost carrier, - no carrier
IPv4 traffic statistics:
 Last 300 seconds input rate: 0 packets/sec, 0 bytes/sec
 Last 300 seconds output rate: 0 packets/sec, 0 bytes/sec
 Input: 0 packets, 0 bytes
 Output: 0 packets, 0 bytes
IPv6 traffic statistics:
 Last 300 seconds input rate: 0 packets/sec, 0 bytes/sec
 Last 300 seconds output rate: 0 packets/sec, 0 bytes/sec
 Input: 0 packets, 0 bytes
 Output: 0 packets, 0 bytes

GigabitEthernet1/0/3
Current state: UP
Line protocol state: UP
IP packet frame type: Ethernet II, hardware address: 8061-6c2d-b8a0
Description: to_ATCA-IGWB
Bandwidth: 1000000 kbps
Loopback is not set
Media type is twisted pair
Port hardware type is 1000_BASE_T
1000Mbps-speed mode, full-duplex mode
Link speed type is autonegotiation, link duplex type is autonegotiation
Flow-control is not enabled
Maximum frame length: 12288
Allow jumbo frames to pass
Broadcast max-ratio: 100%
Multicast max-ratio: 100%
Unicast max-ratio: 100%
Known-unicast max-ratio: 100%
PVID: 710
MDI type: Automdix
Port link-type: Access
 Tagged VLANs:   None
 Untagged VLANs: 710
Port priority: 0
Last link flapping: 140 weeks 0 days 10 hours 47 minutes
Last clearing of counters: Never
Current system time:2026-03-13 12:41:16 BJ+08:00:00
Last time when physical state changed to up:2023-07-07 01:52:26 BJ+08:00:00
Last time when physical state changed to down:2013-01-01 00:00:54 BJ+08:00:00
 Peak input rate: 791599385 bytes/sec, at 2026-03-06 02:03:19 
 Peak output rate: 154587647 bytes/sec, at 2026-03-06 02:03:19 
 Last 300 seconds input: 10 packets/sec 2187 bytes/sec 0%
 Last 300 seconds output: 1 packets/sec 164 bytes/sec 0%
 Input (total):  677603962 packets, 272048753053 bytes
         667562007 unicasts, 10041949 broadcasts, 6 multicasts, 0 pauses
 Input (normal):  677603962 packets, - bytes
         667562007 unicasts, 10041949 broadcasts, 6 multicasts, 0 pauses
 Input:  0 input errors, 0 runts, 0 giants, 0 throttles
         0 CRC, 0 frame, - overruns, 0 aborts
         - ignored, - parity errors
 Output (total): 259322155 packets, 52959732655 bytes
         116903281 unicasts, 12529815 broadcasts, 129889059 multicasts, 0 pauses
 Output (normal): 259322155 packets, - bytes
         116903281 unicasts, 12529815 broadcasts, 129889059 multicasts, 0 pauses
 Output: 0 output errors, - underruns, - buffer failures
         0 aborts, 0 deferred, 0 collisions, 0 late collisions
         0 lost carrier, - no carrier
IPv4 traffic statistics:
 Last 300 seconds input rate: 0 packets/sec, 0 bytes/sec
 Last 300 seconds output rate: 0 packets/sec, 0 bytes/sec
 Input: 0 packets, 0 bytes
 Output: 0 packets, 0 bytes
IPv6 traffic statistics:
 Last 300 seconds input rate: 0 packets/sec, 0 bytes/sec
 Last 300 seconds output rate: 0 packets/sec, 0 bytes/sec
 Input: 0 packets, 0 bytes
 Output: 0 packets, 0 bytes

GigabitEthernet1/0/4
Current state: UP
Line protocol state: UP
IP packet frame type: Ethernet II, hardware address: 8061-6c2d-b8a1
Description: GigabitEthernet1/0/4 Interface
Bandwidth: 1000000 kbps
Loopback is not set
Media type is twisted pair
Port hardware type is 1000_BASE_T
1000Mbps-speed mode, full-duplex mode
Link speed type is autonegotiation, link duplex type is autonegotiation
Flow-control is not enabled
Maximum frame length: 12288
Allow jumbo frames to pass
Broadcast max-ratio: 100%
Multicast max-ratio: 100%
Unicast max-ratio: 100%
Known-unicast max-ratio: 100%
PVID: 710
MDI type: Automdix
Port link-type: Access
 Tagged VLANs:   None
 Untagged VLANs: 710
Port priority: 0
Last link flapping: 140 weeks 0 days 10 hours 49 minutes
Last clearing of counters: Never
Current system time:2026-03-13 12:41:16 BJ+08:00:00
Last time when physical state changed to up:2023-07-07 01:50:17 BJ+08:00:00
Last time when physical state changed to down:2013-01-01 00:00:54 BJ+08:00:00
 Peak input rate: 2075862549 bytes/sec, at 2026-03-10 03:49:12 
 Peak output rate: 474400509 bytes/sec, at 2026-03-10 03:49:12 
 Last 300 seconds input: 16 packets/sec 4129 bytes/sec 0%
 Last 300 seconds output: 4 packets/sec 2346 bytes/sec 0%
 Input (total):  1175989489 packets, 711211631576 bytes
         1163459691 unicasts, 12529790 broadcasts, 8 multicasts, 0 pauses
 Input (normal):  1175989489 packets, - bytes
         1163459691 unicasts, 12529790 broadcasts, 8 multicasts, 0 pauses
 Input:  0 input errors, 0 runts, 0 giants, 0 throttles
         0 CRC, 0 frame, - overruns, 0 aborts
         - ignored, - parity errors
 Output (total): 501850905 packets, 162771738562 bytes
         361919660 unicasts, 10041988 broadcasts, 129889257 multicasts, 0 pauses
 Output (normal): 501850905 packets, - bytes
         361919660 unicasts, 10041988 broadcasts, 129889257 multicasts, 0 pauses
 Output: 0 output errors, - underruns, - buffer failures
         0 aborts, 0 deferred, 0 collisions, 0 late collisions
         0 lost carrier, - no carrier
IPv4 traffic statistics:
 Last 300 seconds input rate: 0 packets/sec, 0 bytes/sec
 Last 300 seconds output rate: 0 packets/sec, 0 bytes/sec
 Input: 0 packets, 0 bytes
 Output: 0 packets, 0 bytes
IPv6 traffic statistics:
 Last 300 seconds input rate: 0 packets/sec, 0 bytes/sec
 Last 300 seconds output rate: 0 packets/sec, 0 bytes/sec
 Input: 0 packets, 0 bytes
 Output: 0 packets, 0 bytes

GigabitEthernet1/0/5
Current state: UP
Line protocol state: UP
IP packet frame type: Ethernet II, hardware address: 8061-6c2d-b8a2
Description: GigabitEthernet1/0/5 Interface
Bandwidth: 1000000 kbps
Loopback is not set
Media type is twisted pair
Port hardware type is 1000_BASE_T
1000Mbps-speed mode, full-duplex mode
Link speed type is autonegotiation, link duplex type is autonegotiation
Flow-control is not enabled
Maximum frame length: 12288
Allow jumbo frames to pass
Broadcast max-ratio: 100%
Multicast max-ratio: 100%
Unicast max-ratio: 100%
Known-unicast max-ratio: 100%
PVID: 1100
MDI type: Automdix
Port link-type: Access
 Tagged VLANs:   None
 Untagged VLANs: 1100
Port priority: 0
Last link flapping: 140 weeks 0 days 10 hours 49 minutes
Last clearing of counters: Never
Current system time:2026-03-13 12:41:17 BJ+08:00:00
Last time when physical state changed to up:2023-07-07 01:50:31 BJ+08:00:00
Last time when physical state changed to down:2013-01-01 00:00:54 BJ+08:00:00
 Peak input rate: 2271534242 bytes/sec, at 2026-03-05 19:48:12 
 Peak output rate: 510586340 bytes/sec, at 2026-03-05 19:48:12 
 Last 300 seconds input: 15 packets/sec 3880 bytes/sec 0%
 Last 300 seconds output: 4 packets/sec 2370 bytes/sec 0%
 Input (total):  1235335431 packets, 782536766841 bytes
         1222811601 unicasts, 12523823 broadcasts, 7 multicasts, 0 pauses
 Input (normal):  1235335431 packets, - bytes
         1222811601 unicasts, 12523823 broadcasts, 7 multicasts, 0 pauses
 Input:  0 input errors, 0 runts, 0 giants, 0 throttles
         0 CRC, 0 frame, - overruns, 0 aborts
         - ignored, - parity errors
 Output (total): 529162259 packets, 176218005465 bytes
         389230981 unicasts, 10042046 broadcasts, 129889232 multicasts, 0 pauses
 Output (normal): 529162259 packets, - bytes
         389230981 unicasts, 10042046 broadcasts, 129889232 multicasts, 0 pauses
 Output: 0 output errors, - underruns, - buffer failures
         0 aborts, 0 deferred, 0 collisions, 0 late collisions
         0 lost carrier, - no carrier
IPv4 traffic statistics:
 Last 300 seconds input rate: 0 packets/sec, 0 bytes/sec
 Last 300 seconds output rate: 0 packets/sec, 0 bytes/sec
 Input: 0 packets, 0 bytes
 Output: 0 packets, 0 bytes
IPv6 traffic statistics:
 Last 300 seconds input rate: 0 packets/sec, 0 bytes/sec
 Last 300 seconds output rate: 0 packets/sec, 0 bytes/sec
 Input: 0 packets, 0 bytes
 Output: 0 packets, 0 bytes

GigabitEthernet1/0/6
Current state: UP
Line protocol state: UP
IP packet frame type: Ethernet II, hardware address: 8061-6c2d-b8a3
Description: GigabitEthernet1/0/6 Interface
Bandwidth: 1000000 kbps
Loopback is not set
Media type is twisted pair
Port hardware type is 1000_BASE_T
1000Mbps-speed mode, full-duplex mode
Link speed type is autonegotiation, link duplex type is autonegotiation
Flow-control is not enabled
Maximum frame length: 12288
Allow jumbo frames to pass
Broadcast max-ratio: 100%
Multicast max-ratio: 100%
Unicast max-ratio: 100%
Known-unicast max-ratio: 100%
PVID: 500
MDI type: Automdix
Port link-type: Access
 Tagged VLANs:   None
 Untagged VLANs: 500
Port priority: 0
Last link flapping: 140 weeks 0 days 10 hours 46 minutes
Last clearing of counters: Never
Current system time:2026-03-13 12:41:17 BJ+08:00:00
Last time when physical state changed to up:2023-07-07 01:53:03 BJ+08:00:00
Last time when physical state changed to down:2013-01-01 00:00:54 BJ+08:00:00
 Peak input rate: 1542144536 bytes/sec, at 2026-03-03 02:39:46 
 Peak output rate: 537713648 bytes/sec, at 2026-03-03 02:39:46 
 Last 300 seconds input: 15 packets/sec 3993 bytes/sec 0%
 Last 300 seconds output: 5 packets/sec 2688 bytes/sec 0%
 Input (total):  953008551 packets, 533859826010 bytes
         940479180 unicasts, 12529356 broadcasts, 15 multicasts, 0 pauses
 Input (normal):  953008551 packets, - bytes
         940479180 unicasts, 12529356 broadcasts, 15 multicasts, 0 pauses
 Input:  0 input errors, 0 runts, 0 giants, 0 throttles
         0 CRC, 0 frame, - overruns, 0 aborts
         - ignored, - parity errors
 Output (total): 499761176 packets, 186281421263 bytes
         351358288 unicasts, 10042111 broadcasts, 138360777 multicasts, 0 pauses
 Output (normal): 499761176 packets, - bytes
         351358288 unicasts, 10042111 broadcasts, 138360777 multicasts, 0 pauses
 Output: 0 output errors, - underruns, - buffer failures
         0 aborts, 0 deferred, 0 collisions, 0 late collisions
         0 lost carrier, - no carrier
IPv4 traffic statistics:
 Last 300 seconds input rate: 0 packets/sec, 0 bytes/sec
 Last 300 seconds output rate: 0 packets/sec, 0 bytes/sec
 Input: 0 packets, 0 bytes
 Output: 0 packets, 0 bytes
IPv6 traffic statistics:
 Last 300 seconds input rate: 0 packets/sec, 0 bytes/sec
 Last 300 seconds output rate: 0 packets/sec, 0 bytes/sec
 Input: 0 packets, 0 bytes
 Output: 0 packets, 0 bytes

GigabitEthernet1/0/7
Current state: UP
Line protocol state: UP
IP packet frame type: Ethernet II, hardware address: 8061-6c2d-b8a4
Description: GigabitEthernet1/0/7 Interface
Bandwidth: 1000000 kbps
Loopback is not set
Media type is twisted pair
Port hardware type is 1000_BASE_T
1000Mbps-speed mode, full-duplex mode
Link speed type is autonegotiation, link duplex type is autonegotiation
Flow-control is not enabled
Maximum frame length: 12288
Allow jumbo frames to pass
Broadcast max-ratio: 100%
Multicast max-ratio: 100%
Unicast max-ratio: 100%
Known-unicast max-ratio: 100%
PVID: 725
MDI type: Automdix
Port link-type: Access
 Tagged VLANs:   None
 Untagged VLANs: 725
Port priority: 0
Last link flapping: 1 weeks 3 days 19 hours 16 minutes
Last clearing of counters: Never
Current system time:2026-03-13 12:41:17 BJ+08:00:00
Last time when physical state changed to up:2026-03-02 17:24:17 BJ+08:00:00
Last time when physical state changed to down:2026-03-02 17:24:11 BJ+08:00:00
 Peak input rate: 3 bytes/sec, at 2026-01-31 04:07:03 
 Peak output rate: 33879388 bytes/sec, at 2026-03-12 03:54:46 
 Last 300 seconds input: 0 packets/sec 0 bytes/sec 0%
 Last 300 seconds output: 1 packets/sec 137 bytes/sec 0%
 Input (total):  9076 packets, 580864 bytes
         9036 unicasts, 40 broadcasts, 0 multicasts, 0 pauses
 Input (normal):  9076 packets, - bytes
         9036 unicasts, 40 broadcasts, 0 multicasts, 0 pauses
 Input:  0 input errors, 0 runts, 0 giants, 0 throttles
         0 CRC, 0 frame, - overruns, 0 aborts
         - ignored, - parity errors
 Output (total): 129896317 packets, 11602930871 bytes
         9036 unicasts, 50 broadcasts, 129887231 multicasts, 0 pauses
 Output (normal): 129896317 packets, - bytes
         9036 unicasts, 50 broadcasts, 129887231 multicasts, 0 pauses
 Output: 0 output errors, - underruns, - buffer failures
         0 aborts, 0 deferred, 0 collisions, 0 late collisions
         0 lost carrier, - no carrier
IPv4 traffic statistics:
 Last 300 seconds input rate: 0 packets/sec, 0 bytes/sec
 Last 300 seconds output rate: 0 packets/sec, 0 bytes/sec
 Input: 0 packets, 0 bytes
 Output: 0 packets, 0 bytes
IPv6 traffic statistics:
 Last 300 seconds input rate: 0 packets/sec, 0 bytes/sec
 Last 300 seconds output rate: 0 packets/sec, 0 bytes/sec
 Input: 0 packets, 0 bytes
 Output: 0 packets, 0 bytes

GigabitEthernet1/0/8
Current state: UP
Line protocol state: UP
IP packet frame type: Ethernet II, hardware address: 8061-6c2d-b8a5
Description: GigabitEthernet1/0/8 Interface
Bandwidth: 100000 kbps
Loopback is not set
Media type is twisted pair
Port hardware type is 1000_BASE_T
100Mbps-speed mode, full-duplex mode
Link speed type is autonegotiation, link duplex type is autonegotiation
Flow-control is not enabled
Maximum frame length: 12288
Allow jumbo frames to pass
Broadcast max-ratio: 100%
Multicast max-ratio: 100%
Unicast max-ratio: 100%
Known-unicast max-ratio: 100%
PVID: 600
MDI type: Automdix
Port link-type: Access
 Tagged VLANs:   None
 Untagged VLANs: 600
Port priority: 0
Last link flapping: 112 weeks 2 days 12 hours 28 minutes
Last clearing of counters: Never
Current system time:2026-03-13 12:41:17 BJ+08:00:00
Last time when physical state changed to up:2024-01-17 00:11:50 BJ+08:00:00
Last time when physical state changed to down:2024-01-17 00:11:48 BJ+08:00:00
 Peak input rate: 46811380 bytes/sec, at 2026-03-04 13:47:55 
 Peak output rate: 47476484 bytes/sec, at 2026-03-13 03:20:00 
 Last 300 seconds input: 0 packets/sec 263 bytes/sec 0%
 Last 300 seconds output: 2 packets/sec 204 bytes/sec 0%
 Input (total):  49414296 packets, 16185017665 bytes
         49358340 unicasts, 55956 broadcasts, 0 multicasts, 0 pauses
 Input (normal):  49414296 packets, - bytes
         49358340 unicasts, 55956 broadcasts, 0 multicasts, 0 pauses
 Input:  0 input errors, 0 runts, 0 giants, 0 throttles
         0 CRC, 0 frame, - overruns, 0 aborts
         - ignored, - parity errors
 Output (total): 195273772 packets, 16238944995 bytes
         56898990 unicasts, 13931 broadcasts, 138360851 multicasts, 0 pauses
 Output (normal): 195273772 packets, - bytes
         56898990 unicasts, 13931 broadcasts, 138360851 multicasts, 0 pauses
 Output: 0 output errors, - underruns, - buffer failures
         0 aborts, 0 deferred, 0 collisions, 0 late collisions
         0 lost carrier, - no carrier
IPv4 traffic statistics:
 Last 300 seconds input rate: 0 packets/sec, 0 bytes/sec
 Last 300 seconds output rate: 0 packets/sec, 0 bytes/sec
 Input: 0 packets, 0 bytes
 Output: 0 packets, 0 bytes
IPv6 traffic statistics:
 Last 300 seconds input rate: 0 packets/sec, 0 bytes/sec
 Last 300 seconds output rate: 0 packets/sec, 0 bytes/sec
 Input: 0 packets, 0 bytes
 Output: 0 packets, 0 bytes

GigabitEthernet1/0/9
Current state: UP
Line protocol state: UP
IP packet frame type: Ethernet II, hardware address: 8061-6c2d-b8a6
Description: GigabitEthernet1/0/9 Interface
Bandwidth: 1000000 kbps
Loopback is not set
Media type is twisted pair
Port hardware type is 1000_BASE_T
1000Mbps-speed mode, full-duplex mode
Link speed type is autonegotiation, link duplex type is autonegotiation
Flow-control is not enabled
Maximum frame length: 12288
Allow jumbo frames to pass
Broadcast max-ratio: 100%
Multicast max-ratio: 100%
Unicast max-ratio: 100%
Known-unicast max-ratio: 100%
PVID: 730
MDI type: Automdix
Port link-type: Access
 Tagged VLANs:   None
 Untagged VLANs: 730
Port priority: 0
Last link flapping: 62 weeks 4 days 1 hours 31 minutes
Last clearing of counters: Never
Current system time:2026-03-13 12:41:17 BJ+08:00:00
Last time when physical state changed to up:2024-12-30 11:08:44 BJ+08:00:00
Last time when physical state changed to down:2024-12-30 11:08:41 BJ+08:00:00
 Peak input rate: 1681694455 bytes/sec, at 2026-03-12 03:24:45 
 Peak output rate: 214271665 bytes/sec, at 2026-03-12 03:24:45 
 Last 300 seconds input: 24 packets/sec 5296 bytes/sec 0%
 Last 300 seconds output: 1 packets/sec 164 bytes/sec 0%
 Input (total):  1614117340 packets, 575367915754 bytes
         1595344457 unicasts, 18772866 broadcasts, 17 multicasts, 0 pauses
 Input (normal):  1614117340 packets, - bytes
         1595344457 unicasts, 18772866 broadcasts, 17 multicasts, 0 pauses
 Input:  0 input errors, 0 runts, 0 giants, 0 throttles
         0 CRC, 0 frame, - overruns, 0 aborts
         - ignored, - parity errors
 Output (total): 344033231 packets, 73248372688 bytes
         201854759 unicasts, 12289914 broadcasts, 129888558 multicasts, 0 pauses
 Output (normal): 344033231 packets, - bytes
         201854759 unicasts, 12289914 broadcasts, 129888558 multicasts, 0 pauses
 Output: 0 output errors, - underruns, - buffer failures
         0 aborts, 0 deferred, 0 collisions, 0 late collisions
         0 lost carrier, - no carrier
IPv4 traffic statistics:
 Last 300 seconds input rate: 0 packets/sec, 0 bytes/sec
 Last 300 seconds output rate: 0 packets/sec, 0 bytes/sec
 Input: 0 packets, 0 bytes
 Output: 0 packets, 0 bytes
IPv6 traffic statistics:
 Last 300 seconds input rate: 0 packets/sec, 0 bytes/sec
 Last 300 seconds output rate: 0 packets/sec, 0 bytes/sec
 Input: 0 packets, 0 bytes
 Output: 0 packets, 0 bytes

GigabitEthernet1/0/10
Current state: UP
Line protocol state: UP
IP packet frame type: Ethernet II, hardware address: 8061-6c2d-b8a7
Description: GigabitEthernet1/0/10 Interface
Bandwidth: 1000000 kbps
Loopback is not set
Media type is twisted pair
Port hardware type is 1000_BASE_T
1000Mbps-speed mode, full-duplex mode
Link speed type is autonegotiation, link duplex type is autonegotiation
Flow-control is not enabled
Maximum frame length: 12288
Allow jumbo frames to pass
Broadcast max-ratio: 100%
Multicast max-ratio: 100%
Unicast max-ratio: 100%
Known-unicast max-ratio: 100%
PVID: 100
MDI type: Automdix
Port link-type: Access
 Tagged VLANs:   None
 Untagged VLANs: 100
Port priority: 0
Last link flapping: 140 weeks 0 days 10 hours 45 minutes
Last clearing of counters: Never
Current system time:2026-03-13 12:41:17 BJ+08:00:00
Last time when physical state changed to up:2023-07-07 01:54:23 BJ+08:00:00
Last time when physical state changed to down:2013-01-01 00:00:54 BJ+08:00:00
 Peak input rate: 17442999 bytes/sec, at 2026-03-11 09:54:34 
 Peak output rate: 209774314 bytes/sec, at 2026-03-11 09:54:34 
 Last 300 seconds input: 0 packets/sec 66 bytes/sec 0%
 Last 300 seconds output: 11 packets/sec 831 bytes/sec 0%
 Input (total):  68372833 packets, 5973096446 bytes
         31772741 unicasts, 36600092 broadcasts, 0 multicasts, 0 pauses
 Input (normal):  68372833 packets, - bytes
         31772741 unicasts, 36600092 broadcasts, 0 multicasts, 0 pauses
 Input:  0 input errors, 0 runts, 0 giants, 0 throttles
         0 CRC, 0 frame, - overruns, 0 aborts
         - ignored, - parity errors
 Output (total): 1022381826 packets, 71841100480 bytes
         667372299 unicasts, 194851696 broadcasts, 160157831 multicasts, 0 pauses
 Output (normal): 1022381826 packets, - bytes
         667372299 unicasts, 194851696 broadcasts, 160157831 multicasts, 0 pauses
 Output: 0 output errors, - underruns, - buffer failures
         0 aborts, 0 deferred, 0 collisions, 0 late collisions
         0 lost carrier, - no carrier
IPv4 traffic statistics:
 Last 300 seconds input rate: 0 packets/sec, 0 bytes/sec
 Last 300 seconds output rate: 0 packets/sec, 0 bytes/sec
 Input: 0 packets, 0 bytes
 Output: 0 packets, 0 bytes
IPv6 traffic statistics:
 Last 300 seconds input rate: 0 packets/sec, 0 bytes/sec
 Last 300 seconds output rate: 0 packets/sec, 0 bytes/sec
 Input: 0 packets, 0 bytes
 Output: 0 packets, 0 bytes

GigabitEthernet1/0/11
Current state: UP
Line protocol state: UP
IP packet frame type: Ethernet II, hardware address: 8061-6c2d-b8a8
Description: to_ZX_Centrex
Bandwidth: 1000000 kbps
Loopback is not set
Media type is twisted pair
Port hardware type is 1000_BASE_T
1000Mbps-speed mode, full-duplex mode
Link speed type is autonegotiation, link duplex type is autonegotiation
Flow-control is not enabled
Maximum frame length: 12288
Allow jumbo frames to pass
Broadcast max-ratio: 100%
Multicast max-ratio: 100%
Unicast max-ratio: 100%
Known-unicast max-ratio: 100%
PVID: 900
MDI type: Automdix
Port link-type: Access
 Tagged VLANs:   None
 Untagged VLANs: 900
Port priority: 0
Last link flapping: 140 weeks 0 days 10 hours 37 minutes
Last clearing of counters: Never
Current system time:2026-03-13 12:41:17 BJ+08:00:00
Last time when physical state changed to up:2023-07-07 02:02:37 BJ+08:00:00
Last time when physical state changed to down:2023-07-07 02:01:10 BJ+08:00:00
 Peak input rate: 34443287 bytes/sec, at 2026-03-08 21:14:04 
 Peak output rate: 17891324 bytes/sec, at 2026-03-08 21:14:04 
 Last 300 seconds input: 2 packets/sec 139 bytes/sec 0%
 Last 300 seconds output: 0 packets/sec 72 bytes/sec 0%
 Input (total):  171876923 packets, 11830921832 bytes
         285907 unicasts, 0 broadcasts, 171591016 multicasts, 0 pauses
 Input (normal):  171876923 packets, - bytes
         285907 unicasts, 0 broadcasts, 171591016 multicasts, 0 pauses
 Input:  0 input errors, 0 runts, 0 giants, 0 throttles
         0 CRC, 0 frame, - overruns, 0 aborts
         - ignored, - parity errors
 Output (total): 45329361 packets, 6145490220 bytes
         150456 unicasts, 2 broadcasts, 45178903 multicasts, 0 pauses
 Output (normal): 45329361 packets, - bytes
         150456 unicasts, 2 broadcasts, 45178903 multicasts, 0 pauses
 Output: 0 output errors, - underruns, - buffer failures
         0 aborts, 0 deferred, 0 collisions, 0 late collisions
         0 lost carrier, - no carrier
IPv4 traffic statistics:
 Last 300 seconds input rate: 0 packets/sec, 0 bytes/sec
 Last 300 seconds output rate: 0 packets/sec, 0 bytes/sec
 Input: 0 packets, 0 bytes
 Output: 0 packets, 0 bytes
IPv6 traffic statistics:
 Last 300 seconds input rate: 0 packets/sec, 0 bytes/sec
 Last 300 seconds output rate: 0 packets/sec, 0 bytes/sec
 Input: 0 packets, 0 bytes
 Output: 0 packets, 0 bytes

GigabitEthernet1/0/12
Current state: UP
Line protocol state: UP
IP packet frame type: Ethernet II, hardware address: 8061-6c2d-b8a9
Description: GigabitEthernet1/0/12 Interface
Bandwidth: 1000000 kbps
Loopback is not set
Media type is twisted pair
Port hardware type is 1000_BASE_T
1000Mbps-speed mode, full-duplex mode
Link speed type is autonegotiation, link duplex type is autonegotiation
Flow-control is not enabled
Maximum frame length: 12288
Allow jumbo frames to pass
Broadcast max-ratio: 100%
Multicast max-ratio: 100%
Unicast max-ratio: 100%
Known-unicast max-ratio: 100%
PVID: 720
MDI type: Automdix
Port link-type: Access
 Tagged VLANs:   None
 Untagged VLANs: 720
Port priority: 0
Last link flapping: 140 weeks 0 days 10 hours 43 minutes
Last clearing of counters: Never
Current system time:2026-03-13 12:41:17 BJ+08:00:00
Last time when physical state changed to up:2023-07-07 01:56:18 BJ+08:00:00
Last time when physical state changed to down:2013-01-01 00:00:54 BJ+08:00:00
 Peak input rate: 73730508 bytes/sec, at 2026-02-21 07:02:53 
 Peak output rate: 53808381 bytes/sec, at 2026-03-05 19:28:16 
 Last 300 seconds input: 0 packets/sec 168 bytes/sec 0%
 Last 300 seconds output: 2 packets/sec 224 bytes/sec 0%
 Input (total):  81510203 packets, 25437955308 bytes
         78156980 unicasts, 3353223 broadcasts, 0 multicasts, 0 pauses
 Input (normal):  81510203 packets, - bytes
         78156980 unicasts, 3353223 broadcasts, 0 multicasts, 0 pauses
 Input:  0 input errors, 0 runts, 0 giants, 0 throttles
         0 CRC, 0 frame, - overruns, 0 aborts
         - ignored, - parity errors
 Output (total): 217463566 packets, 18541847861 bytes
         86704950 unicasts, 869916 broadcasts, 129888700 multicasts, 0 pauses
 Output (normal): 217463566 packets, - bytes
         86704950 unicasts, 869916 broadcasts, 129888700 multicasts, 0 pauses
 Output: 0 output errors, - underruns, - buffer failures
         0 aborts, 0 deferred, 0 collisions, 0 late collisions
         0 lost carrier, - no carrier
IPv4 traffic statistics:
 Last 300 seconds input rate: 0 packets/sec, 0 bytes/sec
 Last 300 seconds output rate: 0 packets/sec, 0 bytes/sec
 Input: 0 packets, 0 bytes
 Output: 0 packets, 0 bytes
IPv6 traffic statistics:
 Last 300 seconds input rate: 0 packets/sec, 0 bytes/sec
 Last 300 seconds output rate: 0 packets/sec, 0 bytes/sec
 Input: 0 packets, 0 bytes
 Output: 0 packets, 0 bytes

GigabitEthernet1/0/13
Current state: UP
Line protocol state: UP
IP packet frame type: Ethernet II, hardware address: 8061-6c2d-b8aa
Description: GigabitEthernet1/0/13 Interface
Bandwidth: 1000000 kbps
Loopback is not set
Media type is twisted pair
Port hardware type is 1000_BASE_T
1000Mbps-speed mode, full-duplex mode
Link speed type is autonegotiation, link duplex type is autonegotiation
Flow-control is not enabled
Maximum frame length: 12288
Allow jumbo frames to pass
Broadcast max-ratio: 100%
Multicast max-ratio: 100%
Unicast max-ratio: 100%
Known-unicast max-ratio: 100%
PVID: 720
MDI type: Automdix
Port link-type: Access
 Tagged VLANs:   None
 Untagged VLANs: 720
Port priority: 0
Last link flapping: 140 weeks 0 days 10 hours 44 minutes
Last clearing of counters: Never
Current system time:2026-03-13 12:41:17 BJ+08:00:00
Last time when physical state changed to up:2023-07-07 01:55:46 BJ+08:00:00
Last time when physical state changed to down:2013-01-01 00:00:54 BJ+08:00:00
 Peak input rate: 5159 bytes/sec, at 2023-08-26 12:08:03 
 Peak output rate: 40577009 bytes/sec, at 2026-03-12 21:54:57 
 Last 300 seconds input: 0 packets/sec 0 bytes/sec 0%
 Last 300 seconds output: 1 packets/sec 140 bytes/sec 0%
 Input (total):  27117136 packets, 15292100496 bytes
         26247344 unicasts, 869792 broadcasts, 0 multicasts, 0 pauses
 Input (normal):  27117136 packets, - bytes
         26247344 unicasts, 869792 broadcasts, 0 multicasts, 0 pauses
 Input:  0 input errors, 0 runts, 0 giants, 0 throttles
         0 CRC, 0 frame, - overruns, 0 aborts
         - ignored, - parity errors
 Output (total): 159831591 packets, 13875421277 bytes
         26589494 unicasts, 3353350 broadcasts, 129888747 multicasts, 0 pauses
 Output (normal): 159831591 packets, - bytes
         26589494 unicasts, 3353350 broadcasts, 129888747 multicasts, 0 pauses
 Output: 0 output errors, - underruns, - buffer failures
         0 aborts, 0 deferred, 0 collisions, 0 late collisions
         0 lost carrier, - no carrier
IPv4 traffic statistics:
 Last 300 seconds input rate: 0 packets/sec, 0 bytes/sec
 Last 300 seconds output rate: 0 packets/sec, 0 bytes/sec
 Input: 0 packets, 0 bytes
 Output: 0 packets, 0 bytes
IPv6 traffic statistics:
 Last 300 seconds input rate: 0 packets/sec, 0 bytes/sec
 Last 300 seconds output rate: 0 packets/sec, 0 bytes/sec
 Input: 0 packets, 0 bytes
 Output: 0 packets, 0 bytes

GigabitEthernet1/0/14
Current state: DOWN
Line protocol state: DOWN
IP packet frame type: Ethernet II, hardware address: 8061-6c2d-b8ab
Description: GigabitEthernet1/0/14 Interface
Bandwidth: 1000000 kbps
Loopback is not set
Media type is twisted pair
Port hardware type is 1000_BASE_T
Unknown-speed mode, unknown-duplex mode
Link speed type is autonegotiation, link duplex type is autonegotiation
Flow-control is not enabled
Maximum frame length: 12288
Allow jumbo frames to pass
Broadcast max-ratio: 100%
Multicast max-ratio: 100%
Unicast max-ratio: 100%
Known-unicast max-ratio: 100%
PVID: 100
MDI type: Automdix
Port link-type: Access
 Tagged VLANs:   None
 Untagged VLANs: 100
Port priority: 0
Last link flapping: Never
Last clearing of counters: Never
Current system time:2026-03-13 12:41:17 BJ+08:00:00
Last time when physical state changed to up:-
Last time when physical state changed to down:2013-01-01 00:00:54 BJ+08:00:00
 Peak input rate: 0 bytes/sec, at 2013-01-01 00:02:51 
 Peak output rate: 0 bytes/sec, at 2013-01-01 00:02:51 
 Last 300 seconds input: 0 packets/sec 0 bytes/sec -%
 Last 300 seconds output: 0 packets/sec 0 bytes/sec -%
 Input (total):  0 packets, 0 bytes
         0 unicasts, 0 broadcasts, 0 multicasts, 0 pauses
 Input (normal):  0 packets, - bytes
         0 unicasts, 0 broadcasts, 0 multicasts, 0 pauses
 Input:  0 input errors, 0 runts, 0 giants, 0 throttles
         0 CRC, 0 frame, - overruns, 0 aborts
         - ignored, - parity errors
 Output (total): 0 packets, 0 bytes
         0 unicasts, 0 broadcasts, 0 multicasts, 0 pauses
 Output (normal): 0 packets, - bytes
         0 unicasts, 0 broadcasts, 0 multicasts, 0 pauses
 Output: 0 output errors, - underruns, - buffer failures
         0 aborts, 0 deferred, 0 collisions, 0 late collisions
         0 lost carrier, - no carrier
IPv4 traffic statistics:
 Last 300 seconds input rate: 0 packets/sec, 0 bytes/sec
 Last 300 seconds output rate: 0 packets/sec, 0 bytes/sec
 Input: 0 packets, 0 bytes
 Output: 0 packets, 0 bytes
IPv6 traffic statistics:
 Last 300 seconds input rate: 0 packets/sec, 0 bytes/sec
 Last 300 seconds output rate: 0 packets/sec, 0 bytes/sec
 Input: 0 packets, 0 bytes
 Output: 0 packets, 0 bytes

GigabitEthernet1/0/15
Current state: UP
Line protocol state: UP
IP packet frame type: Ethernet II, hardware address: 8061-6c2d-b8ac
Description: GigabitEthernet1/0/15 Interface
Bandwidth: 1000000 kbps
Loopback is not set
Media type is twisted pair
Port hardware type is 1000_BASE_T
1000Mbps-speed mode, full-duplex mode
Link speed type is autonegotiation, link duplex type is autonegotiation
Flow-control is not enabled
Maximum frame length: 12288
Allow jumbo frames to pass
Broadcast max-ratio: 100%
Multicast max-ratio: 100%
Unicast max-ratio: 100%
Known-unicast max-ratio: 100%
PVID: 730
MDI type: Automdix
Port link-type: Access
 Tagged VLANs:   None
 Untagged VLANs: 730
Port priority: 0
Last link flapping: 43 weeks 1 days 0 hours 26 minutes
Last clearing of counters: Never
Current system time:2026-03-13 12:41:17 BJ+08:00:00
Last time when physical state changed to up:2025-05-15 12:14:43 BJ+08:00:00
Last time when physical state changed to down:2025-05-15 12:14:41 BJ+08:00:00
 Peak input rate: 1745665056 bytes/sec, at 2026-03-12 09:29:52 
 Peak output rate: 179335294 bytes/sec, at 2026-03-12 09:29:52 
 Last 300 seconds input: 29 packets/sec 6554 bytes/sec 0%
 Last 300 seconds output: 3 packets/sec 1480 bytes/sec 0%
 Input (total):  1834449953 packets, 597925148210 bytes
         1822229977 unicasts, 12219953 broadcasts, 23 multicasts, 0 pauses
 Input (normal):  1834449953 packets, - bytes
         1822229977 unicasts, 12219953 broadcasts, 23 multicasts, 0 pauses
 Input:  0 input errors, 0 runts, 0 giants, 0 throttles
         0 CRC, 0 frame, - overruns, 0 aborts
         - ignored, - parity errors
 Output (total): 326014586 packets, 61481581853 bytes
         177284212 unicasts, 18842702 broadcasts, 129887672 multicasts, 0 pauses
 Output (normal): 326014586 packets, - bytes
         177284212 unicasts, 18842702 broadcasts, 129887672 multicasts, 0 pauses
 Output: 0 output errors, - underruns, - buffer failures
         0 aborts, 0 deferred, 0 collisions, 0 late collisions
         0 lost carrier, - no carrier
IPv4 traffic statistics:
 Last 300 seconds input rate: 0 packets/sec, 0 bytes/sec
 Last 300 seconds output rate: 0 packets/sec, 0 bytes/sec
 Input: 0 packets, 0 bytes
 Output: 0 packets, 0 bytes
IPv6 traffic statistics:
 Last 300 seconds input rate: 0 packets/sec, 0 bytes/sec
 Last 300 seconds output rate: 0 packets/sec, 0 bytes/sec
 Input: 0 packets, 0 bytes
 Output: 0 packets, 0 bytes

GigabitEthernet1/0/16
Current state: UP
Line protocol state: UP
IP packet frame type: Ethernet II, hardware address: 8061-6c2d-b8ad
Description: GigabitEthernet1/0/16 Interface
Bandwidth: 100000 kbps
Loopback is not set
Media type is twisted pair
Port hardware type is 1000_BASE_T
100Mbps-speed mode, full-duplex mode
Link speed type is autonegotiation, link duplex type is autonegotiation
Flow-control is not enabled
Maximum frame length: 12288
Allow jumbo frames to pass
Broadcast max-ratio: 100%
Multicast max-ratio: 100%
Unicast max-ratio: 100%
Known-unicast max-ratio: 100%
PVID: 730
MDI type: Automdix
Port link-type: Access
 Tagged VLANs:   None
 Untagged VLANs: 730
Port priority: 0
Last link flapping: 26 weeks 2 days 12 hours 4 minutes
Last clearing of counters: Never
Current system time:2026-03-13 12:41:17 BJ+08:00:00
Last time when physical state changed to up:2025-09-10 00:36:50 BJ+08:00:00
Last time when physical state changed to down:2025-09-10 00:36:48 BJ+08:00:00
 Peak input rate: 8006178 bytes/sec, at 2025-09-08 03:31:50 
 Peak output rate: 40576655 bytes/sec, at 2026-02-09 19:35:30 
 Last 300 seconds input: 0 packets/sec 0 bytes/sec 0%
 Last 300 seconds output: 1 packets/sec 160 bytes/sec 0%
 Input (total):  8912532 packets, 2793794079 bytes
         8901925 unicasts, 10607 broadcasts, 0 multicasts, 0 pauses
 Input (normal):  8912532 packets, - bytes
         8901925 unicasts, 10607 broadcasts, 0 multicasts, 0 pauses
 Input:  0 input errors, 0 runts, 0 giants, 0 throttles
         0 CRC, 0 frame, - overruns, 0 aborts
         - ignored, - parity errors
 Output (total): 170890521 packets, 14316493499 bytes
         9949969 unicasts, 31052119 broadcasts, 129888433 multicasts, 0 pauses
 Output (normal): 170890521 packets, - bytes
         9949969 unicasts, 31052119 broadcasts, 129888433 multicasts, 0 pauses
 Output: 0 output errors, - underruns, - buffer failures
         0 aborts, 0 deferred, 0 collisions, 0 late collisions
         0 lost carrier, - no carrier
IPv4 traffic statistics:
 Last 300 seconds input rate: 0 packets/sec, 0 bytes/sec
 Last 300 seconds output rate: 0 packets/sec, 0 bytes/sec
 Input: 0 packets, 0 bytes
 Output: 0 packets, 0 bytes
IPv6 traffic statistics:
 Last 300 seconds input rate: 0 packets/sec, 0 bytes/sec
 Last 300 seconds output rate: 0 packets/sec, 0 bytes/sec
 Input: 0 packets, 0 bytes
 Output: 0 packets, 0 bytes

GigabitEthernet1/0/17
Current state: UP
Line protocol state: UP
IP packet frame type: Ethernet II, hardware address: 8061-6c2d-b8ae
Description: GigabitEthernet1/0/17 Interface
Bandwidth: 1000000 kbps
Loopback is not set
Media type is twisted pair
Port hardware type is 1000_BASE_T
1000Mbps-speed mode, full-duplex mode
Link speed type is autonegotiation, link duplex type is autonegotiation
Flow-control is not enabled
Maximum frame length: 12288
Allow jumbo frames to pass
Broadcast max-ratio: 100%
Multicast max-ratio: 100%
Unicast max-ratio: 100%
Known-unicast max-ratio: 100%
PVID: 725
MDI type: Automdix
Port link-type: Access
 Tagged VLANs:   None
 Untagged VLANs: 725
Port priority: 0
Last link flapping: 1 weeks 3 days 19 hours 16 minutes
Last clearing of counters: Never
Current system time:2026-03-13 12:41:17 BJ+08:00:00
Last time when physical state changed to up:2026-03-02 17:24:18 BJ+08:00:00
Last time when physical state changed to down:2026-03-02 17:24:11 BJ+08:00:00
 Peak input rate: 18565 bytes/sec, at 2025-09-15 19:58:49 
 Peak output rate: 33879434 bytes/sec, at 2026-03-10 21:19:30 
 Last 300 seconds input: 0 packets/sec 0 bytes/sec 0%
 Last 300 seconds output: 1 packets/sec 137 bytes/sec 0%
 Input (total):  129156 packets, 8265984 bytes
         129156 unicasts, 0 broadcasts, 0 multicasts, 0 pauses
 Input (normal):  129156 packets, - bytes
         129156 unicasts, 0 broadcasts, 0 multicasts, 0 pauses
 Input:  0 input errors, 0 runts, 0 giants, 0 throttles
         0 CRC, 0 frame, - overruns, 0 aborts
         - ignored, - parity errors
 Output (total): 130015749 packets, 11616195374 bytes
         129480 unicasts, 89 broadcasts, 129886180 multicasts, 0 pauses
 Output (normal): 130015749 packets, - bytes
         129480 unicasts, 89 broadcasts, 129886180 multicasts, 0 pauses
 Output: 0 output errors, - underruns, - buffer failures
         0 aborts, 0 deferred, 0 collisions, 0 late collisions
         0 lost carrier, - no carrier
IPv4 traffic statistics:
 Last 300 seconds input rate: 0 packets/sec, 0 bytes/sec
 Last 300 seconds output rate: 0 packets/sec, 0 bytes/sec
 Input: 0 packets, 0 bytes
 Output: 0 packets, 0 bytes
IPv6 traffic statistics:
 Last 300 seconds input rate: 0 packets/sec, 0 bytes/sec
 Last 300 seconds output rate: 0 packets/sec, 0 bytes/sec
 Input: 0 packets, 0 bytes
 Output: 0 packets, 0 bytes

GigabitEthernet1/0/18
Current state: UP
Line protocol state: UP
IP packet frame type: Ethernet II, hardware address: 8061-6c2d-b8af
Description: GigabitEthernet1/0/18 Interface
Bandwidth: 1000000 kbps
Loopback is not set
Media type is twisted pair
Port hardware type is 1000_BASE_T
1000Mbps-speed mode, full-duplex mode
Link speed type is autonegotiation, link duplex type is autonegotiation
Flow-control is not enabled
Maximum frame length: 12288
Allow jumbo frames to pass
Broadcast max-ratio: 100%
Multicast max-ratio: 100%
Unicast max-ratio: 100%
Known-unicast max-ratio: 100%
PVID: 800
MDI type: Automdix
Port link-type: Access
 Tagged VLANs:   None
 Untagged VLANs: 800
Port priority: 0
Last link flapping: 39 weeks 0 days 8 hours 18 minutes
Last clearing of counters: Never
Current system time:2026-03-13 12:41:17 BJ+08:00:00
Last time when physical state changed to up:2025-06-13 04:22:23 BJ+08:00:00
Last time when physical state changed to down:2025-06-13 04:17:11 BJ+08:00:00
 Peak input rate: 37178834 bytes/sec, at 2026-03-10 03:19:12 
 Peak output rate: 18121352 bytes/sec, at 2026-03-10 03:19:12 
 Last 300 seconds input: 2 packets/sec 147 bytes/sec 0%
 Last 300 seconds output: 0 packets/sec 73 bytes/sec 0%
 Input (total):  177477521 packets, 12746502755 bytes
         2653446 unicasts, 912 broadcasts, 174823163 multicasts, 0 pauses
 Input (normal):  177477521 packets, - bytes
         2653446 unicasts, 912 broadcasts, 174823163 multicasts, 0 pauses
 Input:  0 input errors, 0 runts, 0 giants, 0 throttles
         0 CRC, 0 frame, - overruns, 0 aborts
         - ignored, - parity errors
 Output (total): 45594872 packets, 6213315036 bytes
         249794 unicasts, 8 broadcasts, 45345070 multicasts, 0 pauses
 Output (normal): 45594872 packets, - bytes
         249794 unicasts, 8 broadcasts, 45345070 multicasts, 0 pauses
 Output: 0 output errors, - underruns, - buffer failures
         0 aborts, 0 deferred, 0 collisions, 0 late collisions
         0 lost carrier, - no carrier
IPv4 traffic statistics:
 Last 300 seconds input rate: 0 packets/sec, 0 bytes/sec
 Last 300 seconds output rate: 0 packets/sec, 0 bytes/sec
 Input: 0 packets, 0 bytes
 Output: 0 packets, 0 bytes
IPv6 traffic statistics:
 Last 300 seconds input rate: 0 packets/sec, 0 bytes/sec
 Last 300 seconds output rate: 0 packets/sec, 0 bytes/sec
 Input: 0 packets, 0 bytes
 Output: 0 packets, 0 bytes

GigabitEthernet1/0/19
Current state: UP
Line protocol state: UP
IP packet frame type: Ethernet II, hardware address: 8061-6c2d-b8b0
Description: GigabitEthernet1/0/19 Interface
Bandwidth: 1000000 kbps
Loopback is not set
Media type is twisted pair
Port hardware type is 1000_BASE_T
1000Mbps-speed mode, full-duplex mode
Link speed type is autonegotiation, link duplex type is autonegotiation
Flow-control is not enabled
Maximum frame length: 12288
Allow jumbo frames to pass
Broadcast max-ratio: 100%
Multicast max-ratio: 100%
Unicast max-ratio: 100%
Known-unicast max-ratio: 100%
PVID: 700
MDI type: Automdix
Port link-type: Access
 Tagged VLANs:   None
 Untagged VLANs: 700
Port priority: 0
Last link flapping: 140 weeks 0 days 10 hours 48 minutes
Last clearing of counters: Never
Current system time:2026-03-13 12:41:17 BJ+08:00:00
Last time when physical state changed to up:2023-07-07 01:51:39 BJ+08:00:00
Last time when physical state changed to down:2013-01-01 00:00:54 BJ+08:00:00
 Peak input rate: 103548614 bytes/sec, at 2026-03-08 01:43:44 
 Peak output rate: 42654922 bytes/sec, at 2026-03-08 01:43:44 
 Last 300 seconds input: 4 packets/sec 635 bytes/sec 0%
 Last 300 seconds output: 2 packets/sec 172 bytes/sec 0%
 Input (total):  238540150 packets, 35666051956 bytes
         229390326 unicasts, 9149815 broadcasts, 9 multicasts, 0 pauses
 Input (normal):  238540150 packets, - bytes
         229390326 unicasts, 9149815 broadcasts, 9 multicasts, 0 pauses
 Input:  0 input errors, 0 runts, 0 giants, 0 throttles
         0 CRC, 0 frame, - overruns, 0 aborts
         - ignored, - parity errors
 Output (total): 175075237 packets, 14657076670 bytes
         23341489 unicasts, 13372839 broadcasts, 138360909 multicasts, 0 pauses
 Output (normal): 175075237 packets, - bytes
         23341489 unicasts, 13372839 broadcasts, 138360909 multicasts, 0 pauses
 Output: 0 output errors, - underruns, - buffer failures
         0 aborts, 0 deferred, 0 collisions, 0 late collisions
         0 lost carrier, - no carrier
IPv4 traffic statistics:
 Last 300 seconds input rate: 0 packets/sec, 0 bytes/sec
 Last 300 seconds output rate: 0 packets/sec, 0 bytes/sec
 Input: 0 packets, 0 bytes
 Output: 0 packets, 0 bytes
IPv6 traffic statistics:
 Last 300 seconds input rate: 0 packets/sec, 0 bytes/sec
 Last 300 seconds output rate: 0 packets/sec, 0 bytes/sec
 Input: 0 packets, 0 bytes
 Output: 0 packets, 0 bytes

GigabitEthernet1/0/20
Current state: UP
Line protocol state: UP
IP packet frame type: Ethernet II, hardware address: 8061-6c2d-b8b1
Description: GigabitEthernet1/0/20 Interface
Bandwidth: 100000 kbps
Loopback is not set
Media type is twisted pair
Port hardware type is 1000_BASE_T
100Mbps-speed mode, full-duplex mode
Link speed type is autonegotiation, link duplex type is autonegotiation
Flow-control is not enabled
Maximum frame length: 12288
Allow jumbo frames to pass
Broadcast max-ratio: 100%
Multicast max-ratio: 100%
Unicast max-ratio: 100%
Known-unicast max-ratio: 100%
PVID: 100
MDI type: Automdix
Port link-type: Access
 Tagged VLANs:   None
 Untagged VLANs: 100
Port priority: 0
Last link flapping: 140 weeks 0 days 10 hours 41 minutes
Last clearing of counters: Never
Current system time:2026-03-13 12:41:17 BJ+08:00:00
Last time when physical state changed to up:2023-07-07 01:58:44 BJ+08:00:00
Last time when physical state changed to down:2013-01-01 00:00:54 BJ+08:00:00
 Peak input rate: 112392199 bytes/sec, at 2026-02-19 01:29:44 
 Peak output rate: 83967105 bytes/sec, at 2026-02-19 01:29:44 
 Last 300 seconds input: 7 packets/sec 454 bytes/sec 0%
 Last 300 seconds output: 4 packets/sec 346 bytes/sec 0%
 Input (total):  609049769 packets, 39309396880 bytes
         607639322 unicasts, 0 broadcasts, 1410447 multicasts, 0 pauses
 Input (normal):  609049769 packets, - bytes
         607639322 unicasts, 0 broadcasts, 1410447 multicasts, 0 pauses
 Input:  0 input errors, 0 runts, 0 giants, 0 throttles
         0 CRC, 0 frame, - overruns, 0 aborts
         - ignored, - parity errors
 Output (total): 390273467 packets, 29369498890 bytes
         74890 unicasts, 231451617 broadcasts, 158746960 multicasts, 0 pauses
 Output (normal): 390273467 packets, - bytes
         74890 unicasts, 231451617 broadcasts, 158746960 multicasts, 0 pauses
 Output: 0 output errors, - underruns, - buffer failures
         0 aborts, 0 deferred, 0 collisions, 0 late collisions
         0 lost carrier, - no carrier
IPv4 traffic statistics:
 Last 300 seconds input rate: 0 packets/sec, 0 bytes/sec
 Last 300 seconds output rate: 0 packets/sec, 0 bytes/sec
 Input: 0 packets, 0 bytes
 Output: 0 packets, 0 bytes
IPv6 traffic statistics:
 Last 300 seconds input rate: 0 packets/sec, 0 bytes/sec
 Last 300 seconds output rate: 0 packets/sec, 0 bytes/sec
 Input: 0 packets, 0 bytes
 Output: 0 packets, 0 bytes

GigabitEthernet1/0/21
Current state: UP
Line protocol state: UP
IP packet frame type: Ethernet II, hardware address: 8061-6c2d-b8b2
Description: GigabitEthernet1/0/21 Interface
Bandwidth: 1000000 kbps
Loopback is not set
Media type is twisted pair
Port hardware type is 1000_BASE_T
1000Mbps-speed mode, full-duplex mode
Link speed type is autonegotiation, link duplex type is autonegotiation
Flow-control is not enabled
Maximum frame length: 12288
Allow jumbo frames to pass
Broadcast max-ratio: 100%
Multicast max-ratio: 100%
Unicast max-ratio: 100%
Known-unicast max-ratio: 100%
PVID: 100
MDI type: Automdix
Port link-type: Access
 Tagged VLANs:   None
 Untagged VLANs: 100
Port priority: 0
Last link flapping: 140 weeks 0 days 10 hours 36 minutes
Last clearing of counters: Never
Current system time:2026-03-13 12:41:18 BJ+08:00:00
Last time when physical state changed to up:2023-07-07 02:03:47 BJ+08:00:00
Last time when physical state changed to down:2013-01-01 00:00:54 BJ+08:00:00
 Peak input rate: 9617950 bytes/sec, at 2026-03-04 01:32:47 
 Peak output rate: 208437214 bytes/sec, at 2026-03-04 01:32:47 
 Last 300 seconds input: 0 packets/sec 39 bytes/sec 0%
 Last 300 seconds output: 11 packets/sec 839 bytes/sec 0%
 Input (total):  28153470 packets, 3322109460 bytes
         28153470 unicasts, 0 broadcasts, 0 multicasts, 0 pauses
 Input (normal):  28153470 packets, - bytes
         28153470 unicasts, 0 broadcasts, 0 multicasts, 0 pauses
 Input:  0 input errors, 0 runts, 0 giants, 0 throttles
         0 CRC, 0 frame, - overruns, 0 aborts
         - ignored, - parity errors
 Output (total): 1027396493 packets, 71995748491 bytes
         635788371 unicasts, 231451245 broadcasts, 160156877 multicasts, 0 pauses
 Output (normal): 1027396493 packets, - bytes
         635788371 unicasts, 231451245 broadcasts, 160156877 multicasts, 0 pauses
 Output: 0 output errors, - underruns, - buffer failures
         0 aborts, 0 deferred, 0 collisions, 0 late collisions
         0 lost carrier, - no carrier
IPv4 traffic statistics:
 Last 300 seconds input rate: 0 packets/sec, 0 bytes/sec
 Last 300 seconds output rate: 0 packets/sec, 0 bytes/sec
 Input: 0 packets, 0 bytes
 Output: 0 packets, 0 bytes
IPv6 traffic statistics:
 Last 300 seconds input rate: 0 packets/sec, 0 bytes/sec
 Last 300 seconds output rate: 0 packets/sec, 0 bytes/sec
 Input: 0 packets, 0 bytes
 Output: 0 packets, 0 bytes

GigabitEthernet1/0/22
Current state: UP
Line protocol state: UP
IP packet frame type: Ethernet II, hardware address: 8061-6c2d-b8b3
Description: GigabitEthernet1/0/22 Interface
Bandwidth: 100000 kbps
Loopback is not set
Media type is twisted pair
Port hardware type is 1000_BASE_T
100Mbps-speed mode, full-duplex mode
Link speed type is autonegotiation, link duplex type is autonegotiation
Flow-control is not enabled
Maximum frame length: 12288
Allow jumbo frames to pass
Broadcast max-ratio: 100%
Multicast max-ratio: 100%
Unicast max-ratio: 100%
Known-unicast max-ratio: 100%
PVID: 730
MDI type: Automdix
Port link-type: Access
 Tagged VLANs:   None
 Untagged VLANs: 730
Port priority: 0
Last link flapping: 26 weeks 2 days 12 hours 18 minutes
Last clearing of counters: Never
Current system time:2026-03-13 12:41:18 BJ+08:00:00
Last time when physical state changed to up:2025-09-10 00:22:25 BJ+08:00:00
Last time when physical state changed to down:2025-09-10 00:22:23 BJ+08:00:00
 Peak input rate: 43601518 bytes/sec, at 2026-02-21 12:38:12 
 Peak output rate: 50198886 bytes/sec, at 2026-03-08 09:43:52 
 Last 300 seconds input: 0 packets/sec 371 bytes/sec 0%
 Last 300 seconds output: 2 packets/sec 217 bytes/sec 0%
 Input (total):  48504164 packets, 15264308631 bytes
         48445048 unicasts, 59116 broadcasts, 0 multicasts, 0 pauses
 Input (normal):  48504164 packets, - bytes
         48445048 unicasts, 59116 broadcasts, 0 multicasts, 0 pauses
 Input:  0 input errors, 0 runts, 0 giants, 0 throttles
         0 CRC, 0 frame, - overruns, 0 aborts
         - ignored, - parity errors
 Output (total): 215169268 packets, 17260959261 bytes
         54278099 unicasts, 31003477 broadcasts, 129887692 multicasts, 0 pauses
 Output (normal): 215169268 packets, - bytes
         54278099 unicasts, 31003477 broadcasts, 129887692 multicasts, 0 pauses
 Output: 0 output errors, - underruns, - buffer failures
         0 aborts, 0 deferred, 0 collisions, 0 late collisions
         0 lost carrier, - no carrier
IPv4 traffic statistics:
 Last 300 seconds input rate: 0 packets/sec, 0 bytes/sec
 Last 300 seconds output rate: 0 packets/sec, 0 bytes/sec
 Input: 0 packets, 0 bytes
 Output: 0 packets, 0 bytes
IPv6 traffic statistics:
 Last 300 seconds input rate: 0 packets/sec, 0 bytes/sec
 Last 300 seconds output rate: 0 packets/sec, 0 bytes/sec
 Input: 0 packets, 0 bytes
 Output: 0 packets, 0 bytes

GigabitEthernet1/0/23
Current state: UP
Line protocol state: UP
IP packet frame type: Ethernet II, hardware address: 8061-6c2d-b8b4
Description: GigabitEthernet1/0/23 Interface
Bandwidth: 100000 kbps
Loopback is not set
Media type is twisted pair
Port hardware type is 1000_BASE_T
100Mbps-speed mode, full-duplex mode
Link speed type is autonegotiation, link duplex type is autonegotiation
Flow-control is not enabled
Maximum frame length: 12288
Allow jumbo frames to pass
Broadcast max-ratio: 100%
Multicast max-ratio: 100%
Unicast max-ratio: 100%
Known-unicast max-ratio: 100%
PVID: 740
MDI type: Automdix
Port link-type: Access
 Tagged VLANs:   None
 Untagged VLANs: 740
Port priority: 0
Last link flapping: 140 weeks 0 days 10 hours 36 minutes
Last clearing of counters: Never
Current system time:2026-03-13 12:41:18 BJ+08:00:00
Last time when physical state changed to up:2023-07-07 02:03:57 BJ+08:00:00
Last time when physical state changed to down:2013-01-01 00:00:54 BJ+08:00:00
 Peak input rate: 0 bytes/sec, at 2013-01-01 00:02:51 
 Peak output rate: 33547266 bytes/sec, at 2026-03-01 08:34:22 
 Last 300 seconds input: 0 packets/sec 0 bytes/sec 0%
 Last 300 seconds output: 1 packets/sec 136 bytes/sec 0%
 Input (total):  0 packets, 0 bytes
         0 unicasts, 0 broadcasts, 0 multicasts, 0 pauses
 Input (normal):  0 packets, - bytes
         0 unicasts, 0 broadcasts, 0 multicasts, 0 pauses
 Input:  0 input errors, 0 runts, 0 giants, 0 throttles
         0 CRC, 0 frame, - overruns, 0 aborts
         - ignored, - parity errors
 Output (total): 129957805 packets, 11612529032 bytes
         0 unicasts, 69810 broadcasts, 129887995 multicasts, 0 pauses
 Output (normal): 129957805 packets, - bytes
         0 unicasts, 69810 broadcasts, 129887995 multicasts, 0 pauses
 Output: 0 output errors, - underruns, - buffer failures
         0 aborts, 0 deferred, 0 collisions, 0 late collisions
         0 lost carrier, - no carrier
IPv4 traffic statistics:
 Last 300 seconds input rate: 0 packets/sec, 0 bytes/sec
 Last 300 seconds output rate: 0 packets/sec, 0 bytes/sec
 Input: 0 packets, 0 bytes
 Output: 0 packets, 0 bytes
IPv6 traffic statistics:
 Last 300 seconds input rate: 0 packets/sec, 0 bytes/sec
 Last 300 seconds output rate: 0 packets/sec, 0 bytes/sec
 Input: 0 packets, 0 bytes
 Output: 0 packets, 0 bytes

GigabitEthernet1/0/24
Current state: UP
Line protocol state: UP
IP packet frame type: Ethernet II, hardware address: 8061-6c2d-b8b5
Description: GigabitEthernet1/0/24 Interface
Bandwidth: 1000000 kbps
Loopback is not set
Media type is twisted pair
Port hardware type is 1000_BASE_T
1000Mbps-speed mode, full-duplex mode
Link speed type is autonegotiation, link duplex type is autonegotiation
Flow-control is not enabled
Maximum frame length: 12288
Allow jumbo frames to pass
Broadcast max-ratio: 100%
Multicast max-ratio: 100%
Unicast max-ratio: 100%
Known-unicast max-ratio: 100%
PVID: 1
MDI type: Automdix
Port link-type: Trunk
 VLAN Passing:   10, 100, 500, 600, 700, 750, 1100, 1200, 4000
 VLAN permitted: 10, 100, 200, 300, 400, 500, 600, 700, 750, 1100, 1200, 4000
 Trunk port encapsulation: IEEE 802.1q
Port priority: 0
Last link flapping: 140 weeks 0 days 10 hours 37 minutes
Last clearing of counters: Never
Current system time:2026-03-13 12:41:18 BJ+08:00:00
Last time when physical state changed to up:2023-07-07 02:02:52 BJ+08:00:00
Last time when physical state changed to down:2013-01-01 00:00:54 BJ+08:00:00
 Peak input rate: 4465436487 bytes/sec, at 2026-03-12 06:20:15 
 Peak output rate: 18321306740 bytes/sec, at 2026-03-12 06:20:15 
 Last 300 seconds input: 39 packets/sec 17781 bytes/sec 0%
 Last 300 seconds output: 196 packets/sec 42842 bytes/sec 0%
 Input (total):  4494477899 packets, 1527242247973 bytes
         3453596235 unicasts, 209349753 broadcasts, 831531911 multicasts, 0 pauses
 Input (normal):  4494477899 packets, - bytes
         3453596235 unicasts, 209349753 broadcasts, 831531911 multicasts, 0 pauses
 Input:  0 input errors, 0 runts, 0 giants, 0 throttles
         0 CRC, 0 frame, - overruns, 0 aborts
         - ignored, - parity errors
 Output (total): 14192355951 packets, 6263540560634 bytes
         13932772465 unicasts, 152808904 broadcasts, 106774582 multicasts, 0 pauses
 Output (normal): 14192355951 packets, - bytes
         13932772465 unicasts, 152808904 broadcasts, 106774582 multicasts, 0 pauses
 Output: 0 output errors, - underruns, - buffer failures
         0 aborts, 0 deferred, 0 collisions, 0 late collisions
         0 lost carrier, - no carrier
IPv4 traffic statistics:
 Last 300 seconds input rate: 0 packets/sec, 0 bytes/sec
 Last 300 seconds output rate: 0 packets/sec, 0 bytes/sec
 Input: 0 packets, 0 bytes
 Output: 0 packets, 0 bytes
IPv6 traffic statistics:
 Last 300 seconds input rate: 0 packets/sec, 0 bytes/sec
 Last 300 seconds output rate: 0 packets/sec, 0 bytes/sec
 Input: 0 packets, 0 bytes
 Output: 0 packets, 0 bytes

GigabitEthernet1/0/25
Current state: DOWN
Line protocol state: DOWN
IP packet frame type: Ethernet II, hardware address: 8061-6c2d-b8b6
Description: GigabitEthernet1/0/25 Interface
Bandwidth: 1000000 kbps
Loopback is not set
Media type is twisted pair
Port hardware type is 1000_BASE_T
Unknown-speed mode, unknown-duplex mode
Link speed type is autonegotiation, link duplex type is autonegotiation
Flow-control is not enabled
Maximum frame length: 12288
Allow jumbo frames to pass
Broadcast max-ratio: 100%
Multicast max-ratio: 100%
Unicast max-ratio: 100%
Known-unicast max-ratio: 100%
PVID: 1
MDI type: Automdix
Port link-type: Access
 Tagged VLANs:   None
 Untagged VLANs: 1
Port priority: 0
Last link flapping: Never
Last clearing of counters: Never
Current system time:2026-03-13 12:41:18 BJ+08:00:00
Last time when physical state changed to up:-
Last time when physical state changed to down:2013-01-01 00:00:54 BJ+08:00:00
 Peak input rate: 0 bytes/sec, at 2013-01-01 00:02:51 
 Peak output rate: 0 bytes/sec, at 2013-01-01 00:02:51 
 Last 300 seconds input: 0 packets/sec 0 bytes/sec -%
 Last 300 seconds output: 0 packets/sec 0 bytes/sec -%
 Input (total):  0 packets, 0 bytes
         0 unicasts, 0 broadcasts, 0 multicasts, 0 pauses
 Input (normal):  0 packets, - bytes
         0 unicasts, 0 broadcasts, 0 multicasts, 0 pauses
 Input:  0 input errors, 0 runts, 0 giants, 0 throttles
         0 CRC, 0 frame, - overruns, 0 aborts
         - ignored, - parity errors
 Output (total): 0 packets, 0 bytes
         0 unicasts, 0 broadcasts, 0 multicasts, 0 pauses
 Output (normal): 0 packets, - bytes
         0 unicasts, 0 broadcasts, 0 multicasts, 0 pauses
 Output: 0 output errors, - underruns, - buffer failures
         0 aborts, 0 deferred, 0 collisions, 0 late collisions
         0 lost carrier, - no carrier
IPv4 traffic statistics:
 Last 300 seconds input rate: 0 packets/sec, 0 bytes/sec
 Last 300 seconds output rate: 0 packets/sec, 0 bytes/sec
 Input: 0 packets, 0 bytes
 Output: 0 packets, 0 bytes
IPv6 traffic statistics:
 Last 300 seconds input rate: 0 packets/sec, 0 bytes/sec
 Last 300 seconds output rate: 0 packets/sec, 0 bytes/sec
 Input: 0 packets, 0 bytes
 Output: 0 packets, 0 bytes

GigabitEthernet1/0/26
Current state: DOWN
Line protocol state: DOWN
IP packet frame type: Ethernet II, hardware address: 8061-6c2d-b8b7
Description: GigabitEthernet1/0/26 Interface
Bandwidth: 1000000 kbps
Loopback is not set
Media type is twisted pair
Port hardware type is 1000_BASE_T
Unknown-speed mode, unknown-duplex mode
Link speed type is autonegotiation, link duplex type is autonegotiation
Flow-control is not enabled
Maximum frame length: 12288
Allow jumbo frames to pass
Broadcast max-ratio: 100%
Multicast max-ratio: 100%
Unicast max-ratio: 100%
Known-unicast max-ratio: 100%
PVID: 1
MDI type: Automdix
Port link-type: Access
 Tagged VLANs:   None
 Untagged VLANs: 1
Port priority: 0
Last link flapping: Never
Last clearing of counters: Never
Current system time:2026-03-13 12:41:18 BJ+08:00:00
Last time when physical state changed to up:-
Last time when physical state changed to down:2013-01-01 00:00:54 BJ+08:00:00
 Peak input rate: 0 bytes/sec, at 2013-01-01 00:02:51 
 Peak output rate: 0 bytes/sec, at 2013-01-01 00:02:51 
 Last 300 seconds input: 0 packets/sec 0 bytes/sec -%
 Last 300 seconds output: 0 packets/sec 0 bytes/sec -%
 Input (total):  0 packets, 0 bytes
         0 unicasts, 0 broadcasts, 0 multicasts, 0 pauses
 Input (normal):  0 packets, - bytes
         0 unicasts, 0 broadcasts, 0 multicasts, 0 pauses
 Input:  0 input errors, 0 runts, 0 giants, 0 throttles
         0 CRC, 0 frame, - overruns, 0 aborts
         - ignored, - parity errors
 Output (total): 0 packets, 0 bytes
         0 unicasts, 0 broadcasts, 0 multicasts, 0 pauses
 Output (normal): 0 packets, - bytes
         0 unicasts, 0 broadcasts, 0 multicasts, 0 pauses
 Output: 0 output errors, - underruns, - buffer failures
         0 aborts, 0 deferred, 0 collisions, 0 late collisions
         0 lost carrier, - no carrier
IPv4 traffic statistics:
 Last 300 seconds input rate: 0 packets/sec, 0 bytes/sec
 Last 300 seconds output rate: 0 packets/sec, 0 bytes/sec
 Input: 0 packets, 0 bytes
 Output: 0 packets, 0 bytes
IPv6 traffic statistics:
 Last 300 seconds input rate: 0 packets/sec, 0 bytes/sec
 Last 300 seconds output rate: 0 packets/sec, 0 bytes/sec
 Input: 0 packets, 0 bytes
 Output: 0 packets, 0 bytes

GigabitEthernet1/0/27
Current state: DOWN
Line protocol state: DOWN
IP packet frame type: Ethernet II, hardware address: 8061-6c2d-b8b8
Description: GigabitEthernet1/0/27 Interface
Bandwidth: 1000000 kbps
Loopback is not set
Media type is twisted pair
Port hardware type is 1000_BASE_T
Unknown-speed mode, unknown-duplex mode
Link speed type is autonegotiation, link duplex type is autonegotiation
Flow-control is not enabled
Maximum frame length: 12288
Allow jumbo frames to pass
Broadcast max-ratio: 100%
Multicast max-ratio: 100%
Unicast max-ratio: 100%
Known-unicast max-ratio: 100%
PVID: 1
MDI type: Automdix
Port link-type: Access
 Tagged VLANs:   None
 Untagged VLANs: 1
Port priority: 0
Last link flapping: Never
Last clearing of counters: Never
Current system time:2026-03-13 12:41:18 BJ+08:00:00
Last time when physical state changed to up:-
Last time when physical state changed to down:2013-01-01 00:00:54 BJ+08:00:00
 Peak input rate: 0 bytes/sec, at 2013-01-01 00:02:51 
 Peak output rate: 0 bytes/sec, at 2013-01-01 00:02:51 
 Last 300 seconds input: 0 packets/sec 0 bytes/sec -%
 Last 300 seconds output: 0 packets/sec 0 bytes/sec -%
 Input (total):  0 packets, 0 bytes
         0 unicasts, 0 broadcasts, 0 multicasts, 0 pauses
 Input (normal):  0 packets, - bytes
         0 unicasts, 0 broadcasts, 0 multicasts, 0 pauses
 Input:  0 input errors, 0 runts, 0 giants, 0 throttles
         0 CRC, 0 frame, - overruns, 0 aborts
         - ignored, - parity errors
 Output (total): 0 packets, 0 bytes
         0 unicasts, 0 broadcasts, 0 multicasts, 0 pauses
 Output (normal): 0 packets, - bytes
         0 unicasts, 0 broadcasts, 0 multicasts, 0 pauses
 Output: 0 output errors, - underruns, - buffer failures
         0 aborts, 0 deferred, 0 collisions, 0 late collisions
         0 lost carrier, - no carrier
IPv4 traffic statistics:
 Last 300 seconds input rate: 0 packets/sec, 0 bytes/sec
 Last 300 seconds output rate: 0 packets/sec, 0 bytes/sec
 Input: 0 packets, 0 bytes
 Output: 0 packets, 0 bytes
IPv6 traffic statistics:
 Last 300 seconds input rate: 0 packets/sec, 0 bytes/sec
 Last 300 seconds output rate: 0 packets/sec, 0 bytes/sec
 Input: 0 packets, 0 bytes
 Output: 0 packets, 0 bytes

GigabitEthernet1/0/28
Current state: DOWN
Line protocol state: DOWN
IP packet frame type: Ethernet II, hardware address: 8061-6c2d-b8b9
Description: GigabitEthernet1/0/28 Interface
Bandwidth: 1000000 kbps
Loopback is not set
Media type is twisted pair
Port hardware type is 1000_BASE_T
Unknown-speed mode, unknown-duplex mode
Link speed type is autonegotiation, link duplex type is autonegotiation
Flow-control is not enabled
Maximum frame length: 12288
Allow jumbo frames to pass
Broadcast max-ratio: 100%
Multicast max-ratio: 100%
Unicast max-ratio: 100%
Known-unicast max-ratio: 100%
PVID: 1
MDI type: Automdix
Port link-type: Access
 Tagged VLANs:   None
 Untagged VLANs: 1
Port priority: 0
Last link flapping: Never
Last clearing of counters: Never
Current system time:2026-03-13 12:41:18 BJ+08:00:00
Last time when physical state changed to up:-
Last time when physical state changed to down:2013-01-01 00:00:54 BJ+08:00:00
 Peak input rate: 0 bytes/sec, at 2013-01-01 00:02:51 
 Peak output rate: 0 bytes/sec, at 2013-01-01 00:02:51 
 Last 300 seconds input: 0 packets/sec 0 bytes/sec -%
 Last 300 seconds output: 0 packets/sec 0 bytes/sec -%
 Input (total):  0 packets, 0 bytes
         0 unicasts, 0 broadcasts, 0 multicasts, 0 pauses
 Input (normal):  0 packets, - bytes
         0 unicasts, 0 broadcasts, 0 multicasts, 0 pauses
 Input:  0 input errors, 0 runts, 0 giants, 0 throttles
         0 CRC, 0 frame, - overruns, 0 aborts
         - ignored, - parity errors
 Output (total): 0 packets, 0 bytes
         0 unicasts, 0 broadcasts, 0 multicasts, 0 pauses
 Output (normal): 0 packets, - bytes
         0 unicasts, 0 broadcasts, 0 multicasts, 0 pauses
 Output: 0 output errors, - underruns, - buffer failures
         0 aborts, 0 deferred, 0 collisions, 0 late collisions
         0 lost carrier, - no carrier
IPv4 traffic statistics:
 Last 300 seconds input rate: 0 packets/sec, 0 bytes/sec
 Last 300 seconds output rate: 0 packets/sec, 0 bytes/sec
 Input: 0 packets, 0 bytes
 Output: 0 packets, 0 bytes
IPv6 traffic statistics:
 Last 300 seconds input rate: 0 packets/sec, 0 bytes/sec
 Last 300 seconds output rate: 0 packets/sec, 0 bytes/sec
 Input: 0 packets, 0 bytes
 Output: 0 packets, 0 bytes

GigabitEthernet1/0/29
Current state: DOWN
Line protocol state: DOWN
IP packet frame type: Ethernet II, hardware address: 8061-6c2d-b8ba
Description: GigabitEthernet1/0/29 Interface
Bandwidth: 1000000 kbps
Loopback is not set
Media type is twisted pair
Port hardware type is 1000_BASE_T
Unknown-speed mode, unknown-duplex mode
Link speed type is autonegotiation, link duplex type is autonegotiation
Flow-control is not enabled
Maximum frame length: 12288
Allow jumbo frames to pass
Broadcast max-ratio: 100%
Multicast max-ratio: 100%
Unicast max-ratio: 100%
Known-unicast max-ratio: 100%
PVID: 1
MDI type: Automdix
Port link-type: Access
 Tagged VLANs:   None
 Untagged VLANs: 1
Port priority: 0
Last link flapping: Never
Last clearing of counters: Never
Current system time:2026-03-13 12:41:18 BJ+08:00:00
Last time when physical state changed to up:-
Last time when physical state changed to down:2013-01-01 00:00:54 BJ+08:00:00
 Peak input rate: 0 bytes/sec, at 2013-01-01 00:02:51 
 Peak output rate: 0 bytes/sec, at 2013-01-01 00:02:51 
 Last 300 seconds input: 0 packets/sec 0 bytes/sec -%
 Last 300 seconds output: 0 packets/sec 0 bytes/sec -%
 Input (total):  0 packets, 0 bytes
         0 unicasts, 0 broadcasts, 0 multicasts, 0 pauses
 Input (normal):  0 packets, - bytes
         0 unicasts, 0 broadcasts, 0 multicasts, 0 pauses
 Input:  0 input errors, 0 runts, 0 giants, 0 throttles
         0 CRC, 0 frame, - overruns, 0 aborts
         - ignored, - parity errors
 Output (total): 0 packets, 0 bytes
         0 unicasts, 0 broadcasts, 0 multicasts, 0 pauses
 Output (normal): 0 packets, - bytes
         0 unicasts, 0 broadcasts, 0 multicasts, 0 pauses
 Output: 0 output errors, - underruns, - buffer failures
         0 aborts, 0 deferred, 0 collisions, 0 late collisions
         0 lost carrier, - no carrier
IPv4 traffic statistics:
 Last 300 seconds input rate: 0 packets/sec, 0 bytes/sec
 Last 300 seconds output rate: 0 packets/sec, 0 bytes/sec
 Input: 0 packets, 0 bytes
 Output: 0 packets, 0 bytes
IPv6 traffic statistics:
 Last 300 seconds input rate: 0 packets/sec, 0 bytes/sec
 Last 300 seconds output rate: 0 packets/sec, 0 bytes/sec
 Input: 0 packets, 0 bytes
 Output: 0 packets, 0 bytes

GigabitEthernet1/0/30
Current state: DOWN
Line protocol state: DOWN
IP packet frame type: Ethernet II, hardware address: 8061-6c2d-b8bb
Description: GigabitEthernet1/0/30 Interface
Bandwidth: 1000000 kbps
Loopback is not set
Media type is twisted pair
Port hardware type is 1000_BASE_T
Unknown-speed mode, unknown-duplex mode
Link speed type is autonegotiation, link duplex type is autonegotiation
Flow-control is not enabled
Maximum frame length: 12288
Allow jumbo frames to pass
Broadcast max-ratio: 100%
Multicast max-ratio: 100%
Unicast max-ratio: 100%
Known-unicast max-ratio: 100%
PVID: 1
MDI type: Automdix
Port link-type: Access
 Tagged VLANs:   None
 Untagged VLANs: 1
Port priority: 0
Last link flapping: Never
Last clearing of counters: Never
Current system time:2026-03-13 12:41:18 BJ+08:00:00
Last time when physical state changed to up:-
Last time when physical state changed to down:2013-01-01 00:00:54 BJ+08:00:00
 Peak input rate: 0 bytes/sec, at 2013-01-01 00:02:51 
 Peak output rate: 0 bytes/sec, at 2013-01-01 00:02:51 
 Last 300 seconds input: 0 packets/sec 0 bytes/sec -%
 Last 300 seconds output: 0 packets/sec 0 bytes/sec -%
 Input (total):  0 packets, 0 bytes
         0 unicasts, 0 broadcasts, 0 multicasts, 0 pauses
 Input (normal):  0 packets, - bytes
         0 unicasts, 0 broadcasts, 0 multicasts, 0 pauses
 Input:  0 input errors, 0 runts, 0 giants, 0 throttles
         0 CRC, 0 frame, - overruns, 0 aborts
         - ignored, - parity errors
 Output (total): 0 packets, 0 bytes
         0 unicasts, 0 broadcasts, 0 multicasts, 0 pauses
 Output (normal): 0 packets, - bytes
         0 unicasts, 0 broadcasts, 0 multicasts, 0 pauses
 Output: 0 output errors, - underruns, - buffer failures
         0 aborts, 0 deferred, 0 collisions, 0 late collisions
         0 lost carrier, - no carrier
IPv4 traffic statistics:
 Last 300 seconds input rate: 0 packets/sec, 0 bytes/sec
 Last 300 seconds output rate: 0 packets/sec, 0 bytes/sec
 Input: 0 packets, 0 bytes
 Output: 0 packets, 0 bytes
IPv6 traffic statistics:
 Last 300 seconds input rate: 0 packets/sec, 0 bytes/sec
 Last 300 seconds output rate: 0 packets/sec, 0 bytes/sec
 Input: 0 packets, 0 bytes
 Output: 0 packets, 0 bytes

GigabitEthernet1/0/31
Current state: DOWN
Line protocol state: DOWN
IP packet frame type: Ethernet II, hardware address: 8061-6c2d-b8bc
Description: GigabitEthernet1/0/31 Interface
Bandwidth: 1000000 kbps
Loopback is not set
Media type is twisted pair
Port hardware type is 1000_BASE_T
Unknown-speed mode, unknown-duplex mode
Link speed type is autonegotiation, link duplex type is autonegotiation
Flow-control is not enabled
Maximum frame length: 12288
Allow jumbo frames to pass
Broadcast max-ratio: 100%
Multicast max-ratio: 100%
Unicast max-ratio: 100%
Known-unicast max-ratio: 100%
PVID: 1
MDI type: Automdix
Port link-type: Access
 Tagged VLANs:   None
 Untagged VLANs: 1
Port priority: 0
Last link flapping: Never
Last clearing of counters: Never
Current system time:2026-03-13 12:41:18 BJ+08:00:00
Last time when physical state changed to up:-
Last time when physical state changed to down:2013-01-01 00:00:54 BJ+08:00:00
 Peak input rate: 0 bytes/sec, at 2013-01-01 00:02:51 
 Peak output rate: 0 bytes/sec, at 2013-01-01 00:02:51 
 Last 300 seconds input: 0 packets/sec 0 bytes/sec -%
 Last 300 seconds output: 0 packets/sec 0 bytes/sec -%
 Input (total):  0 packets, 0 bytes
         0 unicasts, 0 broadcasts, 0 multicasts, 0 pauses
 Input (normal):  0 packets, - bytes
         0 unicasts, 0 broadcasts, 0 multicasts, 0 pauses
 Input:  0 input errors, 0 runts, 0 giants, 0 throttles
         0 CRC, 0 frame, - overruns, 0 aborts
         - ignored, - parity errors
 Output (total): 0 packets, 0 bytes
         0 unicasts, 0 broadcasts, 0 multicasts, 0 pauses
 Output (normal): 0 packets, - bytes
         0 unicasts, 0 broadcasts, 0 multicasts, 0 pauses
 Output: 0 output errors, - underruns, - buffer failures
         0 aborts, 0 deferred, 0 collisions, 0 late collisions
         0 lost carrier, - no carrier
IPv4 traffic statistics:
 Last 300 seconds input rate: 0 packets/sec, 0 bytes/sec
 Last 300 seconds output rate: 0 packets/sec, 0 bytes/sec
 Input: 0 packets, 0 bytes
 Output: 0 packets, 0 bytes
IPv6 traffic statistics:
 Last 300 seconds input rate: 0 packets/sec, 0 bytes/sec
 Last 300 seconds output rate: 0 packets/sec, 0 bytes/sec
 Input: 0 packets, 0 bytes
 Output: 0 packets, 0 bytes

GigabitEthernet1/0/32
Current state: DOWN
Line protocol state: DOWN
IP packet frame type: Ethernet II, hardware address: 8061-6c2d-b8bd
Description: GigabitEthernet1/0/32 Interface
Bandwidth: 1000000 kbps
Loopback is not set
Media type is twisted pair
Port hardware type is 1000_BASE_T
Unknown-speed mode, unknown-duplex mode
Link speed type is autonegotiation, link duplex type is autonegotiation
Flow-control is not enabled
Maximum frame length: 12288
Allow jumbo frames to pass
Broadcast max-ratio: 100%
Multicast max-ratio: 100%
Unicast max-ratio: 100%
Known-unicast max-ratio: 100%
PVID: 1
MDI type: Automdix
Port link-type: Access
 Tagged VLANs:   None
 Untagged VLANs: 1
Port priority: 0
Last link flapping: Never
Last clearing of counters: Never
Current system time:2026-03-13 12:41:18 BJ+08:00:00
Last time when physical state changed to up:-
Last time when physical state changed to down:2013-01-01 00:00:54 BJ+08:00:00
 Peak input rate: 0 bytes/sec, at 2013-01-01 00:02:51 
 Peak output rate: 0 bytes/sec, at 2013-01-01 00:02:51 
 Last 300 seconds input: 0 packets/sec 0 bytes/sec -%
 Last 300 seconds output: 0 packets/sec 0 bytes/sec -%
 Input (total):  0 packets, 0 bytes
         0 unicasts, 0 broadcasts, 0 multicasts, 0 pauses
 Input (normal):  0 packets, - bytes
         0 unicasts, 0 broadcasts, 0 multicasts, 0 pauses
 Input:  0 input errors, 0 runts, 0 giants, 0 throttles
         0 CRC, 0 frame, - overruns, 0 aborts
         - ignored, - parity errors
 Output (total): 0 packets, 0 bytes
         0 unicasts, 0 broadcasts, 0 multicasts, 0 pauses
 Output (normal): 0 packets, - bytes
         0 unicasts, 0 broadcasts, 0 multicasts, 0 pauses
 Output: 0 output errors, - underruns, - buffer failures
         0 aborts, 0 deferred, 0 collisions, 0 late collisions
         0 lost carrier, - no carrier
IPv4 traffic statistics:
 Last 300 seconds input rate: 0 packets/sec, 0 bytes/sec
 Last 300 seconds output rate: 0 packets/sec, 0 bytes/sec
 Input: 0 packets, 0 bytes
 Output: 0 packets, 0 bytes
IPv6 traffic statistics:
 Last 300 seconds input rate: 0 packets/sec, 0 bytes/sec
 Last 300 seconds output rate: 0 packets/sec, 0 bytes/sec
 Input: 0 packets, 0 bytes
 Output: 0 packets, 0 bytes

GigabitEthernet1/0/33
Current state: DOWN
Line protocol state: DOWN
IP packet frame type: Ethernet II, hardware address: 8061-6c2d-b8be
Description: GigabitEthernet1/0/33 Interface
Bandwidth: 1000000 kbps
Loopback is not set
Media type is twisted pair
Port hardware type is 1000_BASE_T
Unknown-speed mode, unknown-duplex mode
Link speed type is autonegotiation, link duplex type is autonegotiation
Flow-control is not enabled
Maximum frame length: 12288
Allow jumbo frames to pass
Broadcast max-ratio: 100%
Multicast max-ratio: 100%
Unicast max-ratio: 100%
Known-unicast max-ratio: 100%
PVID: 1
MDI type: Automdix
Port link-type: Access
 Tagged VLANs:   None
 Untagged VLANs: 1
Port priority: 0
Last link flapping: Never
Last clearing of counters: Never
Current system time:2026-03-13 12:41:18 BJ+08:00:00
Last time when physical state changed to up:-
Last time when physical state changed to down:2013-01-01 00:00:54 BJ+08:00:00
 Peak input rate: 0 bytes/sec, at 2013-01-01 00:02:51 
 Peak output rate: 0 bytes/sec, at 2013-01-01 00:02:51 
 Last 300 seconds input: 0 packets/sec 0 bytes/sec -%
 Last 300 seconds output: 0 packets/sec 0 bytes/sec -%
 Input (total):  0 packets, 0 bytes
         0 unicasts, 0 broadcasts, 0 multicasts, 0 pauses
 Input (normal):  0 packets, - bytes
         0 unicasts, 0 broadcasts, 0 multicasts, 0 pauses
 Input:  0 input errors, 0 runts, 0 giants, 0 throttles
         0 CRC, 0 frame, - overruns, 0 aborts
         - ignored, - parity errors
 Output (total): 0 packets, 0 bytes
         0 unicasts, 0 broadcasts, 0 multicasts, 0 pauses
 Output (normal): 0 packets, - bytes
         0 unicasts, 0 broadcasts, 0 multicasts, 0 pauses
 Output: 0 output errors, - underruns, - buffer failures
         0 aborts, 0 deferred, 0 collisions, 0 late collisions
         0 lost carrier, - no carrier
IPv4 traffic statistics:
 Last 300 seconds input rate: 0 packets/sec, 0 bytes/sec
 Last 300 seconds output rate: 0 packets/sec, 0 bytes/sec
 Input: 0 packets, 0 bytes
 Output: 0 packets, 0 bytes
IPv6 traffic statistics:
 Last 300 seconds input rate: 0 packets/sec, 0 bytes/sec
 Last 300 seconds output rate: 0 packets/sec, 0 bytes/sec
 Input: 0 packets, 0 bytes
 Output: 0 packets, 0 bytes

GigabitEthernet1/0/34
Current state: DOWN
Line protocol state: DOWN
IP packet frame type: Ethernet II, hardware address: 8061-6c2d-b8bf
Description: GigabitEthernet1/0/34 Interface
Bandwidth: 1000000 kbps
Loopback is not set
Media type is twisted pair
Port hardware type is 1000_BASE_T
Unknown-speed mode, unknown-duplex mode
Link speed type is autonegotiation, link duplex type is autonegotiation
Flow-control is not enabled
Maximum frame length: 12288
Allow jumbo frames to pass
Broadcast max-ratio: 100%
Multicast max-ratio: 100%
Unicast max-ratio: 100%
Known-unicast max-ratio: 100%
PVID: 1
MDI type: Automdix
Port link-type: Access
 Tagged VLANs:   None
 Untagged VLANs: 1
Port priority: 0
Last link flapping: Never
Last clearing of counters: Never
Current system time:2026-03-13 12:41:18 BJ+08:00:00
Last time when physical state changed to up:-
Last time when physical state changed to down:2013-01-01 00:00:54 BJ+08:00:00
 Peak input rate: 0 bytes/sec, at 2013-01-01 00:02:51 
 Peak output rate: 0 bytes/sec, at 2013-01-01 00:02:51 
 Last 300 seconds input: 0 packets/sec 0 bytes/sec -%
 Last 300 seconds output: 0 packets/sec 0 bytes/sec -%
 Input (total):  0 packets, 0 bytes
         0 unicasts, 0 broadcasts, 0 multicasts, 0 pauses
 Input (normal):  0 packets, - bytes
         0 unicasts, 0 broadcasts, 0 multicasts, 0 pauses
 Input:  0 input errors, 0 runts, 0 giants, 0 throttles
         0 CRC, 0 frame, - overruns, 0 aborts
         - ignored, - parity errors
 Output (total): 0 packets, 0 bytes
         0 unicasts, 0 broadcasts, 0 multicasts, 0 pauses
 Output (normal): 0 packets, - bytes
         0 unicasts, 0 broadcasts, 0 multicasts, 0 pauses
 Output: 0 output errors, - underruns, - buffer failures
         0 aborts, 0 deferred, 0 collisions, 0 late collisions
         0 lost carrier, - no carrier
IPv4 traffic statistics:
 Last 300 seconds input rate: 0 packets/sec, 0 bytes/sec
 Last 300 seconds output rate: 0 packets/sec, 0 bytes/sec
 Input: 0 packets, 0 bytes
 Output: 0 packets, 0 bytes
IPv6 traffic statistics:
 Last 300 seconds input rate: 0 packets/sec, 0 bytes/sec
 Last 300 seconds output rate: 0 packets/sec, 0 bytes/sec
 Input: 0 packets, 0 bytes
 Output: 0 packets, 0 bytes

GigabitEthernet1/0/35
Current state: DOWN
Line protocol state: DOWN
IP packet frame type: Ethernet II, hardware address: 8061-6c2d-b8c0
Description: GigabitEthernet1/0/35 Interface
Bandwidth: 1000000 kbps
Loopback is not set
Media type is twisted pair
Port hardware type is 1000_BASE_T
Unknown-speed mode, unknown-duplex mode
Link speed type is autonegotiation, link duplex type is autonegotiation
Flow-control is not enabled
Maximum frame length: 12288
Allow jumbo frames to pass
Broadcast max-ratio: 100%
Multicast max-ratio: 100%
Unicast max-ratio: 100%
Known-unicast max-ratio: 100%
PVID: 1
MDI type: Automdix
Port link-type: Access
 Tagged VLANs:   None
 Untagged VLANs: 1
Port priority: 0
Last link flapping: Never
Last clearing of counters: Never
Current system time:2026-03-13 12:41:18 BJ+08:00:00
Last time when physical state changed to up:-
Last time when physical state changed to down:2013-01-01 00:00:54 BJ+08:00:00
 Peak input rate: 0 bytes/sec, at 2013-01-01 00:02:51 
 Peak output rate: 0 bytes/sec, at 2013-01-01 00:02:51 
 Last 300 seconds input: 0 packets/sec 0 bytes/sec -%
 Last 300 seconds output: 0 packets/sec 0 bytes/sec -%
 Input (total):  0 packets, 0 bytes
         0 unicasts, 0 broadcasts, 0 multicasts, 0 pauses
 Input (normal):  0 packets, - bytes
         0 unicasts, 0 broadcasts, 0 multicasts, 0 pauses
 Input:  0 input errors, 0 runts, 0 giants, 0 throttles
         0 CRC, 0 frame, - overruns, 0 aborts
         - ignored, - parity errors
 Output (total): 0 packets, 0 bytes
         0 unicasts, 0 broadcasts, 0 multicasts, 0 pauses
 Output (normal): 0 packets, - bytes
         0 unicasts, 0 broadcasts, 0 multicasts, 0 pauses
 Output: 0 output errors, - underruns, - buffer failures
         0 aborts, 0 deferred, 0 collisions, 0 late collisions
         0 lost carrier, - no carrier
IPv4 traffic statistics:
 Last 300 seconds input rate: 0 packets/sec, 0 bytes/sec
 Last 300 seconds output rate: 0 packets/sec, 0 bytes/sec
 Input: 0 packets, 0 bytes
 Output: 0 packets, 0 bytes
IPv6 traffic statistics:
 Last 300 seconds input rate: 0 packets/sec, 0 bytes/sec
 Last 300 seconds output rate: 0 packets/sec, 0 bytes/sec
 Input: 0 packets, 0 bytes
 Output: 0 packets, 0 bytes

GigabitEthernet1/0/36
Current state: UP
Line protocol state: UP
IP packet frame type: Ethernet II, hardware address: 8061-6c2d-b8c1
Description: GigabitEthernet1/0/36 Interface
Bandwidth: 100000 kbps
Loopback is not set
Media type is twisted pair
Port hardware type is 1000_BASE_T
100Mbps-speed mode, full-duplex mode
Link speed type is autonegotiation, link duplex type is autonegotiation
Flow-control is not enabled
Maximum frame length: 12288
Allow jumbo frames to pass
Broadcast max-ratio: 100%
Multicast max-ratio: 100%
Unicast max-ratio: 100%
Known-unicast max-ratio: 100%
PVID: 100
MDI type: Automdix
Port link-type: Access
 Tagged VLANs:   None
 Untagged VLANs: 100
Port priority: 0
Last link flapping: 46 weeks 3 days 1 hours 20 minutes
Last clearing of counters: Never
Current system time:2026-03-13 12:41:18 BJ+08:00:00
Last time when physical state changed to up:2025-04-22 11:20:35 BJ+08:00:00
Last time when physical state changed to down:2013-01-01 00:00:54 BJ+08:00:00
 Peak input rate: 0 bytes/sec, at 2013-01-01 00:02:51 
 Peak output rate: 66597555 bytes/sec, at 2026-03-13 03:54:57 
 Last 300 seconds input: 0 packets/sec 0 bytes/sec 0%
 Last 300 seconds output: 11 packets/sec 801 bytes/sec 0%
 Input (total):  0 packets, 0 bytes
         0 unicasts, 0 broadcasts, 0 multicasts, 0 pauses
 Input (normal):  0 packets, - bytes
         0 unicasts, 0 broadcasts, 0 multicasts, 0 pauses
 Input:  0 input errors, 0 runts, 0 giants, 0 throttles
         0 CRC, 0 frame, - overruns, 0 aborts
         - ignored, - parity errors
 Output (total): 331490506 packets, 22790040770 bytes
         201500413 unicasts, 76730265 broadcasts, 53259828 multicasts, 0 pauses
 Output (normal): 331490506 packets, - bytes
         201500413 unicasts, 76730265 broadcasts, 53259828 multicasts, 0 pauses
 Output: 0 output errors, - underruns, - buffer failures
         0 aborts, 0 deferred, 0 collisions, 0 late collisions
         0 lost carrier, - no carrier
IPv4 traffic statistics:
 Last 300 seconds input rate: 0 packets/sec, 0 bytes/sec
 Last 300 seconds output rate: 0 packets/sec, 0 bytes/sec
 Input: 0 packets, 0 bytes
 Output: 0 packets, 0 bytes
IPv6 traffic statistics:
 Last 300 seconds input rate: 0 packets/sec, 0 bytes/sec
 Last 300 seconds output rate: 0 packets/sec, 0 bytes/sec
 Input: 0 packets, 0 bytes
 Output: 0 packets, 0 bytes

GigabitEthernet1/0/37
Current state: DOWN
Line protocol state: DOWN
IP packet frame type: Ethernet II, hardware address: 8061-6c2d-b8c2
Description: GigabitEthernet1/0/37 Interface
Bandwidth: 1000000 kbps
Loopback is not set
Media type is twisted pair
Port hardware type is 1000_BASE_T
Unknown-speed mode, unknown-duplex mode
Link speed type is autonegotiation, link duplex type is autonegotiation
Flow-control is not enabled
Maximum frame length: 12288
Allow jumbo frames to pass
Broadcast max-ratio: 100%
Multicast max-ratio: 100%
Unicast max-ratio: 100%
Known-unicast max-ratio: 100%
PVID: 1
MDI type: Automdix
Port link-type: Access
 Tagged VLANs:   None
 Untagged VLANs: 1
Port priority: 0
Last link flapping: Never
Last clearing of counters: Never
Current system time:2026-03-13 12:41:19 BJ+08:00:00
Last time when physical state changed to up:-
Last time when physical state changed to down:2013-01-01 00:00:54 BJ+08:00:00
 Peak input rate: 0 bytes/sec, at 2013-01-01 00:02:51 
 Peak output rate: 0 bytes/sec, at 2013-01-01 00:02:51 
 Last 300 seconds input: 0 packets/sec 0 bytes/sec -%
 Last 300 seconds output: 0 packets/sec 0 bytes/sec -%
 Input (total):  0 packets, 0 bytes
         0 unicasts, 0 broadcasts, 0 multicasts, 0 pauses
 Input (normal):  0 packets, - bytes
         0 unicasts, 0 broadcasts, 0 multicasts, 0 pauses
 Input:  0 input errors, 0 runts, 0 giants, 0 throttles
         0 CRC, 0 frame, - overruns, 0 aborts
         - ignored, - parity errors
 Output (total): 0 packets, 0 bytes
         0 unicasts, 0 broadcasts, 0 multicasts, 0 pauses
 Output (normal): 0 packets, - bytes
         0 unicasts, 0 broadcasts, 0 multicasts, 0 pauses
 Output: 0 output errors, - underruns, - buffer failures
         0 aborts, 0 deferred, 0 collisions, 0 late collisions
         0 lost carrier, - no carrier
IPv4 traffic statistics:
 Last 300 seconds input rate: 0 packets/sec, 0 bytes/sec
 Last 300 seconds output rate: 0 packets/sec, 0 bytes/sec
 Input: 0 packets, 0 bytes
 Output: 0 packets, 0 bytes
IPv6 traffic statistics:
 Last 300 seconds input rate: 0 packets/sec, 0 bytes/sec
 Last 300 seconds output rate: 0 packets/sec, 0 bytes/sec
 Input: 0 packets, 0 bytes
 Output: 0 packets, 0 bytes

GigabitEthernet1/0/38
Current state: DOWN
Line protocol state: DOWN
IP packet frame type: Ethernet II, hardware address: 8061-6c2d-b8c3
Description: GigabitEthernet1/0/38 Interface
Bandwidth: 1000000 kbps
Loopback is not set
Media type is twisted pair
Port hardware type is 1000_BASE_T
Unknown-speed mode, unknown-duplex mode
Link speed type is autonegotiation, link duplex type is autonegotiation
Flow-control is not enabled
Maximum frame length: 12288
Allow jumbo frames to pass
Broadcast max-ratio: 100%
Multicast max-ratio: 100%
Unicast max-ratio: 100%
Known-unicast max-ratio: 100%
PVID: 1
MDI type: Automdix
Port link-type: Access
 Tagged VLANs:   None
 Untagged VLANs: 1
Port priority: 0
Last link flapping: Never
Last clearing of counters: Never
Current system time:2026-03-13 12:41:19 BJ+08:00:00
Last time when physical state changed to up:-
Last time when physical state changed to down:2013-01-01 00:00:54 BJ+08:00:00
 Peak input rate: 0 bytes/sec, at 2013-01-01 00:02:51 
 Peak output rate: 0 bytes/sec, at 2013-01-01 00:02:51 
 Last 300 seconds input: 0 packets/sec 0 bytes/sec -%
 Last 300 seconds output: 0 packets/sec 0 bytes/sec -%
 Input (total):  0 packets, 0 bytes
         0 unicasts, 0 broadcasts, 0 multicasts, 0 pauses
 Input (normal):  0 packets, - bytes
         0 unicasts, 0 broadcasts, 0 multicasts, 0 pauses
 Input:  0 input errors, 0 runts, 0 giants, 0 throttles
         0 CRC, 0 frame, - overruns, 0 aborts
         - ignored, - parity errors
 Output (total): 0 packets, 0 bytes
         0 unicasts, 0 broadcasts, 0 multicasts, 0 pauses
 Output (normal): 0 packets, - bytes
         0 unicasts, 0 broadcasts, 0 multicasts, 0 pauses
 Output: 0 output errors, - underruns, - buffer failures
         0 aborts, 0 deferred, 0 collisions, 0 late collisions
         0 lost carrier, - no carrier
IPv4 traffic statistics:
 Last 300 seconds input rate: 0 packets/sec, 0 bytes/sec
 Last 300 seconds output rate: 0 packets/sec, 0 bytes/sec
 Input: 0 packets, 0 bytes
 Output: 0 packets, 0 bytes
IPv6 traffic statistics:
 Last 300 seconds input rate: 0 packets/sec, 0 bytes/sec
 Last 300 seconds output rate: 0 packets/sec, 0 bytes/sec
 Input: 0 packets, 0 bytes
 Output: 0 packets, 0 bytes

GigabitEthernet1/0/39
Current state: DOWN
Line protocol state: DOWN
IP packet frame type: Ethernet II, hardware address: 8061-6c2d-b8c4
Description: GigabitEthernet1/0/39 Interface
Bandwidth: 1000000 kbps
Loopback is not set
Media type is twisted pair
Port hardware type is 1000_BASE_T
Unknown-speed mode, unknown-duplex mode
Link speed type is autonegotiation, link duplex type is autonegotiation
Flow-control is not enabled
Maximum frame length: 12288
Allow jumbo frames to pass
Broadcast max-ratio: 100%
Multicast max-ratio: 100%
Unicast max-ratio: 100%
Known-unicast max-ratio: 100%
PVID: 1
MDI type: Automdix
Port link-type: Access
 Tagged VLANs:   None
 Untagged VLANs: 1
Port priority: 0
Last link flapping: Never
Last clearing of counters: Never
Current system time:2026-03-13 12:41:19 BJ+08:00:00
Last time when physical state changed to up:-
Last time when physical state changed to down:2013-01-01 00:00:54 BJ+08:00:00
 Peak input rate: 0 bytes/sec, at 2013-01-01 00:02:51 
 Peak output rate: 0 bytes/sec, at 2013-01-01 00:02:51 
 Last 300 seconds input: 0 packets/sec 0 bytes/sec -%
 Last 300 seconds output: 0 packets/sec 0 bytes/sec -%
 Input (total):  0 packets, 0 bytes
         0 unicasts, 0 broadcasts, 0 multicasts, 0 pauses
 Input (normal):  0 packets, - bytes
         0 unicasts, 0 broadcasts, 0 multicasts, 0 pauses
 Input:  0 input errors, 0 runts, 0 giants, 0 throttles
         0 CRC, 0 frame, - overruns, 0 aborts
         - ignored, - parity errors
 Output (total): 0 packets, 0 bytes
         0 unicasts, 0 broadcasts, 0 multicasts, 0 pauses
 Output (normal): 0 packets, - bytes
         0 unicasts, 0 broadcasts, 0 multicasts, 0 pauses
 Output: 0 output errors, - underruns, - buffer failures
         0 aborts, 0 deferred, 0 collisions, 0 late collisions
         0 lost carrier, - no carrier
IPv4 traffic statistics:
 Last 300 seconds input rate: 0 packets/sec, 0 bytes/sec
 Last 300 seconds output rate: 0 packets/sec, 0 bytes/sec
 Input: 0 packets, 0 bytes
 Output: 0 packets, 0 bytes
IPv6 traffic statistics:
 Last 300 seconds input rate: 0 packets/sec, 0 bytes/sec
 Last 300 seconds output rate: 0 packets/sec, 0 bytes/sec
 Input: 0 packets, 0 bytes
 Output: 0 packets, 0 bytes

GigabitEthernet1/0/40
Current state: DOWN
Line protocol state: DOWN
IP packet frame type: Ethernet II, hardware address: 8061-6c2d-b8c5
Description: GigabitEthernet1/0/40 Interface
Bandwidth: 1000000 kbps
Loopback is not set
Media type is twisted pair
Port hardware type is 1000_BASE_T
Unknown-speed mode, unknown-duplex mode
Link speed type is autonegotiation, link duplex type is autonegotiation
Flow-control is not enabled
Maximum frame length: 12288
Allow jumbo frames to pass
Broadcast max-ratio: 100%
Multicast max-ratio: 100%
Unicast max-ratio: 100%
Known-unicast max-ratio: 100%
PVID: 1
MDI type: Automdix
Port link-type: Access
 Tagged VLANs:   None
 Untagged VLANs: 1
Port priority: 0
Last link flapping: Never
Last clearing of counters: Never
Current system time:2026-03-13 12:41:19 BJ+08:00:00
Last time when physical state changed to up:-
Last time when physical state changed to down:2013-01-01 00:00:54 BJ+08:00:00
 Peak input rate: 0 bytes/sec, at 2013-01-01 00:02:51 
 Peak output rate: 0 bytes/sec, at 2013-01-01 00:02:51 
 Last 300 seconds input: 0 packets/sec 0 bytes/sec -%
 Last 300 seconds output: 0 packets/sec 0 bytes/sec -%
 Input (total):  0 packets, 0 bytes
         0 unicasts, 0 broadcasts, 0 multicasts, 0 pauses
 Input (normal):  0 packets, - bytes
         0 unicasts, 0 broadcasts, 0 multicasts, 0 pauses
 Input:  0 input errors, 0 runts, 0 giants, 0 throttles
         0 CRC, 0 frame, - overruns, 0 aborts
         - ignored, - parity errors
 Output (total): 0 packets, 0 bytes
         0 unicasts, 0 broadcasts, 0 multicasts, 0 pauses
 Output (normal): 0 packets, - bytes
         0 unicasts, 0 broadcasts, 0 multicasts, 0 pauses
 Output: 0 output errors, - underruns, - buffer failures
         0 aborts, 0 deferred, 0 collisions, 0 late collisions
         0 lost carrier, - no carrier
IPv4 traffic statistics:
 Last 300 seconds input rate: 0 packets/sec, 0 bytes/sec
 Last 300 seconds output rate: 0 packets/sec, 0 bytes/sec
 Input: 0 packets, 0 bytes
 Output: 0 packets, 0 bytes
IPv6 traffic statistics:
 Last 300 seconds input rate: 0 packets/sec, 0 bytes/sec
 Last 300 seconds output rate: 0 packets/sec, 0 bytes/sec
 Input: 0 packets, 0 bytes
 Output: 0 packets, 0 bytes

GigabitEthernet1/0/41
Current state: DOWN
Line protocol state: DOWN
IP packet frame type: Ethernet II, hardware address: 8061-6c2d-b8c6
Description: GigabitEthernet1/0/41 Interface
Bandwidth: 1000000 kbps
Loopback is not set
Media type is twisted pair
Port hardware type is 1000_BASE_T
Unknown-speed mode, unknown-duplex mode
Link speed type is autonegotiation, link duplex type is autonegotiation
Flow-control is not enabled
Maximum frame length: 12288
Allow jumbo frames to pass
Broadcast max-ratio: 100%
Multicast max-ratio: 100%
Unicast max-ratio: 100%
Known-unicast max-ratio: 100%
PVID: 1
MDI type: Automdix
Port link-type: Access
 Tagged VLANs:   None
 Untagged VLANs: 1
Port priority: 0
Last link flapping: 140 weeks 0 days 10 hours 13 minutes
Last clearing of counters: Never
Current system time:2026-03-13 12:41:19 BJ+08:00:00
Last time when physical state changed to up:2023-07-07 02:22:19 BJ+08:00:00
Last time when physical state changed to down:2023-07-07 02:26:18 BJ+08:00:00
 Peak input rate: 140 bytes/sec, at 2023-07-07 02:25:52 
 Peak output rate: 576 bytes/sec, at 2023-07-07 02:26:21 
